E:/Myworkspace/RBCM_S32K344_AUTOSAR_MBD/Firmware/AUTOSAR_MBD/RBCM_MBD/RBCM_Model_Config/RTD/src/Adc.c:3424:6:Adc_Init	32	static
E:/Myworkspace/RBCM_S32K344_AUTOSAR_MBD/Firmware/AUTOSAR_MBD/RBCM_MBD/RBCM_Model_Config/RTD/src/Adc.c:3505:16:Adc_SetupResultBuffer	24	static
E:/Myworkspace/RBCM_S32K344_AUTOSAR_MBD/Firmware/AUTOSAR_MBD/RBCM_MBD/RBCM_Model_Config/RTD/src/Adc.c:3562:6:Adc_DeInit	40	static
E:/Myworkspace/RBCM_S32K344_AUTOSAR_MBD/Firmware/AUTOSAR_MBD/RBCM_MBD/RBCM_Model_Config/RTD/src/Adc.c:3622:6:Adc_StartGroupConversion	32	static
E:/Myworkspace/RBCM_S32K344_AUTOSAR_MBD/Firmware/AUTOSAR_MBD/RBCM_MBD/RBCM_Model_Config/RTD/src/Adc.c:3667:6:Adc_StopGroupConversion	40	static
E:/Myworkspace/RBCM_S32K344_AUTOSAR_MBD/Firmware/AUTOSAR_MBD/RBCM_MBD/RBCM_Model_Config/RTD/src/Adc.c:3710:16:Adc_ReadGroup	40	static
E:/Myworkspace/RBCM_S32K344_AUTOSAR_MBD/Firmware/AUTOSAR_MBD/RBCM_MBD/RBCM_Model_Config/RTD/src/Adc.c:3854:6:Adc_EnableGroupNotification	16	static
E:/Myworkspace/RBCM_S32K344_AUTOSAR_MBD/Firmware/AUTOSAR_MBD/RBCM_MBD/RBCM_Model_Config/RTD/src/Adc.c:3885:6:Adc_DisableGroupNotification	16	static
E:/Myworkspace/RBCM_S32K344_AUTOSAR_MBD/Firmware/AUTOSAR_MBD/RBCM_MBD/RBCM_Model_Config/RTD/src/Adc.c:3917:16:Adc_GetGroupStatus	24	static
E:/Myworkspace/RBCM_S32K344_AUTOSAR_MBD/Firmware/AUTOSAR_MBD/RBCM_MBD/RBCM_Model_Config/RTD/src/Adc.c:3940:25:Adc_GetStreamLastPointer	40	static
E:/Myworkspace/RBCM_S32K344_AUTOSAR_MBD/Firmware/AUTOSAR_MBD/RBCM_MBD/RBCM_Model_Config/RTD/src/Adc.c:4029:6:Adc_GetVersionInfo	0	static
E:/Myworkspace/RBCM_S32K344_AUTOSAR_MBD/Firmware/AUTOSAR_MBD/RBCM_MBD/RBCM_Model_Config/RTD/src/Adc.c:4204:16:Adc_SetHwUnitPowerMode	48	static
E:/Myworkspace/RBCM_S32K344_AUTOSAR_MBD/Firmware/AUTOSAR_MBD/RBCM_MBD/RBCM_Model_Config/RTD/src/Adc.c:4236:16:Adc_CtuSetPowerMode	40	static
E:/Myworkspace/RBCM_S32K344_AUTOSAR_MBD/Firmware/AUTOSAR_MBD/RBCM_MBD/RBCM_Model_Config/RTD/src/Adc.c:4535:6:Adc_EnableChannel	40	static
E:/Myworkspace/RBCM_S32K344_AUTOSAR_MBD/Firmware/AUTOSAR_MBD/RBCM_MBD/RBCM_Model_Config/RTD/src/Adc.c:4591:6:Adc_DisableChannel	40	static
E:/Myworkspace/RBCM_S32K344_AUTOSAR_MBD/Firmware/AUTOSAR_MBD/RBCM_MBD/RBCM_Model_Config/RTD/src/Adc.c:4687:6:Adc_Calibrate	48	static
E:/Myworkspace/RBCM_S32K344_AUTOSAR_MBD/Firmware/AUTOSAR_MBD/RBCM_MBD/RBCM_Model_Config/RTD/src/Adc.c:4730:16:Adc_SetUserGainAndOffset	24	static
E:/Myworkspace/RBCM_S32K344_AUTOSAR_MBD/Firmware/AUTOSAR_MBD/RBCM_MBD/RBCM_Model_Config/RTD/src/Adc.c:4812:6:Adc_ConfigureThreshold	24	static
E:/Myworkspace/RBCM_S32K344_AUTOSAR_MBD/Firmware/AUTOSAR_MBD/RBCM_MBD/RBCM_Model_Config/RTD/src/Adc.c:4842:6:Adc_EnableWdgNotification	8	static
E:/Myworkspace/RBCM_S32K344_AUTOSAR_MBD/Firmware/AUTOSAR_MBD/RBCM_MBD/RBCM_Model_Config/RTD/src/Adc.c:4868:6:Adc_DisableWdgNotification	8	static
E:/Myworkspace/RBCM_S32K344_AUTOSAR_MBD/Firmware/AUTOSAR_MBD/RBCM_MBD/RBCM_Model_Config/RTD/src/Adc.c:5141:6:Adc_EnableCtuControlMode	16	static
E:/Myworkspace/RBCM_S32K344_AUTOSAR_MBD/Firmware/AUTOSAR_MBD/RBCM_MBD/RBCM_Model_Config/RTD/src/Adc.c:5170:6:Adc_DisableCtuControlMode	16	static
E:/Myworkspace/RBCM_S32K344_AUTOSAR_MBD/Firmware/AUTOSAR_MBD/RBCM_MBD/RBCM_Model_Config/RTD/src/Adc.c:5194:6:Adc_CtuEnableHwTrigger	32	static
E:/Myworkspace/RBCM_S32K344_AUTOSAR_MBD/Firmware/AUTOSAR_MBD/RBCM_MBD/RBCM_Model_Config/RTD/src/Adc.c:5222:6:Adc_CtuDisableHwTrigger	32	static
E:/Myworkspace/RBCM_S32K344_AUTOSAR_MBD/Firmware/AUTOSAR_MBD/RBCM_MBD/RBCM_Model_Config/RTD/src/Adc.c:5250:6:Adc_CtuStartConversion	32	static
E:/Myworkspace/RBCM_S32K344_AUTOSAR_MBD/Firmware/AUTOSAR_MBD/RBCM_MBD/RBCM_Model_Config/RTD/src/Adc.c:5299:20:Adc_CtuReadConvData	32	static
E:/Myworkspace/RBCM_S32K344_AUTOSAR_MBD/Firmware/AUTOSAR_MBD/RBCM_MBD/RBCM_Model_Config/RTD/src/Adc.c:5321:6:Adc_CtuReadConvResult	32	static
E:/Myworkspace/RBCM_S32K344_AUTOSAR_MBD/Firmware/AUTOSAR_MBD/RBCM_MBD/RBCM_Model_Config/RTD/src/Adc.c:5341:6:Adc_CtuStopLoopConversions	32	static
E:/Myworkspace/RBCM_S32K344_AUTOSAR_MBD/Firmware/AUTOSAR_MBD/RBCM_MBD/RBCM_Model_Config/RTD/src/Adc.c:5378:6:Adc_CtuReadFifoData	56	static
E:/Myworkspace/RBCM_S32K344_AUTOSAR_MBD/Firmware/AUTOSAR_MBD/RBCM_MBD/RBCM_Model_Config/RTD/src/Adc.c:5406:6:Adc_CtuReadFifoResult	56	static
E:/Myworkspace/RBCM_S32K344_AUTOSAR_MBD/Firmware/AUTOSAR_MBD/RBCM_MBD/RBCM_Model_Config/RTD/src/Adc.c:5435:6:Adc_CtuSetFifoWatermark	40	static
E:/Myworkspace/RBCM_S32K344_AUTOSAR_MBD/Firmware/AUTOSAR_MBD/RBCM_MBD/RBCM_Model_Config/RTD/src/Adc.c:5462:6:Adc_CtuEnableNotification	32	static
E:/Myworkspace/RBCM_S32K344_AUTOSAR_MBD/Firmware/AUTOSAR_MBD/RBCM_MBD/RBCM_Model_Config/RTD/src/Adc.c:5479:6:Adc_CtuDisableNotification	32	static
E:/Myworkspace/RBCM_S32K344_AUTOSAR_MBD/Firmware/AUTOSAR_MBD/RBCM_MBD/RBCM_Model_Config/RTD/src/Adc.c:5496:6:Adc_CtuSetList	56	static
E:/Myworkspace/RBCM_S32K344_AUTOSAR_MBD/Firmware/AUTOSAR_MBD/RBCM_MBD/RBCM_Model_Config/RTD/src/Adc.c:5529:6:Adc_CtuSetListPointer	40	static
