E:/Myworkspace/RBCM_S32K344_AUTOSAR_MBD/Firmware/AUTOSAR_MBD/RBCM_MBD/RBCM_Model_Config/RTD/src/Clock_Ip_Selector.c:198:13:Clock_Ip_CallbackSelectorEmpty	0	static
E:/Myworkspace/RBCM_S32K344_AUTOSAR_MBD/Firmware/AUTOSAR_MBD/RBCM_MBD/RBCM_Model_Config/RTD/src/Clock_Ip_Selector.c:206:13:Clock_Ip_ResetCgmXCscCssClkswSwip	4	static
E:/Myworkspace/RBCM_S32K344_AUTOSAR_MBD/Firmware/AUTOSAR_MBD/RBCM_MBD/RBCM_Model_Config/RTD/src/Clock_Ip_Selector.c:364:13:Clock_Ip_SetCgmXCscCssClkswRampupRampdownSwip	40	static
E:/Myworkspace/RBCM_S32K344_AUTOSAR_MBD/Firmware/AUTOSAR_MBD/RBCM_MBD/RBCM_Model_Config/RTD/src/Clock_Ip_Selector.c:231:13:Clock_Ip_SetCgmXCscCssClkswSwip	40	static
E:/Myworkspace/RBCM_S32K344_AUTOSAR_MBD/Firmware/AUTOSAR_MBD/RBCM_MBD/RBCM_Model_Config/RTD/src/Clock_Ip_Selector.c:538:13:Clock_Ip_SetCgmXCscCssCsGrip	40	static
E:/Myworkspace/RBCM_S32K344_AUTOSAR_MBD/Firmware/AUTOSAR_MBD/RBCM_MBD/RBCM_Model_Config/RTD/src/Clock_Ip_Selector.c:473:13:Clock_Ip_ResetCgmXCscCssCsGrip	40	static
E:/Myworkspace/RBCM_S32K344_AUTOSAR_MBD/Firmware/AUTOSAR_MBD/RBCM_MBD/RBCM_Model_Config/RTD/src/Clock_Ip_Selector.c:621:13:Clock_Ip_SetRtcRtccClksel	0	static
E:/Myworkspace/RBCM_S32K344_AUTOSAR_MBD/Firmware/AUTOSAR_MBD/RBCM_MBD/RBCM_Model_Config/RTD/src/Clock_Ip_Selector.c:338:13:Clock_Ip_ResetCgmXCscCssClkswRampupRampdownSwip	4	static
E:/Myworkspace/RBCM_S32K344_AUTOSAR_MBD/Firmware/AUTOSAR_MBD/RBCM_MBD/RBCM_Model_Config/RTD/src/Clock_Ip_Selector.c:662:6:Clock_Ip_SetRtcRtccClksel_TrustedCall	0	static
