E:/Myworkspace/RBCM_S32K344_AUTOSAR_MBD/Firmware/AUTOSAR_MBD/RBCM_MBD/RBCM_Model_Config/RTD/src/Clock_Ip_ExtOsc.c:171:13:Clock_Ip_ExternalOscillatorEmpty	0	static
E:/Myworkspace/RBCM_S32K344_AUTOSAR_MBD/Firmware/AUTOSAR_MBD/RBCM_MBD/RBCM_Model_Config/RTD/src/Clock_Ip_ExtOsc.c:312:13:Clock_Ip_EnableFxoscOsconBypEocvGmSel	0	static
E:/Myworkspace/RBCM_S32K344_AUTOSAR_MBD/Firmware/AUTOSAR_MBD/RBCM_MBD/RBCM_Model_Config/RTD/src/Clock_Ip_ExtOsc.c:335:13:Clock_Ip_ResetSxoscOsconEocv	0	static
E:/Myworkspace/RBCM_S32K344_AUTOSAR_MBD/Firmware/AUTOSAR_MBD/RBCM_MBD/RBCM_Model_Config/RTD/src/Clock_Ip_ExtOsc.c:383:13:Clock_Ip_CompleteSxoscOsconEocv	32	static
E:/Myworkspace/RBCM_S32K344_AUTOSAR_MBD/Firmware/AUTOSAR_MBD/RBCM_MBD/RBCM_Model_Config/RTD/src/Clock_Ip_ExtOsc.c:255:13:Clock_Ip_CompleteFxoscOsconBypEocvGmSel	32	static
E:/Myworkspace/RBCM_S32K344_AUTOSAR_MBD/Firmware/AUTOSAR_MBD/RBCM_MBD/RBCM_Model_Config/RTD/src/Clock_Ip_ExtOsc.c:353:13:Clock_Ip_SetSxoscOsconEocv	8	static
E:/Myworkspace/RBCM_S32K344_AUTOSAR_MBD/Firmware/AUTOSAR_MBD/RBCM_MBD/RBCM_Model_Config/RTD/src/Clock_Ip_ExtOsc.c:216:13:Clock_Ip_SetFxoscOsconBypEocvGmSel	8	static
E:/Myworkspace/RBCM_S32K344_AUTOSAR_MBD/Firmware/AUTOSAR_MBD/RBCM_MBD/RBCM_Model_Config/RTD/src/Clock_Ip_ExtOsc.c:179:13:Clock_Ip_ResetFxoscOsconBypEocvGmSel	32	static
E:/Myworkspace/RBCM_S32K344_AUTOSAR_MBD/Firmware/AUTOSAR_MBD/RBCM_MBD/RBCM_Model_Config/RTD/src/Clock_Ip_ExtOsc.c:435:13:Clock_Ip_EnableSxoscOsconEocv	0	static
