E:/Myworkspace/RBCM_S32K344_AUTOSAR_MBD/Firmware/AUTOSAR_MBD/RBCM_MBD/RBCM_Model_Config/RTD/src/Lin_43_LPUART_FLEXIO.c:400:6:Lin_43_LPUART_FLEXIO_Init	8	static
E:/Myworkspace/RBCM_S32K344_AUTOSAR_MBD/Firmware/AUTOSAR_MBD/RBCM_MBD/RBCM_Model_Config/RTD/src/Lin_43_LPUART_FLEXIO.c:503:16:Lin_43_LPUART_FLEXIO_CheckWakeup	8	static
E:/Myworkspace/RBCM_S32K344_AUTOSAR_MBD/Firmware/AUTOSAR_MBD/RBCM_MBD/RBCM_Model_Config/RTD/src/Lin_43_LPUART_FLEXIO.c:579:16:Lin_43_LPUART_FLEXIO_GetStatus	8	static
E:/Myworkspace/RBCM_S32K344_AUTOSAR_MBD/Firmware/AUTOSAR_MBD/RBCM_MBD/RBCM_Model_Config/RTD/src/Lin_43_LPUART_FLEXIO.c:656:16:Lin_43_LPUART_FLEXIO_GoToSleep	16	static
E:/Myworkspace/RBCM_S32K344_AUTOSAR_MBD/Firmware/AUTOSAR_MBD/RBCM_MBD/RBCM_Model_Config/RTD/src/Lin_43_LPUART_FLEXIO.c:754:16:Lin_43_LPUART_FLEXIO_GoToSleepInternal	16	static
E:/Myworkspace/RBCM_S32K344_AUTOSAR_MBD/Firmware/AUTOSAR_MBD/RBCM_MBD/RBCM_Model_Config/RTD/src/Lin_43_LPUART_FLEXIO.c:862:16:Lin_43_LPUART_FLEXIO_SendFrame	16	static
E:/Myworkspace/RBCM_S32K344_AUTOSAR_MBD/Firmware/AUTOSAR_MBD/RBCM_MBD/RBCM_Model_Config/RTD/src/Lin_43_LPUART_FLEXIO.c:952:16:Lin_43_LPUART_FLEXIO_Wakeup	16	static
E:/Myworkspace/RBCM_S32K344_AUTOSAR_MBD/Firmware/AUTOSAR_MBD/RBCM_MBD/RBCM_Model_Config/RTD/src/Lin_43_LPUART_FLEXIO.c:1010:16:Lin_43_LPUART_FLEXIO_WakeupInternal	16	static
E:/Myworkspace/RBCM_S32K344_AUTOSAR_MBD/Firmware/AUTOSAR_MBD/RBCM_MBD/RBCM_Model_Config/RTD/src/Lin_43_LPUART_FLEXIO.c:1078:6:Lin_43_LPUART_FLEXIO_GetVersionInfo	0	static
