E:/Myworkspace/RBCM_S32K344_AUTOSAR_MBD/Firmware/AUTOSAR_MBD/RBCM_MBD/RBCM_Model_Config/RTD/src/Lpuart_Uart_Ip.c:1991:13:Lpuart_Uart_Ip_SetupIntDmaMode	0	static
E:/Myworkspace/RBCM_S32K344_AUTOSAR_MBD/Firmware/AUTOSAR_MBD/RBCM_MBD/RBCM_Model_Config/RTD/src/Lpuart_Uart_Ip.c:2021:13:Lpuart_Uart_Ip_PutData	12	static
E:/Myworkspace/RBCM_S32K344_AUTOSAR_MBD/Firmware/AUTOSAR_MBD/RBCM_MBD/RBCM_Model_Config/RTD/src/Lpuart_Uart_Ip.c:2080:13:Lpuart_Uart_Ip_GetData	4	static
E:/Myworkspace/RBCM_S32K344_AUTOSAR_MBD/Firmware/AUTOSAR_MBD/RBCM_MBD/RBCM_Model_Config/RTD/src/Lpuart_Uart_Ip.c:1581:13:Lpuart_Uart_Ip_CompleteSendDataUsingInt	32	static
E:/Myworkspace/RBCM_S32K344_AUTOSAR_MBD/Firmware/AUTOSAR_MBD/RBCM_MBD/RBCM_Model_Config/RTD/src/Lpuart_Uart_Ip.c:1840:13:Lpuart_Uart_Ip_CompleteReceiveDataUsingInt	32	static
E:/Myworkspace/RBCM_S32K344_AUTOSAR_MBD/Firmware/AUTOSAR_MBD/RBCM_MBD/RBCM_Model_Config/RTD/src/Lpuart_Uart_Ip.c:261:6:Lpuart_Uart_Ip_Init	12	static
E:/Myworkspace/RBCM_S32K344_AUTOSAR_MBD/Firmware/AUTOSAR_MBD/RBCM_MBD/RBCM_Model_Config/RTD/src/Lpuart_Uart_Ip.c:342:27:Lpuart_Uart_Ip_Deinit	40	static
E:/Myworkspace/RBCM_S32K344_AUTOSAR_MBD/Firmware/AUTOSAR_MBD/RBCM_MBD/RBCM_Model_Config/RTD/src/Lpuart_Uart_Ip.c:401:27:Lpuart_Uart_Ip_SyncSend	56	static
E:/Myworkspace/RBCM_S32K344_AUTOSAR_MBD/Firmware/AUTOSAR_MBD/RBCM_MBD/RBCM_Model_Config/RTD/src/Lpuart_Uart_Ip.c:463:27:Lpuart_Uart_Ip_AsyncSend	120	static
E:/Myworkspace/RBCM_S32K344_AUTOSAR_MBD/Firmware/AUTOSAR_MBD/RBCM_MBD/RBCM_Model_Config/RTD/src/Lpuart_Uart_Ip.c:526:27:Lpuart_Uart_Ip_GetTransmitStatus	24	static
E:/Myworkspace/RBCM_S32K344_AUTOSAR_MBD/Firmware/AUTOSAR_MBD/RBCM_MBD/RBCM_Model_Config/RTD/src/Lpuart_Uart_Ip.c:660:27:Lpuart_Uart_Ip_SyncReceive	80	static
E:/Myworkspace/RBCM_S32K344_AUTOSAR_MBD/Firmware/AUTOSAR_MBD/RBCM_MBD/RBCM_Model_Config/RTD/src/Lpuart_Uart_Ip.c:809:27:Lpuart_Uart_Ip_AsyncReceive	120	static
E:/Myworkspace/RBCM_S32K344_AUTOSAR_MBD/Firmware/AUTOSAR_MBD/RBCM_MBD/RBCM_Model_Config/RTD/src/Lpuart_Uart_Ip.c:869:27:Lpuart_Uart_Ip_GetReceiveStatus	24	static
E:/Myworkspace/RBCM_S32K344_AUTOSAR_MBD/Firmware/AUTOSAR_MBD/RBCM_MBD/RBCM_Model_Config/RTD/src/Lpuart_Uart_Ip.c:1024:27:Lpuart_Uart_Ip_SetBaudRate	32	static
E:/Myworkspace/RBCM_S32K344_AUTOSAR_MBD/Firmware/AUTOSAR_MBD/RBCM_MBD/RBCM_Model_Config/RTD/src/Lpuart_Uart_Ip.c:1134:6:Lpuart_Uart_Ip_GetBaudRate	0	static
E:/Myworkspace/RBCM_S32K344_AUTOSAR_MBD/Firmware/AUTOSAR_MBD/RBCM_MBD/RBCM_Model_Config/RTD/src/Lpuart_Uart_Ip.c:1154:6:Lpuart_Uart_Ip_SetTxBuffer	0	static
E:/Myworkspace/RBCM_S32K344_AUTOSAR_MBD/Firmware/AUTOSAR_MBD/RBCM_MBD/RBCM_Model_Config/RTD/src/Lpuart_Uart_Ip.c:1177:6:Lpuart_Uart_Ip_SetRxBuffer	0	static
E:/Myworkspace/RBCM_S32K344_AUTOSAR_MBD/Firmware/AUTOSAR_MBD/RBCM_MBD/RBCM_Model_Config/RTD/src/Lpuart_Uart_Ip.c:1635:6:Lpuart_Uart_Ip_CompleteSendUsingDma	128	static
E:/Myworkspace/RBCM_S32K344_AUTOSAR_MBD/Firmware/AUTOSAR_MBD/RBCM_MBD/RBCM_Model_Config/RTD/src/Lpuart_Uart_Ip.c:600:27:Lpuart_Uart_Ip_AbortSendingData	16	static
E:/Myworkspace/RBCM_S32K344_AUTOSAR_MBD/Firmware/AUTOSAR_MBD/RBCM_MBD/RBCM_Model_Config/RTD/src/Lpuart_Uart_Ip.c:1914:6:Lpuart_Uart_Ip_CompleteReceiveUsingDma	128	static
E:/Myworkspace/RBCM_S32K344_AUTOSAR_MBD/Firmware/AUTOSAR_MBD/RBCM_MBD/RBCM_Model_Config/RTD/src/Lpuart_Uart_Ip.c:960:27:Lpuart_Uart_Ip_AbortReceivingData	16	static
E:/Myworkspace/RBCM_S32K344_AUTOSAR_MBD/Firmware/AUTOSAR_MBD/RBCM_MBD/RBCM_Model_Config/RTD/src/Lpuart_Uart_Ip.c:1200:6:Lpuart_Uart_Ip_IrqHandler	24	static
