E:/Myworkspace/RBCM_S32K344_AUTOSAR_MBD/Firmware/AUTOSAR_MBD/RBCM_MBD/RBCM_Model_Config/RTD/src/Lpuart_Lin_Ip.c:1304:26:Lpuart_Lin_Ip_Init	32	static
E:/Myworkspace/RBCM_S32K344_AUTOSAR_MBD/Firmware/AUTOSAR_MBD/RBCM_MBD/RBCM_Model_Config/RTD/src/Lpuart_Lin_Ip.c:1416:26:Lpuart_Lin_Ip_Deinit	24	static
E:/Myworkspace/RBCM_S32K344_AUTOSAR_MBD/Firmware/AUTOSAR_MBD/RBCM_MBD/RBCM_Model_Config/RTD/src/Lpuart_Lin_Ip.c:1556:26:Lpuart_Lin_Ip_GoToSleepMode	16	static
E:/Myworkspace/RBCM_S32K344_AUTOSAR_MBD/Firmware/AUTOSAR_MBD/RBCM_MBD/RBCM_Model_Config/RTD/src/Lpuart_Lin_Ip.c:1639:26:Lpuart_Lin_Ip_SendWakeupSignal	4	static
E:/Myworkspace/RBCM_S32K344_AUTOSAR_MBD/Firmware/AUTOSAR_MBD/RBCM_MBD/RBCM_Model_Config/RTD/src/Lpuart_Lin_Ip.c:1825:6:Lpuart_Lin_Ip_GoToIdleState	16	static
E:/Myworkspace/RBCM_S32K344_AUTOSAR_MBD/Firmware/AUTOSAR_MBD/RBCM_MBD/RBCM_Model_Config/RTD/src/Lpuart_Lin_Ip.c:1766:26:Lpuart_Lin_Ip_SendFrame	40	static
E:/Myworkspace/RBCM_S32K344_AUTOSAR_MBD/Firmware/AUTOSAR_MBD/RBCM_MBD/RBCM_Model_Config/RTD/src/Lpuart_Lin_Ip.c:1904:34:Lpuart_Lin_Ip_GetStatus	4	static
E:/Myworkspace/RBCM_S32K344_AUTOSAR_MBD/Firmware/AUTOSAR_MBD/RBCM_MBD/RBCM_Model_Config/RTD/src/Lpuart_Lin_Ip.c:1484:26:Lpuart_Lin_Ip_AbortTransferData	48	static
E:/Myworkspace/RBCM_S32K344_AUTOSAR_MBD/Firmware/AUTOSAR_MBD/RBCM_MBD/RBCM_Model_Config/RTD/src/Lpuart_Lin_Ip.c:2018:6:Lpuart_Lin_Ip_IRQHandler	32	static
