E:/Myworkspace/RBCM_S32K344_AUTOSAR_MBD/Firmware/AUTOSAR_MBD/RBCM_MBD/RBCM_Model_Config/RTD/src/Mem_43_INFLS_Ipw.c:625:16:Mem_43_INFLS_IPW_Init	8	static
E:/Myworkspace/RBCM_S32K344_AUTOSAR_MBD/Firmware/AUTOSAR_MBD/RBCM_MBD/RBCM_Model_Config/RTD/src/Mem_43_INFLS_Ipw.c:871:28:Mem_43_INFLS_IPW_Read	16	static
E:/Myworkspace/RBCM_S32K344_AUTOSAR_MBD/Firmware/AUTOSAR_MBD/RBCM_MBD/RBCM_Model_Config/RTD/src/Mem_43_INFLS_Ipw.c:918:28:Mem_43_INFLS_IPW_Compare	16	static
E:/Myworkspace/RBCM_S32K344_AUTOSAR_MBD/Firmware/AUTOSAR_MBD/RBCM_MBD/RBCM_Model_Config/RTD/src/Mem_43_INFLS_Ipw.c:966:28:Mem_43_INFLS_IPW_BlankCheck	16	static
E:/Myworkspace/RBCM_S32K344_AUTOSAR_MBD/Firmware/AUTOSAR_MBD/RBCM_MBD/RBCM_Model_Config/RTD/src/Mem_43_INFLS_Ipw.c:1012:28:Mem_43_INFLS_IPW_GetJobResult	8	static
E:/Myworkspace/RBCM_S32K344_AUTOSAR_MBD/Firmware/AUTOSAR_MBD/RBCM_MBD/RBCM_Model_Config/RTD/src/Mem_43_INFLS_Ipw.c:661:28:Mem_43_INFLS_IPW_Erase	40	static
E:/Myworkspace/RBCM_S32K344_AUTOSAR_MBD/Firmware/AUTOSAR_MBD/RBCM_MBD/RBCM_Model_Config/RTD/src/Mem_43_INFLS_Ipw.c:764:28:Mem_43_INFLS_IPW_Write	40	static
E:/Myworkspace/RBCM_S32K344_AUTOSAR_MBD/Firmware/AUTOSAR_MBD/RBCM_MBD/RBCM_Model_Config/RTD/src/Mem_43_INFLS_Ipw.c:1067:28:Mem_43_INFLS_IPW_Cancel	8	static
E:/Myworkspace/RBCM_S32K344_AUTOSAR_MBD/Firmware/AUTOSAR_MBD/RBCM_MBD/RBCM_Model_Config/RTD/src/Mem_43_INFLS_Ipw.c:1084:6:Mem_43_INFLS_IPW_ReportEccValueToLayerUnder	0	static
