E:/Myworkspace/RBCM_S32K344_AUTOSAR_MBD/Firmware/AUTOSAR_MBD/RBCM_MBD/RBCM_Model_ert_rtw/RBCM_Model.c:68:6:MBDT_Uart_Callback	0	static
E:/Myworkspace/RBCM_S32K344_AUTOSAR_MBD/Firmware/AUTOSAR_MBD/RBCM_MBD/RBCM_Model_ert_rtw/RBCM_Model.c:106:6:Adc_Adc0Group1Notification	24	static
E:/Myworkspace/RBCM_S32K344_AUTOSAR_MBD/Firmware/AUTOSAR_MBD/RBCM_MBD/RBCM_Model_ert_rtw/RBCM_Model.c:140:6:Adc_Adc1Group1Notification	24	static
E:/Myworkspace/RBCM_S32K344_AUTOSAR_MBD/Firmware/AUTOSAR_MBD/RBCM_MBD/RBCM_Model_ert_rtw/RBCM_Model.c:173:6:Adc_Adc2Group1Notification	24	static
E:/Myworkspace/RBCM_S32K344_AUTOSAR_MBD/Firmware/AUTOSAR_MBD/RBCM_MBD/RBCM_Model_ert_rtw/RBCM_Model.c:235:6:RBCM_Model_Chart2_Init	0	static
E:/Myworkspace/RBCM_S32K344_AUTOSAR_MBD/Firmware/AUTOSAR_MBD/RBCM_MBD/RBCM_Model_ert_rtw/RBCM_Model.c:246:6:RBCM_Model_Chart2_Reset	0	static
E:/Myworkspace/RBCM_S32K344_AUTOSAR_MBD/Firmware/AUTOSAR_MBD/RBCM_MBD/RBCM_Model_ert_rtw/RBCM_Model.c:259:6:RBCM_Model_Chart2	0	static
E:/Myworkspace/RBCM_S32K344_AUTOSAR_MBD/Firmware/AUTOSAR_MBD/RBCM_MBD/RBCM_Model_ert_rtw/RBCM_Model.c:287:6:RBCM_Model_u	4	static
E:/Myworkspace/RBCM_S32K344_AUTOSAR_MBD/Firmware/AUTOSAR_MBD/RBCM_MBD/RBCM_Model_ert_rtw/RBCM_Model.c:313:6:RBCM_Model_u1	4	static
E:/Myworkspace/RBCM_S32K344_AUTOSAR_MBD/Firmware/AUTOSAR_MBD/RBCM_MBD/RBCM_Model_ert_rtw/RBCM_Model.c:330:8:rt_roundd_snf	16	static
E:/Myworkspace/RBCM_S32K344_AUTOSAR_MBD/Firmware/AUTOSAR_MBD/RBCM_MBD/RBCM_Model_ert_rtw/RBCM_Model.c:356:6:RBCM_Model_u_a_Init	0	static
E:/Myworkspace/RBCM_S32K344_AUTOSAR_MBD/Firmware/AUTOSAR_MBD/RBCM_MBD/RBCM_Model_ert_rtw/RBCM_Model.c:373:6:RBCM_Model_u_o	56	static
E:/Myworkspace/RBCM_S32K344_AUTOSAR_MBD/Firmware/AUTOSAR_MBD/RBCM_MBD/RBCM_Model_ert_rtw/RBCM_Model.c:448:6:RBCM_Model_u0_Init	0	static
E:/Myworkspace/RBCM_S32K344_AUTOSAR_MBD/Firmware/AUTOSAR_MBD/RBCM_MBD/RBCM_Model_ert_rtw/RBCM_Model.c:466:6:RBCM_Model_u0	56	static
E:/Myworkspace/RBCM_S32K344_AUTOSAR_MBD/Firmware/AUTOSAR_MBD/RBCM_MBD/RBCM_Model_ert_rtw/RBCM_Model.c:539:6:RBCM_Model_u_k	4	static
E:/Myworkspace/RBCM_S32K344_AUTOSAR_MBD/Firmware/AUTOSAR_MBD/RBCM_MBD/RBCM_Model_ert_rtw/RBCM_Model.c:575:6:RBCM_Model_u_g	4	static
E:/Myworkspace/RBCM_S32K344_AUTOSAR_MBD/Firmware/AUTOSAR_MBD/RBCM_MBD/RBCM_Model_ert_rtw/RBCM_Model.c:604:6:RBCM_Model_Subsystem6_Init	0	static
E:/Myworkspace/RBCM_S32K344_AUTOSAR_MBD/Firmware/AUTOSAR_MBD/RBCM_MBD/RBCM_Model_ert_rtw/RBCM_Model.c:613:6:RBCM_Model_Subsystem6	24	static
E:/Myworkspace/RBCM_S32K344_AUTOSAR_MBD/Firmware/AUTOSAR_MBD/RBCM_MBD/RBCM_Model_ert_rtw/RBCM_Model.c:669:6:RBCM_Model_u_p_Init	4	static
E:/Myworkspace/RBCM_S32K344_AUTOSAR_MBD/Firmware/AUTOSAR_MBD/RBCM_MBD/RBCM_Model_ert_rtw/RBCM_Model.c:719:6:RBCM_Model_u_o_Reset	0	static
E:/Myworkspace/RBCM_S32K344_AUTOSAR_MBD/Firmware/AUTOSAR_MBD/RBCM_MBD/RBCM_Model_ert_rtw/RBCM_Model.c:728:6:RBCM_Model_u_k4	48	static
E:/Myworkspace/RBCM_S32K344_AUTOSAR_MBD/Firmware/AUTOSAR_MBD/RBCM_MBD/RBCM_Model_ert_rtw/RBCM_Model.c:74:6:CanIf_RxIndication	8	static
E:/Myworkspace/RBCM_S32K344_AUTOSAR_MBD/Firmware/AUTOSAR_MBD/RBCM_MBD/RBCM_Model_ert_rtw/RBCM_Model.c:1037:6:RBCM_Model_step	96	static
E:/Myworkspace/RBCM_S32K344_AUTOSAR_MBD/Firmware/AUTOSAR_MBD/RBCM_MBD/RBCM_Model_ert_rtw/RBCM_Model.c:3090:6:RBCM_Model_initialize	80	static
E:/Myworkspace/RBCM_S32K344_AUTOSAR_MBD/Firmware/AUTOSAR_MBD/RBCM_MBD/RBCM_Model_ert_rtw/RBCM_Model.c:3408:6:RBCM_Model_terminate	0	static
