Archive member included to satisfy reference by file (symbol)

e:/matlabaddons/toolboxes/nxp_mbdtoolbox_s32k3/tools/build_tools/gcc_v10.2/gcc-10.2-arm32-eabi/bin/../lib/gcc/arm-none-eabi/10.2.0/../../../../arm-none-eabi/lib/thumb/v7e-m+fp/hard\libm.a(lib_a-s_ceil.o)
                              RBCM_Model.o (ceil)
e:/matlabaddons/toolboxes/nxp_mbdtoolbox_s32k3/tools/build_tools/gcc_v10.2/gcc-10.2-arm32-eabi/bin/../lib/gcc/arm-none-eabi/10.2.0/../../../../arm-none-eabi/lib/thumb/v7e-m+fp/hard\libm.a(lib_a-s_floor.o)
                              RBCM_Model.o (floor)
e:/matlabaddons/toolboxes/nxp_mbdtoolbox_s32k3/tools/build_tools/gcc_v10.2/gcc-10.2-arm32-eabi/bin/../lib/gcc/arm-none-eabi/10.2.0/../../../../arm-none-eabi/lib/thumb/v7e-m+fp/hard\libm.a(lib_a-s_round.o)
                              RBCM_Model.o (round)
e:/matlabaddons/toolboxes/nxp_mbdtoolbox_s32k3/tools/build_tools/gcc_v10.2/gcc-10.2-arm32-eabi/bin/../lib/gcc/arm-none-eabi/10.2.0/../../../../arm-none-eabi/lib/thumb/v7e-m+fp/hard\libm.a(lib_a-wf_fmod.o)
                              RBCM_Model.o (fmodf)
e:/matlabaddons/toolboxes/nxp_mbdtoolbox_s32k3/tools/build_tools/gcc_v10.2/gcc-10.2-arm32-eabi/bin/../lib/gcc/arm-none-eabi/10.2.0/../../../../arm-none-eabi/lib/thumb/v7e-m+fp/hard\libm.a(lib_a-ef_fmod.o)
                              e:/matlabaddons/toolboxes/nxp_mbdtoolbox_s32k3/tools/build_tools/gcc_v10.2/gcc-10.2-arm32-eabi/bin/../lib/gcc/arm-none-eabi/10.2.0/../../../../arm-none-eabi/lib/thumb/v7e-m+fp/hard\libm.a(lib_a-wf_fmod.o) (__ieee754_fmodf)
e:/matlabaddons/toolboxes/nxp_mbdtoolbox_s32k3/tools/build_tools/gcc_v10.2/gcc-10.2-arm32-eabi/bin/../lib/gcc/arm-none-eabi/10.2.0/../../../../arm-none-eabi/lib/thumb/v7e-m+fp/hard\libm.a(lib_a-s_lib_ver.o)
                              e:/matlabaddons/toolboxes/nxp_mbdtoolbox_s32k3/tools/build_tools/gcc_v10.2/gcc-10.2-arm32-eabi/bin/../lib/gcc/arm-none-eabi/10.2.0/../../../../arm-none-eabi/lib/thumb/v7e-m+fp/hard\libm.a(lib_a-wf_fmod.o) (__fdlib_version)
e:/matlabaddons/toolboxes/nxp_mbdtoolbox_s32k3/tools/build_tools/gcc_v10.2/gcc-10.2-arm32-eabi/bin/../lib/gcc/arm-none-eabi/10.2.0/thumb/v7e-m+fp/hard\libgcc.a(_arm_muldf3.o)
                              RBCM_Model.o (__aeabi_dmul)
e:/matlabaddons/toolboxes/nxp_mbdtoolbox_s32k3/tools/build_tools/gcc_v10.2/gcc-10.2-arm32-eabi/bin/../lib/gcc/arm-none-eabi/10.2.0/thumb/v7e-m+fp/hard\libgcc.a(_arm_addsubdf3.o)
                              RBCM_Model.o (__aeabi_dsub)
e:/matlabaddons/toolboxes/nxp_mbdtoolbox_s32k3/tools/build_tools/gcc_v10.2/gcc-10.2-arm32-eabi/bin/../lib/gcc/arm-none-eabi/10.2.0/thumb/v7e-m+fp/hard\libgcc.a(_arm_cmpdf2.o)
                              rt_nonfinite.o (__aeabi_dcmpeq)
e:/matlabaddons/toolboxes/nxp_mbdtoolbox_s32k3/tools/build_tools/gcc_v10.2/gcc-10.2-arm32-eabi/bin/../lib/gcc/arm-none-eabi/10.2.0/thumb/v7e-m+fp/hard\libgcc.a(_arm_fixdfsi.o)
                              RBCM_Model.o (__aeabi_d2iz)
e:/matlabaddons/toolboxes/nxp_mbdtoolbox_s32k3/tools/build_tools/gcc_v10.2/gcc-10.2-arm32-eabi/bin/../lib/gcc/arm-none-eabi/10.2.0/thumb/v7e-m+fp/hard\libgcc.a(_arm_fixunsdfsi.o)
                              RBCM_Model.o (__aeabi_d2uiz)
e:/matlabaddons/toolboxes/nxp_mbdtoolbox_s32k3/tools/build_tools/gcc_v10.2/gcc-10.2-arm32-eabi/bin/../lib/gcc/arm-none-eabi/10.2.0/thumb/v7e-m+fp/hard\libgcc.a(_aeabi_ldivmod.o)
                              Clock_Ip_Frequency.o (__aeabi_ldivmod)
e:/matlabaddons/toolboxes/nxp_mbdtoolbox_s32k3/tools/build_tools/gcc_v10.2/gcc-10.2-arm32-eabi/bin/../lib/gcc/arm-none-eabi/10.2.0/thumb/v7e-m+fp/hard\libgcc.a(_aeabi_uldivmod.o)
                              Clock_Ip_Frequency.o (__aeabi_uldivmod)
e:/matlabaddons/toolboxes/nxp_mbdtoolbox_s32k3/tools/build_tools/gcc_v10.2/gcc-10.2-arm32-eabi/bin/../lib/gcc/arm-none-eabi/10.2.0/thumb/v7e-m+fp/hard\libgcc.a(_udivmoddi4.o)
                              e:/matlabaddons/toolboxes/nxp_mbdtoolbox_s32k3/tools/build_tools/gcc_v10.2/gcc-10.2-arm32-eabi/bin/../lib/gcc/arm-none-eabi/10.2.0/thumb/v7e-m+fp/hard\libgcc.a(_aeabi_ldivmod.o) (__udivmoddi4)
e:/matlabaddons/toolboxes/nxp_mbdtoolbox_s32k3/tools/build_tools/gcc_v10.2/gcc-10.2-arm32-eabi/bin/../lib/gcc/arm-none-eabi/10.2.0/thumb/v7e-m+fp/hard\libgcc.a(_dvmd_tls.o)
                              e:/matlabaddons/toolboxes/nxp_mbdtoolbox_s32k3/tools/build_tools/gcc_v10.2/gcc-10.2-arm32-eabi/bin/../lib/gcc/arm-none-eabi/10.2.0/thumb/v7e-m+fp/hard\libgcc.a(_aeabi_ldivmod.o) (__aeabi_ldiv0)
e:/matlabaddons/toolboxes/nxp_mbdtoolbox_s32k3/tools/build_tools/gcc_v10.2/gcc-10.2-arm32-eabi/bin/../lib/gcc/arm-none-eabi/10.2.0/../../../../arm-none-eabi/lib/thumb/v7e-m+fp/hard\libc_nano.a(lib_a-errno.o)
                              e:/matlabaddons/toolboxes/nxp_mbdtoolbox_s32k3/tools/build_tools/gcc_v10.2/gcc-10.2-arm32-eabi/bin/../lib/gcc/arm-none-eabi/10.2.0/../../../../arm-none-eabi/lib/thumb/v7e-m+fp/hard\libm.a(lib_a-wf_fmod.o) (__errno)
[...]
Memory Configuration

Name             Origin             Length             Attributes
int_pflash       0x00400000         0x003d4000
int_dflash       0x10000000         0x00020000
int_itcm         0x00000000         0x00010000
int_dtcm         0x20000000         0x0001f000
int_stack_dtcm   0x2001f000         0x00001000
int_sram         0x20400000         0x0002ff00
int_sram_fls_rsv 0x2042ff00         0x00000100
int_sram_no_cacheable 0x20430000         0x0000ff00
int_sram_results 0x2043ff00         0x00000100
int_sram_shareable 0x20440000         0x00004000
ram_rsvd2        0x20444000         0x00000000
*default*        0x00000000         0xffffffff

Linker script and memory map

LOAD Adc_Params.o
LOAD RBCM_Model.o
LOAD RBCM_Model_data.o
LOAD can_datatype_ground.o
LOAD rtGetInf.o
LOAD rtGetNaN.o
LOAD rt_nonfinite.o
LOAD freemaster_appcmd.o
LOAD freemaster_pipes.o
LOAD freemaster_protocol.o
LOAD freemaster_rec.o
LOAD freemaster_s32k3xx_lpuart.o
LOAD freemaster_scope.o
LOAD freemaster_serial.o
LOAD freemaster_tsa.o
LOAD freemaster_ures.o
LOAD freemaster_utils.o
LOAD mbdt_board_init.o
LOAD mbdt_lpuart.o
LOAD s32k3_trigger_config.o
LOAD exceptions.o
LOAD nvic.o
LOAD startup.o
LOAD sys_init.o
LOAD system.o
LOAD Vector_Table.o
LOAD startup_cm7.o
LOAD Adc.o
LOAD Adc_Ipw.o
LOAD Adc_Ipw_Irq.o
LOAD Adc_Sar_Ip.o
LOAD Adc_Sar_Ip_Irq.o
LOAD Axbs_Ip.o
LOAD Bctu_Ip.o
LOAD Bctu_Ip_Irq.o
LOAD C40_Ip.o
LOAD C40_Ip_Ac.o
LOAD CDD_I2c.o
LOAD CDD_I2c_Ipw.o
LOAD CDD_Mcl.o
LOAD CDD_Mcl_Ipw.o
LOAD CDD_Rm.o
LOAD CDD_Rm_Ipw.o
LOAD CDD_Uart.o
LOAD Cache_Ip.o
LOAD Cache_Ip_HwAcc_ArmCoreMx.o
LOAD Can_43_FLEXCAN.o
LOAD Can_43_FLEXCAN_Ipw.o
LOAD Can_43_FLEXCAN_Irq.o
LOAD Clock_Ip.o
LOAD Clock_Ip_Data.o
LOAD Clock_Ip_Divider.o
LOAD Clock_Ip_DividerTrigger.o
LOAD Clock_Ip_ExtOsc.o
LOAD Clock_Ip_FracDiv.o
LOAD Clock_Ip_Frequency.o
LOAD Clock_Ip_Gate.o
LOAD Clock_Ip_IntOsc.o
LOAD Clock_Ip_Irq.o
LOAD Clock_Ip_Monitor.o
LOAD Clock_Ip_Pll.o
LOAD Clock_Ip_ProgFreqSwitch.o
LOAD Clock_Ip_Selector.o
LOAD Clock_Ip_Specific.o
LOAD Cmp_Ip.o
LOAD DSPSS_Api.o
LOAD Det.o
LOAD Det_stub.o
LOAD Dio.o
LOAD Dio_Ipw.o
LOAD Dma_Ip.o
LOAD Dma_Ip_Driver_State.o
LOAD Dma_Ip_Hw_Access.o
LOAD Dma_Ip_Irq.o
LOAD Dma_Ip_Multicore.o
LOAD Dma_Mux_Ip.o
LOAD Dspi_Ip.o
LOAD Dspi_Ip_Irq.o
LOAD EcuM.o
LOAD Emios_Gpt_Ip.o
LOAD Emios_Icu_Ip.o
LOAD Emios_Icu_Ip_Irq.o
LOAD Emios_Mcl_Ip.o
LOAD Emios_Mcl_Ip_Irq.o
LOAD Emios_Pwm_Ip.o
LOAD Emios_Pwm_Ip_Irq.o
LOAD Etpu_Pwm_Ip.o
LOAD Etpu_Pwm_Ip_Irq.o
LOAD Fee.o
LOAD FlexCAN_Ip.o
LOAD FlexCAN_Ip_HwAccess.o
LOAD FlexCAN_Ip_Irq.o
LOAD FlexPwm_Ip.o
LOAD FlexPwm_Ip_Irq.o
LOAD Flexio_I2c_Ip.o
LOAD Flexio_Lin_Ip.o
LOAD Flexio_Mcl_Ip.o
LOAD Flexio_Mcl_Ip_HwAccess.o
LOAD Flexio_Mcl_Ip_Irq.o
LOAD Flexio_Pwm_Ip.o
LOAD Flexio_Pwm_Ip_Irq.o
LOAD Flexio_Spi_Ip.o
LOAD Flexio_Spi_Ip_Irq.o
LOAD Flexio_Uart_Ip.o
LOAD Flexio_Uart_Ip_Irq.o
LOAD Gpt.o
LOAD Gpt_Ipw.o
LOAD Icu.o
LOAD Icu_Ipw.o
LOAD Igf_Port_Ip.o
LOAD IntCtrl_Ip.o
LOAD Lcu_Ip.o
LOAD Lcu_Ip_Hw_Access.o
LOAD Lcu_Ip_Irq.o
LOAD Lcu_Ip_Multicore.o
LOAD Lin_43_LPUART_FLEXIO.o
LOAD Lin_43_LPUART_FLEXIO_ASRExt.o
LOAD Lin_43_LPUART_FLEXIO_Ipw.o
LOAD Lin_Ip_Common.o
LOAD Lpi2c_Ip.o
LOAD Lpi2c_Ip_Irq.o
LOAD Lpspi_Ip.o
LOAD Lpspi_Ip_Irq.o
LOAD Lpuart_Lin_Ip.o
LOAD Lpuart_Lin_Ip_Hw_Access.o
LOAD Lpuart_Lin_Ip_Irq.o
LOAD Lpuart_Uart_Ip.o
LOAD Lpuart_Uart_Ip_Irq.o
LOAD Mcu.o
LOAD Mcu_Dem_Wrapper.o
LOAD Mcu_Ipw.o
LOAD MemAcc.o
LOAD MemAcc_Sema4.o
LOAD Mem_43_INFLS.o
LOAD Mem_43_INFLS_Ipw.o
LOAD Mem_43_INFLS_Software_Semaphore.o
LOAD Mpu_M7_Ip.o
LOAD Mscm_Ip.o
LOAD OsIf_Interrupts.o
LOAD OsIf_Timer.o
LOAD OsIf_Timer_System.o
LOAD OsIf_Timer_System_Internal_Systick.o
LOAD Os_counter_api.o
LOAD Os_event.o
LOAD Os_isr.o
LOAD Os_multicore.o
LOAD Os_scheduler.o
LOAD Osif_Software_Semaphore.o
LOAD Pflash_Ip.o
LOAD Pit_Ip.o
LOAD Platform.o
LOAD Platform_Ipw.o
LOAD Port.o
LOAD Port_Ipw.o
LOAD Power_Ip.o
LOAD Power_Ip_AEC.o
LOAD Power_Ip_CortexM7.o
LOAD Power_Ip_DCM_GPR.o
LOAD Power_Ip_FLASH.o
LOAD Power_Ip_MC_ME.o
LOAD Power_Ip_MC_RGM.o
LOAD Power_Ip_MC_RGM_Irq.o
LOAD Power_Ip_PMC.o
LOAD Power_Ip_PMC_Irq.o
LOAD Power_Ip_Private.o
LOAD Pwm.o
LOAD Pwm_Ipw.o
LOAD Pwm_Ipw_Irq.o
LOAD Ram_Ip.o
LOAD Rtc_Ip.o
LOAD SchM_Adc.o
LOAD SchM_Ae.o
LOAD SchM_Can.o
LOAD SchM_CanTrcv_43_AE.o
LOAD SchM_CanTrcv_43_fs23.o
LOAD SchM_CanTrcv_43_fs65.o
LOAD SchM_Can_43_FLEXCAN.o
LOAD SchM_Crc.o
LOAD SchM_Crypto.o
LOAD SchM_Crypto_43_ACE.o
LOAD SchM_Crypto_43_HSE.o
LOAD SchM_Dio.o
LOAD SchM_Dpga.o
LOAD SchM_Eep.o
LOAD SchM_Eth.o
LOAD SchM_EthSwt_43_SJA11XX.o
LOAD SchM_EthTrcv_43_PHY.o
LOAD SchM_Eth_43_GMAC.o
LOAD SchM_Etpu.o
LOAD SchM_Fee.o
LOAD SchM_Fls.o
LOAD SchM_Gd3162.o
LOAD SchM_Gdu.o
LOAD SchM_Gpt.o
LOAD SchM_I2c.o
LOAD SchM_I2s.o
LOAD SchM_Icu.o
LOAD SchM_Ipcf.o
LOAD SchM_Iseled.o
LOAD SchM_LinTrcv_43_fs23.o
LOAD SchM_LinTrcv_43_fs65.o
LOAD SchM_Lin_43_LPUART_FLEXIO.o
LOAD SchM_Mc12xs6.o
LOAD SchM_Mcl.o
LOAD SchM_Mcu.o
LOAD SchM_MemAcc.o
LOAD SchM_Mem_43_EEP.o
LOAD SchM_Mem_43_EXFLS.o
LOAD SchM_Mem_43_INFLS.o
LOAD SchM_Motor_control.o
LOAD SchM_Nvm.o
LOAD SchM_Ocotp.o
LOAD SchM_Ocu.o
LOAD SchM_Platform.o
LOAD SchM_Port.o
LOAD SchM_Pwm.o
LOAD SchM_Pwm_etpu.o
LOAD SchM_Rdc_checker.o
LOAD SchM_Rm.o
LOAD SchM_Sbc_fs23.o
LOAD SchM_Sbc_fs26.o
LOAD SchM_Sbc_fs65.o
LOAD SchM_Sent.o
LOAD SchM_Spi.o
LOAD SchM_Uart.o
LOAD SchM_Wdg.o
LOAD SchM_Wdg_43_fs23.o
LOAD SchM_Wdg_43_fs26.o
LOAD SchM_Wdg_43_fs65.o
LOAD SchM_Zipwire.o
LOAD Sdadc_Ip.o
LOAD Sdadc_Ip_Irq.o
LOAD Sema42_Ip.o
LOAD Siul2_Dio_Ip.o
LOAD Siul2_Icu_Ip.o
LOAD Siul2_Icu_Ip_Irq.o
LOAD Siul2_Port_Ip.o
LOAD Spi.o
LOAD Spi_Ipw.o
LOAD Stm_Ip.o
LOAD System_Ip.o
LOAD Trgmux_Ip.o
LOAD Trgmux_Ip_HwAcc.o
LOAD Tspc_Port_Ip.o
LOAD Uart_Ipw.o
LOAD Virt_Wrapper_Ip.o
LOAD Wkpu_Ip.o
LOAD Wkpu_Ip_Irq.o
LOAD Xbic_Ip.o
LOAD Xrdc_Ip.o
LOAD Adc_Cfg.o
LOAD Adc_Ipw_MBDT_PBcfg.o
LOAD Adc_MBDT_PBcfg.o
LOAD Adc_Sar_Ip_MBDT_PBcfg.o
LOAD Axbs_Ip_MBDT_PBcfg.o
LOAD Bctu_Ip_MBDT_PBcfg.o
LOAD C40_Ip_Cfg.o
LOAD CDD_I2c_Cfg.o
LOAD CDD_I2c_Ipw_MBDT_PBcfg.o
LOAD CDD_I2c_MBDT_PBcfg.o
LOAD CDD_Mcl_Cfg.o
LOAD CDD_Mcl_MBDT_PBcfg.o
LOAD CDD_Rm_Cfg.o
LOAD CDD_Rm_Ipw_MBDT_PBcfg.o
LOAD CDD_Rm_MBDT_PBcfg.o
LOAD CDD_Uart_MBDT_PBcfg.o
LOAD CanIf_Cfg.o
LOAD CanIf_MBDT_PBcfg.o
LOAD Can_43_FLEXCAN_Ipw_MBDT_PBcfg.o
LOAD Can_43_FLEXCAN_MBDT_PBcfg.o
LOAD Clock_Ip_Cfg.o
LOAD Clock_Ip_MBDT_PBcfg.o
LOAD Cmp_Ip_MBDT_PBcfg.o
LOAD Dio_Cfg.o
LOAD Dma_Ip_Cfg.o
LOAD Dma_Ip_MBDT_PBcfg.o
LOAD Dma_Mux_Ip_MBDT_PBcfg.o
LOAD Dspi_Ip_MBDT_PBcfg.o
LOAD Emios_Gpt_Ip_MBDT_PBcfg.o
LOAD Emios_Icu_Ip_MBDT_PBcfg.o
LOAD Emios_Mcl_Ip_MBDT_PBcfg.o
LOAD Emios_Pwm_Ip_MBDT_PBcfg.o
LOAD Etpu_Pwm_Ip_MBDT_PBcfg.o
LOAD Fee_Cfg.o
LOAD FlexCAN_Ip_MBDT_PBcfg.o
LOAD FlexPwm_Ip_MBDT_PBcfg.o
LOAD Flexio_I2c_Ip_MBDT_PBcfg.o
LOAD Flexio_Lin_Ip_MBDT_PBcfg.o
LOAD Flexio_Mcl_Ip_MBDT_PBcfg.o
LOAD Flexio_Pwm_Ip_MBDT_PBcfg.o
LOAD Flexio_Spi_Ip_MBDT_PBcfg.o
LOAD Flexio_Uart_Ip_MBDT_PBcfg.o
LOAD Gpt_Cfg.o
LOAD Gpt_Ipw_MBDT_PBcfg.o
LOAD Gpt_MBDT_PBcfg.o
LOAD Icu_Cfg.o
LOAD Icu_DmaNotification.o
LOAD Icu_Ipw_MBDT_PBcfg.o
LOAD Icu_MBDT_PBcfg.o
LOAD Igf_Port_Ip_MBDT_PBcfg.o
LOAD IntCtrl_Ip_Cfg.o
LOAD Lcu_Ip_Cfg.o
LOAD Lcu_Ip_MBDT_PBcfg.o
LOAD Lin_43_LPUART_FLEXIO_Cfg.o
LOAD Lin_43_LPUART_FLEXIO_Ipw_MBDT_PBcfg.o
LOAD Lin_43_LPUART_FLEXIO_MBDT_PBcfg.o
LOAD Lpi2c_Ip_MBDT_PBcfg.o
LOAD Lpspi_Ip_MBDT_PBcfg.o
LOAD Lpuart_Lin_Ip_MBDT_PBcfg.o
LOAD Lpuart_Uart_Ip_MBDT_PBcfg.o
LOAD Mcu_Cfg.o
LOAD Mcu_MBDT_PBcfg.o
LOAD MemAcc_Cfg.o
LOAD MemAcc_MBDT_PBcfg.o
LOAD Mem_43_INFLS_Cfg.o
LOAD Mpu_M7_Ip_Cfg.o
LOAD Mscm_Ip_MBDT_PBcfg.o
LOAD OsIf_Cfg.o
LOAD Pflash_Ip_Cfg.o
LOAD Pflash_Ip_MBDT_PBcfg.o
LOAD Pit_Ip_MBDT_PBcfg.o
LOAD Platform_Cfg.o
LOAD Platform_Ipw_Cfg.o
LOAD Port_Cfg.o
LOAD Port_MBDT_PBcfg.o
LOAD Power_Ip_Cfg.o
LOAD Power_Ip_MBDT_PBcfg.o
LOAD Pwm_MBDT_PBcfg.o
LOAD Ram_Ip_Cfg.o
LOAD Ram_Ip_MBDT_PBcfg.o
LOAD Rtc_Ip_MBDT_PBcfg.o
LOAD Sdadc_Ip_MBDT_PBcfg.o
LOAD Siul2_Icu_Ip_MBDT_PBcfg.o
LOAD Siul2_Port_Ip_Cfg.o
LOAD Siul2_Port_Ip_MBDT_PBcfg.o
LOAD Spi_Ipw_MBDT_PBcfg.o
LOAD Spi_MBDT_PBcfg.o
LOAD Stm_Ip_MBDT_PBcfg.o
LOAD Trgmux_Ip_Cfg.o
LOAD Trgmux_Ip_MBDT_PBcfg.o
LOAD Tspc_Port_Ip_Cfg.o
LOAD Tspc_Port_Ip_MBDT_PBcfg.o
LOAD Uart_Ipw_MBDT_PBcfg.o
LOAD Virt_Wrapper_Ip_MBDT_PBcfg.o
LOAD Wkpu_Ip_MBDT_PBcfg.o
LOAD Xbic_Ip_MBDT_PBcfg.o
LOAD Xrdc_Ip_Cfg.o
LOAD Xrdc_Ip_MBDT_PBcfg.o
LOAD ert_main.o
LOAD e:/matlabaddons/toolboxes/nxp_mbdtoolbox_s32k3/tools/build_tools/gcc_v10.2/gcc-10.2-arm32-eabi/bin/../lib/gcc/arm-none-eabi/10.2.0/../../../../arm-none-eabi/lib/thumb/v7e-m+fp/hard\libm.a
START GROUP
LOAD e:/matlabaddons/toolboxes/nxp_mbdtoolbox_s32k3/tools/build_tools/gcc_v10.2/gcc-10.2-arm32-eabi/bin/../lib/gcc/arm-none-eabi/10.2.0/thumb/v7e-m+fp/hard\libgcc.a
LOAD e:/matlabaddons/toolboxes/nxp_mbdtoolbox_s32k3/tools/build_tools/gcc_v10.2/gcc-10.2-arm32-eabi/bin/../lib/gcc/arm-none-eabi/10.2.0/../../../../arm-none-eabi/lib/thumb/v7e-m+fp/hard\libc_nano.a
END GROUP
START GROUP
LOAD e:/matlabaddons/toolboxes/nxp_mbdtoolbox_s32k3/tools/build_tools/gcc_v10.2/gcc-10.2-arm32-eabi/bin/../lib/gcc/arm-none-eabi/10.2.0/thumb/v7e-m+fp/hard\libgcc.a
LOAD e:/matlabaddons/toolboxes/nxp_mbdtoolbox_s32k3/tools/build_tools/gcc_v10.2/gcc-10.2-arm32-eabi/bin/../lib/gcc/arm-none-eabi/10.2.0/../../../../arm-none-eabi/lib/thumb/v7e-m+fp/hard\libc_nano.a
LOAD e:/matlabaddons/toolboxes/nxp_mbdtoolbox_s32k3/tools/build_tools/gcc_v10.2/gcc-10.2-arm32-eabi/bin/../lib/gcc/arm-none-eabi/10.2.0/../../../../arm-none-eabi/lib/thumb/v7e-m+fp/hard\libnosys.a
END GROUP
START GROUP
LOAD e:/matlabaddons/toolboxes/nxp_mbdtoolbox_s32k3/tools/build_tools/gcc_v10.2/gcc-10.2-arm32-eabi/bin/../lib/gcc/arm-none-eabi/10.2.0/thumb/v7e-m+fp/hard\libgcc.a
LOAD e:/matlabaddons/toolboxes/nxp_mbdtoolbox_s32k3/tools/build_tools/gcc_v10.2/gcc-10.2-arm32-eabi/bin/../lib/gcc/arm-none-eabi/10.2.0/../../../../arm-none-eabi/lib/thumb/v7e-m+fp/hard\libc_nano.a
LOAD e:/matlabaddons/toolboxes/nxp_mbdtoolbox_s32k3/tools/build_tools/gcc_v10.2/gcc-10.2-arm32-eabi/bin/../lib/gcc/arm-none-eabi/10.2.0/../../../../arm-none-eabi/lib/thumb/v7e-m+fp/hard\libnosys.a
END GROUP
                0x00002000                HEAP_SIZE = DEFINED (__heap_size__)?__heap_size__:0x2000
                0x20407fff                __STANDBY_RAM_LIMIT_END = 0x20407fff

.pflash         0x00400000    0x2799c
 *(.boot_header)
 .boot_header   0x00400000      0x100 startup_cm7.o
                0x00402000                . = ALIGN (0x2000)
 *fill*         0x00400100     0x1f00 
                0x00402000                __text_start = .
                0x00402000                __interrupts_init_start = .
 *(.intc_vector)
 .intc_vector   0x00402000      0x408 Vector_Table.o
                0x00402000                VTABLE
                0x00402408                . = ALIGN (0x4)
                0x00402408                __interrupts_init_end = .
 *(.core_loop)
 .core_loop     0x00402408        0xc startup_cm7.o
                0x00402408                _core_loop
                0x00402414                . = ALIGN (0x4)
 *(.startup)
 *fill*         0x00402414        0xc 
 .startup       0x00402420      0x214 startup_cm7.o
                0x00402420                _start
                0x00402420                Reset_Handler
                0x004025b4                MCAL_LTB_TRACE_OFF
                0x004025b6                _end_of_eunit_test
                0x00402634                . = ALIGN (0x4)
 *(.systeminit)
                0x00402634                . = ALIGN (0x4)
 *(.text.startup)
                0x00402634                . = ALIGN (0x4)
 *(.text)
 .text          0x00402634      0x254 e:/matlabaddons/toolboxes/nxp_mbdtoolbox_s32k3/tools/build_tools/gcc_v10.2/gcc-10.2-arm32-eabi/bin/../lib/gcc/arm-none-eabi/10.2.0/thumb/v7e-m+fp/hard\libgcc.a(_arm_muldf3.o)
                0x00402634                __muldf3
                0x00402634                __aeabi_dmul
 .text          0x00402888      0x378 e:/matlabaddons/toolboxes/nxp_mbdtoolbox_s32k3/tools/build_tools/gcc_v10.2/gcc-10.2-arm32-eabi/bin/../lib/gcc/arm-none-eabi/10.2.0/thumb/v7e-m+fp/hard\libgcc.a(_arm_addsubdf3.o)
                0x00402888                __aeabi_drsub
                0x00402890                __subdf3
                0x00402890                __aeabi_dsub
                0x00402894                __aeabi_dadd
                0x00402894                __adddf3
                0x00402b0c                __floatunsidf
                0x00402b0c                __aeabi_ui2d
                0x00402b2c                __aeabi_i2d
                0x00402b2c                __floatsidf
                0x00402b50                __extendsfdf2
                0x00402b50                __aeabi_f2d
                0x00402b94                __floatundidf
                0x00402b94                __aeabi_ul2d
                0x00402ba4                __aeabi_l2d
                0x00402ba4                __floatdidf
 .text          0x00402c00      0x110 e:/matlabaddons/toolboxes/nxp_mbdtoolbox_s32k3/tools/build_tools/gcc_v10.2/gcc-10.2-arm32-eabi/bin/../lib/gcc/arm-none-eabi/10.2.0/thumb/v7e-m+fp/hard\libgcc.a(_arm_cmpdf2.o)
                0x00402c00                __gtdf2
                0x00402c00                __gedf2
                0x00402c08                __ltdf2
                0x00402c08                __ledf2
                0x00402c10                __nedf2
                0x00402c10                __cmpdf2
                0x00402c10                __eqdf2
                0x00402c8c                __aeabi_cdrcmple
                0x00402c9c                __aeabi_cdcmple
                0x00402c9c                __aeabi_cdcmpeq
                0x00402cac                __aeabi_dcmpeq
                0x00402cc0                __aeabi_dcmplt
                0x00402cd4                __aeabi_dcmple
                0x00402ce8                __aeabi_dcmpge
                0x00402cfc                __aeabi_dcmpgt
 .text          0x00402d10       0x50 e:/matlabaddons/toolboxes/nxp_mbdtoolbox_s32k3/tools/build_tools/gcc_v10.2/gcc-10.2-arm32-eabi/bin/../lib/gcc/arm-none-eabi/10.2.0/thumb/v7e-m+fp/hard\libgcc.a(_arm_fixdfsi.o)
                0x00402d10                __fixdfsi
                0x00402d10                __aeabi_d2iz
 .text          0x00402d60       0x40 e:/matlabaddons/toolboxes/nxp_mbdtoolbox_s32k3/tools/build_tools/gcc_v10.2/gcc-10.2-arm32-eabi/bin/../lib/gcc/arm-none-eabi/10.2.0/thumb/v7e-m+fp/hard\libgcc.a(_arm_fixunsdfsi.o)
                0x00402d60                __fixunsdfsi
                0x00402d60                __aeabi_d2uiz
 .text          0x00402da0       0x30 e:/matlabaddons/toolboxes/nxp_mbdtoolbox_s32k3/tools/build_tools/gcc_v10.2/gcc-10.2-arm32-eabi/bin/../lib/gcc/arm-none-eabi/10.2.0/thumb/v7e-m+fp/hard\libgcc.a(_aeabi_uldivmod.o)
                0x00402da0                __aeabi_uldivmod
 .text          0x00402dd0      0x2d8 e:/matlabaddons/toolboxes/nxp_mbdtoolbox_s32k3/tools/build_tools/gcc_v10.2/gcc-10.2-arm32-eabi/bin/../lib/gcc/arm-none-eabi/10.2.0/thumb/v7e-m+fp/hard\libgcc.a(_udivmoddi4.o)
                0x00402dd0                __udivmoddi4
 .text          0x004030a8        0x4 e:/matlabaddons/toolboxes/nxp_mbdtoolbox_s32k3/tools/build_tools/gcc_v10.2/gcc-10.2-arm32-eabi/bin/../lib/gcc/arm-none-eabi/10.2.0/thumb/v7e-m+fp/hard\libgcc.a(_dvmd_tls.o)
                0x004030a8                __aeabi_idiv0
                0x004030a8                __aeabi_ldiv0
 .text          0x004030ac       0x10 e:/matlabaddons/toolboxes/nxp_mbdtoolbox_s32k3/tools/build_tools/gcc_v10.2/gcc-10.2-arm32-eabi/bin/../lib/gcc/arm-none-eabi/10.2.0/../../../../arm-none-eabi/lib/thumb/v7e-m+fp/hard\libc_nano.a(lib_a-strlen.o)
                0x004030ac                strlen
 *fill*         0x004030bc        0x4 
 .text          0x004030c0       0xa0 e:/matlabaddons/toolboxes/nxp_mbdtoolbox_s32k3/tools/build_tools/gcc_v10.2/gcc-10.2-arm32-eabi/bin/../lib/gcc/arm-none-eabi/10.2.0/../../../../arm-none-eabi/lib/thumb/v7e-m+fp/hard\libc_nano.a(lib_a-memchr.o)
                0x004030c0                memchr
 *(.text*)
 .text.MBDT_Uart_Callback
                0x00403160       0x10 RBCM_Model.o
                0x00403160                MBDT_Uart_Callback
 .text.Adc_Adc0Group1Notification
                0x00403170       0x84 RBCM_Model.o
                0x00403170                Adc_Adc0Group1Notification
 .text.Adc_Adc1Group1Notification
                0x004031f4       0x74 RBCM_Model.o
                0x004031f4                Adc_Adc1Group1Notification
 .text.Adc_Adc2Group1Notification
                0x00403268       0x84 RBCM_Model.o
                0x00403268                Adc_Adc2Group1Notification
 .text.rt_roundd_snf
                0x004032ec       0x84 RBCM_Model.o
                0x004032ec                rt_roundd_snf
 .text.RBCM_Model_u_o
                0x00403370      0x1e4 RBCM_Model.o
                0x00403370                RBCM_Model_u_o
 *fill*         0x00403554        0x4 
 .text.RBCM_Model_u0
                0x00403558      0x1e4 RBCM_Model.o
                0x00403558                RBCM_Model_u0
 .text.RBCM_Model_Subsystem6
                0x0040373c      0x140 RBCM_Model.o
                0x0040373c                RBCM_Model_Subsystem6
 .text.RBCM_Model_u_p_Init
                0x0040387c       0x80 RBCM_Model.o
                0x0040387c                RBCM_Model_u_p_Init
 .text.RBCM_Model_u_k4
                0x004038fc      0x154 RBCM_Model.o
                0x004038fc                RBCM_Model_u_k4
 .text.CanIf_RxIndication
                0x00403a50       0x50 RBCM_Model.o
                0x00403a50                CanIf_RxIndication
 .text.RBCM_Model_step
                0x00403aa0     0x1604 RBCM_Model.o
                0x00403aa0                RBCM_Model_step
 .text.RBCM_Model_initialize
                0x004050a4      0x38c RBCM_Model.o
                0x004050a4                RBCM_Model_initialize
 .text.RBCM_Model_terminate
                0x00405430        0x4 RBCM_Model.o
                0x00405430                RBCM_Model_terminate
 *fill*         0x00405434        0x4 
 .text.rtGetInf
                0x00405438       0x10 rtGetInf.o
                0x00405438                rtGetInf
 .text.rtGetInfF
                0x00405448        0xc rtGetInf.o
                0x00405448                rtGetInfF
 *fill*         0x00405454        0x4 
 .text.rtGetMinusInf
                0x00405458       0x10 rtGetInf.o
                0x00405458                rtGetMinusInf
 .text.rtGetMinusInfF
                0x00405468        0xc rtGetInf.o
                0x00405468                rtGetMinusInfF
 *fill*         0x00405474        0x4 
 .text.rtGetNaN
                0x00405478       0x10 rtGetNaN.o
                0x00405478                rtGetNaN
 .text.rtGetNaNF
                0x00405488        0xc rtGetNaN.o
                0x00405488                rtGetNaNF
 .text.rt_InitInfAndNaN
                0x00405494       0x58 rt_nonfinite.o
                0x00405494                rt_InitInfAndNaN
 .text.rtIsInfF
                0x004054ec       0x34 rt_nonfinite.o
                0x004054ec                rtIsInfF
 .text.rtIsNaNF
                0x00405520       0x28 rt_nonfinite.o
                0x00405520                rtIsNaNF
 .text.FMSTR_InitPipes
                0x00405548       0x10 freemaster_pipes.o
                0x00405548                FMSTR_InitPipes
 .text.FMSTR_GetPipe
                0x00405558       0x74 freemaster_pipes.o
                0x00405558                FMSTR_GetPipe
 .text.FMSTR_PipeFrame
                0x004055cc      0x1f4 freemaster_pipes.o
                0x004055cc                FMSTR_PipeFrame
 .text.FMSTR_Init
                0x004057c0       0x40 freemaster_protocol.o
                0x004057c0                FMSTR_Init
 .text.FMSTR_Poll
                0x00405800        0xc freemaster_protocol.o
                0x00405800                FMSTR_Poll
 .text._FMSTR_GetBoardConfig
                0x0040580c      0x108 freemaster_protocol.o
                0x0040580c                _FMSTR_GetBoardConfig
 .text._FMSTR_WriteMem
                0x00405914       0x40 freemaster_protocol.o
                0x00405914                _FMSTR_WriteMem
 .text.FMSTR_ProtocolDecoder
                0x00405954      0x144 freemaster_protocol.o
                0x00405954                FMSTR_ProtocolDecoder
 .text._FMSTR_S32K3XX_Init
                0x00405a98       0x10 freemaster_s32k3xx_lpuart.o
 .text._FMSTR_S32K3XX_IsTransmitRegEmpty
                0x00405aa8       0x10 freemaster_s32k3xx_lpuart.o
 .text._FMSTR_S32K3XX_IsReceiveRegFull
                0x00405ab8       0x20 freemaster_s32k3xx_lpuart.o
 .text._FMSTR_S32K3XX_IsTransmitterActive
                0x00405ad8       0x14 freemaster_s32k3xx_lpuart.o
 .text._FMSTR_S32K3XX_PutChar
                0x00405aec        0xc freemaster_s32k3xx_lpuart.o
 .text._FMSTR_S32K3XX_GetChar
                0x00405af8       0x10 freemaster_s32k3xx_lpuart.o
 .text._FMSTR_S32K3XX_Flush
                0x00405b08        0x4 freemaster_s32k3xx_lpuart.o
 .text._FMSTR_S32K3XX_EnableTransmit
                0x00405b0c       0x1c freemaster_s32k3xx_lpuart.o
 .text._FMSTR_S32K3XX_EnableReceive
                0x00405b28       0x1c freemaster_s32k3xx_lpuart.o
 .text._FMSTR_S32K3XX_EnableTransmitInterrupt
                0x00405b44       0x1c freemaster_s32k3xx_lpuart.o
 .text._FMSTR_S32K3XX_EnableTransmitCompleteInterrupt
                0x00405b60       0x1c freemaster_s32k3xx_lpuart.o
 .text._FMSTR_S32K3XX_EnableReceiveInterrupt
                0x00405b7c       0x1c freemaster_s32k3xx_lpuart.o
 .text.FMSTR_SerialIsr
                0x00405b98        0x4 freemaster_s32k3xx_lpuart.o
                0x00405b98                FMSTR_SerialIsr
 .text.FMSTR_InitScope
                0x00405b9c       0x14 freemaster_scope.o
                0x00405b9c                FMSTR_InitScope
 .text.FMSTR_SetScope
                0x00405bb0       0xe4 freemaster_scope.o
                0x00405bb0                FMSTR_SetScope
 .text.FMSTR_ReadScope
                0x00405c94       0x70 freemaster_scope.o
                0x00405c94                FMSTR_ReadScope
 .text._FMSTR_Listen
                0x00405d04       0x4c freemaster_serial.o
 .text._FMSTR_SerialSendResponse
                0x00405d50       0xcc freemaster_serial.o
 .text._FMSTR_SerialInit
                0x00405e1c       0x74 freemaster_serial.o
 .text._FMSTR_SerialPoll
                0x00405e90      0x168 freemaster_serial.o
 .text.FMSTR_ProcessSerial
                0x00405ff8       0xb8 freemaster_serial.o
                0x00405ff8                FMSTR_ProcessSerial
 .text.FMSTR_LebDecode
                0x004060b0       0x90 freemaster_utils.o
 .text.FMSTR_MemCpyFrom
                0x00406140       0xb0 freemaster_utils.o
                0x00406140                FMSTR_MemCpyFrom
 .text.FMSTR_MemCpyTo
                0x004061f0       0xc0 freemaster_utils.o
                0x004061f0                FMSTR_MemCpyTo
 .text.FMSTR_MemCpyToMasked
                0x004062b0      0x158 freemaster_utils.o
                0x004062b0                FMSTR_MemCpyToMasked
 .text.FMSTR_CopyToBuffer
                0x00406408       0x10 freemaster_utils.o
                0x00406408                FMSTR_CopyToBuffer
 .text.FMSTR_CopyFromBuffer
                0x00406418       0x10 freemaster_utils.o
                0x00406418                FMSTR_CopyFromBuffer
 .text.FMSTR_CopyFromBufferWithMask
                0x00406428        0xc freemaster_utils.o
                0x00406428                FMSTR_CopyFromBufferWithMask
 .text.FMSTR_AddressFromBuffer
                0x00406434       0x64 freemaster_utils.o
                0x00406434                FMSTR_AddressFromBuffer
 .text.FMSTR_SizeFromBuffer
                0x00406498       0x64 freemaster_utils.o
                0x00406498                FMSTR_SizeFromBuffer
 .text.FMSTR_IndexFromBuffer
                0x004064fc       0x10 freemaster_utils.o
                0x004064fc                FMSTR_IndexFromBuffer
 .text.FMSTR_UlebEncode
                0x0040650c       0xb0 freemaster_utils.o
                0x0040650c                FMSTR_UlebEncode
 .text.FMSTR_SizeToBuffer
                0x004065bc       0x18 freemaster_utils.o
                0x004065bc                FMSTR_SizeToBuffer
 .text.FMSTR_StringFromBuffer
                0x004065d4       0x4c freemaster_utils.o
                0x004065d4                FMSTR_StringFromBuffer
 .text.FMSTR_StringCopyToBuffer
                0x00406620       0x18 freemaster_utils.o
                0x00406620                FMSTR_StringCopyToBuffer
 .text.FMSTR_Crc8Init
                0x00406638        0x8 freemaster_utils.o
                0x00406638                FMSTR_Crc8Init
 .text.FMSTR_Crc8AddByte
                0x00406640       0x1c freemaster_utils.o
                0x00406640                FMSTR_Crc8AddByte
 .text._FMSTR_RingBuffCreate
                0x0040665c        0xc freemaster_utils.o
                0x0040665c                _FMSTR_RingBuffCreate
 .text._FMSTR_RingBuffPut
                0x00406668       0x20 freemaster_utils.o
                0x00406668                _FMSTR_RingBuffPut
 .text._FMSTR_RingBuffGet
                0x00406688       0x28 freemaster_utils.o
                0x00406688                _FMSTR_RingBuffGet
 .text._FMSTR_RingBuffHasData
                0x004066b0        0xc freemaster_utils.o
                0x004066b0                _FMSTR_RingBuffHasData
 .text._FMSTR_StrCmp
                0x004066bc       0x2c freemaster_utils.o
                0x004066bc                _FMSTR_StrCmp
 .text._FMSTR_StrLen
                0x004066e8       0x18 freemaster_utils.o
                0x004066e8                _FMSTR_StrLen
 .text._FMSTR_MemSet
                0x00406700        0x8 freemaster_utils.o
                0x00406700                _FMSTR_MemSet
 .text.Gpt_PitNotification
                0x00406708        0x4 mbdt_board_init.o
                0x00406708                Gpt_PitNotification
 .text.Adc_Adc0Group0Notification
                0x0040670c        0x4 mbdt_board_init.o
                0x0040670c                Adc_Adc0Group0Notification
 .text.Adc_Adc1Group0Notification
                0x00406710        0x4 mbdt_board_init.o
                0x00406710                Adc_Adc1Group0Notification
 .text.Adc_Adc2Group0Notification
                0x00406714        0x4 mbdt_board_init.o
                0x00406714                Adc_Adc2Group0Notification
 .text.Adc0_CtuNewDataNotification
                0x00406718        0x4 mbdt_board_init.o
                0x00406718                Adc0_CtuNewDataNotification
 .text.Adc1_CtuNewDataNotification
                0x0040671c        0x4 mbdt_board_init.o
                0x0040671c                Adc1_CtuNewDataNotification
 .text.Adc0_CtuDataOverrunNotification
                0x00406720        0x4 mbdt_board_init.o
                0x00406720                Adc0_CtuDataOverrunNotification
 .text.Adc1_CtuDataOverrunNotification
                0x00406724        0x4 mbdt_board_init.o
                0x00406724                Adc1_CtuDataOverrunNotification
 .text.Adc0_CtuListLastNotification
                0x00406728        0x4 mbdt_board_init.o
                0x00406728                Adc0_CtuListLastNotification
 .text.Adc1_ListLastNotification
                0x0040672c        0x4 mbdt_board_init.o
                0x0040672c                Adc1_ListLastNotification
 .text.CanIf_ControllerBusOff
                0x00406730        0x4 mbdt_board_init.o
                0x00406730                CanIf_ControllerBusOff
 .text.CanIf_ControllerModeIndication
                0x00406734        0x4 mbdt_board_init.o
                0x00406734                CanIf_ControllerModeIndication
 .text.CanIf_TxConfirmation
                0x00406738        0x4 mbdt_board_init.o
                0x00406738                CanIf_TxConfirmation
 .text.MBDT_FlexCAN0_FifoOverflowNotif
                0x0040673c        0x4 mbdt_board_init.o
                0x0040673c                MBDT_FlexCAN0_FifoOverflowNotif
 .text.MBDT_SPI_end_sequence1_callback
                0x00406740        0x4 mbdt_board_init.o
                0x00406740                MBDT_SPI_end_sequence1_callback
 .text.MBDT_SPI_end_job0_callback
                0x00406744        0x4 mbdt_board_init.o
                0x00406744                MBDT_SPI_end_job0_callback
 .text.MBDT_DmaCh0_Callback
                0x00406748        0x4 mbdt_board_init.o
                0x00406748                MBDT_DmaCh0_Callback
 .text.PwmChannel_0_Callback
                0x0040674c        0x4 mbdt_board_init.o
                0x0040674c                PwmChannel_0_Callback
 .text.PwmChannel_1_Callback
                0x00406750        0x4 mbdt_board_init.o
                0x00406750                PwmChannel_1_Callback
 .text.PwmChannel_2_Callback
                0x00406754        0x4 mbdt_board_init.o
                0x00406754                PwmChannel_2_Callback
 .text.PwmChannel_3_Callback
                0x00406758        0x4 mbdt_board_init.o
                0x00406758                PwmChannel_3_Callback
 .text.PwmChannel_4_Callback
                0x0040675c        0x4 mbdt_board_init.o
                0x0040675c                PwmChannel_4_Callback
 .text.PwmChannel_5_Callback
                0x00406760        0x4 mbdt_board_init.o
                0x00406760                PwmChannel_5_Callback
 .text.PwmChannel_6_Callback
                0x00406764        0x4 mbdt_board_init.o
                0x00406764                PwmChannel_6_Callback
 .text.PwmChannel_7_Callback
                0x00406768        0x4 mbdt_board_init.o
                0x00406768                PwmChannel_7_Callback
 .text.PwmChannel_8_Callback
                0x0040676c        0x4 mbdt_board_init.o
                0x0040676c                PwmChannel_8_Callback
 .text.MBDT_ICU_OverflowNotif
                0x00406770        0x4 mbdt_board_init.o
                0x00406770                MBDT_ICU_OverflowNotif
 .text.MBDT_USER_SW0_callback
                0x00406774        0x4 mbdt_board_init.o
                0x00406774                MBDT_USER_SW0_callback
 .text.MBDT_ICU_Timestamp_Callback
                0x00406778        0x4 mbdt_board_init.o
                0x00406778                MBDT_ICU_Timestamp_Callback
 .text.MBDT_I2c_Callback
                0x0040677c        0x4 mbdt_board_init.o
                0x0040677c                MBDT_I2c_Callback
 .text.MBDT_Mem_AccessCode_Callback
                0x00406780        0x4 mbdt_board_init.o
                0x00406780                MBDT_Mem_AccessCode_Callback
 .text.MBDT_Mem_StartFlashAccess_Notification
                0x00406784        0x4 mbdt_board_init.o
                0x00406784                MBDT_Mem_StartFlashAccess_Notification
 .text.MBDT_Mem_FinishedFlashAccess_Notification
                0x00406788        0x4 mbdt_board_init.o
                0x00406788                MBDT_Mem_FinishedFlashAccess_Notification
 .text.MBDT_Fee_NvmJobEnd_Notification
                0x0040678c        0x4 mbdt_board_init.o
                0x0040678c                MBDT_Fee_NvmJobEnd_Notification
 .text.MBDT_Fee_NvmJobError_Notification
                0x00406790        0x4 mbdt_board_init.o
                0x00406790                MBDT_Fee_NvmJobError_Notification
 .text.MBDT_Fee_ClusterFormatDuringInit_Notification
                0x00406794        0x4 mbdt_board_init.o
                0x00406794                MBDT_Fee_ClusterFormatDuringInit_Notification
 .text.LinIf_HeaderIndication
                0x00406798        0x4 mbdt_board_init.o
                0x00406798                LinIf_HeaderIndication
 .text.LinIf_RxIndication
                0x0040679c        0x4 mbdt_board_init.o
                0x0040679c                LinIf_RxIndication
 .text.LinIf_TxConfirmation
                0x004067a0        0x4 mbdt_board_init.o
                0x004067a0                LinIf_TxConfirmation
 .text.LinIf_LinErrorIndication
                0x004067a4        0x4 mbdt_board_init.o
                0x004067a4                LinIf_LinErrorIndication
 .text.board_init
                0x004067a8       0xcc mbdt_board_init.o
                0x004067a8                board_init
 .text.LPUART_Uart_SetBaudRate
                0x00406874       0xe0 mbdt_lpuart.o
                0x00406874                LPUART_Uart_SetBaudRate
 .text.MBDT_Step_Handler
                0x00406954       0x28 s32k3_trigger_config.o
                0x00406954                MBDT_Step_Handler
 .text.s32k3_trigger_config
                0x0040697c       0x4c s32k3_trigger_config.o
                0x0040697c                s32k3_trigger_config
 .text.NMI_Handler
                0x004069c8        0x4 exceptions.o
                0x004069c8                NMI_Handler
 .text.HardFault_Handler
                0x004069cc        0x4 exceptions.o
                0x004069cc                HardFault_Handler
 .text.MemManage_Handler
                0x004069d0        0x4 exceptions.o
                0x004069d0                MemManage_Handler
 .text.BusFault_Handler
                0x004069d4        0x4 exceptions.o
                0x004069d4                BusFault_Handler
 .text.UsageFault_Handler
                0x004069d8        0x4 exceptions.o
                0x004069d8                UsageFault_Handler
 .text.SVC_Handler
                0x004069dc        0x4 exceptions.o
                0x004069dc                SVC_Handler
 .text.DebugMon_Handler
                0x004069e0        0x4 exceptions.o
                0x004069e0                DebugMon_Handler
 .text.PendSV_Handler
                0x004069e4        0x4 exceptions.o
                0x004069e4                PendSV_Handler
 .text.SysTick_Handler
                0x004069e8        0x4 exceptions.o
                0x004069e8                SysTick_Handler
 .text.undefined_handler
                0x004069ec        0x4 exceptions.o
                0x004069ec                undefined_handler
 .text.NVIC_EnableIRQ
                0x004069f0       0x18 nvic.o
                0x004069f0                NVIC_EnableIRQ
 .text.NVIC_DisableIRQ
                0x00406a08       0x18 nvic.o
                0x00406a08                NVIC_DisableIRQ
 .text.NVIC_SetPriority
                0x00406a20       0x10 nvic.o
                0x00406a20                NVIC_SetPriority
 .text.init_data_bss
                0x00406a30       0x9c startup.o
                0x00406a30                init_data_bss
 .text.init_data_bss_core2
                0x00406acc       0x74 startup.o
                0x00406acc                init_data_bss_core2
 .text.sys_disableIsrSource
                0x00406b40        0x4 sys_init.o
                0x00406b40                sys_disableIsrSource
 .text.sys_enableIsrSource
                0x00406b44       0x14 sys_init.o
                0x00406b44                sys_enableIsrSource
 .text.sys_registerIsrHandler
                0x00406b58       0x14 sys_init.o
                0x00406b58                sys_registerIsrHandler
 .text.startup_go_to_user_mode
                0x00406b6c        0x4 system.o
                0x00406b6c                startup_go_to_user_mode
 .text.Sys_GetCoreID
                0x00406b70       0x10 system.o
                0x00406b70                Sys_GetCoreID
 .text.SystemInit
                0x00406b80      0x318 system.o
                0x00406b80                SystemInit
 .text.Enable_FPU
                0x00406e98       0x1c system.o
                0x00406e98                Enable_FPU
 .text.Adc_Init
                0x00406eb4      0x12c Adc.o
                0x00406eb4                Adc_Init
 .text.Adc_SetupResultBuffer
                0x00406fe0       0xb8 Adc.o
                0x00406fe0                Adc_SetupResultBuffer
 .text.Adc_StartGroupConversion
                0x00407098      0x198 Adc.o
                0x00407098                Adc_StartGroupConversion
 .text.Adc_EnableGroupNotification
                0x00407230       0xa8 Adc.o
                0x00407230                Adc_EnableGroupNotification
 .text.Adc_GetStreamLastPointer
                0x004072d8      0x188 Adc.o
                0x004072d8                Adc_GetStreamLastPointer
 .text.Adc_Ipw_RemoveFromQueue
                0x00407460       0x60 Adc_Ipw.o
                0x00407460                Adc_Ipw_RemoveFromQueue
 .text.Adc_Ipw_GetCmrRegister
                0x004074c0       0x64 Adc_Ipw.o
                0x004074c0                Adc_Ipw_GetCmrRegister
 .text.Adc_Ipw_ClearValidBit
                0x00407524       0x60 Adc_Ipw.o
                0x00407524                Adc_Ipw_ClearValidBit
 .text.Adc_Ipw_Init
                0x00407584       0x80 Adc_Ipw.o
                0x00407584                Adc_Ipw_Init
 .text.Adc_Ipw_StartNormalConversion
                0x00407604       0xb8 Adc_Ipw.o
                0x00407604                Adc_Ipw_StartNormalConversion
 .text.Adc_Ipw_CheckConversionValuesInRange
                0x004076bc       0xa4 Adc_Ipw.o
                0x004076bc                Adc_Ipw_CheckConversionValuesInRange
 .text.Adc_GetUserID
                0x00407760        0x4 Adc_Ipw.o
                0x00407760                Adc_GetUserID
 .text.Adc_Ipw_RecordResult
                0x00407764      0x170 Adc_Ipw_Irq.o
 .text.Adc_Ipw_UpdateGroupState.constprop.0
                0x004078d4      0x1cc Adc_Ipw_Irq.o
 .text.Adc_Ipw_Adc0EndNormalChainNotification
                0x00407aa0       0xc8 Adc_Ipw_Irq.o
                0x00407aa0                Adc_Ipw_Adc0EndNormalChainNotification
 .text.Adc_Ipw_Adc1EndNormalChainNotification
                0x00407b68       0xc8 Adc_Ipw_Irq.o
                0x00407b68                Adc_Ipw_Adc1EndNormalChainNotification
 .text.Adc_Ipw_Adc2EndNormalChainNotification
                0x00407c30       0xc8 Adc_Ipw_Irq.o
                0x00407c30                Adc_Ipw_Adc2EndNormalChainNotification
 .text.Adc_Sar_Ip_IRQHandler
                0x00407cf8      0x16c Adc_Sar_Ip.o
                0x00407cf8                Adc_Sar_Ip_IRQHandler
 .text.Adc_Sar_Ip_ChainConfig
                0x00407e64       0x60 Adc_Sar_Ip.o
                0x00407e64                Adc_Sar_Ip_ChainConfig
 .text.Adc_Sar_Ip_StartConversion
                0x00407ec4       0x38 Adc_Sar_Ip.o
                0x00407ec4                Adc_Sar_Ip_StartConversion
 .text.Adc_Sar_Ip_ClearStatusFlags
                0x00407efc       0x24 Adc_Sar_Ip.o
                0x00407efc                Adc_Sar_Ip_ClearStatusFlags
 .text.Adc_Sar_Ip_GetConvData
                0x00407f20       0xa8 Adc_Sar_Ip.o
                0x00407f20                Adc_Sar_Ip_GetConvData
 .text.Adc_Sar_Ip_GetConvResult
                0x00407fc8       0xc4 Adc_Sar_Ip.o
                0x00407fc8                Adc_Sar_Ip_GetConvResult
 .text.Adc_Sar_Ip_Powerup
                0x0040808c       0x64 Adc_Sar_Ip.o
                0x0040808c                Adc_Sar_Ip_Powerup
 .text.Adc_Sar_Ip_Powerdown
                0x004080f0       0x68 Adc_Sar_Ip.o
                0x004080f0                Adc_Sar_Ip_Powerdown
 .text.Adc_Sar_Ip_EnableNotifications
                0x00408158       0x38 Adc_Sar_Ip.o
                0x00408158                Adc_Sar_Ip_EnableNotifications
 .text.Adc_Sar_Ip_DisableNotifications
                0x00408190       0x28 Adc_Sar_Ip.o
                0x00408190                Adc_Sar_Ip_DisableNotifications
 .text.Adc_Sar_Ip_SetSampleTimes
                0x004081b8       0x34 Adc_Sar_Ip.o
                0x004081b8                Adc_Sar_Ip_SetSampleTimes
 .text.Adc_Sar_Ip_SetAveraging
                0x004081ec       0x3c Adc_Sar_Ip.o
                0x004081ec                Adc_Sar_Ip_SetAveraging
 .text.Adc_Sar_Ip_AbortChain
                0x00408228       0x74 Adc_Sar_Ip.o
                0x00408228                Adc_Sar_Ip_AbortChain
 .text.Adc_Sar_Ip_SetWdgThreshold
                0x0040829c       0xb8 Adc_Sar_Ip.o
                0x0040829c                Adc_Sar_Ip_SetWdgThreshold
 .text.Adc_Sar_Ip_Init
                0x00408354      0x468 Adc_Sar_Ip.o
                0x00408354                Adc_Sar_Ip_Init
 .text.Adc_Sar_Ip_SetConversionMode
                0x004087bc       0x38 Adc_Sar_Ip.o
                0x004087bc                Adc_Sar_Ip_SetConversionMode
 .text.Adc_Sar_0_Isr
                0x004087f4        0x8 Adc_Sar_Ip_Irq.o
                0x004087f4                Adc_Sar_0_Isr
 .text.Adc_Sar_1_Isr
                0x004087fc        0x8 Adc_Sar_Ip_Irq.o
                0x004087fc                Adc_Sar_1_Isr
 .text.Adc_Sar_2_Isr
                0x00408804        0x8 Adc_Sar_Ip_Irq.o
                0x00408804                Adc_Sar_2_Isr
 .text.Bctu_Ip_IRQHandler
                0x0040880c      0x180 Bctu_Ip.o
                0x0040880c                Bctu_Ip_IRQHandler
 .text.Bctu_0_Isr
                0x0040898c        0x8 Bctu_Ip_Irq.o
                0x0040898c                Bctu_0_Isr
 .text.C40_Ip_ClearPreviousRead
                0x00408994       0x44 C40_Ip.o
 .text.C40_Ip_CheckReadCompareStatus
                0x004089d8       0xa8 C40_Ip.o
 .text.C40_Ip_CheckLockDomainID_CheckRegister
                0x00408a80       0x8c C40_Ip.o
                0x00408a80                C40_Ip_CheckLockDomainID_CheckRegister
 .text.C40_Ip_CheckLockDomainID
                0x00408b0c       0x58 C40_Ip.o
 .text.C40_Ip_SetAsyncMode
                0x00408b64        0xc C40_Ip.o
                0x00408b64                C40_Ip_SetAsyncMode
 .text.C40_Ip_GetSectorNumberFromAddress
                0x00408b70       0x54 C40_Ip.o
                0x00408b70                C40_Ip_GetSectorNumberFromAddress
 .text.C40_Ip_GetBlockNumberFromAddress
                0x00408bc4       0x4c C40_Ip.o
                0x00408bc4                C40_Ip_GetBlockNumberFromAddress
 .text.C40_Ip_SetLockProtect
                0x00408c10       0x80 C40_Ip.o
                0x00408c10                C40_Ip_SetLockProtect
 .text.C40_Ip_GetLockProtect
                0x00408c90       0x9c C40_Ip.o
                0x00408c90                C40_Ip_GetLockProtect
 .text.C40_Ip_SetLock
                0x00408d2c       0x38 C40_Ip.o
                0x00408d2c                C40_Ip_SetLock
 .text.C40_Ip_ClearLockProtect
                0x00408d64       0x60 C40_Ip.o
                0x00408d64                C40_Ip_ClearLockProtect
 .text.C40_Ip_ClearLock
                0x00408dc4       0x40 C40_Ip.o
                0x00408dc4                C40_Ip_ClearLock
 .text.C40_Ip_Init
                0x00408e04       0x74 C40_Ip.o
                0x00408e04                C40_Ip_Init
 .text.C40_Ip_Abort
                0x00408e78       0x2c C40_Ip.o
                0x00408e78                C40_Ip_Abort
 .text.C40_Ip_MainInterfaceSectorErase
                0x00408ea4       0xd8 C40_Ip.o
                0x00408ea4                C40_Ip_MainInterfaceSectorErase
 .text.C40_Ip_Read
                0x00408f7c      0x128 C40_Ip.o
                0x00408f7c                C40_Ip_Read
 .text.C40_Ip_Compare
                0x004090a4      0x1b0 C40_Ip.o
                0x004090a4                C40_Ip_Compare
 .text.C40_Ip_MainInterfaceSectorEraseStatus
                0x00409254       0x74 C40_Ip.o
                0x00409254                C40_Ip_MainInterfaceSectorEraseStatus
 .text.C40_Ip_MainInterfaceWrite
                0x004092c8      0x270 C40_Ip.o
                0x004092c8                C40_Ip_MainInterfaceWrite
 .text.C40_Ip_MainInterfaceWriteStatus
                0x00409538       0x80 C40_Ip.o
                0x00409538                C40_Ip_MainInterfaceWriteStatus
 .text.I2c_Init
                0x004095b8       0xa4 CDD_I2c.o
                0x004095b8                I2c_Init
 .text.I2c_Ipw_SlaveCallback
                0x0040965c       0x20 CDD_I2c_Ipw.o
 .text.I2c_Ipw_MasterCallback
                0x0040967c        0x4 CDD_I2c_Ipw.o
 .text.I2c_Ipw_FlexioI2cMasterCallback
                0x00409680        0x4 CDD_I2c_Ipw.o
 .text.I2c_Ipw_InitChannel
                0x00409684       0x6c CDD_I2c_Ipw.o
                0x00409684                I2c_Ipw_InitChannel
 .text.Mcl_Init
                0x004096f0       0xe4 CDD_Mcl.o
                0x004096f0                Mcl_Init
 .text.Rm_Init  0x004097d4       0x40 CDD_Rm.o
                0x004097d4                Rm_Init
 .text.Rm_Ipw_Dma_Mux_Init
                0x00409814        0x8 CDD_Rm_Ipw.o
                0x00409814                Rm_Ipw_Dma_Mux_Init
 .text.Uart_Init
                0x0040981c       0x78 CDD_Uart.o
                0x0040981c                Uart_Init
 .text.Uart_AsyncReceive
                0x00409894       0x7c CDD_Uart.o
                0x00409894                Uart_AsyncReceive
 .text.Uart_AsyncSend
                0x00409910       0x7c CDD_Uart.o
                0x00409910                Uart_AsyncSend
 .text.Cache_Ip_InvalidateByAddr
                0x0040998c       0x38 Cache_Ip.o
                0x0040998c                Cache_Ip_InvalidateByAddr
 .text.Cache_Ip_CleanByAddr
                0x004099c4       0x3c Cache_Ip.o
                0x004099c4                Cache_Ip_CleanByAddr
 .text.hwAcc_ArmCoreMx_InstructionCacheInvalidateByAddr
                0x00409a00       0x34 Cache_Ip_HwAcc_ArmCoreMx.o
                0x00409a00                hwAcc_ArmCoreMx_InstructionCacheInvalidateByAddr
 .text.hwAcc_ArmCoreMx_DataCacheInvalidateByAddr
                0x00409a34       0x44 Cache_Ip_HwAcc_ArmCoreMx.o
                0x00409a34                hwAcc_ArmCoreMx_DataCacheInvalidateByAddr
 .text.hwAcc_ArmCoreMx_InstructionCacheCleanByAddr
                0x00409a78       0x3c Cache_Ip_HwAcc_ArmCoreMx.o
                0x00409a78                hwAcc_ArmCoreMx_InstructionCacheCleanByAddr
 .text.hwAcc_ArmCoreMx_DataCacheCleanByAddr
                0x00409ab4       0x64 Cache_Ip_HwAcc_ArmCoreMx.o
                0x00409ab4                hwAcc_ArmCoreMx_DataCacheCleanByAddr
 .text.Can_43_FLEXCAN_Init
                0x00409b18       0x94 Can_43_FLEXCAN.o
                0x00409b18                Can_43_FLEXCAN_Init
 .text.Can_43_FLEXCAN_SetControllerMode
                0x00409bac       0xa4 Can_43_FLEXCAN.o
                0x00409bac                Can_43_FLEXCAN_SetControllerMode
 .text.Can_43_FLEXCAN_DisableControllerInterrupts
                0x00409c50       0x54 Can_43_FLEXCAN.o
                0x00409c50                Can_43_FLEXCAN_DisableControllerInterrupts
 .text.Can_43_FLEXCAN_EnableControllerInterrupts
                0x00409ca4       0x60 Can_43_FLEXCAN.o
                0x00409ca4                Can_43_FLEXCAN_EnableControllerInterrupts
 .text.Can_43_FLEXCAN_Write
                0x00409d04       0xd4 Can_43_FLEXCAN.o
                0x00409d04                Can_43_FLEXCAN_Write
 .text.Can_43_FLEXCAN_ProcessMesgBufferCommonInterrupt
                0x00409dd8       0x2c Can_43_FLEXCAN.o
                0x00409dd8                Can_43_FLEXCAN_ProcessMesgBufferCommonInterrupt
 .text.Can_43_FLEXCAN_ProcessBusOffInterrupt
                0x00409e04       0x38 Can_43_FLEXCAN.o
                0x00409e04                Can_43_FLEXCAN_ProcessBusOffInterrupt
 .text.Can_Ipw_InitLegacyFifoFilter
                0x00409e3c      0x144 Can_43_FLEXCAN_Ipw.o
 .text.Can_Ipw_InitEnhancedFifoFilter
                0x00409f80       0x88 Can_43_FLEXCAN_Ipw.o
 .text.Can_Ipw_InitRx
                0x0040a008       0x8c Can_43_FLEXCAN_Ipw.o
 .text.Can_Ipw_ParseData
                0x0040a094       0x78 Can_43_FLEXCAN_Ipw.o
 .text.Can_43_FLEXCAN_Ipw_Init
                0x0040a10c      0x10c Can_43_FLEXCAN_Ipw.o
                0x0040a10c                Can_43_FLEXCAN_Ipw_Init
 .text.Can_43_FLEXCAN_Ipw_SetControllerToStartMode
                0x0040a218      0x12c Can_43_FLEXCAN_Ipw.o
                0x0040a218                Can_43_FLEXCAN_Ipw_SetControllerToStartMode
 .text.Can_43_FLEXCAN_Ipw_SetControllerToStopMode
                0x0040a344       0x80 Can_43_FLEXCAN_Ipw.o
                0x0040a344                Can_43_FLEXCAN_Ipw_SetControllerToStopMode
 .text.Can_43_FLEXCAN_Ipw_DisableControllerInterrupts
                0x0040a3c4       0x24 Can_43_FLEXCAN_Ipw.o
                0x0040a3c4                Can_43_FLEXCAN_Ipw_DisableControllerInterrupts
 .text.Can_43_FLEXCAN_Ipw_EnableControllerInterrupts
                0x0040a3e8       0x20 Can_43_FLEXCAN_Ipw.o
                0x0040a3e8                Can_43_FLEXCAN_Ipw_EnableControllerInterrupts
 .text.Can_43_FLEXCAN_Ipw_Write
                0x0040a408       0xc4 Can_43_FLEXCAN_Ipw.o
                0x0040a408                Can_43_FLEXCAN_Ipw_Write
 .text.Can_43_FLEXCAN_Ipw_ProcessHwObject
                0x0040a4cc      0x160 Can_43_FLEXCAN_Ipw.o
                0x0040a4cc                Can_43_FLEXCAN_Ipw_ProcessHwObject
 .text.Can_43_FLEXCAN_CommonIrqCallback
                0x0040a62c       0x84 Can_43_FLEXCAN_Irq.o
                0x0040a62c                Can_43_FLEXCAN_CommonIrqCallback
 .text.Can_43_FLEXCAN_ErrorIrqCallback
                0x0040a6b0        0xc Can_43_FLEXCAN_Irq.o
                0x0040a6b0                Can_43_FLEXCAN_ErrorIrqCallback
 .text.Clock_Ip_NotificatonsEmptyCallback
                0x0040a6bc        0x4 Clock_Ip.o
 .text.Clock_Ip_DistributePll.part.0
                0x0040a6c0       0xf8 Clock_Ip.o
 .text.Clock_Ip_InitClock
                0x0040a7b8      0x5fc Clock_Ip.o
                0x0040a7b8                Clock_Ip_InitClock
 .text.Clock_Ip_GetPllStatus
                0x0040adb4       0x84 Clock_Ip.o
                0x0040adb4                Clock_Ip_GetPllStatus
 .text.Clock_Ip_DistributePll
                0x0040ae38       0x10 Clock_Ip.o
                0x0040ae38                Clock_Ip_DistributePll
 .text.Clock_Ip_GetClockFrequency
                0x0040ae48        0x4 Clock_Ip.o
                0x0040ae48                Clock_Ip_GetClockFrequency
 .text.Clock_Ip_ReportClockErrors
                0x0040ae4c        0xc Clock_Ip.o
                0x0040ae4c                Clock_Ip_ReportClockErrors
 .text.Clock_Ip_StartTimeout
                0x0040ae58       0x24 Clock_Ip.o
                0x0040ae58                Clock_Ip_StartTimeout
 .text.Clock_Ip_TimeoutExpired
                0x0040ae7c       0x1c Clock_Ip.o
                0x0040ae7c                Clock_Ip_TimeoutExpired
 .text.Clock_Ip_Callback_DividerEmpty
                0x0040ae98        0x4 Clock_Ip_Divider.o
 .text.Clock_Ip_SetPllPll0divDeDivOutput
                0x0040ae9c       0x48 Clock_Ip_Divider.o
 .text.Clock_Ip_SetPllPlldvOdiv2Output
                0x0040aee4       0x3c Clock_Ip_Divider.o
 .text.Clock_Ip_SetCgmXDeDivStatWithoutPhaseWaitForHseCore
                0x0040af20       0xdc Clock_Ip_Divider.o
 .text.Clock_Ip_SetCgmXDeDivStatWithoutPhase
                0x0040affc       0x94 Clock_Ip_Divider.o
 .text.Clock_Ip_Callback_DividerTriggerEmpty
                0x0040b090        0x4 Clock_Ip_DividerTrigger.o
 .text.Clock_Ip_ConfigureCgmXDivTrigCtrlTctlHhenUpdStat
                0x0040b094       0x48 Clock_Ip_DividerTrigger.o
 .text.Clock_Ip_TriggerUpdateCgmXDivTrigCtrlTctlHhenUpdStat
                0x0040b0dc       0x68 Clock_Ip_DividerTrigger.o
 .text.Clock_Ip_ExternalOscillatorEmpty
                0x0040b144        0x4 Clock_Ip_ExtOsc.o
 .text.Clock_Ip_EnableFxoscOsconBypEocvGmSel
                0x0040b148       0x2c Clock_Ip_ExtOsc.o
 .text.Clock_Ip_ResetSxoscOsconEocv
                0x0040b174       0x24 Clock_Ip_ExtOsc.o
 .text.Clock_Ip_CompleteSxoscOsconEocv
                0x0040b198       0x6c Clock_Ip_ExtOsc.o
 .text.Clock_Ip_CompleteFxoscOsconBypEocvGmSel
                0x0040b204       0x70 Clock_Ip_ExtOsc.o
 .text.Clock_Ip_SetSxoscOsconEocv
                0x0040b274       0x54 Clock_Ip_ExtOsc.o
 .text.Clock_Ip_SetFxoscOsconBypEocvGmSel
                0x0040b2c8       0x6c Clock_Ip_ExtOsc.o
 .text.Clock_Ip_ResetFxoscOsconBypEocvGmSel
                0x0040b334       0x60 Clock_Ip_ExtOsc.o
 .text.Clock_Ip_EnableSxoscOsconEocv
                0x0040b394        0x4 Clock_Ip_ExtOsc.o
 .text.Clock_Ip_CallbackFracDivEmpty
                0x0040b398        0x4 Clock_Ip_FracDiv.o
 .text.Clock_Ip_CallbackFracDivEmptyComplete
                0x0040b39c        0x4 Clock_Ip_FracDiv.o
 .text.Clock_Ip_Get_Zero_Frequency
                0x0040b3a0        0x8 Clock_Ip_Frequency.o
 .text.Clock_Ip_Get_FIRC_CLK_Frequency
                0x0040b3a8       0x2c Clock_Ip_Frequency.o
 .text.Clock_Ip_Get_FIRC_STANDBY_CLK_Frequency
                0x0040b3d4       0x4c Clock_Ip_Frequency.o
 .text.Clock_Ip_Get_SIRC_CLK_Frequency
                0x0040b420        0x8 Clock_Ip_Frequency.o
 .text.Clock_Ip_Get_SIRC_STANDBY_CLK_Frequency
                0x0040b428       0x20 Clock_Ip_Frequency.o
 .text.Clock_Ip_Get_FXOSC_CLK_Frequency
                0x0040b448       0x40 Clock_Ip_Frequency.o
 .text.Clock_Ip_Get_SXOSC_CLK_Frequency
                0x0040b488       0x40 Clock_Ip_Frequency.o
 .text.Clock_Ip_Get_emac_mii_rx_Frequency
                0x0040b4c8        0xc Clock_Ip_Frequency.o
 .text.Clock_Ip_Get_emac_mii_rmii_tx_Frequency
                0x0040b4d4        0xc Clock_Ip_Frequency.o
 .text.Clock_Ip_Get_CLKOUT_RUN_CLK_Frequency
                0x0040b4e0       0x48 Clock_Ip_Frequency.o
 .text.Clock_Ip_Get_CLKOUT_STANDBY_CLK_Frequency
                0x0040b528       0x48 Clock_Ip_Frequency.o
 .text.Clock_Ip_Get_EMAC_RX_CLK_Frequency
                0x0040b570       0x48 Clock_Ip_Frequency.o
 .text.Clock_Ip_Get_EMAC0_RX_CLK_Frequency
                0x0040b5b8       0x2c Clock_Ip_Frequency.o
 .text.Clock_Ip_Get_EMAC_TS_CLK_Frequency
                0x0040b5e4       0x48 Clock_Ip_Frequency.o
 .text.Clock_Ip_Get_EMAC0_TS_CLK_Frequency
                0x0040b62c       0x2c Clock_Ip_Frequency.o
 .text.Clock_Ip_Get_EMAC_TX_CLK_Frequency
                0x0040b658       0x48 Clock_Ip_Frequency.o
 .text.Clock_Ip_Get_EMAC0_TX_CLK_Frequency
                0x0040b6a0       0x2c Clock_Ip_Frequency.o
 .text.Clock_Ip_Get_FLEXCANA_CLK_Frequency
                0x0040b6cc       0x48 Clock_Ip_Frequency.o
 .text.Clock_Ip_Get_FLEXCAN0_CLK_Frequency
                0x0040b714       0x2c Clock_Ip_Frequency.o
 .text.Clock_Ip_Get_FLEXCAN1_CLK_Frequency
                0x0040b740       0x2c Clock_Ip_Frequency.o
 .text.Clock_Ip_Get_FLEXCAN2_CLK_Frequency
                0x0040b76c       0x2c Clock_Ip_Frequency.o
 .text.Clock_Ip_Get_FLEXCANB_CLK_Frequency
                0x0040b798       0x48 Clock_Ip_Frequency.o
 .text.Clock_Ip_Get_FLEXCAN3_CLK_Frequency
                0x0040b7e0       0x2c Clock_Ip_Frequency.o
 .text.Clock_Ip_Get_FLEXCAN4_CLK_Frequency
                0x0040b80c       0x2c Clock_Ip_Frequency.o
 .text.Clock_Ip_Get_FLEXCAN5_CLK_Frequency
                0x0040b838       0x2c Clock_Ip_Frequency.o
 .text.Clock_Ip_Get_QSPI_SFCK_CLK_Frequency
                0x0040b864       0x48 Clock_Ip_Frequency.o
 .text.Clock_Ip_Get_QSPI0_CLK_Frequency
                0x0040b8ac       0x2c Clock_Ip_Frequency.o
 .text.Clock_Ip_Get_STMA_CLK_Frequency
                0x0040b8d8       0x48 Clock_Ip_Frequency.o
 .text.Clock_Ip_Get_STM0_CLK_Frequency
                0x0040b920       0x2c Clock_Ip_Frequency.o
 .text.Clock_Ip_Get_STMB_CLK_Frequency
                0x0040b94c       0x48 Clock_Ip_Frequency.o
 .text.Clock_Ip_Get_STM1_CLK_Frequency
                0x0040b994       0x2c Clock_Ip_Frequency.o
 .text.Clock_Ip_Get_SWT0_CLK_Frequency
                0x0040b9c0       0x20 Clock_Ip_Frequency.o
 .text.Clock_Ip_Get_TRACE_CLK_Frequency
                0x0040b9e0       0x48 Clock_Ip_Frequency.o
 .text.Clock_Ip_Get_RTC_CLK_Frequency
                0x0040ba28       0x20 Clock_Ip_Frequency.o
 .text.Clock_Ip_Get_RTC0_CLK_Frequency
                0x0040ba48       0x38 Clock_Ip_Frequency.o
 .text.Clock_Ip_PLL_VCO.constprop.0
                0x0040ba80      0x228 Clock_Ip_Frequency.o
 .text.Clock_Ip_Get_PLL_CLK_Frequency
                0x0040bca8       0x44 Clock_Ip_Frequency.o
 .text.Clock_Ip_Get_PLL_PHI0_Frequency
                0x0040bcec       0x58 Clock_Ip_Frequency.o
 .text.Clock_Ip_Get_SCS_CLK_Frequency
                0x0040bd44       0x44 Clock_Ip_Frequency.o
 .text.Clock_Ip_Get_PLL_PHI1_Frequency
                0x0040bd88       0x58 Clock_Ip_Frequency.o
 .text.Clock_Ip_Get_PLL_POSTDIV_CLK_Frequency
                0x0040bde0       0x60 Clock_Ip_Frequency.o
 .text.Clock_Ip_Get_AIPS_PLAT_CLK_Frequency
                0x0040be40       0x70 Clock_Ip_Frequency.o
 .text.Clock_Ip_Get_SEMA42_CLK_Frequency
                0x0040beb0       0x2c Clock_Ip_Frequency.o
 .text.Clock_Ip_Get_MSCM_CLK_Frequency
                0x0040bedc       0x2c Clock_Ip_Frequency.o
 .text.Clock_Ip_Get_LPUART8_CLK_Frequency
                0x0040bf08       0x2c Clock_Ip_Frequency.o
 .text.Clock_Ip_Get_LPUART0_CLK_Frequency
                0x0040bf34       0x2c Clock_Ip_Frequency.o
 .text.Clock_Ip_Get_LPSPI0_CLK_Frequency
                0x0040bf60       0x2c Clock_Ip_Frequency.o
 .text.Clock_Ip_Get_INTM_CLK_Frequency
                0x0040bf8c       0x2c Clock_Ip_Frequency.o
 .text.Clock_Ip_Get_EIM_CLK_Frequency
                0x0040bfb8       0x2c Clock_Ip_Frequency.o
 .text.Clock_Ip_Get_CRC0_CLK_Frequency
                0x0040bfe4       0x2c Clock_Ip_Frequency.o
 .text.Clock_Ip_Get_CORE_CLK_Frequency
                0x0040c010       0x70 Clock_Ip_Frequency.o
 .text.Clock_Ip_Get_TEMPSENSE_CLK_Frequency
                0x0040c080       0x2c Clock_Ip_Frequency.o
 .text.Clock_Ip_Get_LCU1_CLK_Frequency
                0x0040c0ac       0x2c Clock_Ip_Frequency.o
 .text.Clock_Ip_Get_LCU0_CLK_Frequency
                0x0040c0d8       0x2c Clock_Ip_Frequency.o
 .text.Clock_Ip_Get_FLEXIO0_CLK_Frequency
                0x0040c104       0x2c Clock_Ip_Frequency.o
 .text.Clock_Ip_Get_EMIOS2_CLK_Frequency
                0x0040c130       0x2c Clock_Ip_Frequency.o
 .text.Clock_Ip_Get_EMIOS1_CLK_Frequency
                0x0040c15c       0x2c Clock_Ip_Frequency.o
 .text.Clock_Ip_Get_EMIOS0_CLK_Frequency
                0x0040c188       0x2c Clock_Ip_Frequency.o
 .text.Clock_Ip_Get_EDMA0_TCD31_CLK_Frequency
                0x0040c1b4       0x2c Clock_Ip_Frequency.o
 .text.Clock_Ip_Get_EDMA0_TCD30_CLK_Frequency
                0x0040c1e0       0x2c Clock_Ip_Frequency.o
 .text.Clock_Ip_Get_EDMA0_TCD29_CLK_Frequency
                0x0040c20c       0x2c Clock_Ip_Frequency.o
 .text.Clock_Ip_Get_EDMA0_TCD28_CLK_Frequency
                0x0040c238       0x2c Clock_Ip_Frequency.o
 .text.Clock_Ip_Get_EDMA0_TCD27_CLK_Frequency
                0x0040c264       0x2c Clock_Ip_Frequency.o
 .text.Clock_Ip_Get_EDMA0_TCD26_CLK_Frequency
                0x0040c290       0x2c Clock_Ip_Frequency.o
 .text.Clock_Ip_Get_EDMA0_TCD25_CLK_Frequency
                0x0040c2bc       0x2c Clock_Ip_Frequency.o
 .text.Clock_Ip_Get_EDMA0_TCD24_CLK_Frequency
                0x0040c2e8       0x2c Clock_Ip_Frequency.o
 .text.Clock_Ip_Get_EDMA0_TCD23_CLK_Frequency
                0x0040c314       0x2c Clock_Ip_Frequency.o
 .text.Clock_Ip_Get_EDMA0_TCD22_CLK_Frequency
                0x0040c340       0x2c Clock_Ip_Frequency.o
 .text.Clock_Ip_Get_EDMA0_TCD21_CLK_Frequency
                0x0040c36c       0x2c Clock_Ip_Frequency.o
 .text.Clock_Ip_Get_EDMA0_TCD20_CLK_Frequency
                0x0040c398       0x2c Clock_Ip_Frequency.o
 .text.Clock_Ip_Get_EDMA0_TCD19_CLK_Frequency
                0x0040c3c4       0x2c Clock_Ip_Frequency.o
 .text.Clock_Ip_Get_EDMA0_TCD18_CLK_Frequency
                0x0040c3f0       0x2c Clock_Ip_Frequency.o
 .text.Clock_Ip_Get_EDMA0_TCD17_CLK_Frequency
                0x0040c41c       0x2c Clock_Ip_Frequency.o
 .text.Clock_Ip_Get_EDMA0_TCD16_CLK_Frequency
                0x0040c448       0x2c Clock_Ip_Frequency.o
 .text.Clock_Ip_Get_EDMA0_TCD15_CLK_Frequency
                0x0040c474       0x2c Clock_Ip_Frequency.o
 .text.Clock_Ip_Get_EDMA0_TCD14_CLK_Frequency
                0x0040c4a0       0x2c Clock_Ip_Frequency.o
 .text.Clock_Ip_Get_EDMA0_TCD13_CLK_Frequency
                0x0040c4cc       0x2c Clock_Ip_Frequency.o
 .text.Clock_Ip_Get_EDMA0_TCD12_CLK_Frequency
                0x0040c4f8       0x2c Clock_Ip_Frequency.o
 .text.Clock_Ip_Get_EDMA0_TCD11_CLK_Frequency
                0x0040c524       0x2c Clock_Ip_Frequency.o
 .text.Clock_Ip_Get_EDMA0_TCD10_CLK_Frequency
                0x0040c550       0x2c Clock_Ip_Frequency.o
 .text.Clock_Ip_Get_EDMA0_TCD9_CLK_Frequency
                0x0040c57c       0x2c Clock_Ip_Frequency.o
 .text.Clock_Ip_Get_EDMA0_TCD8_CLK_Frequency
                0x0040c5a8       0x2c Clock_Ip_Frequency.o
 .text.Clock_Ip_Get_EDMA0_TCD7_CLK_Frequency
                0x0040c5d4       0x2c Clock_Ip_Frequency.o
 .text.Clock_Ip_Get_EDMA0_TCD6_CLK_Frequency
                0x0040c600       0x2c Clock_Ip_Frequency.o
 .text.Clock_Ip_Get_EDMA0_TCD5_CLK_Frequency
                0x0040c62c       0x2c Clock_Ip_Frequency.o
 .text.Clock_Ip_Get_EDMA0_TCD4_CLK_Frequency
                0x0040c658       0x2c Clock_Ip_Frequency.o
 .text.Clock_Ip_Get_EDMA0_TCD3_CLK_Frequency
                0x0040c684       0x2c Clock_Ip_Frequency.o
 .text.Clock_Ip_Get_EDMA0_TCD2_CLK_Frequency
                0x0040c6b0       0x2c Clock_Ip_Frequency.o
 .text.Clock_Ip_Get_EDMA0_TCD1_CLK_Frequency
                0x0040c6dc       0x2c Clock_Ip_Frequency.o
 .text.Clock_Ip_Get_EDMA0_TCD0_CLK_Frequency
                0x0040c708       0x2c Clock_Ip_Frequency.o
 .text.Clock_Ip_Get_EDMA0_CLK_Frequency
                0x0040c734       0x2c Clock_Ip_Frequency.o
 .text.Clock_Ip_Get_DMAMUX1_CLK_Frequency
                0x0040c760       0x2c Clock_Ip_Frequency.o
 .text.Clock_Ip_Get_DMAMUX0_CLK_Frequency
                0x0040c78c       0x2c Clock_Ip_Frequency.o
 .text.Clock_Ip_Get_BCTU0_CLK_Frequency
                0x0040c7b8       0x2c Clock_Ip_Frequency.o
 .text.Clock_Ip_Get_ADC2_CLK_Frequency
                0x0040c7e4       0x2c Clock_Ip_Frequency.o
 .text.Clock_Ip_Get_ADC1_CLK_Frequency
                0x0040c810       0x2c Clock_Ip_Frequency.o
 .text.Clock_Ip_Get_ADC0_CLK_Frequency
                0x0040c83c       0x2c Clock_Ip_Frequency.o
 .text.Clock_Ip_Get_AIPS_SLOW_CLK_Frequency
                0x0040c868       0x70 Clock_Ip_Frequency.o
 .text.Clock_Ip_Get_WKPU0_CLK_Frequency
                0x0040c8d8       0x2c Clock_Ip_Frequency.o
 .text.Clock_Ip_Get_TSENSE0_CLK_Frequency
                0x0040c904       0x2c Clock_Ip_Frequency.o
 .text.Clock_Ip_Get_TRGMUX0_CLK_Frequency
                0x0040c930       0x2c Clock_Ip_Frequency.o
 .text.Clock_Ip_Get_STCU0_CLK_Frequency
                0x0040c95c       0x2c Clock_Ip_Frequency.o
 .text.Clock_Ip_Get_SIUL2_CLK_Frequency
                0x0040c988       0x2c Clock_Ip_Frequency.o
 .text.Clock_Ip_Get_SAI1_CLK_Frequency
                0x0040c9b4       0x2c Clock_Ip_Frequency.o
 .text.Clock_Ip_Get_SAI0_CLK_Frequency
                0x0040c9e0       0x2c Clock_Ip_Frequency.o
 .text.Clock_Ip_Get_PIT2_CLK_Frequency
                0x0040ca0c       0x2c Clock_Ip_Frequency.o
 .text.Clock_Ip_Get_PIT1_CLK_Frequency
                0x0040ca38       0x2c Clock_Ip_Frequency.o
 .text.Clock_Ip_Get_PIT0_CLK_Frequency
                0x0040ca64       0x2c Clock_Ip_Frequency.o
 .text.Clock_Ip_Get_LPUART15_CLK_Frequency
                0x0040ca90       0x2c Clock_Ip_Frequency.o
 .text.Clock_Ip_Get_LPUART14_CLK_Frequency
                0x0040cabc       0x2c Clock_Ip_Frequency.o
 .text.Clock_Ip_Get_LPUART13_CLK_Frequency
                0x0040cae8       0x2c Clock_Ip_Frequency.o
 .text.Clock_Ip_Get_LPUART12_CLK_Frequency
                0x0040cb14       0x2c Clock_Ip_Frequency.o
 .text.Clock_Ip_Get_LPUART11_CLK_Frequency
                0x0040cb40       0x2c Clock_Ip_Frequency.o
 .text.Clock_Ip_Get_LPUART10_CLK_Frequency
                0x0040cb6c       0x2c Clock_Ip_Frequency.o
 .text.Clock_Ip_Get_LPUART9_CLK_Frequency
                0x0040cb98       0x2c Clock_Ip_Frequency.o
 .text.Clock_Ip_Get_LPUART7_CLK_Frequency
                0x0040cbc4       0x2c Clock_Ip_Frequency.o
 .text.Clock_Ip_Get_LPUART6_CLK_Frequency
                0x0040cbf0       0x2c Clock_Ip_Frequency.o
 .text.Clock_Ip_Get_LPUART5_CLK_Frequency
                0x0040cc1c       0x2c Clock_Ip_Frequency.o
 .text.Clock_Ip_Get_LPUART4_CLK_Frequency
                0x0040cc48       0x2c Clock_Ip_Frequency.o
 .text.Clock_Ip_Get_LPUART3_CLK_Frequency
                0x0040cc74       0x2c Clock_Ip_Frequency.o
 .text.Clock_Ip_Get_LPUART2_CLK_Frequency
                0x0040cca0       0x2c Clock_Ip_Frequency.o
 .text.Clock_Ip_Get_LPUART1_CLK_Frequency
                0x0040cccc       0x2c Clock_Ip_Frequency.o
 .text.Clock_Ip_Get_LPSPI5_CLK_Frequency
                0x0040ccf8       0x2c Clock_Ip_Frequency.o
 .text.Clock_Ip_Get_LPSPI4_CLK_Frequency
                0x0040cd24       0x2c Clock_Ip_Frequency.o
 .text.Clock_Ip_Get_LPSPI3_CLK_Frequency
                0x0040cd50       0x2c Clock_Ip_Frequency.o
 .text.Clock_Ip_Get_LPSPI2_CLK_Frequency
                0x0040cd7c       0x2c Clock_Ip_Frequency.o
 .text.Clock_Ip_Get_LPSPI1_CLK_Frequency
                0x0040cda8       0x2c Clock_Ip_Frequency.o
 .text.Clock_Ip_Get_LPI2C1_CLK_Frequency
                0x0040cdd4       0x2c Clock_Ip_Frequency.o
 .text.Clock_Ip_Get_LPI2C0_CLK_Frequency
                0x0040ce00       0x2c Clock_Ip_Frequency.o
 .text.Clock_Ip_Get_ERM0_CLK_Frequency
                0x0040ce2c       0x2c Clock_Ip_Frequency.o
 .text.Clock_Ip_Get_CMP2_CLK_Frequency
                0x0040ce58       0x2c Clock_Ip_Frequency.o
 .text.Clock_Ip_Get_CMP1_CLK_Frequency
                0x0040ce84       0x2c Clock_Ip_Frequency.o
 .text.Clock_Ip_Get_CMP0_CLK_Frequency
                0x0040ceb0       0x2c Clock_Ip_Frequency.o
 .text.Clock_Ip_Get_HSE_CLK_Frequency
                0x0040cedc       0x70 Clock_Ip_Frequency.o
 .text.Clock_Ip_Get_LBIST_CLK_Frequency
                0x0040cf4c       0x70 Clock_Ip_Frequency.o
 .text.Clock_Ip_Get_QSPI_MEM_CLK_Frequency
                0x0040cfbc       0x70 Clock_Ip_Frequency.o
 .text.Clock_Ip_Get_DCM_CLK_Frequency
                0x0040d02c       0x70 Clock_Ip_Frequency.o
 .text.Clock_Ip_Get_QSPI0_TX_MEM_CLK_Frequency
                0x0040d09c       0x90 Clock_Ip_Frequency.o
 .text.Clock_Ip_Get_QSPI0_RAM_CLK_Frequency
                0x0040d12c       0x90 Clock_Ip_Frequency.o
 .text.Clock_Ip_SetExternalOscillatorFrequency
                0x0040d1bc       0x24 Clock_Ip_Frequency.o
                0x0040d1bc                Clock_Ip_SetExternalOscillatorFrequency
 .text.Clock_Ip_GetFreq
                0x0040d1e0        0xc Clock_Ip_Frequency.o
                0x0040d1e0                Clock_Ip_GetFreq
 .text.Clock_Ip_SetExternalSignalFrequency
                0x0040d1ec       0x28 Clock_Ip_Frequency.o
                0x0040d1ec                Clock_Ip_SetExternalSignalFrequency
 .text.Clock_Ip_ClockSetGateEmpty
                0x0040d214        0x4 Clock_Ip_Gate.o
 .text.Clock_Ip_ClockUpdateGateEmpty
                0x0040d218        0x4 Clock_Ip_Gate.o
 .text.Clock_Ip_ClockSetGateMcMePartitionCollectionClockRequest
                0x0040d21c      0x154 Clock_Ip_Gate.o
 .text.Clock_Ip_ClockUpdateGateMcMePartitionCollectionClockRequest
                0x0040d370       0x20 Clock_Ip_Gate.o
 .text.Clock_Ip_InternalOscillatorEmpty
                0x0040d390        0x4 Clock_Ip_IntOsc.o
 .text.Clock_Ip_InternalOscillatorEmpty_Disable
                0x0040d394        0x4 Clock_Ip_IntOsc.o
 .text.Clock_Ip_EnableFircStdby
                0x0040d398       0x10 Clock_Ip_IntOsc.o
 .text.Clock_Ip_DisableFircStdby
                0x0040d3a8       0x10 Clock_Ip_IntOsc.o
 .text.Clock_Ip_EnableSircStdby
                0x0040d3b8       0x10 Clock_Ip_IntOsc.o
 .text.Clock_Ip_DisableSircStdby
                0x0040d3c8       0x10 Clock_Ip_IntOsc.o
 .text.Clock_Ip_SetFircDivSelHSEb
                0x0040d3d8       0x80 Clock_Ip_IntOsc.o
 .text.Clock_Ip_SetFircStdby
                0x0040d458       0x20 Clock_Ip_IntOsc.o
 .text.Clock_Ip_SetSircStdby
                0x0040d478       0x20 Clock_Ip_IntOsc.o
 .text.Clock_Ip_ClockMonitorEmpty
                0x0040d498        0x4 Clock_Ip_Monitor.o
 .text.Clock_Ip_ClockMonitorEmpty_Set
                0x0040d49c        0x4 Clock_Ip_Monitor.o
 .text.Clock_Ip_ClockMonitorEmpty_Disable
                0x0040d4a0        0x4 Clock_Ip_Monitor.o
 .text.Clock_Ip_EnableCmuFcFceRefCntLfrefHfref
                0x0040d4a4       0x34 Clock_Ip_Monitor.o
 .text.Clock_Ip_DisableCmuFcFceRefCntLfrefHfref
                0x0040d4d8       0x7c Clock_Ip_Monitor.o
 .text.Clock_Ip_ResetCmuFcFceRefCntLfrefHfref
                0x0040d554        0xc Clock_Ip_Monitor.o
 .text.Clock_Ip_SetCmuFcFceRefCntLfrefHfref
                0x0040d560      0x124 Clock_Ip_Monitor.o
 .text.Clock_Ip_CallbackPllEmpty
                0x0040d684        0x4 Clock_Ip_Pll.o
 .text.Clock_Ip_CallbackPllEmptyComplete
                0x0040d688        0x4 Clock_Ip_Pll.o
 .text.Clock_Ip_CallbackPllEmptyDisable
                0x0040d68c        0x4 Clock_Ip_Pll.o
 .text.Clock_Ip_ResetPllRdivMfiMfnOdiv2SdmenSsscgbypSpreadctlStepnoStepsize
                0x0040d690       0x4c Clock_Ip_Pll.o
 .text.Clock_Ip_SetPllRdivMfiMfnOdiv2SdmenSsscgbypSpreadctlStepnoStepsize
                0x0040d6dc       0xa8 Clock_Ip_Pll.o
 .text.Clock_Ip_EnablePllRdivMfiMfnOdiv2SdmenSsscgbypSpreadctlStepnoStepsize
                0x0040d784       0x2c Clock_Ip_Pll.o
 .text.Clock_Ip_CompletePllRdivMfiMfnOdiv2SdmenSsscgbypSpreadctlStepnoStepsize
                0x0040d7b0       0x64 Clock_Ip_Pll.o
 .text.Clock_Ip_ProgressiveFrequencyClockSwitchEmpty
                0x0040d814        0x4 Clock_Ip_ProgFreqSwitch.o
 .text.Clock_Ip_CgmXPcfsSdurDivcDiveDivs
                0x0040d818      0x154 Clock_Ip_ProgFreqSwitch.o
 .text.Clock_Ip_CallbackSelectorEmpty
                0x0040d96c        0x4 Clock_Ip_Selector.o
 .text.Clock_Ip_ResetCgmXCscCssClkswSwip
                0x0040d970       0x4c Clock_Ip_Selector.o
 .text.Clock_Ip_SetCgmXCscCssClkswRampupRampdownSwip
                0x0040d9bc      0x108 Clock_Ip_Selector.o
 .text.Clock_Ip_SetCgmXCscCssClkswSwip
                0x0040dac4      0x108 Clock_Ip_Selector.o
 .text.Clock_Ip_SetCgmXCscCssCsGrip
                0x0040dbcc       0xd8 Clock_Ip_Selector.o
 .text.Clock_Ip_ResetCgmXCscCssCsGrip
                0x0040dca4       0xa4 Clock_Ip_Selector.o
 .text.Clock_Ip_SetRtcRtccClksel
                0x0040dd48       0x28 Clock_Ip_Selector.o
 .text.Clock_Ip_ResetCgmXCscCssClkswRampupRampdownSwip
                0x0040dd70       0x4c Clock_Ip_Selector.o
 .text.Clock_Ip_PllPowerClockIp
                0x0040ddbc       0x94 Clock_Ip_Specific.o
 .text.Clock_Ip_FxoscPowerClockIp
                0x0040de50       0x94 Clock_Ip_Specific.o
 .text.Clock_Ip_SxoscPowerClockIp
                0x0040dee4       0x94 Clock_Ip_Specific.o
 .text.Clock_Ip_CmusPowerClockIp
                0x0040df78       0x94 Clock_Ip_Specific.o
 .text.Clock_Ip_MscmPowerClockIp
                0x0040e00c       0x94 Clock_Ip_Specific.o
 .text.Clock_Ip_McMeEnterKey
                0x0040e0a0       0x14 Clock_Ip_Specific.o
                0x0040e0a0                Clock_Ip_McMeEnterKey
 .text.Clock_Ip_Command
                0x0040e0b4       0x64 Clock_Ip_Specific.o
                0x0040e0b4                Clock_Ip_Command
 .text.Det_InitDataNode
                0x0040e118       0x88 Det.o
                0x0040e118                Det_InitDataNode
 .text.Det_FreeNodesInLinkedList
                0x0040e1a0      0x138 Det.o
                0x0040e1a0                Det_FreeNodesInLinkedList
 .text.Det_Init
                0x0040e2d8      0x248 Det.o
                0x0040e2d8                Det_Init
 .text.Det_ReportError
                0x0040e520       0x90 Det.o
                0x0040e520                Det_ReportError
 .text.Det_ReportRuntimeError
                0x0040e5b0       0x90 Det.o
                0x0040e5b0                Det_ReportRuntimeError
 .text.Dio_ReadChannel
                0x0040e640       0x58 Dio.o
                0x0040e640                Dio_ReadChannel
 .text.Dio_WriteChannel
                0x0040e698       0x60 Dio.o
                0x0040e698                Dio_WriteChannel
 .text.Dio_Ipw_ReadChannel
                0x0040e6f8       0x3c Dio_Ipw.o
                0x0040e6f8                Dio_Ipw_ReadChannel
 .text.Dio_Ipw_WriteChannel
                0x0040e734       0x38 Dio_Ipw.o
                0x0040e734                Dio_Ipw_WriteChannel
 .text.Static_Dma_Ip_SetLogicChannelGlobalConfig.constprop.0
                0x0040e76c       0xe8 Dma_Ip.o
 .text.Static_Dma_Ip_SetLogicChannelTransferConfig
                0x0040e854      0x270 Dma_Ip.o
 .text.Dma_Ip_ConvertLogicChToHwCh
                0x0040eac4       0x14 Dma_Ip.o
                0x0040eac4                Dma_Ip_ConvertLogicChToHwCh
 .text.Dma_Ip_LogicChannelInit
                0x0040ead8      0x20c Dma_Ip.o
                0x0040ead8                Dma_Ip_LogicChannelInit
 .text.Dma_Ip_Init
                0x0040ece4       0x6c Dma_Ip.o
                0x0040ece4                Dma_Ip_Init
 .text.Dma_Ip_SetLogicChannelCommand
                0x0040ed50       0xc4 Dma_Ip.o
                0x0040ed50                Dma_Ip_SetLogicChannelCommand
 .text.Dma_Ip_GetLogicChannelStatus
                0x0040ee14       0x70 Dma_Ip.o
                0x0040ee14                Dma_Ip_GetLogicChannelStatus
 .text.Dma_Ip_SetLogicChannelTransferList
                0x0040ee84      0x144 Dma_Ip.o
                0x0040ee84                Dma_Ip_SetLogicChannelTransferList
 .text.Dma_Ip_GetLogicChannelParam
                0x0040efc8       0x2c Dma_Ip.o
                0x0040efc8                Dma_Ip_GetLogicChannelParam
 .text.Dma_Ip_IntIrqHandler
                0x0040eff4       0x18 Dma_Ip.o
                0x0040eff4                Dma_Ip_IntIrqHandler
 .text.Dma_Ip_ErrorIrqHandler
                0x0040f00c       0x54 Dma_Ip.o
                0x0040f00c                Dma_Ip_ErrorIrqHandler
 .text.Dma_Ip_SetHwChannel_ResetEvent
                0x0040f060       0x18 Dma_Ip_Driver_State.o
 .text.Dma_Ip_SetHwChannel_ReadyEvent
                0x0040f078       0x18 Dma_Ip_Driver_State.o
 .text.Dma_Ip_SetHwChannel_TransferEvent
                0x0040f090       0x18 Dma_Ip_Driver_State.o
 .text.Dma_Ip_SetHwChannel_ScatterGatherEvent
                0x0040f0a8       0x18 Dma_Ip_Driver_State.o
 .text.Dma_Ip_SetHwChannel_ErrorEvent
                0x0040f0c0       0x18 Dma_Ip_Driver_State.o
 .text.Dma_Ip_SetHwChannelState
                0x0040f0d8       0x30 Dma_Ip_Driver_State.o
                0x0040f0d8                Dma_Ip_SetHwChannelState
 .text.Dma_Ip_GetHwChannelState
                0x0040f108       0x1c Dma_Ip_Driver_State.o
                0x0040f108                Dma_Ip_GetHwChannelState
 .text.Dma_Ip_GetHwChannelStatePointer
                0x0040f124       0x18 Dma_Ip_Driver_State.o
                0x0040f124                Dma_Ip_GetHwChannelStatePointer
 .text.Dma_Ip_SetHwChannelStatePointer
                0x0040f13c       0x14 Dma_Ip_Driver_State.o
                0x0040f13c                Dma_Ip_SetHwChannelStatePointer
 .text.HwAccDmaCh_SetGlobalDummyFunction
                0x0040f150        0x4 Dma_Ip_Hw_Access.o
 .text.HwAccDmaCh_SetTransferDummyFunction
                0x0040f154        0x8 Dma_Ip_Hw_Access.o
 .text.HwAccDmaCh_GetParamDummyFunction
                0x0040f15c        0x8 Dma_Ip_Hw_Access.o
 .text.HwAccDmaCh_CmdSetHwRequest
                0x0040f164       0x1c Dma_Ip_Hw_Access.o
 .text.HwAccDmaCh_CmdClearHwRequest
                0x0040f180       0x1c Dma_Ip_Hw_Access.o
 .text.HwAccDmaCh_CmdSetSwRequest
                0x0040f19c       0x1c Dma_Ip_Hw_Access.o
 .text.HwAccDmaCh_CmdClearDone
                0x0040f1b8       0x1c Dma_Ip_Hw_Access.o
 .text.HwAccDmaCh_CmdClearError
                0x0040f1d4       0x1c Dma_Ip_Hw_Access.o
 .text.HwAccDmaCh_CmdClearInterruptStatus
                0x0040f1f0       0x1c Dma_Ip_Hw_Access.o
 .text.HwAccDmaCh_SetSource_Address
                0x0040f20c        0x8 Dma_Ip_Hw_Access.o
 .text.HwAccDmaCh_SetSource_SignedOffset
                0x0040f214        0x8 Dma_Ip_Hw_Access.o
 .text.HwAccDmaCh_SetSource_LastAddrAdj
                0x0040f21c       0x10 Dma_Ip_Hw_Access.o
 .text.HwAccDmaCh_SetDestination_Address
                0x0040f22c        0x8 Dma_Ip_Hw_Access.o
 .text.HwAccDmaCh_SetDestination_SignedOffset
                0x0040f234        0x8 Dma_Ip_Hw_Access.o
 .text.HwAccDmaCh_SetMajorLoop_Count
                0x0040f23c       0x40 Dma_Ip_Hw_Access.o
 .text.HwAccDmaCh_GetSourceAddress
                0x0040f27c       0x18 Dma_Ip_Hw_Access.o
 .text.HwAccDmaCh_GetDestinationAddress
                0x0040f294       0x18 Dma_Ip_Hw_Access.o
 .text.HwAccDmaCh_GetStoreDstAddress
                0x0040f2ac       0x1c Dma_Ip_Hw_Access.o
 .text.HwAccDmaCh_GetMasterId
                0x0040f2c8       0x1c Dma_Ip_Hw_Access.o
 .text.HwAccDmaCh_GetIntMajor
                0x0040f2e4       0x1c Dma_Ip_Hw_Access.o
 .text.HwAccDmaCh_GetIntHalfMajor
                0x0040f300       0x1c Dma_Ip_Hw_Access.o
 .text.HwAccDmaCh_SetMajorLoop_LogicLinkCh
                0x0040f31c       0x24 Dma_Ip_Hw_Access.o
 .text.HwAccDmaCh_SetMinorLoop_LogicLinkCh
                0x0040f340       0x30 Dma_Ip_Hw_Access.o
 .text.HwAccDmaCh_SetControl_EnMasterIdReplication
                0x0040f370       0x24 Dma_Ip_Hw_Access.o
 .text.HwAccDmaCh_SetControl_EnBufferedWrites
                0x0040f394       0x24 Dma_Ip_Hw_Access.o
 .text.HwAccDmaCh_SetRequest_EnRequest
                0x0040f3b8       0x24 Dma_Ip_Hw_Access.o
 .text.HwAccDmaCh_SetInterrupt_EnError
                0x0040f3dc       0x2c Dma_Ip_Hw_Access.o
 .text.HwAccDmaCh_SetPriority_Group
                0x0040f408       0x24 Dma_Ip_Hw_Access.o
 .text.HwAccDmaCh_SetPriority_Level
                0x0040f42c       0x24 Dma_Ip_Hw_Access.o
 .text.HwAccDmaCh_SetPriority_EnPreemption
                0x0040f450       0x20 Dma_Ip_Hw_Access.o
 .text.HwAccDmaCh_SetPriority_DisPreempt
                0x0040f470       0x24 Dma_Ip_Hw_Access.o
 .text.HwAccDmaCh_SetSource_TransferSize
                0x0040f494       0x18 Dma_Ip_Hw_Access.o
 .text.HwAccDmaCh_SetSource_Modulo
                0x0040f4ac       0x14 Dma_Ip_Hw_Access.o
 .text.HwAccDmaCh_SetDestination_TransferSize
                0x0040f4c0       0x14 Dma_Ip_Hw_Access.o
 .text.HwAccDmaCh_SetDestination_Modulo
                0x0040f4d4       0x14 Dma_Ip_Hw_Access.o
 .text.HwAccDmaCh_SetMinorLoop_enSrcOffset
                0x0040f4e8       0x14 Dma_Ip_Hw_Access.o
 .text.HwAccDmaCh_SetMinorLoop_enDstOffset
                0x0040f4fc       0x18 Dma_Ip_Hw_Access.o
 .text.HwAccDmaCh_SetMinorLoop_Offset
                0x0040f514       0x28 Dma_Ip_Hw_Access.o
 .text.HwAccDmaCh_SetMinorLoop_EnLink
                0x0040f53c       0x20 Dma_Ip_Hw_Access.o
 .text.HwAccDmaCh_SetMinorLoop_Size
                0x0040f55c       0x28 Dma_Ip_Hw_Access.o
 .text.HwAccDmaCh_SetMajorLoop_EnLink
                0x0040f584       0x18 Dma_Ip_Hw_Access.o
 .text.HwAccDmaCh_SetControl_StoreDestinationAddress
                0x0040f59c       0x10 Dma_Ip_Hw_Access.o
 .text.HwAccDmaCh_SetControl_EnStart
                0x0040f5ac       0x18 Dma_Ip_Hw_Access.o
 .text.HwAccDmaCh_SetControl_EnMajor
                0x0040f5c4       0x18 Dma_Ip_Hw_Access.o
 .text.HwAccDmaCh_SetControl_EnHalfMajor
                0x0040f5dc       0x18 Dma_Ip_Hw_Access.o
 .text.HwAccDmaCh_SetControl_DisAutoHwRequest
                0x0040f5f4       0x18 Dma_Ip_Hw_Access.o
 .text.HwAccDmaCh_SetControl_EnEndOfPacketSignal
                0x0040f60c       0x18 Dma_Ip_Hw_Access.o
 .text.HwAccDmaCh_SetControl_BandwidthControl
                0x0040f624       0x14 Dma_Ip_Hw_Access.o
 .text.HwAccDmaCh_GetBeginIterCount
                0x0040f638       0x2c Dma_Ip_Hw_Access.o
 .text.HwAccDmaCh_GetCurrentIterCount
                0x0040f664       0x2c Dma_Ip_Hw_Access.o
 .text.HwAccDmaCh_SetDestination_LastAddrAdj
                0x0040f690        0x8 Dma_Ip_Hw_Access.o
 .text.HwAccDmaInst_SetConfig
                0x0040f698       0x58 Dma_Ip_Hw_Access.o
                0x0040f698                HwAccDmaInst_SetConfig
 .text.HwAccDmaCh_SetCommand
                0x0040f6f0       0x1c Dma_Ip_Hw_Access.o
                0x0040f6f0                HwAccDmaCh_SetCommand
 .text.HwAccDmaCh_GetStatus
                0x0040f70c       0x24 Dma_Ip_Hw_Access.o
                0x0040f70c                HwAccDmaCh_GetStatus
 .text.HwAccDmaCh_GetStatus_Error
                0x0040f730       0x20 Dma_Ip_Hw_Access.o
                0x0040f730                HwAccDmaCh_GetStatus_Error
 .text.HwAccDmaCh_SetGlobalParam
                0x0040f750       0x20 Dma_Ip_Hw_Access.o
                0x0040f750                HwAccDmaCh_SetGlobalParam
 .text.HwAccDmaCh_SetTransferParam
                0x0040f770       0x1c Dma_Ip_Hw_Access.o
                0x0040f770                HwAccDmaCh_SetTransferParam
 .text.HwAccDmaCh_GetParam
                0x0040f78c       0x20 Dma_Ip_Hw_Access.o
                0x0040f78c                HwAccDmaCh_GetParam
 .text.HwAccDmaCh_LoadConfigIntoSoftwareTcd
                0x0040f7ac      0x1ec Dma_Ip_Hw_Access.o
                0x0040f7ac                HwAccDmaCh_LoadConfigIntoSoftwareTcd
 .text.HwAccDmaCh_LoadSoftwareTcdIntoHardwareTcd
                0x0040f998       0x5c Dma_Ip_Hw_Access.o
                0x0040f998                HwAccDmaCh_LoadSoftwareTcdIntoHardwareTcd
 .text.HwAccDmaCh_SetControl_ScatterGatherAddress
                0x0040f9f4        0x8 Dma_Ip_Hw_Access.o
                0x0040f9f4                HwAccDmaCh_SetControl_ScatterGatherAddress
 .text.HwAccDmaCh_SetControl_EnScatterGatherProcessing
                0x0040f9fc       0x18 Dma_Ip_Hw_Access.o
                0x0040f9fc                HwAccDmaCh_SetControl_EnScatterGatherProcessing
 .text.Dma0_Ch0_IRQHandler
                0x0040fa14       0x4c Dma_Ip_Irq.o
                0x0040fa14                Dma0_Ch0_IRQHandler
 .text.Dma0_Ch16_IRQHandler
                0x0040fa60       0x4c Dma_Ip_Irq.o
                0x0040fa60                Dma0_Ch16_IRQHandler
 .text.Dma0_Ch17_IRQHandler
                0x0040faac       0x4c Dma_Ip_Irq.o
                0x0040faac                Dma0_Ch17_IRQHandler
 .text.Dma_Mux_Ip_Init_Privileged
                0x0040faf8       0x48 Dma_Mux_Ip.o
                0x0040faf8                Dma_Mux_Ip_Init_Privileged
 .text.Dma_Mux_Ip_Init
                0x0040fb40        0x4 Dma_Mux_Ip.o
                0x0040fb40                Dma_Mux_Ip_Init
 .text.EcuM_CheckWakeup
                0x0040fb44        0x4 EcuM.o
                0x0040fb44                EcuM_CheckWakeup
 .text.Emios_Icu_Ip_SetActivation
                0x0040fb48       0x60 Emios_Icu_Ip.o
                0x0040fb48                Emios_Icu_Ip_SetActivation
 .text.Emios_Icu_Ip_Init
                0x0040fba8      0x264 Emios_Icu_Ip.o
                0x0040fba8                Emios_Icu_Ip_Init
 .text.Emios_Icu_Ip_StopTimestamp
                0x0040fe0c      0x108 Emios_Icu_Ip.o
                0x0040fe0c                Emios_Icu_Ip_StopTimestamp
 .text.Emios_Icu_Ip_ReadCounterBus
                0x0040ff14      0x11c Emios_Icu_Ip_Irq.o
 .text.Emios_Icu_Ip_SignalMeasurementHandler.part.0
                0x00410030      0x328 Emios_Icu_Ip_Irq.o
 .text.Emios_Icu_Ip_IrqHandler
                0x00410358      0x31c Emios_Icu_Ip_Irq.o
                0x00410358                Emios_Icu_Ip_IrqHandler
 .text.Emios_Mcl_Ip_Init
                0x00410674      0x12c Emios_Mcl_Ip.o
                0x00410674                Emios_Mcl_Ip_Init
 .text.Emios_Mcl_Ip_EnableChannel
                0x004107a0       0x1c Emios_Mcl_Ip.o
                0x004107a0                Emios_Mcl_Ip_EnableChannel
 .text.Emios_Mcl_Ip_GetCounterBusPeriod
                0x004107bc       0x14 Emios_Mcl_Ip.o
                0x004107bc                Emios_Mcl_Ip_GetCounterBusPeriod
 .text.EMIOS0_5_IRQ
                0x004107d0       0x24 Emios_Mcl_Ip_Irq.o
                0x004107d0                EMIOS0_5_IRQ
 .text.EMIOS0_3_IRQ
                0x004107f4       0x24 Emios_Mcl_Ip_Irq.o
                0x004107f4                EMIOS0_3_IRQ
 .text.EMIOS0_1_IRQ
                0x00410818       0x24 Emios_Mcl_Ip_Irq.o
                0x00410818                EMIOS0_1_IRQ
 .text.EMIOS1_5_IRQ
                0x0041083c       0x40 Emios_Mcl_Ip_Irq.o
                0x0041083c                EMIOS1_5_IRQ
 .text.EMIOS1_1_IRQ
                0x0041087c       0x24 Emios_Mcl_Ip_Irq.o
                0x0041087c                EMIOS1_1_IRQ
 .text.EMIOS1_0_IRQ
                0x004108a0       0x68 Emios_Mcl_Ip_Irq.o
                0x004108a0                EMIOS1_0_IRQ
 .text.EMIOS2_5_IRQ
                0x00410908       0x5c Emios_Mcl_Ip_Irq.o
                0x00410908                EMIOS2_5_IRQ
 .text.Emios_Pwm_Ip_InitChannel
                0x00410964      0x3e0 Emios_Pwm_Ip.o
                0x00410964                Emios_Pwm_Ip_InitChannel
 .text.Emios_Pwm_Ip_GetPeriod
                0x00410d44       0xb0 Emios_Pwm_Ip.o
                0x00410d44                Emios_Pwm_Ip_GetPeriod
 .text.Emios_Pwm_Ip_SetDutyCycle
                0x00410df4      0x174 Emios_Pwm_Ip.o
                0x00410df4                Emios_Pwm_Ip_SetDutyCycle
 .text.Emios_Pwm_Ip_SetOutputToNormal
                0x00410f68       0xcc Emios_Pwm_Ip.o
                0x00410f68                Emios_Pwm_Ip_SetOutputToNormal
 .text.Emios_Pwm_Ip_IrqHandler
                0x00411034       0xac Emios_Pwm_Ip_Irq.o
                0x00411034                Emios_Pwm_Ip_IrqHandler
 .text.Fee_JobSystemDone
                0x004110e0        0x4 Fee.o
 .text.Fee_JobWriteBlockDone
                0x004110e4       0x2c Fee.o
 .text.Fee_JobInvalidateBlockDone
                0x00411110       0x2c Fee.o
 .text.Fee_ReservedAreaWritable
                0x0041113c       0x98 Fee.o
 .text.Fee_JobInvalidateBlock
                0x004111d4       0x74 Fee.o
 .text.Fee_JobWriteBlockValidate
                0x00411248       0x54 Fee.o
 .text.Fee_JobReadBlock
                0x0041129c       0x88 Fee.o
 .text.Fee_JobInternalSwapDataWrite_Wrapper
                0x00411324       0x3c Fee.o
 .text.Fee_JobWriteBlockData
                0x00411360      0x124 Fee.o
 .text.Fee_JobInternalSwapClusterFmt
                0x00411484       0x94 Fee.o
 .text.Fee_JobInternalSwap
                0x00411518       0x74 Fee.o
 .text.Fee_JobEraseImmediateBlock
                0x0041158c       0x3c Fee.o
 .text.Fee_JobWriteHdr
                0x004115c8       0xb4 Fee.o
 .text.Fee_JobWriteBlock
                0x0041167c       0x18 Fee.o
 .text.Fee_JobInternalScanClusterFmt
                0x00411694       0x80 Fee.o
 .text.Fee_JobWriteBlockUnalignedData
                0x00411714       0x94 Fee.o
 .text.Fee_JobInternalSwapBlock
                0x004117a8      0x18c Fee.o
 .text.Fee_JobInternalSwapDataRead
                0x00411934       0xdc Fee.o
 .text.Fee_JobInternalSwapDataRead_Wrapper
                0x00411a10        0x8 Fee.o
 .text.Fee_JobInternalScan
                0x00411a18       0x40 Fee.o
 .text.Fee_JobCheckBlockHeaderMatchesFeeConfigOrNot.constprop.0
                0x00411a58       0xec Fee.o
 .text.Fee_JobInternalSwapClusterVldDone
                0x00411b44      0x184 Fee.o
 .text.Fee_JobInternalScanCluster
                0x00411cc8       0xb4 Fee.o
 .text.Fee_JobInternalScanClusterFmtDone
                0x00411d7c       0x54 Fee.o
 .text.Fee_JobInternalScanBlockHdrParse
                0x00411dd0      0x1ac Fee.o
 .text.Fee_JobInternalScanBlockHdrParse_Wrapper
                0x00411f7c        0x8 Fee.o
 .text.Fee_JobInternalScanClusterHdrParse
                0x00411f84      0x160 Fee.o
 .text.Fee_JobInternalScanClusterHdrParse_Wrapper
                0x004120e4        0x8 Fee.o
 .text.Fee_Init
                0x004120ec       0x60 Fee.o
                0x004120ec                Fee_Init
 .text.Fee_GetStatus
                0x0041214c        0xc Fee.o
                0x0041214c                Fee_GetStatus
 .text.Fee_JobEndNotification
                0x00412158      0x130 Fee.o
                0x00412158                Fee_JobEndNotification
 .text.Fee_MainFunction
                0x00412288       0x58 Fee.o
                0x00412288                Fee_MainFunction
 .text.FlexCAN_StartRxMessageEnhancedFifoData
                0x004122e0       0x60 FlexCAN_Ip.o
 .text.FlexCAN_CompleteRxMessageFifoData
                0x00412340       0x74 FlexCAN_Ip.o
 .text.FlexCAN_StartRxMessageBufferData
                0x004123b4       0x5c FlexCAN_Ip.o
 .text.FlexCAN_IRQHandlerEnhancedRxFIFO
                0x00412410      0x11c FlexCAN_Ip.o
 .text.FlexCAN_StartRxMessageFifoData.part.0
                0x0041252c       0xa4 FlexCAN_Ip.o
 .text.FlexCAN_IRQHandlerRxMB
                0x004125d0      0x114 FlexCAN_Ip.o
 .text.FlexCAN_IRQHandlerRxFIFO
                0x004126e4       0xa4 FlexCAN_Ip.o
 .text.FlexCAN_StartSendData
                0x00412788       0xec FlexCAN_Ip.o
 .text.FlexCAN_Ip_Init_Privileged
                0x00412874      0x350 FlexCAN_Ip.o
                0x00412874                FlexCAN_Ip_Init_Privileged
 .text.FlexCAN_Ip_Send
                0x00412bc4       0x74 FlexCAN_Ip.o
                0x00412bc4                FlexCAN_Ip_Send
 .text.FlexCAN_Ip_ConfigRxMb
                0x00412c38       0xb8 FlexCAN_Ip.o
                0x00412c38                FlexCAN_Ip_ConfigRxMb
 .text.FlexCAN_Ip_Receive
                0x00412cf0       0x58 FlexCAN_Ip.o
                0x00412cf0                FlexCAN_Ip_Receive
 .text.FlexCAN_Ip_RxFifo
                0x00412d48       0x44 FlexCAN_Ip.o
                0x00412d48                FlexCAN_Ip_RxFifo
 .text.FlexCAN_Ip_ConfigRxFifo_Privileged
                0x00412d8c       0x6c FlexCAN_Ip.o
                0x00412d8c                FlexCAN_Ip_ConfigRxFifo_Privileged
 .text.FlexCAN_Ip_ConfigEnhancedRxFifo_Privileged
                0x00412df8       0x74 FlexCAN_Ip.o
                0x00412df8                FlexCAN_Ip_ConfigEnhancedRxFifo_Privileged
 .text.FlexCAN_Ip_GetTransferStatus
                0x00412e6c       0x54 FlexCAN_Ip.o
                0x00412e6c                FlexCAN_Ip_GetTransferStatus
 .text.FlexCAN_IRQHandler
                0x00412ec0      0x318 FlexCAN_Ip.o
                0x00412ec0                FlexCAN_IRQHandler
 .text.FlexCAN_Busoff_Error_IRQHandler
                0x004131d8       0xd4 FlexCAN_Ip.o
                0x004131d8                FlexCAN_Busoff_Error_IRQHandler
 .text.FlexCAN_Ip_EnterFreezeMode_Privileged
                0x004132ac       0x10 FlexCAN_Ip.o
                0x004132ac                FlexCAN_Ip_EnterFreezeMode_Privileged
 .text.FlexCAN_Ip_SetRxIndividualMask_Privileged
                0x004132bc       0x88 FlexCAN_Ip.o
                0x004132bc                FlexCAN_Ip_SetRxIndividualMask_Privileged
 .text.FlexCAN_Ip_SetRxFifoGlobalMask_Privileged
                0x00413344       0x5c FlexCAN_Ip.o
                0x00413344                FlexCAN_Ip_SetRxFifoGlobalMask_Privileged
 .text.FlexCAN_Ip_SetStartMode_Privileged
                0x004133a0       0x30 FlexCAN_Ip.o
                0x004133a0                FlexCAN_Ip_SetStartMode_Privileged
 .text.FlexCAN_Ip_SetStopMode_Privileged
                0x004133d0       0x2c FlexCAN_Ip.o
                0x004133d0                FlexCAN_Ip_SetStopMode_Privileged
 .text.FlexCAN_Ip_SetRxMaskType_Privileged
                0x004133fc       0x78 FlexCAN_Ip.o
                0x004133fc                FlexCAN_Ip_SetRxMaskType_Privileged
 .text.FlexCAN_Ip_SetBitrate_Privileged
                0x00413474      0x194 FlexCAN_Ip.o
                0x00413474                FlexCAN_Ip_SetBitrate_Privileged
 .text.FlexCAN_Ip_SetBitrateCbt_Privileged
                0x00413608      0x184 FlexCAN_Ip.o
                0x00413608                FlexCAN_Ip_SetBitrateCbt_Privileged
 .text.FlexCAN_Ip_SetTDCOffset_Privileged
                0x0041378c       0xb4 FlexCAN_Ip.o
                0x0041378c                FlexCAN_Ip_SetTDCOffset_Privileged
 .text.FlexCAN_Ip_SetTxArbitrationStartDelay_Privileged
                0x00413840       0x88 FlexCAN_Ip.o
                0x00413840                FlexCAN_Ip_SetTxArbitrationStartDelay_Privileged
 .text.FlexCAN_Ip_EnableInterrupts_Privileged
                0x004138c8       0x60 FlexCAN_Ip.o
                0x004138c8                FlexCAN_Ip_EnableInterrupts_Privileged
 .text.FlexCAN_Ip_DisableInterrupts_Privileged
                0x00413928       0x54 FlexCAN_Ip.o
                0x00413928                FlexCAN_Ip_DisableInterrupts_Privileged
 .text.FlexCAN_Ip_AbortTransfer
                0x0041397c      0x1ec FlexCAN_Ip.o
                0x0041397c                FlexCAN_Ip_AbortTransfer
 .text.FlexCAN_GetMsgBuffRegion
                0x00413b68       0x7c FlexCAN_Ip_HwAccess.o
                0x00413b68                FlexCAN_GetMsgBuffRegion
 .text.FlexCAN_EnterFreezeMode
                0x00413be4       0x68 FlexCAN_Ip_HwAccess.o
                0x00413be4                FlexCAN_EnterFreezeMode
 .text.FlexCAN_Enable
                0x00413c4c       0x54 FlexCAN_Ip_HwAccess.o
                0x00413c4c                FlexCAN_Enable
 .text.FlexCAN_ExitFreezeMode
                0x00413ca0       0x5c FlexCAN_Ip_HwAccess.o
                0x00413ca0                FlexCAN_ExitFreezeMode
 .text.FlexCAN_Disable
                0x00413cfc       0x58 FlexCAN_Ip_HwAccess.o
                0x00413cfc                FlexCAN_Disable
 .text.FlexCAN_Init
                0x00413d54      0x164 FlexCAN_Ip_HwAccess.o
                0x00413d54                FlexCAN_Init
 .text.FlexCAN_EnableRxFifo
                0x00413eb8       0x9c FlexCAN_Ip_HwAccess.o
                0x00413eb8                FlexCAN_EnableRxFifo
 .text.FlexCAN_SetPayloadSize
                0x00413f54       0x6c FlexCAN_Ip_HwAccess.o
                0x00413f54                FlexCAN_SetPayloadSize
 .text.FlexCAN_GetMbPayloadSize
                0x00413fc0       0x68 FlexCAN_Ip_HwAccess.o
                0x00413fc0                FlexCAN_GetMbPayloadSize
 .text.FlexCAN_LockRxMsgBuff
                0x00414028        0xc FlexCAN_Ip_HwAccess.o
                0x00414028                FlexCAN_LockRxMsgBuff
 .text.FlexCAN_SetMsgBuffIntCmd
                0x00414034      0x100 FlexCAN_Ip_HwAccess.o
                0x00414034                FlexCAN_SetMsgBuffIntCmd
 .text.FLEXCAN_ClearMsgBuffIntCmd
                0x00414134       0xa0 FlexCAN_Ip_HwAccess.o