Archive member included to satisfy reference by file (symbol)

e:/matlabaddons/toolboxes/nxp_mbdtoolbox_s32k3/tools/build_tools/gcc_v10.2/gcc-10.2-arm32-eabi/bin/../lib/gcc/arm-none-eabi/10.2.0/thumb/v7e-m+fp/hard\libgcc.a(_aeabi_ldivmod.o)
                              Clock_Ip_Frequency.o (__aeabi_ldivmod)
e:/matlabaddons/toolboxes/nxp_mbdtoolbox_s32k3/tools/build_tools/gcc_v10.2/gcc-10.2-arm32-eabi/bin/../lib/gcc/arm-none-eabi/10.2.0/thumb/v7e-m+fp/hard\libgcc.a(_aeabi_uldivmod.o)
                              Clock_Ip_Frequency.o (__aeabi_uldivmod)
e:/matlabaddons/toolboxes/nxp_mbdtoolbox_s32k3/tools/build_tools/gcc_v10.2/gcc-10.2-arm32-eabi/bin/../lib/gcc/arm-none-eabi/10.2.0/thumb/v7e-m+fp/hard\libgcc.a(_udivmoddi4.o)
                              e:/matlabaddons/toolboxes/nxp_mbdtoolbox_s32k3/tools/build_tools/gcc_v10.2/gcc-10.2-arm32-eabi/bin/../lib/gcc/arm-none-eabi/10.2.0/thumb/v7e-m+fp/hard\libgcc.a(_aeabi_ldivmod.o) (__udivmoddi4)
e:/matlabaddons/toolboxes/nxp_mbdtoolbox_s32k3/tools/build_tools/gcc_v10.2/gcc-10.2-arm32-eabi/bin/../lib/gcc/arm-none-eabi/10.2.0/thumb/v7e-m+fp/hard\libgcc.a(_dvmd_tls.o)
                              e:/matlabaddons/toolboxes/nxp_mbdtoolbox_s32k3/tools/build_tools/gcc_v10.2/gcc-10.2-arm32-eabi/bin/../lib/gcc/arm-none-eabi/10.2.0/thumb/v7e-m+fp/hard\libgcc.a(_aeabi_ldivmod.o) (__aeabi_ldiv0)
e:/matlabaddons/toolboxes/nxp_mbdtoolbox_s32k3/tools/build_tools/gcc_v10.2/gcc-10.2-arm32-eabi/bin/../lib/gcc/arm-none-eabi/10.2.0/../../../../arm-none-eabi/lib/thumb/v7e-m+fp/hard\libc_nano.a(lib_a-memmove.o)
                              Siul2_Port_Ip.o (memmove)
e:/matlabaddons/toolboxes/nxp_mbdtoolbox_s32k3/tools/build_tools/gcc_v10.2/gcc-10.2-arm32-eabi/bin/../lib/gcc/arm-none-eabi/10.2.0/../../../../arm-none-eabi/lib/thumb/v7e-m+fp/hard\libc_nano.a(lib_a-memset.o)
                              freemaster_pipes.o (memset)

Discarded input sections

 .text          0x00000000        0x0 Adc_Params.o
 .data          0x00000000        0x0 Adc_Params.o
 .bss           0x00000000        0x0 Adc_Params.o
 .text          0x00000000        0x0 RBCM_Model.o
 .data          0x00000000        0x0 RBCM_Model.o
 .bss           0x00000000        0x0 RBCM_Model.o
 .text          0x00000000        0x0 RBCM_Model_data.o
 .data          0x00000000        0x0 RBCM_Model_data.o
 .bss           0x00000000        0x0 RBCM_Model_data.o
 .text          0x00000000        0x0 freemaster_appcmd.o
 .data          0x00000000        0x0 freemaster_appcmd.o
 .bss           0x00000000        0x0 freemaster_appcmd.o
 .text.FMSTR_AppCmdAck
                0x00000000        0x4 freemaster_appcmd.o
 .text.FMSTR_AppCmdSetResponseData
                0x00000000        0x4 freemaster_appcmd.o
 .text.FMSTR_GetAppCmd
                0x00000000        0x4 freemaster_appcmd.o
 .text.FMSTR_GetAppCmdData
                0x00000000        0x4 freemaster_appcmd.o
 .text.FMSTR_RegisterAppCmdCall
                0x00000000        0x4 freemaster_appcmd.o
 .debug_info    0x00000000      0x1e1 freemaster_appcmd.o
 .debug_abbrev  0x00000000       0xe9 freemaster_appcmd.o
 .debug_loc     0x00000000       0x4a freemaster_appcmd.o
 .debug_aranges
                0x00000000       0x40 freemaster_appcmd.o
 .debug_ranges  0x00000000       0x30 freemaster_appcmd.o
 .debug_line    0x00000000      0x13b freemaster_appcmd.o
 .debug_str     0x00000000      0x3ee freemaster_appcmd.o
 .comment       0x00000000       0x89 freemaster_appcmd.o
 .debug_frame   0x00000000       0x60 freemaster_appcmd.o
 .ARM.attributes
                0x00000000       0x34 freemaster_appcmd.o
 .text          0x00000000        0x0 freemaster_pipes.o
 .data          0x00000000        0x0 freemaster_pipes.o
 .bss           0x00000000        0x0 freemaster_pipes.o
 .text._FMSTR_PipeIToAFinalize
                0x00000000      0x180 freemaster_pipes.o
 .text.FMSTR_PipeU8ToA
                0x00000000      0x114 freemaster_pipes.o
 .text.FMSTR_PipeS8ToA
                0x00000000       0x40 freemaster_pipes.o
 .text.FMSTR_PipeU16ToA
                0x00000000      0x108 freemaster_pipes.o
 .text.FMSTR_PipeS16ToA
                0x00000000       0x40 freemaster_pipes.o
 .text.FMSTR_PipeU32ToA
                0x00000000      0x114 freemaster_pipes.o
 .text.FMSTR_PipeS32ToA
                0x00000000       0x34 freemaster_pipes.o
 .text.FMSTR_PipeParseFormat
                0x00000000      0x128 freemaster_pipes.o
 .text.FMSTR_PipeOpen
                0x00000000       0x58 freemaster_pipes.o
 .text.FMSTR_PipeClose
                0x00000000        0x8 freemaster_pipes.o
 .text.FMSTR_PipeWrite
                0x00000000       0xa0 freemaster_pipes.o
 .text.FMSTR_PipePuts
                0x00000000       0x54 freemaster_pipes.o
 .text._FMSTR_PipePrintfOne
                0x00000000      0x188 freemaster_pipes.o
 .text.FMSTR_PipePrintfU8
                0x00000000       0x20 freemaster_pipes.o
 .text.FMSTR_PipePrintfS8
[...]
Memory Configuration

Name             Origin             Length             Attributes
int_pflash       0x00400000         0x003d4000
int_dflash       0x10000000         0x00020000
int_itcm         0x00000000         0x00010000
int_dtcm         0x20000000         0x0001f000
int_stack_dtcm   0x2001f000         0x00001000
int_sram         0x20400000         0x0002ff00
int_sram_fls_rsv 0x2042ff00         0x00000100
int_sram_no_cacheable 0x20430000         0x0000ff00
int_sram_results 0x2043ff00         0x00000100
int_sram_shareable 0x20440000         0x00004000
ram_rsvd2        0x20444000         0x00000000
*default*        0x00000000         0xffffffff

Linker script and memory map

LOAD Adc_Params.o
LOAD RBCM_Model.o
LOAD RBCM_Model_data.o
LOAD freemaster_appcmd.o
LOAD freemaster_pipes.o
LOAD freemaster_protocol.o
LOAD freemaster_rec.o
LOAD freemaster_s32k3xx_lpuart.o
LOAD freemaster_scope.o
LOAD freemaster_serial.o
LOAD freemaster_tsa.o
LOAD freemaster_ures.o
LOAD freemaster_utils.o
LOAD mbdt_board_init.o
LOAD mbdt_lpuart.o
LOAD s32k3_trigger_config.o
LOAD exceptions.o
LOAD nvic.o
LOAD startup.o
LOAD sys_init.o
LOAD system.o
LOAD Vector_Table.o
LOAD startup_cm7.o
LOAD Adc.o
LOAD Adc_Ipw.o
LOAD Adc_Ipw_Irq.o
LOAD Adc_Sar_Ip.o
LOAD Adc_Sar_Ip_Irq.o
LOAD Axbs_Ip.o
LOAD Bctu_Ip.o
LOAD Bctu_Ip_Irq.o
LOAD C40_Ip.o
LOAD C40_Ip_Ac.o
LOAD CDD_I2c.o
LOAD CDD_I2c_Ipw.o
LOAD CDD_Mcl.o
LOAD CDD_Mcl_Ipw.o
LOAD CDD_Rm.o
LOAD CDD_Rm_Ipw.o
LOAD CDD_Uart.o
LOAD Cache_Ip.o
LOAD Cache_Ip_HwAcc_ArmCoreMx.o
LOAD Can_43_FLEXCAN.o
LOAD Can_43_FLEXCAN_Ipw.o
LOAD Can_43_FLEXCAN_Irq.o
LOAD Clock_Ip.o
LOAD Clock_Ip_Data.o
LOAD Clock_Ip_Divider.o
LOAD Clock_Ip_DividerTrigger.o
LOAD Clock_Ip_ExtOsc.o
LOAD Clock_Ip_FracDiv.o
LOAD Clock_Ip_Frequency.o
LOAD Clock_Ip_Gate.o
LOAD Clock_Ip_IntOsc.o
LOAD Clock_Ip_Irq.o
LOAD Clock_Ip_Monitor.o
LOAD Clock_Ip_Pll.o
LOAD Clock_Ip_ProgFreqSwitch.o
LOAD Clock_Ip_Selector.o
LOAD Clock_Ip_Specific.o
LOAD Cmp_Ip.o
LOAD DSPSS_Api.o
LOAD Det.o
LOAD Det_stub.o
LOAD Dio.o
LOAD Dio_Ipw.o
LOAD Dma_Ip.o
LOAD Dma_Ip_Driver_State.o
LOAD Dma_Ip_Hw_Access.o
LOAD Dma_Ip_Irq.o
LOAD Dma_Ip_Multicore.o
LOAD Dma_Mux_Ip.o
LOAD Dspi_Ip.o
LOAD Dspi_Ip_Irq.o
LOAD EcuM.o
LOAD Emios_Gpt_Ip.o
LOAD Emios_Icu_Ip.o
LOAD Emios_Icu_Ip_Irq.o
LOAD Emios_Mcl_Ip.o
LOAD Emios_Mcl_Ip_Irq.o
LOAD Emios_Pwm_Ip.o
LOAD Emios_Pwm_Ip_Irq.o
LOAD Etpu_Pwm_Ip.o
LOAD Etpu_Pwm_Ip_Irq.o
LOAD Fee.o
LOAD FlexCAN_Ip.o
LOAD FlexCAN_Ip_HwAccess.o
LOAD FlexCAN_Ip_Irq.o
LOAD FlexPwm_Ip.o
LOAD FlexPwm_Ip_Irq.o
LOAD Flexio_I2c_Ip.o
LOAD Flexio_Lin_Ip.o
LOAD Flexio_Mcl_Ip.o
LOAD Flexio_Mcl_Ip_HwAccess.o
LOAD Flexio_Mcl_Ip_Irq.o
LOAD Flexio_Pwm_Ip.o
LOAD Flexio_Pwm_Ip_Irq.o
LOAD Flexio_Spi_Ip.o
LOAD Flexio_Spi_Ip_Irq.o
LOAD Flexio_Uart_Ip.o
LOAD Flexio_Uart_Ip_Irq.o
LOAD Gpt.o
LOAD Gpt_Ipw.o
LOAD Icu.o
LOAD Icu_Ipw.o
LOAD Igf_Port_Ip.o
LOAD IntCtrl_Ip.o
LOAD Lcu_Ip.o
LOAD Lcu_Ip_Hw_Access.o
LOAD Lcu_Ip_Irq.o
LOAD Lcu_Ip_Multicore.o
LOAD Lin_43_LPUART_FLEXIO.o
LOAD Lin_43_LPUART_FLEXIO_ASRExt.o
LOAD Lin_43_LPUART_FLEXIO_Ipw.o
LOAD Lin_Ip_Common.o
LOAD Lpi2c_Ip.o
LOAD Lpi2c_Ip_Irq.o
LOAD Lpspi_Ip.o
LOAD Lpspi_Ip_Irq.o
LOAD Lpuart_Lin_Ip.o
LOAD Lpuart_Lin_Ip_Hw_Access.o
LOAD Lpuart_Lin_Ip_Irq.o
LOAD Lpuart_Uart_Ip.o
LOAD Lpuart_Uart_Ip_Irq.o
LOAD Mcu.o
LOAD Mcu_Dem_Wrapper.o
LOAD Mcu_Ipw.o
LOAD MemAcc.o
LOAD MemAcc_Sema4.o
LOAD Mem_43_INFLS.o
LOAD Mem_43_INFLS_Ipw.o
LOAD Mem_43_INFLS_Software_Semaphore.o
LOAD Mpu_M7_Ip.o
LOAD Mscm_Ip.o
LOAD OsIf_Interrupts.o
LOAD OsIf_Timer.o
LOAD OsIf_Timer_System.o
LOAD OsIf_Timer_System_Internal_Systick.o
LOAD Os_counter_api.o
LOAD Os_event.o
LOAD Os_isr.o
LOAD Os_multicore.o
LOAD Os_scheduler.o
LOAD Osif_Software_Semaphore.o
LOAD Pflash_Ip.o
LOAD Pit_Ip.o
LOAD Platform.o
LOAD Platform_Ipw.o
LOAD Port.o
LOAD Port_Ipw.o
LOAD Power_Ip.o
LOAD Power_Ip_AEC.o
LOAD Power_Ip_CortexM7.o
LOAD Power_Ip_DCM_GPR.o
LOAD Power_Ip_FLASH.o
LOAD Power_Ip_MC_ME.o
LOAD Power_Ip_MC_RGM.o
LOAD Power_Ip_MC_RGM_Irq.o
LOAD Power_Ip_PMC.o
LOAD Power_Ip_PMC_Irq.o
LOAD Power_Ip_Private.o
LOAD Pwm.o
LOAD Pwm_Ipw.o
LOAD Pwm_Ipw_Irq.o
LOAD Ram_Ip.o
LOAD Rtc_Ip.o
LOAD SchM_Adc.o
LOAD SchM_Ae.o
LOAD SchM_Can.o
LOAD SchM_CanTrcv_43_AE.o
LOAD SchM_CanTrcv_43_fs23.o
LOAD SchM_CanTrcv_43_fs65.o
LOAD SchM_Can_43_FLEXCAN.o
LOAD SchM_Crc.o
LOAD SchM_Crypto.o
LOAD SchM_Crypto_43_ACE.o
LOAD SchM_Crypto_43_HSE.o
LOAD SchM_Dio.o
LOAD SchM_Dpga.o
LOAD SchM_Eep.o
LOAD SchM_Eth.o
LOAD SchM_EthSwt_43_SJA11XX.o
LOAD SchM_EthTrcv_43_PHY.o
LOAD SchM_Eth_43_GMAC.o
LOAD SchM_Etpu.o
LOAD SchM_Fee.o
LOAD SchM_Fls.o
LOAD SchM_Gd3162.o
LOAD SchM_Gdu.o
LOAD SchM_Gpt.o
LOAD SchM_I2c.o
LOAD SchM_I2s.o
LOAD SchM_Icu.o
LOAD SchM_Ipcf.o
LOAD SchM_Iseled.o
LOAD SchM_LinTrcv_43_fs23.o
LOAD SchM_LinTrcv_43_fs65.o
LOAD SchM_Lin_43_LPUART_FLEXIO.o
LOAD SchM_Mc12xs6.o
LOAD SchM_Mcl.o
LOAD SchM_Mcu.o
LOAD SchM_MemAcc.o
LOAD SchM_Mem_43_EEP.o
LOAD SchM_Mem_43_EXFLS.o
LOAD SchM_Mem_43_INFLS.o
LOAD SchM_Motor_control.o
LOAD SchM_Nvm.o
LOAD SchM_Ocotp.o
LOAD SchM_Ocu.o
LOAD SchM_Platform.o
LOAD SchM_Port.o
LOAD SchM_Pwm.o
LOAD SchM_Pwm_etpu.o
LOAD SchM_Rdc_checker.o
LOAD SchM_Rm.o
LOAD SchM_Sbc_fs23.o
LOAD SchM_Sbc_fs26.o
LOAD SchM_Sbc_fs65.o
LOAD SchM_Sent.o
LOAD SchM_Spi.o
LOAD SchM_Uart.o
LOAD SchM_Wdg.o
LOAD SchM_Wdg_43_fs23.o
LOAD SchM_Wdg_43_fs26.o
LOAD SchM_Wdg_43_fs65.o
LOAD SchM_Zipwire.o
LOAD Sdadc_Ip.o
LOAD Sdadc_Ip_Irq.o
LOAD Sema42_Ip.o
LOAD Siul2_Dio_Ip.o
LOAD Siul2_Icu_Ip.o
LOAD Siul2_Icu_Ip_Irq.o
LOAD Siul2_Port_Ip.o
LOAD Spi.o
LOAD Spi_Ipw.o
LOAD Stm_Ip.o
LOAD System_Ip.o
LOAD Trgmux_Ip.o
LOAD Trgmux_Ip_HwAcc.o
LOAD Tspc_Port_Ip.o
LOAD Uart_Ipw.o
LOAD Virt_Wrapper_Ip.o
LOAD Wkpu_Ip.o
LOAD Wkpu_Ip_Irq.o
LOAD Xbic_Ip.o
LOAD Xrdc_Ip.o
LOAD Adc_Cfg.o
LOAD Adc_Ipw_MBDT_PBcfg.o
LOAD Adc_MBDT_PBcfg.o
LOAD Adc_Sar_Ip_MBDT_PBcfg.o
LOAD Axbs_Ip_MBDT_PBcfg.o
LOAD Bctu_Ip_MBDT_PBcfg.o
LOAD C40_Ip_Cfg.o
LOAD CDD_I2c_Cfg.o
LOAD CDD_I2c_Ipw_MBDT_PBcfg.o
LOAD CDD_I2c_MBDT_PBcfg.o
LOAD CDD_Mcl_Cfg.o
LOAD CDD_Mcl_MBDT_PBcfg.o
LOAD CDD_Rm_Cfg.o
LOAD CDD_Rm_Ipw_MBDT_PBcfg.o
LOAD CDD_Rm_MBDT_PBcfg.o
LOAD CDD_Uart_MBDT_PBcfg.o
LOAD CanIf_Cfg.o
LOAD CanIf_MBDT_PBcfg.o
LOAD Can_43_FLEXCAN_Ipw_MBDT_PBcfg.o
LOAD Can_43_FLEXCAN_MBDT_PBcfg.o
LOAD Clock_Ip_Cfg.o
LOAD Clock_Ip_MBDT_PBcfg.o
LOAD Cmp_Ip_MBDT_PBcfg.o
LOAD Dio_Cfg.o
LOAD Dma_Ip_Cfg.o
LOAD Dma_Ip_MBDT_PBcfg.o
LOAD Dma_Mux_Ip_MBDT_PBcfg.o
LOAD Dspi_Ip_MBDT_PBcfg.o
LOAD Emios_Gpt_Ip_MBDT_PBcfg.o
LOAD Emios_Icu_Ip_MBDT_PBcfg.o
LOAD Emios_Mcl_Ip_MBDT_PBcfg.o
LOAD Emios_Pwm_Ip_MBDT_PBcfg.o
LOAD Etpu_Pwm_Ip_MBDT_PBcfg.o
LOAD Fee_Cfg.o
LOAD FlexCAN_Ip_MBDT_PBcfg.o
LOAD FlexPwm_Ip_MBDT_PBcfg.o
LOAD Flexio_I2c_Ip_MBDT_PBcfg.o
LOAD Flexio_Lin_Ip_MBDT_PBcfg.o
LOAD Flexio_Mcl_Ip_MBDT_PBcfg.o
LOAD Flexio_Pwm_Ip_MBDT_PBcfg.o
LOAD Flexio_Spi_Ip_MBDT_PBcfg.o
LOAD Flexio_Uart_Ip_MBDT_PBcfg.o
LOAD Gpt_Cfg.o
LOAD Gpt_Ipw_MBDT_PBcfg.o
LOAD Gpt_MBDT_PBcfg.o
LOAD Icu_Cfg.o
LOAD Icu_DmaNotification.o
LOAD Icu_Ipw_MBDT_PBcfg.o
LOAD Icu_MBDT_PBcfg.o
LOAD Igf_Port_Ip_MBDT_PBcfg.o
LOAD IntCtrl_Ip_Cfg.o
LOAD Lcu_Ip_Cfg.o
LOAD Lcu_Ip_MBDT_PBcfg.o
LOAD Lin_43_LPUART_FLEXIO_Cfg.o
LOAD Lin_43_LPUART_FLEXIO_Ipw_MBDT_PBcfg.o
LOAD Lin_43_LPUART_FLEXIO_MBDT_PBcfg.o
LOAD Lpi2c_Ip_MBDT_PBcfg.o
LOAD Lpspi_Ip_MBDT_PBcfg.o
LOAD Lpuart_Lin_Ip_MBDT_PBcfg.o
LOAD Lpuart_Uart_Ip_MBDT_PBcfg.o
LOAD Mcu_Cfg.o
LOAD Mcu_MBDT_PBcfg.o
LOAD MemAcc_Cfg.o
LOAD MemAcc_MBDT_PBcfg.o
LOAD Mem_43_INFLS_Cfg.o
LOAD Mpu_M7_Ip_Cfg.o
LOAD Mscm_Ip_MBDT_PBcfg.o
LOAD OsIf_Cfg.o
LOAD Pflash_Ip_Cfg.o
LOAD Pflash_Ip_MBDT_PBcfg.o
LOAD Pit_Ip_MBDT_PBcfg.o
LOAD Platform_Cfg.o
LOAD Platform_Ipw_Cfg.o
LOAD Port_Cfg.o
LOAD Port_MBDT_PBcfg.o
LOAD Power_Ip_Cfg.o
LOAD Power_Ip_MBDT_PBcfg.o
LOAD Pwm_MBDT_PBcfg.o
LOAD Ram_Ip_Cfg.o
LOAD Ram_Ip_MBDT_PBcfg.o
LOAD Rtc_Ip_MBDT_PBcfg.o
LOAD Sdadc_Ip_MBDT_PBcfg.o
LOAD Siul2_Icu_Ip_MBDT_PBcfg.o
LOAD Siul2_Port_Ip_Cfg.o
LOAD Siul2_Port_Ip_MBDT_PBcfg.o
LOAD Spi_Ipw_MBDT_PBcfg.o
LOAD Spi_MBDT_PBcfg.o
LOAD Stm_Ip_MBDT_PBcfg.o
LOAD Trgmux_Ip_Cfg.o
LOAD Trgmux_Ip_MBDT_PBcfg.o
LOAD Tspc_Port_Ip_Cfg.o
LOAD Tspc_Port_Ip_MBDT_PBcfg.o
LOAD Uart_Ipw_MBDT_PBcfg.o
LOAD Virt_Wrapper_Ip_MBDT_PBcfg.o
LOAD Wkpu_Ip_MBDT_PBcfg.o
LOAD Xbic_Ip_MBDT_PBcfg.o
LOAD Xrdc_Ip_Cfg.o
LOAD Xrdc_Ip_MBDT_PBcfg.o
LOAD ert_main.o
LOAD e:/matlabaddons/toolboxes/nxp_mbdtoolbox_s32k3/tools/build_tools/gcc_v10.2/gcc-10.2-arm32-eabi/bin/../lib/gcc/arm-none-eabi/10.2.0/../../../../arm-none-eabi/lib/thumb/v7e-m+fp/hard\libm.a
START GROUP
LOAD e:/matlabaddons/toolboxes/nxp_mbdtoolbox_s32k3/tools/build_tools/gcc_v10.2/gcc-10.2-arm32-eabi/bin/../lib/gcc/arm-none-eabi/10.2.0/thumb/v7e-m+fp/hard\libgcc.a
LOAD e:/matlabaddons/toolboxes/nxp_mbdtoolbox_s32k3/tools/build_tools/gcc_v10.2/gcc-10.2-arm32-eabi/bin/../lib/gcc/arm-none-eabi/10.2.0/../../../../arm-none-eabi/lib/thumb/v7e-m+fp/hard\libc_nano.a
END GROUP
START GROUP
LOAD e:/matlabaddons/toolboxes/nxp_mbdtoolbox_s32k3/tools/build_tools/gcc_v10.2/gcc-10.2-arm32-eabi/bin/../lib/gcc/arm-none-eabi/10.2.0/thumb/v7e-m+fp/hard\libgcc.a
LOAD e:/matlabaddons/toolboxes/nxp_mbdtoolbox_s32k3/tools/build_tools/gcc_v10.2/gcc-10.2-arm32-eabi/bin/../lib/gcc/arm-none-eabi/10.2.0/../../../../arm-none-eabi/lib/thumb/v7e-m+fp/hard\libc_nano.a
LOAD e:/matlabaddons/toolboxes/nxp_mbdtoolbox_s32k3/tools/build_tools/gcc_v10.2/gcc-10.2-arm32-eabi/bin/../lib/gcc/arm-none-eabi/10.2.0/../../../../arm-none-eabi/lib/thumb/v7e-m+fp/hard\libnosys.a
END GROUP
START GROUP
LOAD e:/matlabaddons/toolboxes/nxp_mbdtoolbox_s32k3/tools/build_tools/gcc_v10.2/gcc-10.2-arm32-eabi/bin/../lib/gcc/arm-none-eabi/10.2.0/thumb/v7e-m+fp/hard\libgcc.a
LOAD e:/matlabaddons/toolboxes/nxp_mbdtoolbox_s32k3/tools/build_tools/gcc_v10.2/gcc-10.2-arm32-eabi/bin/../lib/gcc/arm-none-eabi/10.2.0/../../../../arm-none-eabi/lib/thumb/v7e-m+fp/hard\libc_nano.a
LOAD e:/matlabaddons/toolboxes/nxp_mbdtoolbox_s32k3/tools/build_tools/gcc_v10.2/gcc-10.2-arm32-eabi/bin/../lib/gcc/arm-none-eabi/10.2.0/../../../../arm-none-eabi/lib/thumb/v7e-m+fp/hard\libnosys.a
END GROUP
                0x00002000                HEAP_SIZE = DEFINED (__heap_size__)?__heap_size__:0x2000
                0x20407fff                __STANDBY_RAM_LIMIT_END = 0x20407fff

.pflash         0x00400000    0x22908
 *(.boot_header)
 .boot_header   0x00400000      0x100 startup_cm7.o
                0x00402000                . = ALIGN (0x2000)
 *fill*         0x00400100     0x1f00 
                0x00402000                __text_start = .
                0x00402000                __interrupts_init_start = .
 *(.intc_vector)
 .intc_vector   0x00402000      0x408 Vector_Table.o
                0x00402000                VTABLE
                0x00402408                . = ALIGN (0x4)
                0x00402408                __interrupts_init_end = .
 *(.core_loop)
 .core_loop     0x00402408        0xc startup_cm7.o
                0x00402408                _core_loop
                0x00402414                . = ALIGN (0x4)
 *(.startup)
 *fill*         0x00402414        0xc 
 .startup       0x00402420      0x214 startup_cm7.o
                0x00402420                _start
                0x00402420                Reset_Handler
                0x004025b4                MCAL_LTB_TRACE_OFF
                0x004025b6                _end_of_eunit_test
                0x00402634                . = ALIGN (0x4)
 *(.systeminit)
                0x00402634                . = ALIGN (0x4)
 *(.text.startup)
                0x00402634                . = ALIGN (0x4)
 *(.text)
 .text          0x00402634       0x30 e:/matlabaddons/toolboxes/nxp_mbdtoolbox_s32k3/tools/build_tools/gcc_v10.2/gcc-10.2-arm32-eabi/bin/../lib/gcc/arm-none-eabi/10.2.0/thumb/v7e-m+fp/hard\libgcc.a(_aeabi_uldivmod.o)
                0x00402634                __aeabi_uldivmod
 .text          0x00402664      0x2d8 e:/matlabaddons/toolboxes/nxp_mbdtoolbox_s32k3/tools/build_tools/gcc_v10.2/gcc-10.2-arm32-eabi/bin/../lib/gcc/arm-none-eabi/10.2.0/thumb/v7e-m+fp/hard\libgcc.a(_udivmoddi4.o)
                0x00402664                __udivmoddi4
 .text          0x0040293c        0x4 e:/matlabaddons/toolboxes/nxp_mbdtoolbox_s32k3/tools/build_tools/gcc_v10.2/gcc-10.2-arm32-eabi/bin/../lib/gcc/arm-none-eabi/10.2.0/thumb/v7e-m+fp/hard\libgcc.a(_dvmd_tls.o)
                0x0040293c                __aeabi_idiv0
                0x0040293c                __aeabi_ldiv0
 *(.text*)
 .text.RBCM_Model_step
                0x00402940        0x4 RBCM_Model.o
                0x00402940                RBCM_Model_step
 .text.RBCM_Model_initialize
                0x00402944      0x1a8 RBCM_Model.o
                0x00402944                RBCM_Model_initialize
 .text.RBCM_Model_terminate
                0x00402aec        0x4 RBCM_Model.o
                0x00402aec                RBCM_Model_terminate
 .text.FMSTR_InitPipes
                0x00402af0       0x10 freemaster_pipes.o
                0x00402af0                FMSTR_InitPipes
 .text.FMSTR_GetPipe
                0x00402b00       0x74 freemaster_pipes.o
                0x00402b00                FMSTR_GetPipe
 .text.FMSTR_PipeFrame
                0x00402b74      0x1f4 freemaster_pipes.o
                0x00402b74                FMSTR_PipeFrame
 .text.FMSTR_Init
                0x00402d68       0x40 freemaster_protocol.o
                0x00402d68                FMSTR_Init
 .text.FMSTR_Poll
                0x00402da8        0xc freemaster_protocol.o
                0x00402da8                FMSTR_Poll
 .text._FMSTR_GetBoardConfig
                0x00402db4      0x108 freemaster_protocol.o
                0x00402db4                _FMSTR_GetBoardConfig
 .text._FMSTR_WriteMem
                0x00402ebc       0x40 freemaster_protocol.o
                0x00402ebc                _FMSTR_WriteMem
 .text.FMSTR_ProtocolDecoder
                0x00402efc      0x144 freemaster_protocol.o
                0x00402efc                FMSTR_ProtocolDecoder
 .text._FMSTR_S32K3XX_Init
                0x00403040       0x10 freemaster_s32k3xx_lpuart.o
 .text._FMSTR_S32K3XX_IsTransmitRegEmpty
                0x00403050       0x10 freemaster_s32k3xx_lpuart.o
 .text._FMSTR_S32K3XX_IsReceiveRegFull
                0x00403060       0x20 freemaster_s32k3xx_lpuart.o
 .text._FMSTR_S32K3XX_IsTransmitterActive
                0x00403080       0x14 freemaster_s32k3xx_lpuart.o
 .text._FMSTR_S32K3XX_PutChar
                0x00403094        0xc freemaster_s32k3xx_lpuart.o
 .text._FMSTR_S32K3XX_GetChar
                0x004030a0       0x10 freemaster_s32k3xx_lpuart.o
 .text._FMSTR_S32K3XX_Flush
                0x004030b0        0x4 freemaster_s32k3xx_lpuart.o
 .text._FMSTR_S32K3XX_EnableTransmit
                0x004030b4       0x1c freemaster_s32k3xx_lpuart.o
 .text._FMSTR_S32K3XX_EnableReceive
                0x004030d0       0x1c freemaster_s32k3xx_lpuart.o
 .text._FMSTR_S32K3XX_EnableTransmitInterrupt
                0x004030ec       0x1c freemaster_s32k3xx_lpuart.o
 .text._FMSTR_S32K3XX_EnableTransmitCompleteInterrupt
                0x00403108       0x1c freemaster_s32k3xx_lpuart.o
 .text._FMSTR_S32K3XX_EnableReceiveInterrupt
                0x00403124       0x1c freemaster_s32k3xx_lpuart.o
 .text.FMSTR_SerialIsr
                0x00403140        0x4 freemaster_s32k3xx_lpuart.o
                0x00403140                FMSTR_SerialIsr
 .text.FMSTR_InitScope
                0x00403144       0x14 freemaster_scope.o
                0x00403144                FMSTR_InitScope
 .text.FMSTR_SetScope
                0x00403158       0xe4 freemaster_scope.o
                0x00403158                FMSTR_SetScope
 .text.FMSTR_ReadScope
                0x0040323c       0x70 freemaster_scope.o
                0x0040323c                FMSTR_ReadScope
 .text._FMSTR_Listen
                0x004032ac       0x4c freemaster_serial.o
 .text._FMSTR_SerialSendResponse
                0x004032f8       0xcc freemaster_serial.o
 .text._FMSTR_SerialInit
                0x004033c4       0x74 freemaster_serial.o
 .text._FMSTR_SerialPoll
                0x00403438      0x168 freemaster_serial.o
 .text.FMSTR_ProcessSerial
                0x004035a0       0xb8 freemaster_serial.o
                0x004035a0                FMSTR_ProcessSerial
 .text.FMSTR_LebDecode
                0x00403658       0x90 freemaster_utils.o
 .text.FMSTR_MemCpyFrom
                0x004036e8       0xb0 freemaster_utils.o
                0x004036e8                FMSTR_MemCpyFrom
 .text.FMSTR_MemCpyTo
                0x00403798       0xc0 freemaster_utils.o
                0x00403798                FMSTR_MemCpyTo
 .text.FMSTR_MemCpyToMasked
                0x00403858      0x158 freemaster_utils.o
                0x00403858                FMSTR_MemCpyToMasked
 .text.FMSTR_CopyToBuffer
                0x004039b0       0x10 freemaster_utils.o
                0x004039b0                FMSTR_CopyToBuffer
 .text.FMSTR_CopyFromBuffer
                0x004039c0       0x10 freemaster_utils.o
                0x004039c0                FMSTR_CopyFromBuffer
 .text.FMSTR_CopyFromBufferWithMask
                0x004039d0        0xc freemaster_utils.o
                0x004039d0                FMSTR_CopyFromBufferWithMask
 .text.FMSTR_AddressFromBuffer
                0x004039dc       0x64 freemaster_utils.o
                0x004039dc                FMSTR_AddressFromBuffer
 .text.FMSTR_SizeFromBuffer
                0x00403a40       0x64 freemaster_utils.o
                0x00403a40                FMSTR_SizeFromBuffer
 .text.FMSTR_IndexFromBuffer
                0x00403aa4       0x10 freemaster_utils.o
                0x00403aa4                FMSTR_IndexFromBuffer
 .text.FMSTR_UlebEncode
                0x00403ab4       0xb0 freemaster_utils.o
                0x00403ab4                FMSTR_UlebEncode
 .text.FMSTR_SizeToBuffer
                0x00403b64       0x18 freemaster_utils.o
                0x00403b64                FMSTR_SizeToBuffer
 .text.FMSTR_StringFromBuffer
                0x00403b7c       0x4c freemaster_utils.o
                0x00403b7c                FMSTR_StringFromBuffer
 .text.FMSTR_StringCopyToBuffer
                0x00403bc8       0x18 freemaster_utils.o
                0x00403bc8                FMSTR_StringCopyToBuffer
 .text.FMSTR_Crc8Init
                0x00403be0        0x8 freemaster_utils.o
                0x00403be0                FMSTR_Crc8Init
 .text.FMSTR_Crc8AddByte
                0x00403be8       0x1c freemaster_utils.o
                0x00403be8                FMSTR_Crc8AddByte
 .text._FMSTR_RingBuffCreate
                0x00403c04        0xc freemaster_utils.o
                0x00403c04                _FMSTR_RingBuffCreate
 .text._FMSTR_RingBuffPut
                0x00403c10       0x20 freemaster_utils.o
                0x00403c10                _FMSTR_RingBuffPut
 .text._FMSTR_RingBuffGet
                0x00403c30       0x28 freemaster_utils.o
                0x00403c30                _FMSTR_RingBuffGet
 .text._FMSTR_RingBuffHasData
                0x00403c58        0xc freemaster_utils.o
                0x00403c58                _FMSTR_RingBuffHasData
 .text._FMSTR_StrCmp
                0x00403c64       0x2c freemaster_utils.o
                0x00403c64                _FMSTR_StrCmp
 .text._FMSTR_StrLen
                0x00403c90       0x18 freemaster_utils.o
                0x00403c90                _FMSTR_StrLen
 .text._FMSTR_MemSet
                0x00403ca8        0x8 freemaster_utils.o
                0x00403ca8                _FMSTR_MemSet
 .text.Gpt_PitNotification
                0x00403cb0        0x4 mbdt_board_init.o
                0x00403cb0                Gpt_PitNotification
 .text.Adc_Adc0Group0Notification
                0x00403cb4        0x4 mbdt_board_init.o
                0x00403cb4                Adc_Adc0Group0Notification
 .text.Adc_Adc0Group1Notification
                0x00403cb8        0x4 mbdt_board_init.o
                0x00403cb8                Adc_Adc0Group1Notification
 .text.Adc_Adc1Group0Notification
                0x00403cbc        0x4 mbdt_board_init.o
                0x00403cbc                Adc_Adc1Group0Notification
 .text.Adc_Adc1Group1Notification
                0x00403cc0        0x4 mbdt_board_init.o
                0x00403cc0                Adc_Adc1Group1Notification
 .text.Adc_Adc2Group0Notification
                0x00403cc4        0x4 mbdt_board_init.o
                0x00403cc4                Adc_Adc2Group0Notification
 .text.Adc_Adc2Group1Notification
                0x00403cc8        0x4 mbdt_board_init.o
                0x00403cc8                Adc_Adc2Group1Notification
 .text.Adc0_CtuNewDataNotification
                0x00403ccc        0x4 mbdt_board_init.o
                0x00403ccc                Adc0_CtuNewDataNotification
 .text.Adc1_CtuNewDataNotification
                0x00403cd0        0x4 mbdt_board_init.o
                0x00403cd0                Adc1_CtuNewDataNotification
 .text.Adc0_CtuDataOverrunNotification
                0x00403cd4        0x4 mbdt_board_init.o
                0x00403cd4                Adc0_CtuDataOverrunNotification
 .text.Adc1_CtuDataOverrunNotification
                0x00403cd8        0x4 mbdt_board_init.o
                0x00403cd8                Adc1_CtuDataOverrunNotification
 .text.Adc0_CtuListLastNotification
                0x00403cdc        0x4 mbdt_board_init.o
                0x00403cdc                Adc0_CtuListLastNotification
 .text.Adc1_ListLastNotification
                0x00403ce0        0x4 mbdt_board_init.o
                0x00403ce0                Adc1_ListLastNotification
 .text.CanIf_ControllerBusOff
                0x00403ce4        0x4 mbdt_board_init.o
                0x00403ce4                CanIf_ControllerBusOff
 .text.CanIf_ControllerModeIndication
                0x00403ce8        0x4 mbdt_board_init.o
                0x00403ce8                CanIf_ControllerModeIndication
 .text.CanIf_TxConfirmation
                0x00403cec        0x4 mbdt_board_init.o
                0x00403cec                CanIf_TxConfirmation
 .text.CanIf_RxIndication
                0x00403cf0        0x4 mbdt_board_init.o
                0x00403cf0                CanIf_RxIndication
 .text.MBDT_FlexCAN0_FifoOverflowNotif
                0x00403cf4        0x4 mbdt_board_init.o
                0x00403cf4                MBDT_FlexCAN0_FifoOverflowNotif
 .text.MBDT_SPI_end_sequence1_callback
                0x00403cf8        0x4 mbdt_board_init.o
                0x00403cf8                MBDT_SPI_end_sequence1_callback
 .text.MBDT_SPI_end_job0_callback
                0x00403cfc        0x4 mbdt_board_init.o
                0x00403cfc                MBDT_SPI_end_job0_callback
 .text.MBDT_DmaCh0_Callback
                0x00403d00        0x4 mbdt_board_init.o
                0x00403d00                MBDT_DmaCh0_Callback
 .text.PwmChannel_0_Callback
                0x00403d04        0x4 mbdt_board_init.o
                0x00403d04                PwmChannel_0_Callback
 .text.PwmChannel_1_Callback
                0x00403d08        0x4 mbdt_board_init.o
                0x00403d08                PwmChannel_1_Callback
 .text.PwmChannel_2_Callback
                0x00403d0c        0x4 mbdt_board_init.o
                0x00403d0c                PwmChannel_2_Callback
 .text.PwmChannel_3_Callback
                0x00403d10        0x4 mbdt_board_init.o
                0x00403d10                PwmChannel_3_Callback
 .text.PwmChannel_4_Callback
                0x00403d14        0x4 mbdt_board_init.o
                0x00403d14                PwmChannel_4_Callback
 .text.PwmChannel_5_Callback
                0x00403d18        0x4 mbdt_board_init.o
                0x00403d18                PwmChannel_5_Callback
 .text.PwmChannel_6_Callback
                0x00403d1c        0x4 mbdt_board_init.o
                0x00403d1c                PwmChannel_6_Callback
 .text.PwmChannel_7_Callback
                0x00403d20        0x4 mbdt_board_init.o
                0x00403d20                PwmChannel_7_Callback
 .text.PwmChannel_8_Callback
                0x00403d24        0x4 mbdt_board_init.o
                0x00403d24                PwmChannel_8_Callback
 .text.MBDT_ICU_OverflowNotif
                0x00403d28        0x4 mbdt_board_init.o
                0x00403d28                MBDT_ICU_OverflowNotif
 .text.MBDT_USER_SW0_callback
                0x00403d2c        0x4 mbdt_board_init.o
                0x00403d2c                MBDT_USER_SW0_callback
 .text.MBDT_ICU_Timestamp_Callback
                0x00403d30        0x4 mbdt_board_init.o
                0x00403d30                MBDT_ICU_Timestamp_Callback
 .text.MBDT_Uart_Callback
                0x00403d34        0x4 mbdt_board_init.o
                0x00403d34                MBDT_Uart_Callback
 .text.MBDT_I2c_Callback
                0x00403d38        0x4 mbdt_board_init.o
                0x00403d38                MBDT_I2c_Callback
 .text.MBDT_Mem_AccessCode_Callback
                0x00403d3c        0x4 mbdt_board_init.o
                0x00403d3c                MBDT_Mem_AccessCode_Callback
 .text.MBDT_Mem_StartFlashAccess_Notification
                0x00403d40        0x4 mbdt_board_init.o
                0x00403d40                MBDT_Mem_StartFlashAccess_Notification
 .text.MBDT_Mem_FinishedFlashAccess_Notification
                0x00403d44        0x4 mbdt_board_init.o
                0x00403d44                MBDT_Mem_FinishedFlashAccess_Notification
 .text.MBDT_Fee_NvmJobEnd_Notification
                0x00403d48        0x4 mbdt_board_init.o
                0x00403d48                MBDT_Fee_NvmJobEnd_Notification
 .text.MBDT_Fee_NvmJobError_Notification
                0x00403d4c        0x4 mbdt_board_init.o
                0x00403d4c                MBDT_Fee_NvmJobError_Notification
 .text.MBDT_Fee_ClusterFormatDuringInit_Notification
                0x00403d50        0x4 mbdt_board_init.o
                0x00403d50                MBDT_Fee_ClusterFormatDuringInit_Notification
 .text.LinIf_HeaderIndication
                0x00403d54        0x4 mbdt_board_init.o
                0x00403d54                LinIf_HeaderIndication
 .text.LinIf_RxIndication
                0x00403d58        0x4 mbdt_board_init.o
                0x00403d58                LinIf_RxIndication
 .text.LinIf_TxConfirmation
                0x00403d5c        0x4 mbdt_board_init.o
                0x00403d5c                LinIf_TxConfirmation
 .text.LinIf_LinErrorIndication
                0x00403d60        0x4 mbdt_board_init.o
                0x00403d60                LinIf_LinErrorIndication
 .text.board_init
                0x00403d64       0xcc mbdt_board_init.o
                0x00403d64                board_init
 .text.LPUART_Uart_SetBaudRate
                0x00403e30       0xe0 mbdt_lpuart.o
                0x00403e30                LPUART_Uart_SetBaudRate
 .text.MBDT_Step_Handler
                0x00403f10       0x28 s32k3_trigger_config.o
                0x00403f10                MBDT_Step_Handler
 .text.s32k3_trigger_config
                0x00403f38       0x4c s32k3_trigger_config.o
                0x00403f38                s32k3_trigger_config
 .text.NMI_Handler
                0x00403f84        0x4 exceptions.o
                0x00403f84                NMI_Handler
 .text.HardFault_Handler
                0x00403f88        0x4 exceptions.o
                0x00403f88                HardFault_Handler
 .text.MemManage_Handler
                0x00403f8c        0x4 exceptions.o
                0x00403f8c                MemManage_Handler
 .text.BusFault_Handler
                0x00403f90        0x4 exceptions.o
                0x00403f90                BusFault_Handler
 .text.UsageFault_Handler
                0x00403f94        0x4 exceptions.o
                0x00403f94                UsageFault_Handler
 .text.SVC_Handler
                0x00403f98        0x4 exceptions.o
                0x00403f98                SVC_Handler
 .text.DebugMon_Handler
                0x00403f9c        0x4 exceptions.o
                0x00403f9c                DebugMon_Handler
 .text.PendSV_Handler
                0x00403fa0        0x4 exceptions.o
                0x00403fa0                PendSV_Handler
 .text.SysTick_Handler
                0x00403fa4        0x4 exceptions.o
                0x00403fa4                SysTick_Handler
 .text.undefined_handler
                0x00403fa8        0x4 exceptions.o
                0x00403fa8                undefined_handler
 .text.NVIC_EnableIRQ
                0x00403fac       0x18 nvic.o
                0x00403fac                NVIC_EnableIRQ
 .text.NVIC_DisableIRQ
                0x00403fc4       0x18 nvic.o
                0x00403fc4                NVIC_DisableIRQ
 .text.NVIC_SetPriority
                0x00403fdc       0x10 nvic.o
                0x00403fdc                NVIC_SetPriority
 .text.init_data_bss
                0x00403fec       0x9c startup.o
                0x00403fec                init_data_bss
 .text.init_data_bss_core2
                0x00404088       0x74 startup.o
                0x00404088                init_data_bss_core2
 .text.sys_disableIsrSource
                0x004040fc        0x4 sys_init.o
                0x004040fc                sys_disableIsrSource
 .text.sys_enableIsrSource
                0x00404100       0x14 sys_init.o
                0x00404100                sys_enableIsrSource
 .text.sys_registerIsrHandler
                0x00404114       0x14 sys_init.o
                0x00404114                sys_registerIsrHandler
 .text.startup_go_to_user_mode
                0x00404128        0x4 system.o
                0x00404128                startup_go_to_user_mode
 .text.Sys_GetCoreID
                0x0040412c       0x10 system.o
                0x0040412c                Sys_GetCoreID
 .text.SystemInit
                0x0040413c      0x318 system.o
                0x0040413c                SystemInit
 .text.Enable_FPU
                0x00404454       0x1c system.o
                0x00404454                Enable_FPU
 .text.Adc_Init
                0x00404470      0x12c Adc.o
                0x00404470                Adc_Init
 .text.Adc_SetupResultBuffer
                0x0040459c       0xb8 Adc.o
                0x0040459c                Adc_SetupResultBuffer
 .text.Adc_EnableGroupNotification
                0x00404654       0xa8 Adc.o
                0x00404654                Adc_EnableGroupNotification
 .text.Adc_Ipw_RemoveFromQueue
                0x004046fc       0x60 Adc_Ipw.o
                0x004046fc                Adc_Ipw_RemoveFromQueue
 .text.Adc_Ipw_GetCmrRegister
                0x0040475c       0x64 Adc_Ipw.o
                0x0040475c                Adc_Ipw_GetCmrRegister
 .text.Adc_Ipw_ClearValidBit
                0x004047c0       0x60 Adc_Ipw.o
                0x004047c0                Adc_Ipw_ClearValidBit
 .text.Adc_Ipw_Init
                0x00404820       0x80 Adc_Ipw.o
                0x00404820                Adc_Ipw_Init
 .text.Adc_Ipw_StartNormalConversion
                0x004048a0       0xb8 Adc_Ipw.o
                0x004048a0                Adc_Ipw_StartNormalConversion
 .text.Adc_Ipw_CheckConversionValuesInRange
                0x00404958       0xa4 Adc_Ipw.o
                0x00404958                Adc_Ipw_CheckConversionValuesInRange
 .text.Adc_GetUserID
                0x004049fc        0x4 Adc_Ipw.o
                0x004049fc                Adc_GetUserID
 .text.Adc_Ipw_RecordResult
                0x00404a00      0x170 Adc_Ipw_Irq.o
 .text.Adc_Ipw_UpdateGroupState.constprop.0
                0x00404b70      0x1cc Adc_Ipw_Irq.o
 .text.Adc_Ipw_Adc0EndNormalChainNotification
                0x00404d3c       0xc8 Adc_Ipw_Irq.o
                0x00404d3c                Adc_Ipw_Adc0EndNormalChainNotification
 .text.Adc_Ipw_Adc1EndNormalChainNotification
                0x00404e04       0xc8 Adc_Ipw_Irq.o
                0x00404e04                Adc_Ipw_Adc1EndNormalChainNotification
 .text.Adc_Ipw_Adc2EndNormalChainNotification
                0x00404ecc       0xc8 Adc_Ipw_Irq.o
                0x00404ecc                Adc_Ipw_Adc2EndNormalChainNotification
 .text.Adc_Sar_Ip_IRQHandler
                0x00404f94      0x16c Adc_Sar_Ip.o
                0x00404f94                Adc_Sar_Ip_IRQHandler
 .text.Adc_Sar_Ip_ChainConfig
                0x00405100       0x60 Adc_Sar_Ip.o
                0x00405100                Adc_Sar_Ip_ChainConfig
 .text.Adc_Sar_Ip_StartConversion
                0x00405160       0x38 Adc_Sar_Ip.o
                0x00405160                Adc_Sar_Ip_StartConversion
 .text.Adc_Sar_Ip_ClearStatusFlags
                0x00405198       0x24 Adc_Sar_Ip.o
                0x00405198                Adc_Sar_Ip_ClearStatusFlags
 .text.Adc_Sar_Ip_GetConvData
                0x004051bc       0xa8 Adc_Sar_Ip.o
                0x004051bc                Adc_Sar_Ip_GetConvData
 .text.Adc_Sar_Ip_GetConvResult
                0x00405264       0xc4 Adc_Sar_Ip.o
                0x00405264                Adc_Sar_Ip_GetConvResult
 .text.Adc_Sar_Ip_Powerup
                0x00405328       0x64 Adc_Sar_Ip.o
                0x00405328                Adc_Sar_Ip_Powerup
 .text.Adc_Sar_Ip_Powerdown
                0x0040538c       0x68 Adc_Sar_Ip.o
                0x0040538c                Adc_Sar_Ip_Powerdown
 .text.Adc_Sar_Ip_EnableNotifications
                0x004053f4       0x38 Adc_Sar_Ip.o
                0x004053f4                Adc_Sar_Ip_EnableNotifications
 .text.Adc_Sar_Ip_DisableNotifications
                0x0040542c       0x28 Adc_Sar_Ip.o
                0x0040542c                Adc_Sar_Ip_DisableNotifications
 .text.Adc_Sar_Ip_SetSampleTimes
                0x00405454       0x34 Adc_Sar_Ip.o
                0x00405454                Adc_Sar_Ip_SetSampleTimes
 .text.Adc_Sar_Ip_SetAveraging
                0x00405488       0x3c Adc_Sar_Ip.o
                0x00405488                Adc_Sar_Ip_SetAveraging
 .text.Adc_Sar_Ip_AbortChain
                0x004054c4       0x74 Adc_Sar_Ip.o
                0x004054c4                Adc_Sar_Ip_AbortChain
 .text.Adc_Sar_Ip_SetWdgThreshold
                0x00405538       0xb8 Adc_Sar_Ip.o
                0x00405538                Adc_Sar_Ip_SetWdgThreshold
 .text.Adc_Sar_Ip_Init
                0x004055f0      0x468 Adc_Sar_Ip.o
                0x004055f0                Adc_Sar_Ip_Init
 .text.Adc_Sar_Ip_SetConversionMode
                0x00405a58       0x38 Adc_Sar_Ip.o
                0x00405a58                Adc_Sar_Ip_SetConversionMode
 .text.Adc_Sar_0_Isr
                0x00405a90        0x8 Adc_Sar_Ip_Irq.o
                0x00405a90                Adc_Sar_0_Isr
 .text.Adc_Sar_1_Isr
                0x00405a98        0x8 Adc_Sar_Ip_Irq.o
                0x00405a98                Adc_Sar_1_Isr
 .text.Adc_Sar_2_Isr
                0x00405aa0        0x8 Adc_Sar_Ip_Irq.o
                0x00405aa0                Adc_Sar_2_Isr
 .text.Bctu_Ip_IRQHandler
                0x00405aa8      0x180 Bctu_Ip.o
                0x00405aa8                Bctu_Ip_IRQHandler
 .text.Bctu_0_Isr
                0x00405c28        0x8 Bctu_Ip_Irq.o
                0x00405c28                Bctu_0_Isr
 .text.C40_Ip_ClearPreviousRead
                0x00405c30       0x44 C40_Ip.o
 .text.C40_Ip_CheckReadCompareStatus
                0x00405c74       0xa8 C40_Ip.o
 .text.C40_Ip_CheckLockDomainID_CheckRegister
                0x00405d1c       0x8c C40_Ip.o
                0x00405d1c                C40_Ip_CheckLockDomainID_CheckRegister
 .text.C40_Ip_CheckLockDomainID
                0x00405da8       0x58 C40_Ip.o
 .text.C40_Ip_SetAsyncMode
                0x00405e00        0xc C40_Ip.o
                0x00405e00                C40_Ip_SetAsyncMode
 .text.C40_Ip_GetSectorNumberFromAddress
                0x00405e0c       0x54 C40_Ip.o
                0x00405e0c                C40_Ip_GetSectorNumberFromAddress
 .text.C40_Ip_GetBlockNumberFromAddress
                0x00405e60       0x4c C40_Ip.o
                0x00405e60                C40_Ip_GetBlockNumberFromAddress
 .text.C40_Ip_SetLockProtect
                0x00405eac       0x80 C40_Ip.o
                0x00405eac                C40_Ip_SetLockProtect
 .text.C40_Ip_GetLockProtect
                0x00405f2c       0x9c C40_Ip.o
                0x00405f2c                C40_Ip_GetLockProtect
 .text.C40_Ip_SetLock
                0x00405fc8       0x38 C40_Ip.o
                0x00405fc8                C40_Ip_SetLock
 .text.C40_Ip_ClearLockProtect
                0x00406000       0x60 C40_Ip.o
                0x00406000                C40_Ip_ClearLockProtect
 .text.C40_Ip_ClearLock
                0x00406060       0x40 C40_Ip.o
                0x00406060                C40_Ip_ClearLock
 .text.C40_Ip_Init
                0x004060a0       0x74 C40_Ip.o
                0x004060a0                C40_Ip_Init
 .text.C40_Ip_Abort
                0x00406114       0x2c C40_Ip.o
                0x00406114                C40_Ip_Abort
 .text.C40_Ip_MainInterfaceSectorErase
                0x00406140       0xd8 C40_Ip.o
                0x00406140                C40_Ip_MainInterfaceSectorErase
 .text.C40_Ip_Read
                0x00406218      0x128 C40_Ip.o
                0x00406218                C40_Ip_Read
 .text.C40_Ip_Compare
                0x00406340      0x1b0 C40_Ip.o
                0x00406340                C40_Ip_Compare
 .text.C40_Ip_MainInterfaceSectorEraseStatus
                0x004064f0       0x74 C40_Ip.o
                0x004064f0                C40_Ip_MainInterfaceSectorEraseStatus
 .text.C40_Ip_MainInterfaceWrite
                0x00406564      0x270 C40_Ip.o
                0x00406564                C40_Ip_MainInterfaceWrite
 .text.C40_Ip_MainInterfaceWriteStatus
                0x004067d4       0x80 C40_Ip.o
                0x004067d4                C40_Ip_MainInterfaceWriteStatus
 .text.I2c_Init
                0x00406854       0xa4 CDD_I2c.o
                0x00406854                I2c_Init
 .text.I2c_Ipw_SlaveCallback
                0x004068f8       0x20 CDD_I2c_Ipw.o
 .text.I2c_Ipw_MasterCallback
                0x00406918        0x4 CDD_I2c_Ipw.o
 .text.I2c_Ipw_FlexioI2cMasterCallback
                0x0040691c        0x4 CDD_I2c_Ipw.o
 .text.I2c_Ipw_InitChannel
                0x00406920       0x6c CDD_I2c_Ipw.o
                0x00406920                I2c_Ipw_InitChannel
 .text.Mcl_Init
                0x0040698c       0xe4 CDD_Mcl.o
                0x0040698c                Mcl_Init
 .text.Rm_Init  0x00406a70       0x40 CDD_Rm.o
                0x00406a70                Rm_Init
 .text.Rm_Ipw_Dma_Mux_Init
                0x00406ab0        0x8 CDD_Rm_Ipw.o
                0x00406ab0                Rm_Ipw_Dma_Mux_Init
 .text.Uart_Init
                0x00406ab8       0x78 CDD_Uart.o
                0x00406ab8                Uart_Init
 .text.Cache_Ip_InvalidateByAddr
                0x00406b30       0x38 Cache_Ip.o
                0x00406b30                Cache_Ip_InvalidateByAddr
 .text.Cache_Ip_CleanByAddr
                0x00406b68       0x3c Cache_Ip.o
                0x00406b68                Cache_Ip_CleanByAddr
 .text.hwAcc_ArmCoreMx_InstructionCacheInvalidateByAddr
                0x00406ba4       0x34 Cache_Ip_HwAcc_ArmCoreMx.o
                0x00406ba4                hwAcc_ArmCoreMx_InstructionCacheInvalidateByAddr
 .text.hwAcc_ArmCoreMx_DataCacheInvalidateByAddr
                0x00406bd8       0x44 Cache_Ip_HwAcc_ArmCoreMx.o
                0x00406bd8                hwAcc_ArmCoreMx_DataCacheInvalidateByAddr
 .text.hwAcc_ArmCoreMx_InstructionCacheCleanByAddr
                0x00406c1c       0x3c Cache_Ip_HwAcc_ArmCoreMx.o
                0x00406c1c                hwAcc_ArmCoreMx_InstructionCacheCleanByAddr
 .text.hwAcc_ArmCoreMx_DataCacheCleanByAddr
                0x00406c58       0x64 Cache_Ip_HwAcc_ArmCoreMx.o
                0x00406c58                hwAcc_ArmCoreMx_DataCacheCleanByAddr
 .text.Can_43_FLEXCAN_Init
                0x00406cbc       0x94 Can_43_FLEXCAN.o
                0x00406cbc                Can_43_FLEXCAN_Init
 .text.Can_43_FLEXCAN_SetControllerMode
                0x00406d50       0xa4 Can_43_FLEXCAN.o
                0x00406d50                Can_43_FLEXCAN_SetControllerMode
 .text.Can_43_FLEXCAN_DisableControllerInterrupts
                0x00406df4       0x54 Can_43_FLEXCAN.o
                0x00406df4                Can_43_FLEXCAN_DisableControllerInterrupts
 .text.Can_43_FLEXCAN_EnableControllerInterrupts
                0x00406e48       0x60 Can_43_FLEXCAN.o
                0x00406e48                Can_43_FLEXCAN_EnableControllerInterrupts
 .text.Can_43_FLEXCAN_ProcessMesgBufferCommonInterrupt
                0x00406ea8       0x2c Can_43_FLEXCAN.o
                0x00406ea8                Can_43_FLEXCAN_ProcessMesgBufferCommonInterrupt
 .text.Can_43_FLEXCAN_ProcessBusOffInterrupt
                0x00406ed4       0x38 Can_43_FLEXCAN.o
                0x00406ed4                Can_43_FLEXCAN_ProcessBusOffInterrupt
 .text.Can_Ipw_InitLegacyFifoFilter
                0x00406f0c      0x144 Can_43_FLEXCAN_Ipw.o
 .text.Can_Ipw_InitEnhancedFifoFilter
                0x00407050       0x88 Can_43_FLEXCAN_Ipw.o
 .text.Can_Ipw_InitRx
                0x004070d8       0x8c Can_43_FLEXCAN_Ipw.o
 .text.Can_Ipw_ParseData
                0x00407164       0x78 Can_43_FLEXCAN_Ipw.o
 .text.Can_43_FLEXCAN_Ipw_Init
                0x004071dc      0x10c Can_43_FLEXCAN_Ipw.o
                0x004071dc                Can_43_FLEXCAN_Ipw_Init
 .text.Can_43_FLEXCAN_Ipw_SetControllerToStartMode
                0x004072e8      0x12c Can_43_FLEXCAN_Ipw.o
                0x004072e8                Can_43_FLEXCAN_Ipw_SetControllerToStartMode
 .text.Can_43_FLEXCAN_Ipw_SetControllerToStopMode
                0x00407414       0x80 Can_43_FLEXCAN_Ipw.o
                0x00407414                Can_43_FLEXCAN_Ipw_SetControllerToStopMode
 .text.Can_43_FLEXCAN_Ipw_DisableControllerInterrupts
                0x00407494       0x24 Can_43_FLEXCAN_Ipw.o
                0x00407494                Can_43_FLEXCAN_Ipw_DisableControllerInterrupts
 .text.Can_43_FLEXCAN_Ipw_EnableControllerInterrupts
                0x004074b8       0x20 Can_43_FLEXCAN_Ipw.o
                0x004074b8                Can_43_FLEXCAN_Ipw_EnableControllerInterrupts
 .text.Can_43_FLEXCAN_Ipw_ProcessHwObject
                0x004074d8      0x160 Can_43_FLEXCAN_Ipw.o
                0x004074d8                Can_43_FLEXCAN_Ipw_ProcessHwObject
 .text.Can_43_FLEXCAN_CommonIrqCallback
                0x00407638       0x84 Can_43_FLEXCAN_Irq.o
                0x00407638                Can_43_FLEXCAN_CommonIrqCallback
 .text.Can_43_FLEXCAN_ErrorIrqCallback
                0x004076bc        0xc Can_43_FLEXCAN_Irq.o
                0x004076bc                Can_43_FLEXCAN_ErrorIrqCallback
 .text.Clock_Ip_NotificatonsEmptyCallback
                0x004076c8        0x4 Clock_Ip.o
 .text.Clock_Ip_DistributePll.part.0
                0x004076cc       0xf8 Clock_Ip.o
 .text.Clock_Ip_InitClock
                0x004077c4      0x5fc Clock_Ip.o
                0x004077c4                Clock_Ip_InitClock
 .text.Clock_Ip_GetPllStatus
                0x00407dc0       0x84 Clock_Ip.o
                0x00407dc0                Clock_Ip_GetPllStatus
 .text.Clock_Ip_DistributePll
                0x00407e44       0x10 Clock_Ip.o
                0x00407e44                Clock_Ip_DistributePll
 .text.Clock_Ip_GetClockFrequency
                0x00407e54        0x4 Clock_Ip.o
                0x00407e54                Clock_Ip_GetClockFrequency
 .text.Clock_Ip_ReportClockErrors
                0x00407e58        0xc Clock_Ip.o
                0x00407e58                Clock_Ip_ReportClockErrors
 .text.Clock_Ip_StartTimeout
                0x00407e64       0x24 Clock_Ip.o
                0x00407e64                Clock_Ip_StartTimeout
 .text.Clock_Ip_TimeoutExpired
                0x00407e88       0x1c Clock_Ip.o
                0x00407e88                Clock_Ip_TimeoutExpired
 .text.Clock_Ip_Callback_DividerEmpty
                0x00407ea4        0x4 Clock_Ip_Divider.o
 .text.Clock_Ip_SetPllPll0divDeDivOutput
                0x00407ea8       0x48 Clock_Ip_Divider.o
 .text.Clock_Ip_SetPllPlldvOdiv2Output
                0x00407ef0       0x3c Clock_Ip_Divider.o
 .text.Clock_Ip_SetCgmXDeDivStatWithoutPhaseWaitForHseCore
                0x00407f2c       0xdc Clock_Ip_Divider.o
 .text.Clock_Ip_SetCgmXDeDivStatWithoutPhase
                0x00408008       0x94 Clock_Ip_Divider.o
 .text.Clock_Ip_Callback_DividerTriggerEmpty
                0x0040809c        0x4 Clock_Ip_DividerTrigger.o
 .text.Clock_Ip_ConfigureCgmXDivTrigCtrlTctlHhenUpdStat
                0x004080a0       0x48 Clock_Ip_DividerTrigger.o
 .text.Clock_Ip_TriggerUpdateCgmXDivTrigCtrlTctlHhenUpdStat
                0x004080e8       0x68 Clock_Ip_DividerTrigger.o
 .text.Clock_Ip_ExternalOscillatorEmpty
                0x00408150        0x4 Clock_Ip_ExtOsc.o
 .text.Clock_Ip_EnableFxoscOsconBypEocvGmSel
                0x00408154       0x2c Clock_Ip_ExtOsc.o
 .text.Clock_Ip_ResetSxoscOsconEocv
                0x00408180       0x24 Clock_Ip_ExtOsc.o
 .text.Clock_Ip_CompleteSxoscOsconEocv
                0x004081a4       0x6c Clock_Ip_ExtOsc.o
 .text.Clock_Ip_CompleteFxoscOsconBypEocvGmSel
                0x00408210       0x70 Clock_Ip_ExtOsc.o
 .text.Clock_Ip_SetSxoscOsconEocv
                0x00408280       0x54 Clock_Ip_ExtOsc.o
 .text.Clock_Ip_SetFxoscOsconBypEocvGmSel
                0x004082d4       0x6c Clock_Ip_ExtOsc.o
 .text.Clock_Ip_ResetFxoscOsconBypEocvGmSel
                0x00408340       0x60 Clock_Ip_ExtOsc.o
 .text.Clock_Ip_EnableSxoscOsconEocv
                0x004083a0        0x4 Clock_Ip_ExtOsc.o
 .text.Clock_Ip_CallbackFracDivEmpty
                0x004083a4        0x4 Clock_Ip_FracDiv.o
 .text.Clock_Ip_CallbackFracDivEmptyComplete
                0x004083a8        0x4 Clock_Ip_FracDiv.o
 .text.Clock_Ip_Get_Zero_Frequency
                0x004083ac        0x8 Clock_Ip_Frequency.o
 .text.Clock_Ip_Get_FIRC_CLK_Frequency
                0x004083b4       0x2c Clock_Ip_Frequency.o
 .text.Clock_Ip_Get_FIRC_STANDBY_CLK_Frequency
                0x004083e0       0x4c Clock_Ip_Frequency.o
 .text.Clock_Ip_Get_SIRC_CLK_Frequency
                0x0040842c        0x8 Clock_Ip_Frequency.o
 .text.Clock_Ip_Get_SIRC_STANDBY_CLK_Frequency
                0x00408434       0x20 Clock_Ip_Frequency.o
 .text.Clock_Ip_Get_FXOSC_CLK_Frequency
                0x00408454       0x40 Clock_Ip_Frequency.o
 .text.Clock_Ip_Get_SXOSC_CLK_Frequency
                0x00408494       0x40 Clock_Ip_Frequency.o
 .text.Clock_Ip_Get_emac_mii_rx_Frequency
                0x004084d4        0xc Clock_Ip_Frequency.o
 .text.Clock_Ip_Get_emac_mii_rmii_tx_Frequency
                0x004084e0        0xc Clock_Ip_Frequency.o
 .text.Clock_Ip_Get_CLKOUT_RUN_CLK_Frequency
                0x004084ec       0x48 Clock_Ip_Frequency.o
 .text.Clock_Ip_Get_CLKOUT_STANDBY_CLK_Frequency
                0x00408534       0x48 Clock_Ip_Frequency.o
 .text.Clock_Ip_Get_EMAC_RX_CLK_Frequency
                0x0040857c       0x48 Clock_Ip_Frequency.o
 .text.Clock_Ip_Get_EMAC0_RX_CLK_Frequency
                0x004085c4       0x2c Clock_Ip_Frequency.o
 .text.Clock_Ip_Get_EMAC_TS_CLK_Frequency
                0x004085f0       0x48 Clock_Ip_Frequency.o
 .text.Clock_Ip_Get_EMAC0_TS_CLK_Frequency
                0x00408638       0x2c Clock_Ip_Frequency.o
 .text.Clock_Ip_Get_EMAC_TX_CLK_Frequency
                0x00408664       0x48 Clock_Ip_Frequency.o
 .text.Clock_Ip_Get_EMAC0_TX_CLK_Frequency
                0x004086ac       0x2c Clock_Ip_Frequency.o
 .text.Clock_Ip_Get_FLEXCANA_CLK_Frequency
                0x004086d8       0x48 Clock_Ip_Frequency.o
 .text.Clock_Ip_Get_FLEXCAN0_CLK_Frequency
                0x00408720       0x2c Clock_Ip_Frequency.o
 .text.Clock_Ip_Get_FLEXCAN1_CLK_Frequency
                0x0040874c       0x2c Clock_Ip_Frequency.o
 .text.Clock_Ip_Get_FLEXCAN2_CLK_Frequency
                0x00408778       0x2c Clock_Ip_Frequency.o
 .text.Clock_Ip_Get_FLEXCANB_CLK_Frequency
                0x004087a4       0x48 Clock_Ip_Frequency.o
 .text.Clock_Ip_Get_FLEXCAN3_CLK_Frequency
                0x004087ec       0x2c Clock_Ip_Frequency.o
 .text.Clock_Ip_Get_FLEXCAN4_CLK_Frequency
                0x00408818       0x2c Clock_Ip_Frequency.o
 .text.Clock_Ip_Get_FLEXCAN5_CLK_Frequency
                0x00408844       0x2c Clock_Ip_Frequency.o
 .text.Clock_Ip_Get_QSPI_SFCK_CLK_Frequency
                0x00408870       0x48 Clock_Ip_Frequency.o
 .text.Clock_Ip_Get_QSPI0_CLK_Frequency
                0x004088b8       0x2c Clock_Ip_Frequency.o
 .text.Clock_Ip_Get_STMA_CLK_Frequency
                0x004088e4       0x48 Clock_Ip_Frequency.o
 .text.Clock_Ip_Get_STM0_CLK_Frequency
                0x0040892c       0x2c Clock_Ip_Frequency.o
 .text.Clock_Ip_Get_STMB_CLK_Frequency
                0x00408958       0x48 Clock_Ip_Frequency.o
 .text.Clock_Ip_Get_STM1_CLK_Frequency
                0x004089a0       0x2c Clock_Ip_Frequency.o
 .text.Clock_Ip_Get_SWT0_CLK_Frequency
                0x004089cc       0x20 Clock_Ip_Frequency.o
 .text.Clock_Ip_Get_TRACE_CLK_Frequency
                0x004089ec       0x48 Clock_Ip_Frequency.o
 .text.Clock_Ip_Get_RTC_CLK_Frequency
                0x00408a34       0x20 Clock_Ip_Frequency.o
 .text.Clock_Ip_Get_RTC0_CLK_Frequency
                0x00408a54       0x38 Clock_Ip_Frequency.o
 .text.Clock_Ip_PLL_VCO.constprop.0
                0x00408a8c      0x228 Clock_Ip_Frequency.o
 .text.Clock_Ip_Get_PLL_CLK_Frequency
                0x00408cb4       0x44 Clock_Ip_Frequency.o
 .text.Clock_Ip_Get_PLL_PHI0_Frequency
                0x00408cf8       0x58 Clock_Ip_Frequency.o
 .text.Clock_Ip_Get_SCS_CLK_Frequency
                0x00408d50       0x44 Clock_Ip_Frequency.o
 .text.Clock_Ip_Get_PLL_PHI1_Frequency
                0x00408d94       0x58 Clock_Ip_Frequency.o
 .text.Clock_Ip_Get_PLL_POSTDIV_CLK_Frequency
                0x00408dec       0x60 Clock_Ip_Frequency.o
 .text.Clock_Ip_Get_AIPS_PLAT_CLK_Frequency
                0x00408e4c       0x70 Clock_Ip_Frequency.o
 .text.Clock_Ip_Get_SEMA42_CLK_Frequency
                0x00408ebc       0x2c Clock_Ip_Frequency.o
 .text.Clock_Ip_Get_MSCM_CLK_Frequency
                0x00408ee8       0x2c Clock_Ip_Frequency.o
 .text.Clock_Ip_Get_LPUART8_CLK_Frequency
                0x00408f14       0x2c Clock_Ip_Frequency.o
 .text.Clock_Ip_Get_LPUART0_CLK_Frequency
                0x00408f40       0x2c Clock_Ip_Frequency.o
 .text.Clock_Ip_Get_LPSPI0_CLK_Frequency
                0x00408f6c       0x2c Clock_Ip_Frequency.o
 .text.Clock_Ip_Get_INTM_CLK_Frequency
                0x00408f98       0x2c Clock_Ip_Frequency.o
 .text.Clock_Ip_Get_EIM_CLK_Frequency
                0x00408fc4       0x2c Clock_Ip_Frequency.o
 .text.Clock_Ip_Get_CRC0_CLK_Frequency
                0x00408ff0       0x2c Clock_Ip_Frequency.o
 .text.Clock_Ip_Get_CORE_CLK_Frequency
                0x0040901c       0x70 Clock_Ip_Frequency.o
 .text.Clock_Ip_Get_TEMPSENSE_CLK_Frequency
                0x0040908c       0x2c Clock_Ip_Frequency.o
 .text.Clock_Ip_Get_LCU1_CLK_Frequency
                0x004090b8       0x2c Clock_Ip_Frequency.o
 .text.Clock_Ip_Get_LCU0_CLK_Frequency
                0x004090e4       0x2c Clock_Ip_Frequency.o
 .text.Clock_Ip_Get_FLEXIO0_CLK_Frequency
                0x00409110       0x2c Clock_Ip_Frequency.o
 .text.Clock_Ip_Get_EMIOS2_CLK_Frequency
                0x0040913c       0x2c Clock_Ip_Frequency.o
 .text.Clock_Ip_Get_EMIOS1_CLK_Frequency
                0x00409168       0x2c Clock_Ip_Frequency.o
 .text.Clock_Ip_Get_EMIOS0_CLK_Frequency
                0x00409194       0x2c Clock_Ip_Frequency.o
 .text.Clock_Ip_Get_EDMA0_TCD31_CLK_Frequency
                0x004091c0       0x2c Clock_Ip_Frequency.o
 .text.Clock_Ip_Get_EDMA0_TCD30_CLK_Frequency
                0x004091ec       0x2c Clock_Ip_Frequency.o
 .text.Clock_Ip_Get_EDMA0_TCD29_CLK_Frequency
                0x00409218       0x2c Clock_Ip_Frequency.o
 .text.Clock_Ip_Get_EDMA0_TCD28_CLK_Frequency
                0x00409244       0x2c Clock_Ip_Frequency.o
 .text.Clock_Ip_Get_EDMA0_TCD27_CLK_Frequency
                0x00409270       0x2c Clock_Ip_Frequency.o
 .text.Clock_Ip_Get_EDMA0_TCD26_CLK_Frequency
                0x0040929c       0x2c Clock_Ip_Frequency.o
 .text.Clock_Ip_Get_EDMA0_TCD25_CLK_Frequency
                0x004092c8       0x2c Clock_Ip_Frequency.o
 .text.Clock_Ip_Get_EDMA0_TCD24_CLK_Frequency
                0x004092f4       0x2c Clock_Ip_Frequency.o
 .text.Clock_Ip_Get_EDMA0_TCD23_CLK_Frequency
                0x00409320       0x2c Clock_Ip_Frequency.o
 .text.Clock_Ip_Get_EDMA0_TCD22_CLK_Frequency
                0x0040934c       0x2c Clock_Ip_Frequency.o
 .text.Clock_Ip_Get_EDMA0_TCD21_CLK_Frequency
                0x00409378       0x2c Clock_Ip_Frequency.o
 .text.Clock_Ip_Get_EDMA0_TCD20_CLK_Frequency
                0x004093a4       0x2c Clock_Ip_Frequency.o
 .text.Clock_Ip_Get_EDMA0_TCD19_CLK_Frequency
                0x004093d0       0x2c Clock_Ip_Frequency.o
 .text.Clock_Ip_Get_EDMA0_TCD18_CLK_Frequency
                0x004093fc       0x2c Clock_Ip_Frequency.o
 .text.Clock_Ip_Get_EDMA0_TCD17_CLK_Frequency
                0x00409428       0x2c Clock_Ip_Frequency.o
 .text.Clock_Ip_Get_EDMA0_TCD16_CLK_Frequency
                0x00409454       0x2c Clock_Ip_Frequency.o
 .text.Clock_Ip_Get_EDMA0_TCD15_CLK_Frequency
                0x00409480       0x2c Clock_Ip_Frequency.o
 .text.Clock_Ip_Get_EDMA0_TCD14_CLK_Frequency
                0x004094ac       0x2c Clock_Ip_Frequency.o
 .text.Clock_Ip_Get_EDMA0_TCD13_CLK_Frequency
                0x004094d8       0x2c Clock_Ip_Frequency.o
 .text.Clock_Ip_Get_EDMA0_TCD12_CLK_Frequency
                0x00409504       0x2c Clock_Ip_Frequency.o
 .text.Clock_Ip_Get_EDMA0_TCD11_CLK_Frequency
                0x00409530       0x2c Clock_Ip_Frequency.o
 .text.Clock_Ip_Get_EDMA0_TCD10_CLK_Frequency
                0x0040955c       0x2c Clock_Ip_Frequency.o
 .text.Clock_Ip_Get_EDMA0_TCD9_CLK_Frequency
                0x00409588       0x2c Clock_Ip_Frequency.o
 .text.Clock_Ip_Get_EDMA0_TCD8_CLK_Frequency
                0x004095b4       0x2c Clock_Ip_Frequency.o
 .text.Clock_Ip_Get_EDMA0_TCD7_CLK_Frequency
                0x004095e0       0x2c Clock_Ip_Frequency.o
 .text.Clock_Ip_Get_EDMA0_TCD6_CLK_Frequency
                0x0040960c       0x2c Clock_Ip_Frequency.o
 .text.Clock_Ip_Get_EDMA0_TCD5_CLK_Frequency
                0x00409638       0x2c Clock_Ip_Frequency.o
 .text.Clock_Ip_Get_EDMA0_TCD4_CLK_Frequency
                0x00409664       0x2c Clock_Ip_Frequency.o
 .text.Clock_Ip_Get_EDMA0_TCD3_CLK_Frequency
                0x00409690       0x2c Clock_Ip_Frequency.o
 .text.Clock_Ip_Get_EDMA0_TCD2_CLK_Frequency
                0x004096bc       0x2c Clock_Ip_Frequency.o
 .text.Clock_Ip_Get_EDMA0_TCD1_CLK_Frequency
                0x004096e8       0x2c Clock_Ip_Frequency.o
 .text.Clock_Ip_Get_EDMA0_TCD0_CLK_Frequency
                0x00409714       0x2c Clock_Ip_Frequency.o
 .text.Clock_Ip_Get_EDMA0_CLK_Frequency
                0x00409740       0x2c Clock_Ip_Frequency.o
 .text.Clock_Ip_Get_DMAMUX1_CLK_Frequency
                0x0040976c       0x2c Clock_Ip_Frequency.o
 .text.Clock_Ip_Get_DMAMUX0_CLK_Frequency
                0x00409798       0x2c Clock_Ip_Frequency.o
 .text.Clock_Ip_Get_BCTU0_CLK_Frequency
                0x004097c4       0x2c Clock_Ip_Frequency.o
 .text.Clock_Ip_Get_ADC2_CLK_Frequency
                0x004097f0       0x2c Clock_Ip_Frequency.o
 .text.Clock_Ip_Get_ADC1_CLK_Frequency
                0x0040981c       0x2c Clock_Ip_Frequency.o
 .text.Clock_Ip_Get_ADC0_CLK_Frequency
                0x00409848       0x2c Clock_Ip_Frequency.o
 .text.Clock_Ip_Get_AIPS_SLOW_CLK_Frequency
                0x00409874       0x70 Clock_Ip_Frequency.o
 .text.Clock_Ip_Get_WKPU0_CLK_Frequency
                0x004098e4       0x2c Clock_Ip_Frequency.o
 .text.Clock_Ip_Get_TSENSE0_CLK_Frequency
                0x00409910       0x2c Clock_Ip_Frequency.o
 .text.Clock_Ip_Get_TRGMUX0_CLK_Frequency
                0x0040993c       0x2c Clock_Ip_Frequency.o
 .text.Clock_Ip_Get_STCU0_CLK_Frequency
                0x00409968       0x2c Clock_Ip_Frequency.o
 .text.Clock_Ip_Get_SIUL2_CLK_Frequency
                0x00409994       0x2c Clock_Ip_Frequency.o
 .text.Clock_Ip_Get_SAI1_CLK_Frequency
                0x004099c0       0x2c Clock_Ip_Frequency.o
 .text.Clock_Ip_Get_SAI0_CLK_Frequency
                0x004099ec       0x2c Clock_Ip_Frequency.o
 .text.Clock_Ip_Get_PIT2_CLK_Frequency
                0x00409a18       0x2c Clock_Ip_Frequency.o
 .text.Clock_Ip_Get_PIT1_CLK_Frequency
                0x00409a44       0x2c Clock_Ip_Frequency.o
 .text.Clock_Ip_Get_PIT0_CLK_Frequency
                0x00409a70       0x2c Clock_Ip_Frequency.o
 .text.Clock_Ip_Get_LPUART15_CLK_Frequency
                0x00409a9c       0x2c Clock_Ip_Frequency.o
 .text.Clock_Ip_Get_LPUART14_CLK_Frequency
                0x00409ac8       0x2c Clock_Ip_Frequency.o
 .text.Clock_Ip_Get_LPUART13_CLK_Frequency
                0x00409af4       0x2c Clock_Ip_Frequency.o
 .text.Clock_Ip_Get_LPUART12_CLK_Frequency
                0x00409b20       0x2c Clock_Ip_Frequency.o
 .text.Clock_Ip_Get_LPUART11_CLK_Frequency
                0x00409b4c       0x2c Clock_Ip_Frequency.o
 .text.Clock_Ip_Get_LPUART10_CLK_Frequency
                0x00409b78       0x2c Clock_Ip_Frequency.o
 .text.Clock_Ip_Get_LPUART9_CLK_Frequency
                0x00409ba4       0x2c Clock_Ip_Frequency.o
 .text.Clock_Ip_Get_LPUART7_CLK_Frequency
                0x00409bd0       0x2c Clock_Ip_Frequency.o
 .text.Clock_Ip_Get_LPUART6_CLK_Frequency
                0x00409bfc       0x2c Clock_Ip_Frequency.o
 .text.Clock_Ip_Get_LPUART5_CLK_Frequency
                0x00409c28       0x2c Clock_Ip_Frequency.o
 .text.Clock_Ip_Get_LPUART4_CLK_Frequency
                0x00409c54       0x2c Clock_Ip_Frequency.o
 .text.Clock_Ip_Get_LPUART3_CLK_Frequency
                0x00409c80       0x2c Clock_Ip_Frequency.o
 .text.Clock_Ip_Get_LPUART2_CLK_Frequency
                0x00409cac       0x2c Clock_Ip_Frequency.o
 .text.Clock_Ip_Get_LPUART1_CLK_Frequency
                0x00409cd8       0x2c Clock_Ip_Frequency.o
 .text.Clock_Ip_Get_LPSPI5_CLK_Frequency
                0x00409d04       0x2c Clock_Ip_Frequency.o
 .text.Clock_Ip_Get_LPSPI4_CLK_Frequency
                0x00409d30       0x2c Clock_Ip_Frequency.o
 .text.Clock_Ip_Get_LPSPI3_CLK_Frequency
                0x00409d5c       0x2c Clock_Ip_Frequency.o
 .text.Clock_Ip_Get_LPSPI2_CLK_Frequency
                0x00409d88       0x2c Clock_Ip_Frequency.o
 .text.Clock_Ip_Get_LPSPI1_CLK_Frequency
                0x00409db4       0x2c Clock_Ip_Frequency.o
 .text.Clock_Ip_Get_LPI2C1_CLK_Frequency
                0x00409de0       0x2c Clock_Ip_Frequency.o
 .text.Clock_Ip_Get_LPI2C0_CLK_Frequency
                0x00409e0c       0x2c Clock_Ip_Frequency.o
 .text.Clock_Ip_Get_ERM0_CLK_Frequency
                0x00409e38       0x2c Clock_Ip_Frequency.o
 .text.Clock_Ip_Get_CMP2_CLK_Frequency
                0x00409e64       0x2c Clock_Ip_Frequency.o
 .text.Clock_Ip_Get_CMP1_CLK_Frequency
                0x00409e90       0x2c Clock_Ip_Frequency.o
 .text.Clock_Ip_Get_CMP0_CLK_Frequency
                0x00409ebc       0x2c Clock_Ip_Frequency.o
 .text.Clock_Ip_Get_HSE_CLK_Frequency
                0x00409ee8       0x70 Clock_Ip_Frequency.o
 .text.Clock_Ip_Get_LBIST_CLK_Frequency
                0x00409f58       0x70 Clock_Ip_Frequency.o
 .text.Clock_Ip_Get_QSPI_MEM_CLK_Frequency
                0x00409fc8       0x70 Clock_Ip_Frequency.o
 .text.Clock_Ip_Get_DCM_CLK_Frequency
                0x0040a038       0x70 Clock_Ip_Frequency.o
 .text.Clock_Ip_Get_QSPI0_TX_MEM_CLK_Frequency
                0x0040a0a8       0x90 Clock_Ip_Frequency.o
 .text.Clock_Ip_Get_QSPI0_RAM_CLK_Frequency
                0x0040a138       0x90 Clock_Ip_Frequency.o
 .text.Clock_Ip_SetExternalOscillatorFrequency
                0x0040a1c8       0x24 Clock_Ip_Frequency.o
                0x0040a1c8                Clock_Ip_SetExternalOscillatorFrequency
 .text.Clock_Ip_GetFreq
                0x0040a1ec        0xc Clock_Ip_Frequency.o
                0x0040a1ec                Clock_Ip_GetFreq
 .text.Clock_Ip_SetExternalSignalFrequency
                0x0040a1f8       0x28 Clock_Ip_Frequency.o
                0x0040a1f8                Clock_Ip_SetExternalSignalFrequency
 .text.Clock_Ip_ClockSetGateEmpty
                0x0040a220        0x4 Clock_Ip_Gate.o
 .text.Clock_Ip_ClockUpdateGateEmpty
                0x0040a224        0x4 Clock_Ip_Gate.o
 .text.Clock_Ip_ClockSetGateMcMePartitionCollectionClockRequest
                0x0040a228      0x154 Clock_Ip_Gate.o
 .text.Clock_Ip_ClockUpdateGateMcMePartitionCollectionClockRequest
                0x0040a37c       0x20 Clock_Ip_Gate.o
 .text.Clock_Ip_InternalOscillatorEmpty
                0x0040a39c        0x4 Clock_Ip_IntOsc.o
 .text.Clock_Ip_InternalOscillatorEmpty_Disable
                0x0040a3a0        0x4 Clock_Ip_IntOsc.o
 .text.Clock_Ip_EnableFircStdby
                0x0040a3a4       0x10 Clock_Ip_IntOsc.o
 .text.Clock_Ip_DisableFircStdby
                0x0040a3b4       0x10 Clock_Ip_IntOsc.o
 .text.Clock_Ip_EnableSircStdby
                0x0040a3c4       0x10 Clock_Ip_IntOsc.o
 .text.Clock_Ip_DisableSircStdby
                0x0040a3d4       0x10 Clock_Ip_IntOsc.o
 .text.Clock_Ip_SetFircDivSelHSEb
                0x0040a3e4       0x80 Clock_Ip_IntOsc.o
 .text.Clock_Ip_SetFircStdby
                0x0040a464       0x20 Clock_Ip_IntOsc.o
 .text.Clock_Ip_SetSircStdby
                0x0040a484       0x20 Clock_Ip_IntOsc.o
 .text.Clock_Ip_ClockMonitorEmpty
                0x0040a4a4        0x4 Clock_Ip_Monitor.o
 .text.Clock_Ip_ClockMonitorEmpty_Set
                0x0040a4a8        0x4 Clock_Ip_Monitor.o
 .text.Clock_Ip_ClockMonitorEmpty_Disable
                0x0040a4ac        0x4 Clock_Ip_Monitor.o
 .text.Clock_Ip_EnableCmuFcFceRefCntLfrefHfref
                0x0040a4b0       0x34 Clock_Ip_Monitor.o
 .text.Clock_Ip_DisableCmuFcFceRefCntLfrefHfref
                0x0040a4e4       0x7c Clock_Ip_Monitor.o
 .text.Clock_Ip_ResetCmuFcFceRefCntLfrefHfref
                0x0040a560        0xc Clock_Ip_Monitor.o
 .text.Clock_Ip_SetCmuFcFceRefCntLfrefHfref
                0x0040a56c      0x124 Clock_Ip_Monitor.o
 .text.Clock_Ip_CallbackPllEmpty
                0x0040a690        0x4 Clock_Ip_Pll.o
 .text.Clock_Ip_CallbackPllEmptyComplete
                0x0040a694        0x4 Clock_Ip_Pll.o
 .text.Clock_Ip_CallbackPllEmptyDisable
                0x0040a698        0x4 Clock_Ip_Pll.o
 .text.Clock_Ip_ResetPllRdivMfiMfnOdiv2SdmenSsscgbypSpreadctlStepnoStepsize
                0x0040a69c       0x4c Clock_Ip_Pll.o
 .text.Clock_Ip_SetPllRdivMfiMfnOdiv2SdmenSsscgbypSpreadctlStepnoStepsize
                0x0040a6e8       0xa8 Clock_Ip_Pll.o
 .text.Clock_Ip_EnablePllRdivMfiMfnOdiv2SdmenSsscgbypSpreadctlStepnoStepsize
                0x0040a790       0x2c Clock_Ip_Pll.o
 .text.Clock_Ip_CompletePllRdivMfiMfnOdiv2SdmenSsscgbypSpreadctlStepnoStepsize
                0x0040a7bc       0x64 Clock_Ip_Pll.o
 .text.Clock_Ip_ProgressiveFrequencyClockSwitchEmpty
                0x0040a820        0x4 Clock_Ip_ProgFreqSwitch.o
 .text.Clock_Ip_CgmXPcfsSdurDivcDiveDivs
                0x0040a824      0x154 Clock_Ip_ProgFreqSwitch.o
 .text.Clock_Ip_CallbackSelectorEmpty
                0x0040a978        0x4 Clock_Ip_Selector.o
 .text.Clock_Ip_ResetCgmXCscCssClkswSwip
                0x0040a97c       0x4c Clock_Ip_Selector.o
 .text.Clock_Ip_SetCgmXCscCssClkswRampupRampdownSwip
                0x0040a9c8      0x108 Clock_Ip_Selector.o
 .text.Clock_Ip_SetCgmXCscCssClkswSwip
                0x0040aad0      0x108 Clock_Ip_Selector.o
 .text.Clock_Ip_SetCgmXCscCssCsGrip
                0x0040abd8       0xd8 Clock_Ip_Selector.o
 .text.Clock_Ip_ResetCgmXCscCssCsGrip
                0x0040acb0       0xa4 Clock_Ip_Selector.o
 .text.Clock_Ip_SetRtcRtccClksel
                0x0040ad54       0x28 Clock_Ip_Selector.o
 .text.Clock_Ip_ResetCgmXCscCssClkswRampupRampdownSwip
                0x0040ad7c       0x4c Clock_Ip_Selector.o
 .text.Clock_Ip_PllPowerClockIp
                0x0040adc8       0x94 Clock_Ip_Specific.o
 .text.Clock_Ip_FxoscPowerClockIp
                0x0040ae5c       0x94 Clock_Ip_Specific.o
 .text.Clock_Ip_SxoscPowerClockIp
                0x0040aef0       0x94 Clock_Ip_Specific.o
 .text.Clock_Ip_CmusPowerClockIp
                0x0040af84       0x94 Clock_Ip_Specific.o
 .text.Clock_Ip_MscmPowerClockIp
                0x0040b018       0x94 Clock_Ip_Specific.o
 .text.Clock_Ip_McMeEnterKey
                0x0040b0ac       0x14 Clock_Ip_Specific.o
                0x0040b0ac                Clock_Ip_McMeEnterKey
 .text.Clock_Ip_Command
                0x0040b0c0       0x64 Clock_Ip_Specific.o
                0x0040b0c0                Clock_Ip_Command
 .text.Det_InitDataNode
                0x0040b124       0x88 Det.o
                0x0040b124                Det_InitDataNode
 .text.Det_FreeNodesInLinkedList
                0x0040b1ac      0x138 Det.o
                0x0040b1ac                Det_FreeNodesInLinkedList
 .text.Det_Init
                0x0040b2e4      0x248 Det.o
                0x0040b2e4                Det_Init
 .text.Det_ReportError
                0x0040b52c       0x90 Det.o
                0x0040b52c                Det_ReportError
 .text.Det_ReportRuntimeError
                0x0040b5bc       0x90 Det.o
                0x0040b5bc                Det_ReportRuntimeError
 .text.Dio_WriteChannel
                0x0040b64c       0x60 Dio.o
                0x0040b64c                Dio_WriteChannel
 .text.Dio_Ipw_WriteChannel
                0x0040b6ac       0x38 Dio_Ipw.o
                0x0040b6ac                Dio_Ipw_WriteChannel
 .text.Static_Dma_Ip_SetLogicChannelGlobalConfig.constprop.0
                0x0040b6e4       0xe8 Dma_Ip.o
 .text.Static_Dma_Ip_SetLogicChannelTransferConfig
                0x0040b7cc      0x270 Dma_Ip.o
 .text.Dma_Ip_ConvertLogicChToHwCh
                0x0040ba3c       0x14 Dma_Ip.o
                0x0040ba3c                Dma_Ip_ConvertLogicChToHwCh
 .text.Dma_Ip_LogicChannelInit
                0x0040ba50      0x20c Dma_Ip.o
                0x0040ba50                Dma_Ip_LogicChannelInit
 .text.Dma_Ip_Init
                0x0040bc5c       0x6c Dma_Ip.o
                0x0040bc5c                Dma_Ip_Init
 .text.Dma_Ip_SetLogicChannelCommand
                0x0040bcc8       0xc4 Dma_Ip.o
                0x0040bcc8                Dma_Ip_SetLogicChannelCommand
 .text.Dma_Ip_GetLogicChannelStatus
                0x0040bd8c       0x70 Dma_Ip.o
                0x0040bd8c                Dma_Ip_GetLogicChannelStatus
 .text.Dma_Ip_SetLogicChannelTransferList
                0x0040bdfc      0x144 Dma_Ip.o
                0x0040bdfc                Dma_Ip_SetLogicChannelTransferList
 .text.Dma_Ip_IntIrqHandler
                0x0040bf40       0x18 Dma_Ip.o
                0x0040bf40                Dma_Ip_IntIrqHandler
 .text.Dma_Ip_ErrorIrqHandler
                0x0040bf58       0x54 Dma_Ip.o
                0x0040bf58                Dma_Ip_ErrorIrqHandler
 .text.Dma_Ip_SetHwChannel_ResetEvent
                0x0040bfac       0x18 Dma_Ip_Driver_State.o
 .text.Dma_Ip_SetHwChannel_ReadyEvent
                0x0040bfc4       0x18 Dma_Ip_Driver_State.o
 .text.Dma_Ip_SetHwChannel_TransferEvent
                0x0040bfdc       0x18 Dma_Ip_Driver_State.o
 .text.Dma_Ip_SetHwChannel_ScatterGatherEvent
                0x0040bff4       0x18 Dma_Ip_Driver_State.o
 .text.Dma_Ip_SetHwChannel_ErrorEvent
                0x0040c00c       0x18 Dma_Ip_Driver_State.o
 .text.Dma_Ip_SetHwChannelState
                0x0040c024       0x30 Dma_Ip_Driver_State.o
                0x0040c024                Dma_Ip_SetHwChannelState
 .text.Dma_Ip_GetHwChannelState
                0x0040c054       0x1c Dma_Ip_Driver_State.o
                0x0040c054                Dma_Ip_GetHwChannelState
 .text.Dma_Ip_GetHwChannelStatePointer
                0x0040c070       0x18 Dma_Ip_Driver_State.o
                0x0040c070                Dma_Ip_GetHwChannelStatePointer
 .text.Dma_Ip_SetHwChannelStatePointer
                0x0040c088       0x14 Dma_Ip_Driver_State.o
                0x0040c088                Dma_Ip_SetHwChannelStatePointer
 .text.HwAccDmaCh_SetGlobalDummyFunction
                0x0040c09c        0x4 Dma_Ip_Hw_Access.o
 .text.HwAccDmaCh_SetTransferDummyFunction
                0x0040c0a0        0x8 Dma_Ip_Hw_Access.o
 .text.HwAccDmaCh_CmdSetHwRequest
                0x0040c0a8       0x1c Dma_Ip_Hw_Access.o
 .text.HwAccDmaCh_CmdClearHwRequest
                0x0040c0c4       0x1c Dma_Ip_Hw_Access.o
 .text.HwAccDmaCh_CmdSetSwRequest
                0x0040c0e0       0x1c Dma_Ip_Hw_Access.o
 .text.HwAccDmaCh_CmdClearDone
                0x0040c0fc       0x1c Dma_Ip_Hw_Access.o
 .text.HwAccDmaCh_CmdClearError
                0x0040c118       0x1c Dma_Ip_Hw_Access.o
 .text.HwAccDmaCh_CmdClearInterruptStatus
                0x0040c134       0x1c Dma_Ip_Hw_Access.o
 .text.HwAccDmaCh_SetSource_Address
                0x0040c150        0x8 Dma_Ip_Hw_Access.o
 .text.HwAccDmaCh_SetSource_SignedOffset
                0x0040c158        0x8 Dma_Ip_Hw_Access.o
 .text.HwAccDmaCh_SetSource_LastAddrAdj
                0x0040c160       0x10 Dma_Ip_Hw_Access.o
 .text.HwAccDmaCh_SetDestination_Address
                0x0040c170        0x8 Dma_Ip_Hw_Access.o
 .text.HwAccDmaCh_SetDestination_SignedOffset
                0x0040c178        0x8 Dma_Ip_Hw_Access.o
 .text.HwAccDmaCh_SetMajorLoop_Count
                0x0040c180       0x40 Dma_Ip_Hw_Access.o
 .text.HwAccDmaCh_SetMajorLoop_LogicLinkCh
                0x0040c1c0       0x24 Dma_Ip_Hw_Access.o
 .text.HwAccDmaCh_SetMinorLoop_LogicLinkCh
                0x0040c1e4       0x30 Dma_Ip_Hw_Access.o
 .text.HwAccDmaCh_SetControl_EnMasterIdReplication
                0x0040c214       0x24 Dma_Ip_Hw_Access.o
 .text.HwAccDmaCh_SetControl_EnBufferedWrites
                0x0040c238       0x24 Dma_Ip_Hw_Access.o
 .text.HwAccDmaCh_SetRequest_EnRequest
                0x0040c25c       0x24 Dma_Ip_Hw_Access.o
 .text.HwAccDmaCh_SetInterrupt_EnError
                0x0040c280       0x2c Dma_Ip_Hw_Access.o
 .text.HwAccDmaCh_SetPriority_Group
                0x0040c2ac       0x24 Dma_Ip_Hw_Access.o
 .text.HwAccDmaCh_SetPriority_Level
                0x0040c2d0       0x24 Dma_Ip_Hw_Access.o
 .text.HwAccDmaCh_SetPriority_EnPreemption
                0x0040c2f4       0x20 Dma_Ip_Hw_Access.o
 .text.HwAccDmaCh_SetPriority_DisPreempt
                0x0040c314       0x24 Dma_Ip_Hw_Access.o
 .text.HwAccDmaCh_SetSource_TransferSize
                0x0040c338       0x18 Dma_Ip_Hw_Access.o
 .text.HwAccDmaCh_SetSource_Modulo
                0x0040c350       0x14 Dma_Ip_Hw_Access.o
 .text.HwAccDmaCh_SetDestination_TransferSize
                0x0040c364       0x14 Dma_Ip_Hw_Access.o
 .text.HwAccDmaCh_SetDestination_Modulo
                0x0040c378       0x14 Dma_Ip_Hw_Access.o
 .text.HwAccDmaCh_SetMinorLoop_enSrcOffset
                0x0040c38c       0x14 Dma_Ip_Hw_Access.o
 .text.HwAccDmaCh_SetMinorLoop_enDstOffset
                0x0040c3a0       0x18 Dma_Ip_Hw_Access.o
 .text.HwAccDmaCh_SetMinorLoop_Offset
                0x0040c3b8       0x28 Dma_Ip_Hw_Access.o
 .text.HwAccDmaCh_SetMinorLoop_EnLink
                0x0040c3e0       0x20 Dma_Ip_Hw_Access.o
 .text.HwAccDmaCh_SetMinorLoop_Size
                0x0040c400       0x28 Dma_Ip_Hw_Access.o
 .text.HwAccDmaCh_SetMajorLoop_EnLink
                0x0040c428       0x18 Dma_Ip_Hw_Access.o
 .text.HwAccDmaCh_SetControl_StoreDestinationAddress
                0x0040c440       0x10 Dma_Ip_Hw_Access.o
 .text.HwAccDmaCh_SetControl_EnStart
                0x0040c450       0x18 Dma_Ip_Hw_Access.o
 .text.HwAccDmaCh_SetControl_EnMajor
                0x0040c468       0x18 Dma_Ip_Hw_Access.o
 .text.HwAccDmaCh_SetControl_EnHalfMajor
                0x0040c480       0x18 Dma_Ip_Hw_Access.o
 .text.HwAccDmaCh_SetControl_DisAutoHwRequest
                0x0040c498       0x18 Dma_Ip_Hw_Access.o
 .text.HwAccDmaCh_SetControl_EnEndOfPacketSignal
                0x0040c4b0       0x18 Dma_Ip_Hw_Access.o
 .text.HwAccDmaCh_SetControl_BandwidthControl
                0x0040c4c8       0x14 Dma_Ip_Hw_Access.o
 .text.HwAccDmaCh_SetDestination_LastAddrAdj
                0x0040c4dc        0x8 Dma_Ip_Hw_Access.o
 .text.HwAccDmaInst_SetConfig
                0x0040c4e4       0x58 Dma_Ip_Hw_Access.o
                0x0040c4e4                HwAccDmaInst_SetConfig
 .text.HwAccDmaCh_SetCommand
                0x0040c53c       0x1c Dma_Ip_Hw_Access.o
                0x0040c53c                HwAccDmaCh_SetCommand
 .text.HwAccDmaCh_GetStatus
                0x0040c558       0x24 Dma_Ip_Hw_Access.o
                0x0040c558                HwAccDmaCh_GetStatus
 .text.HwAccDmaCh_GetStatus_Error
                0x0040c57c       0x20 Dma_Ip_Hw_Access.o
                0x0040c57c                HwAccDmaCh_GetStatus_Error
 .text.HwAccDmaCh_SetGlobalParam
                0x0040c59c       0x20 Dma_Ip_Hw_Access.o
                0x0040c59c                HwAccDmaCh_SetGlobalParam
 .text.HwAccDmaCh_SetTransferParam
                0x0040c5bc       0x1c Dma_Ip_Hw_Access.o
                0x0040c5bc                HwAccDmaCh_SetTransferParam
 .text.HwAccDmaCh_LoadConfigIntoSoftwareTcd
                0x0040c5d8      0x1ec Dma_Ip_Hw_Access.o
                0x0040c5d8                HwAccDmaCh_LoadConfigIntoSoftwareTcd
 .text.HwAccDmaCh_LoadSoftwareTcdIntoHardwareTcd
                0x0040c7c4       0x5c Dma_Ip_Hw_Access.o
                0x0040c7c4                HwAccDmaCh_LoadSoftwareTcdIntoHardwareTcd
 .text.HwAccDmaCh_SetControl_ScatterGatherAddress
                0x0040c820        0x8 Dma_Ip_Hw_Access.o
                0x0040c820                HwAccDmaCh_SetControl_ScatterGatherAddress
 .text.HwAccDmaCh_SetControl_EnScatterGatherProcessing
                0x0040c828       0x18 Dma_Ip_Hw_Access.o
                0x0040c828                HwAccDmaCh_SetControl_EnScatterGatherProcessing
 .text.Dma0_Ch0_IRQHandler
                0x0040c840       0x4c Dma_Ip_Irq.o
                0x0040c840                Dma0_Ch0_IRQHandler
 .text.Dma0_Ch16_IRQHandler
                0x0040c88c       0x4c Dma_Ip_Irq.o
                0x0040c88c                Dma0_Ch16_IRQHandler
 .text.Dma0_Ch17_IRQHandler
                0x0040c8d8       0x4c Dma_Ip_Irq.o
                0x0040c8d8                Dma0_Ch17_IRQHandler
 .text.Dma_Mux_Ip_Init_Privileged
                0x0040c924       0x48 Dma_Mux_Ip.o
                0x0040c924                Dma_Mux_Ip_Init_Privileged
 .text.Dma_Mux_Ip_Init
                0x0040c96c        0x4 Dma_Mux_Ip.o
                0x0040c96c                Dma_Mux_Ip_Init
 .text.EcuM_CheckWakeup
                0x0040c970        0x4 EcuM.o
                0x0040c970                EcuM_CheckWakeup
 .text.Emios_Icu_Ip_SetActivation
                0x0040c974       0x60 Emios_Icu_Ip.o
                0x0040c974                Emios_Icu_Ip_SetActivation
 .text.Emios_Icu_Ip_Init
                0x0040c9d4      0x264 Emios_Icu_Ip.o
                0x0040c9d4                Emios_Icu_Ip_Init
 .text.Emios_Icu_Ip_StopTimestamp
                0x0040cc38      0x108 Emios_Icu_Ip.o
                0x0040cc38                Emios_Icu_Ip_StopTimestamp
 .text.Emios_Icu_Ip_ReadCounterBus
                0x0040cd40      0x11c Emios_Icu_Ip_Irq.o
 .text.Emios_Icu_Ip_SignalMeasurementHandler.part.0
                0x0040ce5c      0x328 Emios_Icu_Ip_Irq.o
 .text.Emios_Icu_Ip_IrqHandler
                0x0040d184      0x31c Emios_Icu_Ip_Irq.o
                0x0040d184                Emios_Icu_Ip_IrqHandler
 .text.Emios_Mcl_Ip_Init
                0x0040d4a0      0x12c Emios_Mcl_Ip.o
                0x0040d4a0                Emios_Mcl_Ip_Init
 .text.Emios_Mcl_Ip_EnableChannel
                0x0040d5cc       0x1c Emios_Mcl_Ip.o
                0x0040d5cc                Emios_Mcl_Ip_EnableChannel
 .text.Emios_Mcl_Ip_GetCounterBusPeriod
                0x0040d5e8       0x14 Emios_Mcl_Ip.o
                0x0040d5e8                Emios_Mcl_Ip_GetCounterBusPeriod
 .text.EMIOS0_5_IRQ
                0x0040d5fc       0x24 Emios_Mcl_Ip_Irq.o
                0x0040d5fc                EMIOS0_5_IRQ
 .text.EMIOS0_3_IRQ
                0x0040d620       0x24 Emios_Mcl_Ip_Irq.o
                0x0040d620                EMIOS0_3_IRQ
 .text.EMIOS0_1_IRQ
                0x0040d644       0x24 Emios_Mcl_Ip_Irq.o
                0x0040d644                EMIOS0_1_IRQ
 .text.EMIOS1_5_IRQ
                0x0040d668       0x40 Emios_Mcl_Ip_Irq.o
                0x0040d668                EMIOS1_5_IRQ
 .text.EMIOS1_1_IRQ
                0x0040d6a8       0x24 Emios_Mcl_Ip_Irq.o
                0x0040d6a8                EMIOS1_1_IRQ
 .text.EMIOS1_0_IRQ
                0x0040d6cc       0x68 Emios_Mcl_Ip_Irq.o
                0x0040d6cc                EMIOS1_0_IRQ
 .text.EMIOS2_5_IRQ
                0x0040d734       0x5c Emios_Mcl_Ip_Irq.o
                0x0040d734                EMIOS2_5_IRQ
 .text.Emios_Pwm_Ip_InitChannel
                0x0040d790      0x3e0 Emios_Pwm_Ip.o
                0x0040d790                Emios_Pwm_Ip_InitChannel
 .text.Emios_Pwm_Ip_IrqHandler
                0x0040db70       0xac Emios_Pwm_Ip_Irq.o
                0x0040db70                Emios_Pwm_Ip_IrqHandler
 .text.Fee_JobSystemDone
                0x0040dc1c        0x4 Fee.o
 .text.Fee_JobWriteBlockDone
                0x0040dc20       0x2c Fee.o
 .text.Fee_JobInvalidateBlockDone
                0x0040dc4c       0x2c Fee.o
 .text.Fee_ReservedAreaWritable
                0x0040dc78       0x98 Fee.o
 .text.Fee_JobInvalidateBlock
                0x0040dd10       0x74 Fee.o
 .text.Fee_JobWriteBlockValidate
                0x0040dd84       0x54 Fee.o
 .text.Fee_JobReadBlock
                0x0040ddd8       0x88 Fee.o
 .text.Fee_JobInternalSwapDataWrite_Wrapper
                0x0040de60       0x3c Fee.o
 .text.Fee_JobWriteBlockData
                0x0040de9c      0x124 Fee.o
 .text.Fee_JobInternalSwapClusterFmt
                0x0040dfc0       0x94 Fee.o
 .text.Fee_JobInternalSwap
                0x0040e054       0x74 Fee.o
 .text.Fee_JobEraseImmediateBlock
                0x0040e0c8       0x3c Fee.o
 .text.Fee_JobWriteHdr
                0x0040e104       0xb4 Fee.o
 .text.Fee_JobWriteBlock
                0x0040e1b8       0x18 Fee.o
 .text.Fee_JobInternalScanClusterFmt
                0x0040e1d0       0x80 Fee.o
 .text.Fee_JobWriteBlockUnalignedData
                0x0040e250       0x94 Fee.o
 .text.Fee_JobInternalSwapBlock
                0x0040e2e4      0x18c Fee.o
 .text.Fee_JobInternalSwapDataRead
                0x0040e470       0xdc Fee.o
 .text.Fee_JobInternalSwapDataRead_Wrapper
                0x0040e54c        0x8 Fee.o
 .text.Fee_JobInternalScan
                0x0040e554       0x40 Fee.o
 .text.Fee_JobCheckBlockHeaderMatchesFeeConfigOrNot.constprop.0
                0x0040e594       0xec Fee.o
 .text.Fee_JobInternalSwapClusterVldDone
                0x0040e680      0x184 Fee.o
 .text.Fee_JobInternalScanCluster
                0x0040e804       0xb4 Fee.o
 .text.Fee_JobInternalScanClusterFmtDone
                0x0040e8b8       0x54 Fee.o
 .text.Fee_JobInternalScanBlockHdrParse
                0x0040e90c      0x1ac Fee.o
 .text.Fee_JobInternalScanBlockHdrParse_Wrapper
                0x0040eab8        0x8 Fee.o
 .text.Fee_JobInternalScanClusterHdrParse
                0x0040eac0      0x160 Fee.o
 .text.Fee_JobInternalScanClusterHdrParse_Wrapper
                0x0040ec20        0x8 Fee.o
 .text.Fee_Init
                0x0040ec28       0x60 Fee.o
                0x0040ec28                Fee_Init
 .text.Fee_GetStatus
                0x0040ec88        0xc Fee.o
                0x0040ec88                Fee_GetStatus
 .text.Fee_JobEndNotification
                0x0040ec94      0x130 Fee.o
                0x0040ec94                Fee_JobEndNotification
 .text.Fee_MainFunction
                0x0040edc4       0x58 Fee.o
                0x0040edc4                Fee_MainFunction
 .text.FlexCAN_StartRxMessageEnhancedFifoData
                0x0040ee1c       0x60 FlexCAN_Ip.o
 .text.FlexCAN_CompleteRxMessageFifoData
                0x0040ee7c       0x74 FlexCAN_Ip.o
 .text.FlexCAN_StartRxMessageBufferData
                0x0040eef0       0x5c FlexCAN_Ip.o
 .text.FlexCAN_IRQHandlerEnhancedRxFIFO
                0x0040ef4c      0x11c FlexCAN_Ip.o
 .text.FlexCAN_StartRxMessageFifoData.part.0
                0x0040f068       0xa4 FlexCAN_Ip.o
 .text.FlexCAN_IRQHandlerRxMB
                0x0040f10c      0x114 FlexCAN_Ip.o
 .text.FlexCAN_IRQHandlerRxFIFO
                0x0040f220       0xa4 FlexCAN_Ip.o
 .text.FlexCAN_Ip_Init_Privileged
                0x0040f2c4      0x350 FlexCAN_Ip.o
                0x0040f2c4                FlexCAN_Ip_Init_Privileged
 .text.FlexCAN_Ip_ConfigRxMb
                0x0040f614       0xb8 FlexCAN_Ip.o
                0x0040f614                FlexCAN_Ip_ConfigRxMb
 .text.FlexCAN_Ip_Receive
                0x0040f6cc       0x58 FlexCAN_Ip.o
                0x0040f6cc                FlexCAN_Ip_Receive
 .text.FlexCAN_Ip_RxFifo
                0x0040f724       0x44 FlexCAN_Ip.o
                0x0040f724                FlexCAN_Ip_RxFifo
 .text.FlexCAN_Ip_ConfigRxFifo_Privileged
                0x0040f768       0x6c FlexCAN_Ip.o
                0x0040f768                FlexCAN_Ip_ConfigRxFifo_Privileged
 .text.FlexCAN_Ip_ConfigEnhancedRxFifo_Privileged
                0x0040f7d4       0x74 FlexCAN_Ip.o
                0x0040f7d4                FlexCAN_Ip_ConfigEnhancedRxFifo_Privileged
 .text.FlexCAN_IRQHandler
                0x0040f848      0x318 FlexCAN_Ip.o
                0x0040f848                FlexCAN_IRQHandler
 .text.FlexCAN_Busoff_Error_IRQHandler
                0x0040fb60       0xd4 FlexCAN_Ip.o
                0x0040fb60                FlexCAN_Busoff_Error_IRQHandler
 .text.FlexCAN_Ip_EnterFreezeMode_Privileged
                0x0040fc34       0x10 FlexCAN_Ip.o
                0x0040fc34                FlexCAN_Ip_EnterFreezeMode_Privileged
 .text.FlexCAN_Ip_SetRxIndividualMask_Privileged
                0x0040fc44       0x88 FlexCAN_Ip.o
                0x0040fc44                FlexCAN_Ip_SetRxIndividualMask_Privileged
 .text.FlexCAN_Ip_SetRxFifoGlobalMask_Privileged
                0x0040fccc       0x5c FlexCAN_Ip.o
                0x0040fccc                FlexCAN_Ip_SetRxFifoGlobalMask_Privileged
 .text.FlexCAN_Ip_SetStartMode_Privileged
                0x0040fd28       0x30 FlexCAN_Ip.o
                0x0040fd28                FlexCAN_Ip_SetStartMode_Privileged
 .text.FlexCAN_Ip_SetStopMode_Privileged
                0x0040fd58       0x2c FlexCAN_Ip.o
                0x0040fd58                FlexCAN_Ip_SetStopMode_Privileged
 .text.FlexCAN_Ip_SetRxMaskType_Privileged
                0x0040fd84       0x78 FlexCAN_Ip.o
                0x0040fd84                FlexCAN_Ip_SetRxMaskType_Privileged
 .text.FlexCAN_Ip_SetBitrate_Privileged
                0x0040fdfc      0x194 FlexCAN_Ip.o
                0x0040fdfc                FlexCAN_Ip_SetBitrate_Privileged
 .text.FlexCAN_Ip_SetBitrateCbt_Privileged
                0x0040ff90      0x184 FlexCAN_Ip.o
                0x0040ff90                FlexCAN_Ip_SetBitrateCbt_Privileged
 .text.FlexCAN_Ip_SetTDCOffset_Privileged
                0x00410114       0xb4 FlexCAN_Ip.o
                0x00410114                FlexCAN_Ip_SetTDCOffset_Privileged
 .text.FlexCAN_Ip_SetTxArbitrationStartDelay_Privileged
                0x004101c8       0x88 FlexCAN_Ip.o
                0x004101c8                FlexCAN_Ip_SetTxArbitrationStartDelay_Privileged
 .text.FlexCAN_Ip_EnableInterrupts_Privileged
                0x00410250       0x60 FlexCAN_Ip.o
                0x00410250                FlexCAN_Ip_EnableInterrupts_Privileged
 .text.FlexCAN_Ip_DisableInterrupts_Privileged
                0x004102b0       0x54 FlexCAN_Ip.o
                0x004102b0                FlexCAN_Ip_DisableInterrupts_Privileged
 .text.FlexCAN_Ip_AbortTransfer
                0x00410304      0x1ec FlexCAN_Ip.o
                0x00410304                FlexCAN_Ip_AbortTransfer
 .text.FlexCAN_GetMsgBuffRegion
                0x004104f0       0x7c FlexCAN_Ip_HwAccess.o
                0x004104f0                FlexCAN_GetMsgBuffRegion
 .text.FlexCAN_EnterFreezeMode
                0x0041056c       0x68 FlexCAN_Ip_HwAccess.o
                0x0041056c                FlexCAN_EnterFreezeMode
 .text.FlexCAN_Enable
                0x004105d4       0x54 FlexCAN_Ip_HwAccess.o
                0x004105d4                FlexCAN_Enable
 .text.FlexCAN_ExitFreezeMode
                0x00410628       0x5c FlexCAN_Ip_HwAccess.o
                0x00410628                FlexCAN_ExitFreezeMode
 .text.FlexCAN_Disable
                0x00410684       0x58 FlexCAN_Ip_HwAccess.o
                0x00410684                FlexCAN_Disable
 .text.FlexCAN_Init
                0x004106dc      0x164 FlexCAN_Ip_HwAccess.o
                0x004106dc                FlexCAN_Init
 .text.FlexCAN_EnableRxFifo
                0x00410840       0x9c FlexCAN_Ip_HwAccess.o
                0x00410840                FlexCAN_EnableRxFifo
 .text.FlexCAN_SetPayloadSize
                0x004108dc       0x6c FlexCAN_Ip_HwAccess.o
                0x004108dc                FlexCAN_SetPayloadSize
 .text.FlexCAN_GetMbPayloadSize
                0x00410948       0x68 FlexCAN_Ip_HwAccess.o
                0x00410948                FlexCAN_GetMbPayloadSize
 .text.FlexCAN_LockRxMsgBuff
                0x004109b0        0xc FlexCAN_Ip_HwAccess.o
                0x004109b0                FlexCAN_LockRxMsgBuff
 .text.FlexCAN_SetMsgBuffIntCmd
                0x004109bc      0x100 FlexCAN_Ip_HwAccess.o
                0x004109bc                FlexCAN_SetMsgBuffIntCmd
 .text.FLEXCAN_ClearMsgBuffIntCmd
                0x00410abc       0xa0 FlexCAN_Ip_HwAccess.o
                0x00410abc                FLEXCAN_ClearMsgBuffIntCmd
 .text.FlexCAN_DisableInterrupts
                0x00410b5c       0x58 FlexCAN_Ip_HwAccess.o
                0x00410b5c                FlexCAN_DisableInterrupts
 .text.FlexCAN_EnableInterrupts
                0x00410bb4       0x84 FlexCAN_Ip_HwAccess.o
                0x00410bb4                FlexCAN_EnableInterrupts
 .text.FlexCAN_SetRxMsgBuff
                0x00410c38       0x88 FlexCAN_Ip_HwAccess.o
                0x00410c38                FlexCAN_SetRxMsgBuff
 .text.FlexCAN_GetMsgBuffTimestamp
                0x00410cc0        0xc FlexCAN_Ip_HwAccess.o
                0x00410cc0                FlexCAN_GetMsgBuffTimestamp
 .text.FlexCAN_GetMsgBuff
                0x00410ccc       0xa4 FlexCAN_Ip_HwAccess.o
                0x00410ccc                FlexCAN_GetMsgBuff
 .text.FlexCAN_SetMaxMsgBuffNum
                0x00410d70       0xdc FlexCAN_Ip_HwAccess.o
                0x00410d70                FlexCAN_SetMaxMsgBuffNum
 .text.FlexCAN_SetOperationMode
                0x00410e4c       0x44 FlexCAN_Ip_HwAccess.o
                0x00410e4c                FlexCAN_SetOperationMode
 .text.FlexCAN_SetRxFifoFilter
                0x00410e90      0x1ec FlexCAN_Ip_HwAccess.o
                0x00410e90                FlexCAN_SetRxFifoFilter
 .text.FlexCAN_ReadRxFifo
                0x0041107c       0x74 FlexCAN_Ip_HwAccess.o
                0x0041107c                FlexCAN_ReadRxFifo
 .text.FlexCAN_ReadEnhancedRxFifo
                0x004110f0       0xb8 FlexCAN_Ip_HwAccess.o
                0x004110f0                FlexCAN_ReadEnhancedRxFifo
 .text.FlexCAN_IsMbOutOfRange
                0x004111a8       0x28 FlexCAN_Ip_HwAccess.o
                0x004111a8                FlexCAN_IsMbOutOfRange
 .text.FlexCAN_IsEnhancedRxFifoAvailable
                0x004111d0       0x10 FlexCAN_Ip_HwAccess.o
                0x004111d0                FlexCAN_IsEnhancedRxFifoAvailable
 .text.FlexCAN_EnableEnhancedRxFifo
                0x004111e0       0xa0 FlexCAN_Ip_HwAccess.o
                0x004111e0                FlexCAN_EnableEnhancedRxFifo
 .text.FlexCAN_SetEnhancedRxFifoFilter
                0x00411280      0x178 FlexCAN_Ip_HwAccess.o
                0x00411280                FlexCAN_SetEnhancedRxFifoFilter
 .text.FlexCAN_ConfigCtrlOptions
                0x004113f8       0x80 FlexCAN_Ip_HwAccess.o
                0x004113f8                FlexCAN_ConfigCtrlOptions
 .text.FlexCAN_ResetImaskBuff
                0x00411478       0x1c FlexCAN_Ip_HwAccess.o
                0x00411478                FlexCAN_ResetImaskBuff
 .text.FlexCAN_DisableMemErrorDetection
                0x00411494       0x44 FlexCAN_Ip_HwAccess.o
                0x00411494                FlexCAN_DisableMemErrorDetection
 .text.CAN0_ORED_IRQHandler
                0x004114d8        0x8 FlexCAN_Ip_Irq.o
                0x004114d8                CAN0_ORED_IRQHandler
 .text.CAN0_ORED_0_31_MB_IRQHandler
                0x004114e0        0xc FlexCAN_Ip_Irq.o
                0x004114e0                CAN0_ORED_0_31_MB_IRQHandler
 .text.CAN0_ORED_32_63_MB_IRQHandler
                0x004114ec        0xc FlexCAN_Ip_Irq.o
                0x004114ec                CAN0_ORED_32_63_MB_IRQHandler
 .text.CAN0_ORED_64_95_MB_IRQHandler
                0x004114f8        0xc FlexCAN_Ip_Irq.o
                0x004114f8                CAN0_ORED_64_95_MB_IRQHandler
 .text.CAN4_ORED_IRQHandler
                0x00411504        0x8 FlexCAN_Ip_Irq.o
                0x00411504                CAN4_ORED_IRQHandler
 .text.CAN4_ORED_0_31_MB_IRQHandler
                0x0041150c        0xc FlexCAN_Ip_Irq.o
                0x0041150c                CAN4_ORED_0_31_MB_IRQHandler
 .text.Flexio_I2c_Ip_ReadData
                0x00411518       0x8c Flexio_I2c_Ip.o
 .text.Flexio_I2c_Ip_WriteData
                0x004115a4       0x40 Flexio_I2c_Ip.o
 .text.Flexio_I2c_Ip_MasterStopTransfer
                0x004115e4       0xf0 Flexio_I2c_Ip.o
 .text.Flexio_I2c_Ip_MasterInit
                0x004116d4      0x1d4 Flexio_I2c_Ip.o
                0x004116d4                Flexio_I2c_Ip_MasterInit
 .text.Flexio_I2c_Ip_SetMasterCallback
                0x004118a8       0x1c Flexio_I2c_Ip.o
                0x004118a8                Flexio_I2c_Ip_SetMasterCallback
 .text.Flexio_I2c_Ip_IrqHandler
                0x004118c4      0x15c Flexio_I2c_Ip.o
                0x004118c4                Flexio_I2c_Ip_IrqHandler
 .text.Flexio_Lin_Ip_DisableAllInterrupt
                0x00411a20       0x40 Flexio_Lin_Ip.o
 .text.Flexio_Lin_Ip_Init
                0x00411a60      0x23c Flexio_Lin_Ip.o
                0x00411a60                Flexio_Lin_Ip_Init
 .text.Flexio_Lin_Ip_GoToIdleState
                0x00411c9c       0xac Flexio_Lin_Ip.o
                0x00411c9c                Flexio_Lin_Ip_GoToIdleState
 .text.Flexio_Lin_Ip_SendFrame
                0x00411d48      0x1c4 Flexio_Lin_Ip.o
                0x00411d48                Flexio_Lin_Ip_SendFrame
 .text.Flexio_Lin_Ip_GoToSleepMode
                0x00411f0c      0x118 Flexio_Lin_Ip.o
                0x00411f0c                Flexio_Lin_Ip_GoToSleepMode
 .text.Flexio_Lin_Ip_IrqHandler
                0x00412024      0x39c Flexio_Lin_Ip.o
                0x00412024                Flexio_Lin_Ip_IrqHandler
 .text.Flexio_Lin_Ip_GetStatus
                0x004123c0       0xf8 Flexio_Lin_Ip.o
                0x004123c0                Flexio_Lin_Ip_GetStatus
 .text.Flexio_Lin_Ip_AbortTransferData
                0x004124b8       0xa0 Flexio_Lin_Ip.o
                0x004124b8                Flexio_Lin_Ip_AbortTransferData
 .text.Flexio_Mcl_Ip_InitDevice
                0x00412558       0x3c Flexio_Mcl_Ip.o
                0x00412558                Flexio_Mcl_Ip_InitDevice
 .text.Flexio_Mcl_Ip_SetDebugEnable
                0x00412594       0x20 Flexio_Mcl_Ip_HwAccess.o
                0x00412594                Flexio_Mcl_Ip_SetDebugEnable
 .text.Flexio_Mcl_Ip_SetEnable
                0x004125b4       0x24 Flexio_Mcl_Ip_HwAccess.o
                0x004125b4                Flexio_Mcl_Ip_SetEnable
 .text.Flexio_Mcl_Ip_GetShifterStatus
                0x004125d8        0xc Flexio_Mcl_Ip_HwAccess.o
                0x004125d8                Flexio_Mcl_Ip_GetShifterStatus
 .text.Flexio_Mcl_Ip_GetAllShifterStatus
                0x004125e4        0x4 Flexio_Mcl_Ip_HwAccess.o
                0x004125e4                Flexio_Mcl_Ip_GetAllShifterStatus
 .text.Flexio_Mcl_Ip_ClearShifterStatus
                0x004125e8        0xc Flexio_Mcl_Ip_HwAccess.o
                0x004125e8                Flexio_Mcl_Ip_ClearShifterStatus
 .text.Flexio_Mcl_Ip_GetAllShifterErrorStatus
                0x004125f4        0x4 Flexio_Mcl_Ip_HwAccess.o
                0x004125f4                Flexio_Mcl_Ip_GetAllShifterErrorStatus
 .text.Flexio_Mcl_Ip_ClearShifterErrorStatus
                0x004125f8        0xc Flexio_Mcl_Ip_HwAccess.o
                0x004125f8                Flexio_Mcl_Ip_ClearShifterErrorStatus
 .text.Flexio_Mcl_Ip_GetAllTimerStatus
                0x00412604        0x4 Flexio_Mcl_Ip_HwAccess.o
                0x00412604                Flexio_Mcl_Ip_GetAllTimerStatus
 .text.Flexio_Mcl_Ip_ClearTimerStatus
                0x00412608        0xc Flexio_Mcl_Ip_HwAccess.o
                0x00412608                Flexio_Mcl_Ip_ClearTimerStatus
 .text.Flexio_Mcl_Ip_GetAllShifterInterrupt
                0x00412614        0x4 Flexio_Mcl_Ip_HwAccess.o
                0x00412614                Flexio_Mcl_Ip_GetAllShifterInterrupt
 .text.Flexio_Mcl_Ip_GetAllShifterErrorInterrupt
                0x00412618        0x4 Flexio_Mcl_Ip_HwAccess.o
                0x00412618                Flexio_Mcl_Ip_GetAllShifterErrorInterrupt
 .text.Flexio_Mcl_Ip_SetShifterErrorInterrupt
                0x0041261c       0x20 Flexio_Mcl_Ip_HwAccess.o
                0x0041261c                Flexio_Mcl_Ip_SetShifterErrorInterrupt
 .text.Flexio_Mcl_Ip_SetShifterInterrupt
                0x0041263c       0x20 Flexio_Mcl_Ip_HwAccess.o
                0x0041263c                Flexio_Mcl_Ip_SetShifterInterrupt
 .text.Flexio_Mcl_Ip_SetShifterDMARequest
                0x0041265c       0x20 Flexio_Mcl_Ip_HwAccess.o
                0x0041265c                Flexio_Mcl_Ip_SetShifterDMARequest
 .text.Flexio_Mcl_Ip_GetAllTimerInterrupt
                0x0041267c        0x4 Flexio_Mcl_Ip_HwAccess.o
                0x0041267c                Flexio_Mcl_Ip_GetAllTimerInterrupt
 .text.Flexio_Mcl_Ip_SetTimerInterrupt
                0x00412680       0x20 Flexio_Mcl_Ip_HwAccess.o
                0x00412680                Flexio_Mcl_Ip_SetTimerInterrupt
 .text.Flexio_Mcl_Ip_Init
                0x004126a0       0x1c Flexio_Mcl_Ip_HwAccess.o
                0x004126a0                Flexio_Mcl_Ip_Init
 .text.MCL_FLEXIO_ISR