E:/Myworkspace/RBCM_S32K344_AUTOSAR_MBD/Firmware/AUTOSAR_MBD/RBCM_MBD/RBCM_Model_Config/RTD/src/SchM_LinTrcv_43_fs65.c:301:8:LinTrcv_43_fs65_schm_read_msr	0	static
E:/Myworkspace/RBCM_S32K344_AUTOSAR_MBD/Firmware/AUTOSAR_MBD/RBCM_MBD/RBCM_Model_Config/RTD/src/SchM_LinTrcv_43_fs65.c:385:6:SchM_Enter_LinTrcv_43_fs65_LINTRCV_EXCLUSIVE_AREA_00	8	static
E:/Myworkspace/RBCM_S32K344_AUTOSAR_MBD/Firmware/AUTOSAR_MBD/RBCM_MBD/RBCM_Model_Config/RTD/src/SchM_LinTrcv_43_fs65.c:409:6:SchM_Exit_LinTrcv_43_fs65_LINTRCV_EXCLUSIVE_AREA_00	8	static
E:/Myworkspace/RBCM_S32K344_AUTOSAR_MBD/Firmware/AUTOSAR_MBD/RBCM_MBD/RBCM_Model_Config/RTD/src/SchM_LinTrcv_43_fs65.c:423:6:SchM_Enter_LinTrcv_43_fs65_LINTRCV_EXCLUSIVE_AREA_01	8	static
E:/Myworkspace/RBCM_S32K344_AUTOSAR_MBD/Firmware/AUTOSAR_MBD/RBCM_MBD/RBCM_Model_Config/RTD/src/SchM_LinTrcv_43_fs65.c:447:6:SchM_Exit_LinTrcv_43_fs65_LINTRCV_EXCLUSIVE_AREA_01	8	static
