E:/Myworkspace/RBCM_S32K344_AUTOSAR_MBD/Firmware/AUTOSAR_MBD/RBCM_MBD/RBCM_Model_Config/RTD/src/Spi_Ipw.c:454:13:Spi_Ipw_CallbackLpspi	4	static
E:/Myworkspace/RBCM_S32K344_AUTOSAR_MBD/Firmware/AUTOSAR_MBD/RBCM_MBD/RBCM_Model_Config/RTD/src/Spi_Ipw.c:157:6:Spi_Ipw_Init	4	static
E:/Myworkspace/RBCM_S32K344_AUTOSAR_MBD/Firmware/AUTOSAR_MBD/RBCM_MBD/RBCM_Model_Config/RTD/src/Spi_Ipw.c:196:6:Spi_Ipw_DeInit	0	static
E:/Myworkspace/RBCM_S32K344_AUTOSAR_MBD/Firmware/AUTOSAR_MBD/RBCM_MBD/RBCM_Model_Config/RTD/src/Spi_Ipw.c:223:16:Spi_Ipw_SyncTransmit	40	static
E:/Myworkspace/RBCM_S32K344_AUTOSAR_MBD/Firmware/AUTOSAR_MBD/RBCM_MBD/RBCM_Model_Config/RTD/src/Spi_Ipw.c:361:6:Spi_Ipw_IrqPoll	0	static
E:/Myworkspace/RBCM_S32K344_AUTOSAR_MBD/Firmware/AUTOSAR_MBD/RBCM_MBD/RBCM_Model_Config/RTD/src/Spi_Ipw.c:388:6:Spi_Ipw_IrqConfig	4	static
E:/Myworkspace/RBCM_S32K344_AUTOSAR_MBD/Firmware/AUTOSAR_MBD/RBCM_MBD/RBCM_Model_Config/RTD/src/Spi_Ipw.c:714:6:Spi_Ipw_AsyncTransfer	40	static
E:/Myworkspace/RBCM_S32K344_AUTOSAR_MBD/Firmware/AUTOSAR_MBD/RBCM_MBD/RBCM_Model_Config/RTD/src/Spi_Ipw.c:829:16:Spi_Ipw_SlaveCancel	8	static
