E:/Workspace/MATLAB_workspace/S32K344_LED/S32K344_LED_Config/RTD/src/Adc.c:3421:6:Adc_Init	32	static
E:/Workspace/MATLAB_workspace/S32K344_LED/S32K344_LED_Config/RTD/src/Adc.c:3502:16:Adc_SetupResultBuffer	24	static
E:/Workspace/MATLAB_workspace/S32K344_LED/S32K344_LED_Config/RTD/src/Adc.c:3559:6:Adc_DeInit	40	static
E:/Workspace/MATLAB_workspace/S32K344_LED/S32K344_LED_Config/RTD/src/Adc.c:3619:6:Adc_StartGroupConversion	32	static
E:/Workspace/MATLAB_workspace/S32K344_LED/S32K344_LED_Config/RTD/src/Adc.c:3664:6:Adc_StopGroupConversion	40	static
E:/Workspace/MATLAB_workspace/S32K344_LED/S32K344_LED_Config/RTD/src/Adc.c:3707:16:Adc_ReadGroup	40	static
E:/Workspace/MATLAB_workspace/S32K344_LED/S32K344_LED_Config/RTD/src/Adc.c:3851:6:Adc_EnableGroupNotification	16	static
E:/Workspace/MATLAB_workspace/S32K344_LED/S32K344_LED_Config/RTD/src/Adc.c:3882:6:Adc_DisableGroupNotification	16	static
E:/Workspace/MATLAB_workspace/S32K344_LED/S32K344_LED_Config/RTD/src/Adc.c:3914:16:Adc_GetGroupStatus	24	static
E:/Workspace/MATLAB_workspace/S32K344_LED/S32K344_LED_Config/RTD/src/Adc.c:3937:25:Adc_GetStreamLastPointer	40	static
E:/Workspace/MATLAB_workspace/S32K344_LED/S32K344_LED_Config/RTD/src/Adc.c:4026:6:Adc_GetVersionInfo	0	static
E:/Workspace/MATLAB_workspace/S32K344_LED/S32K344_LED_Config/RTD/src/Adc.c:4201:16:Adc_SetHwUnitPowerMode	48	static
E:/Workspace/MATLAB_workspace/S32K344_LED/S32K344_LED_Config/RTD/src/Adc.c:4233:16:Adc_CtuSetPowerMode	40	static
E:/Workspace/MATLAB_workspace/S32K344_LED/S32K344_LED_Config/RTD/src/Adc.c:4532:6:Adc_EnableChannel	40	static
E:/Workspace/MATLAB_workspace/S32K344_LED/S32K344_LED_Config/RTD/src/Adc.c:4588:6:Adc_DisableChannel	40	static
E:/Workspace/MATLAB_workspace/S32K344_LED/S32K344_LED_Config/RTD/src/Adc.c:4684:6:Adc_Calibrate	48	static
E:/Workspace/MATLAB_workspace/S32K344_LED/S32K344_LED_Config/RTD/src/Adc.c:4727:16:Adc_SetUserGainAndOffset	24	static
E:/Workspace/MATLAB_workspace/S32K344_LED/S32K344_LED_Config/RTD/src/Adc.c:4809:6:Adc_ConfigureThreshold	24	static
E:/Workspace/MATLAB_workspace/S32K344_LED/S32K344_LED_Config/RTD/src/Adc.c:4839:6:Adc_EnableWdgNotification	8	static
E:/Workspace/MATLAB_workspace/S32K344_LED/S32K344_LED_Config/RTD/src/Adc.c:4865:6:Adc_DisableWdgNotification	8	static
E:/Workspace/MATLAB_workspace/S32K344_LED/S32K344_LED_Config/RTD/src/Adc.c:5138:6:Adc_EnableCtuControlMode	16	static
E:/Workspace/MATLAB_workspace/S32K344_LED/S32K344_LED_Config/RTD/src/Adc.c:5167:6:Adc_DisableCtuControlMode	16	static
E:/Workspace/MATLAB_workspace/S32K344_LED/S32K344_LED_Config/RTD/src/Adc.c:5191:6:Adc_CtuEnableHwTrigger	32	static
E:/Workspace/MATLAB_workspace/S32K344_LED/S32K344_LED_Config/RTD/src/Adc.c:5219:6:Adc_CtuDisableHwTrigger	32	static
E:/Workspace/MATLAB_workspace/S32K344_LED/S32K344_LED_Config/RTD/src/Adc.c:5247:6:Adc_CtuStartConversion	32	static
E:/Workspace/MATLAB_workspace/S32K344_LED/S32K344_LED_Config/RTD/src/Adc.c:5296:20:Adc_CtuReadConvData	32	static
E:/Workspace/MATLAB_workspace/S32K344_LED/S32K344_LED_Config/RTD/src/Adc.c:5318:6:Adc_CtuReadConvResult	32	static
E:/Workspace/MATLAB_workspace/S32K344_LED/S32K344_LED_Config/RTD/src/Adc.c:5338:6:Adc_CtuStopLoopConversions	32	static
E:/Workspace/MATLAB_workspace/S32K344_LED/S32K344_LED_Config/RTD/src/Adc.c:5375:6:Adc_CtuReadFifoData	56	static
E:/Workspace/MATLAB_workspace/S32K344_LED/S32K344_LED_Config/RTD/src/Adc.c:5403:6:Adc_CtuReadFifoResult	56	static
E:/Workspace/MATLAB_workspace/S32K344_LED/S32K344_LED_Config/RTD/src/Adc.c:5432:6:Adc_CtuSetFifoWatermark	40	static
E:/Workspace/MATLAB_workspace/S32K344_LED/S32K344_LED_Config/RTD/src/Adc.c:5459:6:Adc_CtuEnableNotification	32	static
E:/Workspace/MATLAB_workspace/S32K344_LED/S32K344_LED_Config/RTD/src/Adc.c:5476:6:Adc_CtuDisableNotification	32	static
E:/Workspace/MATLAB_workspace/S32K344_LED/S32K344_LED_Config/RTD/src/Adc.c:5493:6:Adc_CtuSetList	56	static
E:/Workspace/MATLAB_workspace/S32K344_LED/S32K344_LED_Config/RTD/src/Adc.c:5526:6:Adc_CtuSetListPointer	40	static
