E:/Workspace/MATLAB_workspace/S32K344_LED/S32K344_LED_Config/RTD/src/Adc_Ipw.c:462:6:Adc_Ipw_RemoveFromQueue	16	static
E:/Workspace/MATLAB_workspace/S32K344_LED/S32K344_LED_Config/RTD/src/Adc_Ipw.c:490:6:Adc_Ipw_GetCmrRegister	4	static
E:/Workspace/MATLAB_workspace/S32K344_LED/S32K344_LED_Config/RTD/src/Adc_Ipw.c:2539:7:Adc_Ipw_AdcPhysicalToCtuPhysical	0	static
E:/Workspace/MATLAB_workspace/S32K344_LED/S32K344_LED_Config/RTD/src/Adc_Ipw.c:2547:6:Adc_Ipw_SetChansMask	0	static
E:/Workspace/MATLAB_workspace/S32K344_LED/S32K344_LED_Config/RTD/src/Adc_Ipw.c:2565:6:Adc_Ipw_ClearChansMask	0	static
E:/Workspace/MATLAB_workspace/S32K344_LED/S32K344_LED_Config/RTD/src/Adc_Ipw.c:2593:6:Adc_Ipw_ClearValidBit	32	static
E:/Workspace/MATLAB_workspace/S32K344_LED/S32K344_LED_Config/RTD/src/Adc_Ipw.c:2635:16:Adc_Ipw_Init	24	static
E:/Workspace/MATLAB_workspace/S32K344_LED/S32K344_LED_Config/RTD/src/Adc_Ipw.c:2718:16:Adc_Ipw_DeInit	48	static
E:/Workspace/MATLAB_workspace/S32K344_LED/S32K344_LED_Config/RTD/src/Adc_Ipw.c:2871:6:Adc_Ipw_StartNormalConversion	40	static
E:/Workspace/MATLAB_workspace/S32K344_LED/S32K344_LED_Config/RTD/src/Adc_Ipw.c:3086:16:Adc_Ipw_StopCurrentConversion	24	static
E:/Workspace/MATLAB_workspace/S32K344_LED/S32K344_LED_Config/RTD/src/Adc_Ipw.c:4153:9:Adc_Ipw_CheckConversionValuesInRange	4	static
E:/Workspace/MATLAB_workspace/S32K344_LED/S32K344_LED_Config/RTD/src/Adc_Ipw.c:3969:16:Adc_Ipw_ReadGroup	96	static
E:/Workspace/MATLAB_workspace/S32K344_LED/S32K344_LED_Config/RTD/src/Adc_Ipw.c:4206:16:Adc_Ipw_ConfigureThreshold	24	static
E:/Workspace/MATLAB_workspace/S32K344_LED/S32K344_LED_Config/RTD/src/Adc_Ipw.c:4247:16:Adc_Ipw_EnableWdgNotification	8	static
E:/Workspace/MATLAB_workspace/S32K344_LED/S32K344_LED_Config/RTD/src/Adc_Ipw.c:4296:16:Adc_Ipw_DisableWdgNotification	8	static
E:/Workspace/MATLAB_workspace/S32K344_LED/S32K344_LED_Config/RTD/src/Adc_Ipw.c:4414:16:Adc_Ipw_SetHwUnitPowerMode	16	static
E:/Workspace/MATLAB_workspace/S32K344_LED/S32K344_LED_Config/RTD/src/Adc_Ipw.c:4474:16:Adc_Ipw_CtuSetPowerMode	8	static
E:/Workspace/MATLAB_workspace/S32K344_LED/S32K344_LED_Config/RTD/src/Adc_Ipw.c:4565:6:Adc_Ipw_Calibrate	8	static
E:/Workspace/MATLAB_workspace/S32K344_LED/S32K344_LED_Config/RTD/src/Adc_Ipw.c:4595:16:Adc_Ipw_SetUserGainAndOffset	8	static
E:/Workspace/MATLAB_workspace/S32K344_LED/S32K344_LED_Config/RTD/src/Adc_Ipw.c:4691:16:Adc_Ipw_EnableCtuControlMode	32	static
E:/Workspace/MATLAB_workspace/S32K344_LED/S32K344_LED_Config/RTD/src/Adc_Ipw.c:4760:6:Adc_Ipw_DisableCtuControlMode	32	static
E:/Workspace/MATLAB_workspace/S32K344_LED/S32K344_LED_Config/RTD/src/Adc_Ipw.c:4822:8:Adc_Ipw_CtuReadFifoData	0	static
E:/Workspace/MATLAB_workspace/S32K344_LED/S32K344_LED_Config/RTD/src/Adc_Ipw.c:4844:6:Adc_Ipw_CtuEnableNotification	4	static
E:/Workspace/MATLAB_workspace/S32K344_LED/S32K344_LED_Config/RTD/src/Adc_Ipw.c:4863:6:Adc_Ipw_CtuDisableNotification	4	static
E:/Workspace/MATLAB_workspace/S32K344_LED/S32K344_LED_Config/RTD/src/Adc_Ipw.c:4884:6:Adc_Ipw_CtuEnableHwTrigger	0	static
E:/Workspace/MATLAB_workspace/S32K344_LED/S32K344_LED_Config/RTD/src/Adc_Ipw.c:4905:6:Adc_Ipw_CtuDisableHwTrigger	0	static
E:/Workspace/MATLAB_workspace/S32K344_LED/S32K344_LED_Config/RTD/src/Adc_Ipw.c:4923:6:Adc_Ipw_CtuStartConversion	0	static
E:/Workspace/MATLAB_workspace/S32K344_LED/S32K344_LED_Config/RTD/src/Adc_Ipw.c:4939:8:Adc_Ipw_CtuReadConvData	0	static
E:/Workspace/MATLAB_workspace/S32K344_LED/S32K344_LED_Config/RTD/src/Adc_Ipw.c:4957:6:Adc_Ipw_CtuReadConvResult	0	static
E:/Workspace/MATLAB_workspace/S32K344_LED/S32K344_LED_Config/RTD/src/Adc_Ipw.c:4974:6:Adc_Ipw_CtuReadFifoResult	4	static
E:/Workspace/MATLAB_workspace/S32K344_LED/S32K344_LED_Config/RTD/src/Adc_Ipw.c:4996:6:Adc_Ipw_CtuSetFifoWatermark	4	static
E:/Workspace/MATLAB_workspace/S32K344_LED/S32K344_LED_Config/RTD/src/Adc_Ipw.c:5018:6:Adc_Ipw_CtuSetList	4	static
E:/Workspace/MATLAB_workspace/S32K344_LED/S32K344_LED_Config/RTD/src/Adc_Ipw.c:5041:6:Adc_Ipw_CtuSetListPointer	4	static
E:/Workspace/MATLAB_workspace/S32K344_LED/S32K344_LED_Config/RTD/src/Adc_Ipw.c:5137:7:Adc_GetCoreID	0	static
