E:/Workspace/MATLAB_workspace/S32K344_LED/S32K344_LED_Config/RTD/src/Adc_Sar_Ip.c:1228:15:Adc_Sar_GetConvResults	120	static
E:/Workspace/MATLAB_workspace/S32K344_LED/S32K344_LED_Config/RTD/src/Adc_Sar_Ip.c:1865:6:Adc_Sar_Ip_IRQHandler	88	static
E:/Workspace/MATLAB_workspace/S32K344_LED/S32K344_LED_Config/RTD/src/Adc_Sar_Ip.c:2448:6:Adc_Sar_Ip_ChainConfig	0	static
E:/Workspace/MATLAB_workspace/S32K344_LED/S32K344_LED_Config/RTD/src/Adc_Sar_Ip.c:2490:6:Adc_Sar_Ip_EnableChannel	24	static
E:/Workspace/MATLAB_workspace/S32K344_LED/S32K344_LED_Config/RTD/src/Adc_Sar_Ip.c:2561:6:Adc_Sar_Ip_DisableChannel	24	static
E:/Workspace/MATLAB_workspace/S32K344_LED/S32K344_LED_Config/RTD/src/Adc_Sar_Ip.c:2632:6:Adc_Sar_Ip_SetResolution	16	static
E:/Workspace/MATLAB_workspace/S32K344_LED/S32K344_LED_Config/RTD/src/Adc_Sar_Ip.c:2689:6:Adc_Sar_Ip_StartConversion	16	static
E:/Workspace/MATLAB_workspace/S32K344_LED/S32K344_LED_Config/RTD/src/Adc_Sar_Ip.c:2741:8:Adc_Sar_Ip_GetStatusFlags	4	static
E:/Workspace/MATLAB_workspace/S32K344_LED/S32K344_LED_Config/RTD/src/Adc_Sar_Ip.c:2765:6:Adc_Sar_Ip_ClearStatusFlags	0	static
E:/Workspace/MATLAB_workspace/S32K344_LED/S32K344_LED_Config/RTD/src/Adc_Sar_Ip.c:3083:8:Adc_Sar_Ip_GetConvDataToArray	16	static
E:/Workspace/MATLAB_workspace/S32K344_LED/S32K344_LED_Config/RTD/src/Adc_Sar_Ip.c:3103:8:Adc_Sar_Ip_GetConvResultsToArray	16	static
E:/Workspace/MATLAB_workspace/S32K344_LED/S32K344_LED_Config/RTD/src/Adc_Sar_Ip.c:3122:8:Adc_Sar_Ip_GetConvData	16	static
E:/Workspace/MATLAB_workspace/S32K344_LED/S32K344_LED_Config/RTD/src/Adc_Sar_Ip.c:3191:6:Adc_Sar_Ip_GetConvResult	20	static
E:/Workspace/MATLAB_workspace/S32K344_LED/S32K344_LED_Config/RTD/src/Adc_Sar_Ip.c:3455:23:Adc_Sar_Ip_Powerup	32	static
E:/Workspace/MATLAB_workspace/S32K344_LED/S32K344_LED_Config/RTD/src/Adc_Sar_Ip.c:3549:23:Adc_Sar_Ip_Powerdown	32	static
E:/Workspace/MATLAB_workspace/S32K344_LED/S32K344_LED_Config/RTD/src/Adc_Sar_Ip.c:3264:23:Adc_Sar_Ip_DoCalibration	40	static
E:/Workspace/MATLAB_workspace/S32K344_LED/S32K344_LED_Config/RTD/src/Adc_Sar_Ip.c:3635:6:Adc_Sar_Ip_EnableNotifications	16	static
E:/Workspace/MATLAB_workspace/S32K344_LED/S32K344_LED_Config/RTD/src/Adc_Sar_Ip.c:3697:6:Adc_Sar_Ip_DisableNotifications	16	static
E:/Workspace/MATLAB_workspace/S32K344_LED/S32K344_LED_Config/RTD/src/Adc_Sar_Ip.c:3761:6:Adc_Sar_Ip_EnableChannelNotifications	16	static
E:/Workspace/MATLAB_workspace/S32K344_LED/S32K344_LED_Config/RTD/src/Adc_Sar_Ip.c:3840:6:Adc_Sar_Ip_DisableChannelNotifications	16	static
E:/Workspace/MATLAB_workspace/S32K344_LED/S32K344_LED_Config/RTD/src/Adc_Sar_Ip.c:3919:23:Adc_Sar_Ip_SetClockMode	32	static
E:/Workspace/MATLAB_workspace/S32K344_LED/S32K344_LED_Config/RTD/src/Adc_Sar_Ip.c:4005:6:Adc_Sar_Ip_SetSampleTimes	4	static
E:/Workspace/MATLAB_workspace/S32K344_LED/S32K344_LED_Config/RTD/src/Adc_Sar_Ip.c:4049:6:Adc_Sar_Ip_SetAveraging	16	static
E:/Workspace/MATLAB_workspace/S32K344_LED/S32K344_LED_Config/RTD/src/Adc_Sar_Ip.c:4094:6:Adc_Sar_Ip_AbortConversion	8	static
E:/Workspace/MATLAB_workspace/S32K344_LED/S32K344_LED_Config/RTD/src/Adc_Sar_Ip.c:4130:23:Adc_Sar_Ip_AbortChain	32	static
E:/Workspace/MATLAB_workspace/S32K344_LED/S32K344_LED_Config/RTD/src/Adc_Sar_Ip.c:4226:6:Adc_Sar_Ip_SetPresamplingSource	16	static
E:/Workspace/MATLAB_workspace/S32K344_LED/S32K344_LED_Config/RTD/src/Adc_Sar_Ip.c:4307:6:Adc_Sar_Ip_EnableChannelPresampling	16	static
E:/Workspace/MATLAB_workspace/S32K344_LED/S32K344_LED_Config/RTD/src/Adc_Sar_Ip.c:4358:6:Adc_Sar_Ip_DisableChannelPresampling	16	static
E:/Workspace/MATLAB_workspace/S32K344_LED/S32K344_LED_Config/RTD/src/Adc_Sar_Ip.c:4412:6:Adc_Sar_Ip_EnablePresampleConversion	8	static
E:/Workspace/MATLAB_workspace/S32K344_LED/S32K344_LED_Config/RTD/src/Adc_Sar_Ip.c:4456:6:Adc_Sar_Ip_DisablePresampleConversion	8	static
E:/Workspace/MATLAB_workspace/S32K344_LED/S32K344_LED_Config/RTD/src/Adc_Sar_Ip.c:4501:6:Adc_Sar_Ip_EnableDma	8	static
E:/Workspace/MATLAB_workspace/S32K344_LED/S32K344_LED_Config/RTD/src/Adc_Sar_Ip.c:4537:6:Adc_Sar_Ip_DisableDma	8	static
E:/Workspace/MATLAB_workspace/S32K344_LED/S32K344_LED_Config/RTD/src/Adc_Sar_Ip.c:4574:6:Adc_Sar_Ip_EnableChannelDma	16	static
E:/Workspace/MATLAB_workspace/S32K344_LED/S32K344_LED_Config/RTD/src/Adc_Sar_Ip.c:4621:6:Adc_Sar_Ip_DisableChannelDma	16	static
E:/Workspace/MATLAB_workspace/S32K344_LED/S32K344_LED_Config/RTD/src/Adc_Sar_Ip.c:4668:6:Adc_Sar_Ip_DisableChannelDmaAll	16	static
E:/Workspace/MATLAB_workspace/S32K344_LED/S32K344_LED_Config/RTD/src/Adc_Sar_Ip.c:4711:6:Adc_Sar_Ip_SetDmaClearSource	16	static
E:/Workspace/MATLAB_workspace/S32K344_LED/S32K344_LED_Config/RTD/src/Adc_Sar_Ip.c:4751:6:Adc_Sar_Ip_SetWdgThreshold	16	static
E:/Workspace/MATLAB_workspace/S32K344_LED/S32K344_LED_Config/RTD/src/Adc_Sar_Ip.c:2047:23:Adc_Sar_Ip_Init	112	static
E:/Workspace/MATLAB_workspace/S32K344_LED/S32K344_LED_Config/RTD/src/Adc_Sar_Ip.c:2273:23:Adc_Sar_Ip_Deinit	96	static
E:/Workspace/MATLAB_workspace/S32K344_LED/S32K344_LED_Config/RTD/src/Adc_Sar_Ip.c:4846:6:Adc_Sar_Ip_SetConversionMode	16	static
E:/Workspace/MATLAB_workspace/S32K344_LED/S32K344_LED_Config/RTD/src/Adc_Sar_Ip.c:4911:23:Adc_Sar_Ip_SetCtuMode	16	static
E:/Workspace/MATLAB_workspace/S32K344_LED/S32K344_LED_Config/RTD/src/Adc_Sar_Ip.c:5042:6:Adc_Sar_Ip_SetUserGainAndOffset	4	static
E:/Workspace/MATLAB_workspace/S32K344_LED/S32K344_LED_Config/RTD/src/Adc_Sar_Ip.c:5362:8:Adc_Sar_Ip_GetDataAddress	0	static
