E:/Workspace/MATLAB_workspace/S32K344_LED/S32K344_LED_Config/RTD/src/Bctu_Ip.c:379:6:Bctu_Ip_SetGlobalTriggerEn	8	static
E:/Workspace/MATLAB_workspace/S32K344_LED/S32K344_LED_Config/RTD/src/Bctu_Ip.c:411:6:Bctu_Ip_SetLowPowerMode	8	static
E:/Workspace/MATLAB_workspace/S32K344_LED/S32K344_LED_Config/RTD/src/Bctu_Ip.c:443:8:Bctu_Ip_GetStatusFlags	32	static
E:/Workspace/MATLAB_workspace/S32K344_LED/S32K344_LED_Config/RTD/src/Bctu_Ip.c:495:6:Bctu_Ip_ClearStatusFlags	40	static
E:/Workspace/MATLAB_workspace/S32K344_LED/S32K344_LED_Config/RTD/src/Bctu_Ip.c:557:20:Bctu_Ip_ConfigTrigger	16	static
E:/Workspace/MATLAB_workspace/S32K344_LED/S32K344_LED_Config/RTD/src/Bctu_Ip.c:641:20:Bctu_Ip_SetTriggerChnListAddr	24	static
E:/Workspace/MATLAB_workspace/S32K344_LED/S32K344_LED_Config/RTD/src/Bctu_Ip.c:680:6:Bctu_Ip_EnableHwTrigger	8	static
E:/Workspace/MATLAB_workspace/S32K344_LED/S32K344_LED_Config/RTD/src/Bctu_Ip.c:709:6:Bctu_Ip_DisableHwTrigger	8	static
E:/Workspace/MATLAB_workspace/S32K344_LED/S32K344_LED_Config/RTD/src/Bctu_Ip.c:740:6:Bctu_Ip_StopLoopConversions	8	static
E:/Workspace/MATLAB_workspace/S32K344_LED/S32K344_LED_Config/RTD/src/Bctu_Ip.c:772:6:Bctu_Ip_ConfigChanList	48	static
E:/Workspace/MATLAB_workspace/S32K344_LED/S32K344_LED_Config/RTD/src/Bctu_Ip.c:803:6:Bctu_Ip_ConfigChanListSimple	48	static
E:/Workspace/MATLAB_workspace/S32K344_LED/S32K344_LED_Config/RTD/src/Bctu_Ip.c:861:6:Bctu_Ip_SwTriggerConversion	16	static
E:/Workspace/MATLAB_workspace/S32K344_LED/S32K344_LED_Config/RTD/src/Bctu_Ip.c:913:8:Bctu_Ip_GetConvData	4	static
E:/Workspace/MATLAB_workspace/S32K344_LED/S32K344_LED_Config/RTD/src/Bctu_Ip.c:944:6:Bctu_Ip_GetConvResult	4	static
E:/Workspace/MATLAB_workspace/S32K344_LED/S32K344_LED_Config/RTD/src/Bctu_Ip.c:981:8:Bctu_Ip_GetFifoData	0	static
E:/Workspace/MATLAB_workspace/S32K344_LED/S32K344_LED_Config/RTD/src/Bctu_Ip.c:1040:6:Bctu_Ip_GetFifoResult	4	static
E:/Workspace/MATLAB_workspace/S32K344_LED/S32K344_LED_Config/RTD/src/Bctu_Ip.c:1103:6:Bctu_Ip_EnableNotifications	16	static
E:/Workspace/MATLAB_workspace/S32K344_LED/S32K344_LED_Config/RTD/src/Bctu_Ip.c:1151:6:Bctu_Ip_DisableNotifications	16	static
E:/Workspace/MATLAB_workspace/S32K344_LED/S32K344_LED_Config/RTD/src/Bctu_Ip.c:1198:6:Bctu_Ip_SetFifoWatermark	16	static
E:/Workspace/MATLAB_workspace/S32K344_LED/S32K344_LED_Config/RTD/src/Bctu_Ip.c:230:6:Bctu_Ip_Init	56	static
E:/Workspace/MATLAB_workspace/S32K344_LED/S32K344_LED_Config/RTD/src/Bctu_Ip.c:289:20:Bctu_Ip_Deinit	104	static
E:/Workspace/MATLAB_workspace/S32K344_LED/S32K344_LED_Config/RTD/src/Bctu_Ip.c:1242:7:Bctu_Ip_GetFifoCount	0	static
E:/Workspace/MATLAB_workspace/S32K344_LED/S32K344_LED_Config/RTD/src/Bctu_Ip.c:1637:6:Bctu_Ip_IRQHandler	40	static
