E:/Workspace/MATLAB_workspace/S32K344_LED/S32K344_LED_Config/RTD/src/C40_Ip.c:867:26:C40_Ip_ClearPreviousRead	4	static
E:/Workspace/MATLAB_workspace/S32K344_LED/S32K344_LED_Config/RTD/src/C40_Ip.c:898:26:C40_Ip_CheckReadCompareStatus	8	static
E:/Workspace/MATLAB_workspace/S32K344_LED/S32K344_LED_Config/RTD/src/C40_Ip.c:701:6:C40_Ip_CheckLockDomainID_CheckRegister	4	static
E:/Workspace/MATLAB_workspace/S32K344_LED/S32K344_LED_Config/RTD/src/C40_Ip.c:653:26:C40_Ip_CheckLockDomainID	24	static
E:/Workspace/MATLAB_workspace/S32K344_LED/S32K344_LED_Config/RTD/src/C40_Ip.c:758:6:C40_Ip_Block4PipeSelect	0	static
E:/Workspace/MATLAB_workspace/S32K344_LED/S32K344_LED_Config/RTD/src/C40_Ip.c:1443:6:C40_Ip_MainInterfaceWriteLogicalAddress	0	static
E:/Workspace/MATLAB_workspace/S32K344_LED/S32K344_LED_Config/RTD/src/C40_Ip.c:1458:6:C40_Ip_EccDataErrorSuppression	0	static
E:/Workspace/MATLAB_workspace/S32K344_LED/S32K344_LED_Config/RTD/src/C40_Ip.c:1475:8:C40_Ip_GetPflashDataErrorSuppressionStatus	0	static
E:/Workspace/MATLAB_workspace/S32K344_LED/S32K344_LED_Config/RTD/src/C40_Ip.c:1880:6:C40_Ip_SetAsyncMode	0	static
E:/Workspace/MATLAB_workspace/S32K344_LED/S32K344_LED_Config/RTD/src/C40_Ip.c:1889:27:C40_Ip_GetSectorNumberFromAddress	0	static
E:/Workspace/MATLAB_workspace/S32K344_LED/S32K344_LED_Config/RTD/src/C40_Ip.c:1924:30:C40_Ip_GetBlockNumberFromAddress	0	static
E:/Workspace/MATLAB_workspace/S32K344_LED/S32K344_LED_Config/RTD/src/C40_Ip.c:1997:6:C40_Ip_SetLockProtect	0	static
E:/Workspace/MATLAB_workspace/S32K344_LED/S32K344_LED_Config/RTD/src/C40_Ip.c:2081:8:C40_Ip_GetLockProtect	4	static
E:/Workspace/MATLAB_workspace/S32K344_LED/S32K344_LED_Config/RTD/src/C40_Ip.c:2045:19:C40_Ip_GetLock	8	static
E:/Workspace/MATLAB_workspace/S32K344_LED/S32K344_LED_Config/RTD/src/C40_Ip.c:1960:19:C40_Ip_SetLock	24	static
E:/Workspace/MATLAB_workspace/S32K344_LED/S32K344_LED_Config/RTD/src/C40_Ip.c:2171:6:C40_Ip_ClearLockProtect	0	static
E:/Workspace/MATLAB_workspace/S32K344_LED/S32K344_LED_Config/RTD/src/C40_Ip.c:2132:19:C40_Ip_ClearLock	24	static
E:/Workspace/MATLAB_workspace/S32K344_LED/S32K344_LED_Config/RTD/src/C40_Ip.c:2218:19:C40_Ip_Init	4	static
E:/Workspace/MATLAB_workspace/S32K344_LED/S32K344_LED_Config/RTD/src/C40_Ip.c:2263:19:C40_Ip_Abort	0	static
E:/Workspace/MATLAB_workspace/S32K344_LED/S32K344_LED_Config/RTD/src/C40_Ip.c:2283:19:C40_Ip_MainInterfaceHVJobStatus	0	static
E:/Workspace/MATLAB_workspace/S32K344_LED/S32K344_LED_Config/RTD/src/C40_Ip.c:2323:19:C40_Ip_MainInterfaceSectorErase	24	static
E:/Workspace/MATLAB_workspace/S32K344_LED/S32K344_LED_Config/RTD/src/C40_Ip.c:2580:19:C40_Ip_Read	32	static
E:/Workspace/MATLAB_workspace/S32K344_LED/S32K344_LED_Config/RTD/src/C40_Ip.c:2653:19:C40_Ip_Compare	40	static
E:/Workspace/MATLAB_workspace/S32K344_LED/S32K344_LED_Config/RTD/src/C40_Ip.c:2395:19:C40_Ip_MainInterfaceSectorEraseStatus	8	static
E:/Workspace/MATLAB_workspace/S32K344_LED/S32K344_LED_Config/RTD/src/C40_Ip.c:2438:19:C40_Ip_MainInterfaceWrite	40	static
E:/Workspace/MATLAB_workspace/S32K344_LED/S32K344_LED_Config/RTD/src/C40_Ip.c:2535:19:C40_Ip_MainInterfaceWriteStatus	8	static
E:/Workspace/MATLAB_workspace/S32K344_LED/S32K344_LED_Config/RTD/src/C40_Ip.c:3106:8:C40_Ip_GetFailedAddress	0	static
E:/Workspace/MATLAB_workspace/S32K344_LED/S32K344_LED_Config/RTD/src/C40_Ip.c:3173:6:C40_Ip_ReportEccUnCorrectedError	0	static
