E:/Workspace/MATLAB_workspace/S32K344_LED/S32K344_LED_Config/RTD/src/Cache_Ip_HwAcc_ArmCoreMx.c:148:6:hwAcc_ArmCoreMx_InstructionCacheInvalidate	0	static
E:/Workspace/MATLAB_workspace/S32K344_LED/S32K344_LED_Config/RTD/src/Cache_Ip_HwAcc_ArmCoreMx.c:157:6:hwAcc_ArmCoreMx_DataCacheInvalidate	12	static
E:/Workspace/MATLAB_workspace/S32K344_LED/S32K344_LED_Config/RTD/src/Cache_Ip_HwAcc_ArmCoreMx.c:184:6:hwAcc_ArmCoreMx_InstructionCacheClean	0	static
E:/Workspace/MATLAB_workspace/S32K344_LED/S32K344_LED_Config/RTD/src/Cache_Ip_HwAcc_ArmCoreMx.c:193:6:hwAcc_ArmCoreMx_DataCacheClean	12	static
E:/Workspace/MATLAB_workspace/S32K344_LED/S32K344_LED_Config/RTD/src/Cache_Ip_HwAcc_ArmCoreMx.c:229:6:hwAcc_ArmCoreMx_InstructionCacheInvalidateByAddr	0	static
E:/Workspace/MATLAB_workspace/S32K344_LED/S32K344_LED_Config/RTD/src/Cache_Ip_HwAcc_ArmCoreMx.c:251:6:hwAcc_ArmCoreMx_DataCacheInvalidateByAddr	0	static
E:/Workspace/MATLAB_workspace/S32K344_LED/S32K344_LED_Config/RTD/src/Cache_Ip_HwAcc_ArmCoreMx.c:273:6:hwAcc_ArmCoreMx_InstructionCacheCleanByAddr	0	static
E:/Workspace/MATLAB_workspace/S32K344_LED/S32K344_LED_Config/RTD/src/Cache_Ip_HwAcc_ArmCoreMx.c:282:6:hwAcc_ArmCoreMx_DataCacheCleanByAddr	8	static
E:/Workspace/MATLAB_workspace/S32K344_LED/S32K344_LED_Config/RTD/src/Cache_Ip_HwAcc_ArmCoreMx.c:313:6:hwAcc_ArmCoreMx_InstructionCacheEnable	0	static
E:/Workspace/MATLAB_workspace/S32K344_LED/S32K344_LED_Config/RTD/src/Cache_Ip_HwAcc_ArmCoreMx.c:321:6:hwAcc_ArmCoreMx_DataCacheEnable	0	static
E:/Workspace/MATLAB_workspace/S32K344_LED/S32K344_LED_Config/RTD/src/Cache_Ip_HwAcc_ArmCoreMx.c:329:6:hwAcc_ArmCoreMx_InstructionCacheDisable	0	static
E:/Workspace/MATLAB_workspace/S32K344_LED/S32K344_LED_Config/RTD/src/Cache_Ip_HwAcc_ArmCoreMx.c:339:6:hwAcc_ArmCoreMx_DataCacheDisable	0	static
