E:/Workspace/MATLAB_workspace/S32K344_LED/S32K344_LED_Config/RTD/src/Can_43_FLEXCAN_Ipw.c:2337:13:Can_Ipw_InitRx	2608	static
E:/Workspace/MATLAB_workspace/S32K344_LED/S32K344_LED_Config/RTD/src/Can_43_FLEXCAN_Ipw.c:1056:13:Can_Ipw_ParseData	24	static
E:/Workspace/MATLAB_workspace/S32K344_LED/S32K344_LED_Config/RTD/src/Can_43_FLEXCAN_Ipw.c:1555:17:Can_43_FLEXCAN_Ipw_ProcessRxMesgBuffer	56	static
E:/Workspace/MATLAB_workspace/S32K344_LED/S32K344_LED_Config/RTD/src/Can_43_FLEXCAN_Ipw.c:1756:16:Can_43_FLEXCAN_Ipw_Init	24	static
E:/Workspace/MATLAB_workspace/S32K344_LED/S32K344_LED_Config/RTD/src/Can_43_FLEXCAN_Ipw.c:1859:6:Can_43_FLEXCAN_Ipw_DeInit	0	static
E:/Workspace/MATLAB_workspace/S32K344_LED/S32K344_LED_Config/RTD/src/Can_43_FLEXCAN_Ipw.c:1869:20:Can_43_FLEXCAN_Ipw_SetBaudrate	40	static
E:/Workspace/MATLAB_workspace/S32K344_LED/S32K344_LED_Config/RTD/src/Can_43_FLEXCAN_Ipw.c:1969:16:Can_43_FLEXCAN_Ipw_SetControllerToStartMode	48	static
E:/Workspace/MATLAB_workspace/S32K344_LED/S32K344_LED_Config/RTD/src/Can_43_FLEXCAN_Ipw.c:2104:16:Can_43_FLEXCAN_Ipw_SetControllerToStopMode	24	static
E:/Workspace/MATLAB_workspace/S32K344_LED/S32K344_LED_Config/RTD/src/Can_43_FLEXCAN_Ipw.c:2166:6:Can_43_FLEXCAN_Ipw_DisableControllerInterrupts	16	static
E:/Workspace/MATLAB_workspace/S32K344_LED/S32K344_LED_Config/RTD/src/Can_43_FLEXCAN_Ipw.c:2188:6:Can_43_FLEXCAN_Ipw_EnableControllerInterrupts	16	static
E:/Workspace/MATLAB_workspace/S32K344_LED/S32K344_LED_Config/RTD/src/Can_43_FLEXCAN_Ipw.c:2215:16:Can_43_FLEXCAN_Ipw_GetControllerErrorState	8	static
E:/Workspace/MATLAB_workspace/S32K344_LED/S32K344_LED_Config/RTD/src/Can_43_FLEXCAN_Ipw.c:2228:16:Can_43_FLEXCAN_Ipw_GetControllerTxErrorCounter	8	static
E:/Workspace/MATLAB_workspace/S32K344_LED/S32K344_LED_Config/RTD/src/Can_43_FLEXCAN_Ipw.c:2237:16:Can_43_FLEXCAN_Ipw_GetControllerRxErrorCounter	8	static
E:/Workspace/MATLAB_workspace/S32K344_LED/S32K344_LED_Config/RTD/src/Can_43_FLEXCAN_Ipw.c:2247:16:Can_43_FLEXCAN_Ipw_Write	48	static
E:/Workspace/MATLAB_workspace/S32K344_LED/S32K344_LED_Config/RTD/src/Can_43_FLEXCAN_Ipw.c:2423:10:Can_43_FLEXCAN_Ipw_AbortMb	16	static
E:/Workspace/MATLAB_workspace/S32K344_LED/S32K344_LED_Config/RTD/src/Can_43_FLEXCAN_Ipw.c:2498:10:Can_43_FLEXCAN_Ipw_MainFunction_Write	32	static
E:/Workspace/MATLAB_workspace/S32K344_LED/S32K344_LED_Config/RTD/src/Can_43_FLEXCAN_Ipw.c:2526:10:Can_43_FLEXCAN_Ipw_MainFunction_Read	136	static
E:/Workspace/MATLAB_workspace/S32K344_LED/S32K344_LED_Config/RTD/src/Can_43_FLEXCAN_Ipw.c:2590:10:Can_43_FLEXCAN_Ipw_MainFunction_BusOff	0	static
E:/Workspace/MATLAB_workspace/S32K344_LED/S32K344_LED_Config/RTD/src/Can_43_FLEXCAN_Ipw.c:2599:6:Can_43_FLEXCAN_Ipw_MainFunction_Mode	16	static
E:/Workspace/MATLAB_workspace/S32K344_LED/S32K344_LED_Config/RTD/src/Can_43_FLEXCAN_Ipw.c:2633:10:Can_43_FLEXCAN_Ipw_ProcessHwObject	48	static
