E:/Workspace/MATLAB_workspace/S32K344_LED/S32K344_LED_Config/RTD/src/Can_43_FLEXCAN.c:815:10:Can_43_FLEXCAN_GetVersionInfo	0	static
E:/Workspace/MATLAB_workspace/S32K344_LED/S32K344_LED_Config/RTD/src/Can_43_FLEXCAN.c:863:6:Can_43_FLEXCAN_Init	24	static
E:/Workspace/MATLAB_workspace/S32K344_LED/S32K344_LED_Config/RTD/src/Can_43_FLEXCAN.c:972:6:Can_43_FLEXCAN_DeInit	16	static
E:/Workspace/MATLAB_workspace/S32K344_LED/S32K344_LED_Config/RTD/src/Can_43_FLEXCAN.c:1049:20:Can_43_FLEXCAN_SetBaudrate	16	static
E:/Workspace/MATLAB_workspace/S32K344_LED/S32K344_LED_Config/RTD/src/Can_43_FLEXCAN.c:1117:16:Can_43_FLEXCAN_SetControllerMode	24	static
E:/Workspace/MATLAB_workspace/S32K344_LED/S32K344_LED_Config/RTD/src/Can_43_FLEXCAN.c:1368:6:Can_43_FLEXCAN_DisableControllerInterrupts	16	static
E:/Workspace/MATLAB_workspace/S32K344_LED/S32K344_LED_Config/RTD/src/Can_43_FLEXCAN.c:1443:6:Can_43_FLEXCAN_EnableControllerInterrupts	16	static
E:/Workspace/MATLAB_workspace/S32K344_LED/S32K344_LED_Config/RTD/src/Can_43_FLEXCAN.c:1587:16:Can_43_FLEXCAN_GetControllerErrorState	24	static
E:/Workspace/MATLAB_workspace/S32K344_LED/S32K344_LED_Config/RTD/src/Can_43_FLEXCAN.c:1663:16:Can_43_FLEXCAN_GetControllerMode	8	static
E:/Workspace/MATLAB_workspace/S32K344_LED/S32K344_LED_Config/RTD/src/Can_43_FLEXCAN.c:1756:16:Can_43_FLEXCAN_GetControllerRxErrorCounter	8	static
E:/Workspace/MATLAB_workspace/S32K344_LED/S32K344_LED_Config/RTD/src/Can_43_FLEXCAN.c:1854:16:Can_43_FLEXCAN_GetControllerTxErrorCounter	8	static
E:/Workspace/MATLAB_workspace/S32K344_LED/S32K344_LED_Config/RTD/src/Can_43_FLEXCAN.c:1965:16:Can_43_FLEXCAN_Write	16	static
E:/Workspace/MATLAB_workspace/S32K344_LED/S32K344_LED_Config/RTD/src/Can_43_FLEXCAN.c:2055:10:Can_43_FLEXCAN_AbortMb	0	static
E:/Workspace/MATLAB_workspace/S32K344_LED/S32K344_LED_Config/RTD/src/Can_43_FLEXCAN.c:2179:10:Can_43_FLEXCAN_MainFunction_Write	16	static
E:/Workspace/MATLAB_workspace/S32K344_LED/S32K344_LED_Config/RTD/src/Can_43_FLEXCAN.c:2339:10:Can_43_FLEXCAN_MainFunction_Read	16	static
E:/Workspace/MATLAB_workspace/S32K344_LED/S32K344_LED_Config/RTD/src/Can_43_FLEXCAN.c:2496:6:Can_43_FLEXCAN_MainFunction_BusOff	0	static
E:/Workspace/MATLAB_workspace/S32K344_LED/S32K344_LED_Config/RTD/src/Can_43_FLEXCAN.c:2569:6:Can_43_FLEXCAN_MainFunction_Mode	0	static
E:/Workspace/MATLAB_workspace/S32K344_LED/S32K344_LED_Config/RTD/src/Can_43_FLEXCAN.c:3024:6:Can_43_FLEXCAN_ProcessMesgBufferCommonInterrupt	4	static
E:/Workspace/MATLAB_workspace/S32K344_LED/S32K344_LED_Config/RTD/src/Can_43_FLEXCAN.c:3057:6:Can_43_FLEXCAN_ProcessBusOffInterrupt	16	static
