E:/Workspace/MATLAB_workspace/S32K344_LED/S32K344_LED_Config/RTD/src/CDD_Mcl.c:333:6:Mcl_Init	24	static
E:/Workspace/MATLAB_workspace/S32K344_LED/S32K344_LED_Config/RTD/src/CDD_Mcl.c:432:6:Mcl_DeInit	16	static
E:/Workspace/MATLAB_workspace/S32K344_LED/S32K344_LED_Config/RTD/src/CDD_Mcl.c:905:6:Mcl_CacheEnable	0	static
E:/Workspace/MATLAB_workspace/S32K344_LED/S32K344_LED_Config/RTD/src/CDD_Mcl.c:939:6:Mcl_CacheDisable	0	static
E:/Workspace/MATLAB_workspace/S32K344_LED/S32K344_LED_Config/RTD/src/CDD_Mcl.c:973:6:Mcl_CacheInvalidate	0	static
E:/Workspace/MATLAB_workspace/S32K344_LED/S32K344_LED_Config/RTD/src/CDD_Mcl.c:1007:6:Mcl_CacheClean	0	static
E:/Workspace/MATLAB_workspace/S32K344_LED/S32K344_LED_Config/RTD/src/CDD_Mcl.c:1041:6:Mcl_CacheInvalidateByAddr	4	static
E:/Workspace/MATLAB_workspace/S32K344_LED/S32K344_LED_Config/RTD/src/CDD_Mcl.c:1075:6:Mcl_CacheCleanByAddr	8	static
E:/Workspace/MATLAB_workspace/S32K344_LED/S32K344_LED_Config/RTD/src/CDD_Mcl.c:1113:6:Mcl_SetTrgMuxInput	0	static
E:/Workspace/MATLAB_workspace/S32K344_LED/S32K344_LED_Config/RTD/src/CDD_Mcl.c:1136:6:Mcl_SetTrgMuxLock	0	static
E:/Workspace/MATLAB_workspace/S32K344_LED/S32K344_LED_Config/RTD/src/CDD_Mcl.c:1214:6:Mcl_Emios_SetReloadInterval	24	static
E:/Workspace/MATLAB_workspace/S32K344_LED/S32K344_LED_Config/RTD/src/CDD_Mcl.c:1249:6:Mcl_Emios_SetCounterBusPeriod	24	static
E:/Workspace/MATLAB_workspace/S32K344_LED/S32K344_LED_Config/RTD/src/CDD_Mcl.c:1307:6:Mcl_EmiosConfigureGlobalTimebase	0	static
E:/Workspace/MATLAB_workspace/S32K344_LED/S32K344_LED_Config/RTD/src/CDD_Mcl.c:1315:6:Mcl_Emios_SetClockMode	24	static
E:/Workspace/MATLAB_workspace/S32K344_LED/S32K344_LED_Config/RTD/src/CDD_Mcl.c:1333:6:Mcl_SetLcuWriteProtect	8	static
E:/Workspace/MATLAB_workspace/S32K344_LED/S32K344_LED_Config/RTD/src/CDD_Mcl.c:2599:6:Mcl_GetVersionInfo	0	static
