E:/Workspace/MATLAB_workspace/S32K344_LED/S32K344_LED_Config/RTD/src/Clock_Ip.c:243:13:Clock_Ip_NotificatonsEmptyCallback	0	static
E:/Workspace/MATLAB_workspace/S32K344_LED/S32K344_LED_Config/RTD/src/Clock_Ip.c:977:6:Clock_Ip_DistributePll.part.0	32	static
E:/Workspace/MATLAB_workspace/S32K344_LED/S32K344_LED_Config/RTD/src/Clock_Ip.c:730:6:Clock_Ip_InitClock	32	static
E:/Workspace/MATLAB_workspace/S32K344_LED/S32K344_LED_Config/RTD/src/Clock_Ip.c:925:24:Clock_Ip_GetPllStatus	16	static
E:/Workspace/MATLAB_workspace/S32K344_LED/S32K344_LED_Config/RTD/src/Clock_Ip.c:665:21:Clock_Ip_Init	16	static
E:/Workspace/MATLAB_workspace/S32K344_LED/S32K344_LED_Config/RTD/src/Clock_Ip.c:977:6:Clock_Ip_DistributePll	0	static
E:/Workspace/MATLAB_workspace/S32K344_LED/S32K344_LED_Config/RTD/src/Clock_Ip.c:1031:6:Clock_Ip_DisableClockMonitor	4	static
E:/Workspace/MATLAB_workspace/S32K344_LED/S32K344_LED_Config/RTD/src/Clock_Ip.c:1047:6:Clock_Ip_InstallNotificationsCallback	0	static
E:/Workspace/MATLAB_workspace/S32K344_LED/S32K344_LED_Config/RTD/src/Clock_Ip.c:1061:6:Clock_Ip_DisableModuleClock	4	static
E:/Workspace/MATLAB_workspace/S32K344_LED/S32K344_LED_Config/RTD/src/Clock_Ip.c:1077:6:Clock_Ip_EnableModuleClock	4	static
E:/Workspace/MATLAB_workspace/S32K344_LED/S32K344_LED_Config/RTD/src/Clock_Ip.c:1112:8:Clock_Ip_GetClockFrequency	0	static
E:/Workspace/MATLAB_workspace/S32K344_LED/S32K344_LED_Config/RTD/src/Clock_Ip.c:1180:6:Clock_Ip_DisableFircInStandby	8	static
E:/Workspace/MATLAB_workspace/S32K344_LED/S32K344_LED_Config/RTD/src/Clock_Ip.c:1198:6:Clock_Ip_EnableFircInStandby	8	static
E:/Workspace/MATLAB_workspace/S32K344_LED/S32K344_LED_Config/RTD/src/Clock_Ip.c:1216:6:Clock_Ip_DisableSircInStandby	8	static
E:/Workspace/MATLAB_workspace/S32K344_LED/S32K344_LED_Config/RTD/src/Clock_Ip.c:1234:6:Clock_Ip_EnableSircInStandby	8	static
E:/Workspace/MATLAB_workspace/S32K344_LED/S32K344_LED_Config/RTD/src/Clock_Ip.c:1250:6:Clock_Ip_ReportClockErrors	0	static
E:/Workspace/MATLAB_workspace/S32K344_LED/S32K344_LED_Config/RTD/src/Clock_Ip.c:1261:6:Clock_Ip_StartTimeout	24	static
E:/Workspace/MATLAB_workspace/S32K344_LED/S32K344_LED_Config/RTD/src/Clock_Ip.c:1277:9:Clock_Ip_TimeoutExpired	16	static
