E:/Workspace/MATLAB_workspace/S32K344_LED/S32K344_LED_Config/RTD/src/Emios_Pwm_Ip.c:1755:6:Emios_Pwm_Ip_InitChannel	48	static
E:/Workspace/MATLAB_workspace/S32K344_LED/S32K344_LED_Config/RTD/src/Emios_Pwm_Ip.c:1834:6:Emios_Pwm_Ip_DeInitChannel	28	static
E:/Workspace/MATLAB_workspace/S32K344_LED/S32K344_LED_Config/RTD/src/Emios_Pwm_Ip.c:1906:6:Emios_Pwm_Ip_ForceMatchLeadingEdge	16	static
E:/Workspace/MATLAB_workspace/S32K344_LED/S32K344_LED_Config/RTD/src/Emios_Pwm_Ip.c:1933:6:Emios_Pwm_Ip_ForceMatchTrailingEdge	16	static
E:/Workspace/MATLAB_workspace/S32K344_LED/S32K344_LED_Config/RTD/src/Emios_Pwm_Ip.c:1955:25:Emios_Pwm_Ip_GetPeriod	8	static
E:/Workspace/MATLAB_workspace/S32K344_LED/S32K344_LED_Config/RTD/src/Emios_Pwm_Ip.c:2056:6:Emios_Pwm_Ip_SetPeriod	32	static
E:/Workspace/MATLAB_workspace/S32K344_LED/S32K344_LED_Config/RTD/src/Emios_Pwm_Ip.c:2107:23:Emios_Pwm_Ip_GetDutyCycle	0	static
E:/Workspace/MATLAB_workspace/S32K344_LED/S32K344_LED_Config/RTD/src/Emios_Pwm_Ip.c:2129:25:Emios_Pwm_Ip_SetDutyCycle	40	static
E:/Workspace/MATLAB_workspace/S32K344_LED/S32K344_LED_Config/RTD/src/Emios_Pwm_Ip.c:2228:25:Emios_Pwm_Ip_GetPhaseShift	4	static
E:/Workspace/MATLAB_workspace/S32K344_LED/S32K344_LED_Config/RTD/src/Emios_Pwm_Ip.c:2260:25:Emios_Pwm_Ip_SetPhaseShift	40	static
E:/Workspace/MATLAB_workspace/S32K344_LED/S32K344_LED_Config/RTD/src/Emios_Pwm_Ip.c:2362:25:Emios_Pwm_Ip_GetDeadTime	0	static
E:/Workspace/MATLAB_workspace/S32K344_LED/S32K344_LED_Config/RTD/src/Emios_Pwm_Ip.c:2391:6:Emios_Pwm_Ip_SetDeadTime	24	static
E:/Workspace/MATLAB_workspace/S32K344_LED/S32K344_LED_Config/RTD/src/Emios_Pwm_Ip.c:2425:8:Emios_Pwm_Ip_GetTriggerPlacement	0	static
E:/Workspace/MATLAB_workspace/S32K344_LED/S32K344_LED_Config/RTD/src/Emios_Pwm_Ip.c:2462:6:Emios_Pwm_Ip_SetTriggerPlacement	32	static
E:/Workspace/MATLAB_workspace/S32K344_LED/S32K344_LED_Config/RTD/src/Emios_Pwm_Ip.c:2508:25:Emios_Pwm_Ip_ChannelEnterDebugMode	24	static
E:/Workspace/MATLAB_workspace/S32K344_LED/S32K344_LED_Config/RTD/src/Emios_Pwm_Ip.c:2537:6:Emios_Pwm_Ip_ChannelStopDebugMode	16	static
E:/Workspace/MATLAB_workspace/S32K344_LED/S32K344_LED_Config/RTD/src/Emios_Pwm_Ip.c:2558:28:Emios_Pwm_Ip_GetFlagRequest	0	static
E:/Workspace/MATLAB_workspace/S32K344_LED/S32K344_LED_Config/RTD/src/Emios_Pwm_Ip.c:2590:6:Emios_Pwm_Ip_SetFlagRequest	24	static
E:/Workspace/MATLAB_workspace/S32K344_LED/S32K344_LED_Config/RTD/src/Emios_Pwm_Ip.c:2639:30:Emios_Pwm_Ip_GetOutputState	0	static
E:/Workspace/MATLAB_workspace/S32K344_LED/S32K344_LED_Config/RTD/src/Emios_Pwm_Ip.c:2658:6:Emios_Pwm_Ip_SetOutputState	32	static
E:/Workspace/MATLAB_workspace/S32K344_LED/S32K344_LED_Config/RTD/src/Emios_Pwm_Ip.c:2698:6:Emios_Pwm_Ip_SetOutputToNormal	32	static
E:/Workspace/MATLAB_workspace/S32K344_LED/S32K344_LED_Config/RTD/src/Emios_Pwm_Ip.c:2818:26:Emios_Pwm_Ip_GetChannelMode	0	static
E:/Workspace/MATLAB_workspace/S32K344_LED/S32K344_LED_Config/RTD/src/Emios_Pwm_Ip.c:2839:7:Emios_Pwm_Ip_GetMasterBusChannel	0	static
E:/Workspace/MATLAB_workspace/S32K344_LED/S32K344_LED_Config/RTD/src/Emios_Pwm_Ip.c:2877:6:Emios_Pwm_Ip_SetPreEnableClock	16	static
E:/Workspace/MATLAB_workspace/S32K344_LED/S32K344_LED_Config/RTD/src/Emios_Pwm_Ip.c:2899:6:Emios_Pwm_Ip_SetBusSelected	16	static
E:/Workspace/MATLAB_workspace/S32K344_LED/S32K344_LED_Config/RTD/src/Emios_Pwm_Ip.c:2920:6:Emios_Pwm_Ip_SetClockPs	16	static
E:/Workspace/MATLAB_workspace/S32K344_LED/S32K344_LED_Config/RTD/src/Emios_Pwm_Ip.c:2945:6:Emios_Pwm_Ip_ComparatorTransferEnable	16	static
E:/Workspace/MATLAB_workspace/S32K344_LED/S32K344_LED_Config/RTD/src/Emios_Pwm_Ip.c:2965:6:Emios_Pwm_Ip_ComparatorTransferDisable	16	static
E:/Workspace/MATLAB_workspace/S32K344_LED/S32K344_LED_Config/RTD/src/Emios_Pwm_Ip.c:2986:6:Emios_Pwm_Ip_SyncUpdate	20	static
E:/Workspace/MATLAB_workspace/S32K344_LED/S32K344_LED_Config/RTD/src/Emios_Pwm_Ip.c:3050:6:Emios_Pwm_Ip_UpdateUCRegA	0	static
E:/Workspace/MATLAB_workspace/S32K344_LED/S32K344_LED_Config/RTD/src/Emios_Pwm_Ip.c:3071:6:Emios_Pwm_Ip_UpdateUCRegB	0	static
