E:/Workspace/MATLAB_workspace/S32K344_LED/S32K344_LED_Config/RTD/src/Emios_Icu_Ip.c:515:6:Emios_Icu_Ip_EnableInterrupt	8	static
E:/Workspace/MATLAB_workspace/S32K344_LED/S32K344_LED_Config/RTD/src/Emios_Icu_Ip.c:527:6:Emios_Icu_Ip_DisableInterrupt	16	static
E:/Workspace/MATLAB_workspace/S32K344_LED/S32K344_LED_Config/RTD/src/Emios_Icu_Ip.c:694:25:Emios_Icu_Ip_Deinit	32	static
E:/Workspace/MATLAB_workspace/S32K344_LED/S32K344_LED_Config/RTD/src/Emios_Icu_Ip.c:787:6:Emios_Icu_Ip_SetSleepMode	16	static
E:/Workspace/MATLAB_workspace/S32K344_LED/S32K344_LED_Config/RTD/src/Emios_Icu_Ip.c:798:6:Emios_Icu_Ip_SetNormalMode	8	static
E:/Workspace/MATLAB_workspace/S32K344_LED/S32K344_LED_Config/RTD/src/Emios_Icu_Ip.c:817:6:Emios_Icu_Ip_SetActivation	16	static
E:/Workspace/MATLAB_workspace/S32K344_LED/S32K344_LED_Config/RTD/src/Emios_Icu_Ip.c:536:25:Emios_Icu_Ip_Init	72	static
E:/Workspace/MATLAB_workspace/S32K344_LED/S32K344_LED_Config/RTD/src/Emios_Icu_Ip.c:864:6:Emios_Icu_Ip_EnableEdgeDetection	32	static
E:/Workspace/MATLAB_workspace/S32K344_LED/S32K344_LED_Config/RTD/src/Emios_Icu_Ip.c:891:6:Emios_Icu_Ip_DisableEdgeDetection	32	static
E:/Workspace/MATLAB_workspace/S32K344_LED/S32K344_LED_Config/RTD/src/Emios_Icu_Ip.c:916:6:Emios_Icu_Ip_EnableNotification	0	static
E:/Workspace/MATLAB_workspace/S32K344_LED/S32K344_LED_Config/RTD/src/Emios_Icu_Ip.c:928:6:Emios_Icu_Ip_DisableNotification	0	static
E:/Workspace/MATLAB_workspace/S32K344_LED/S32K344_LED_Config/RTD/src/Emios_Icu_Ip.c:941:6:Emios_Icu_Ip_StartTimestamp	48	static
E:/Workspace/MATLAB_workspace/S32K344_LED/S32K344_LED_Config/RTD/src/Emios_Icu_Ip.c:1073:8:Emios_Icu_Ip_GetTimestampIndex	0	static
E:/Workspace/MATLAB_workspace/S32K344_LED/S32K344_LED_Config/RTD/src/Emios_Icu_Ip.c:1127:6:Emios_Icu_Ip_StopTimestamp	32	static
E:/Workspace/MATLAB_workspace/S32K344_LED/S32K344_LED_Config/RTD/src/Emios_Icu_Ip.c:1185:6:Emios_Icu_Ip_ResetEdgeCount	32	static
E:/Workspace/MATLAB_workspace/S32K344_LED/S32K344_LED_Config/RTD/src/Emios_Icu_Ip.c:1224:6:Emios_Icu_Ip_EnableEdgeCount	24	static
E:/Workspace/MATLAB_workspace/S32K344_LED/S32K344_LED_Config/RTD/src/Emios_Icu_Ip.c:1267:6:Emios_Icu_Ip_DisableEdgeCount	16	static
E:/Workspace/MATLAB_workspace/S32K344_LED/S32K344_LED_Config/RTD/src/Emios_Icu_Ip.c:1299:21:Emios_Icu_Ip_GetEdgeNumbers	0	static
E:/Workspace/MATLAB_workspace/S32K344_LED/S32K344_LED_Config/RTD/src/Emios_Icu_Ip.c:1368:6:Emios_Icu_Ip_StartSignalMeasurement	48	static
E:/Workspace/MATLAB_workspace/S32K344_LED/S32K344_LED_Config/RTD/src/Emios_Icu_Ip.c:1498:6:Emios_Icu_Ip_StopSignalMeasurement	40	static
E:/Workspace/MATLAB_workspace/S32K344_LED/S32K344_LED_Config/RTD/src/Emios_Icu_Ip.c:1538:21:Emios_Icu_Ip_GetTimeElapsed	0	static
E:/Workspace/MATLAB_workspace/S32K344_LED/S32K344_LED_Config/RTD/src/Emios_Icu_Ip.c:1575:6:Emios_Icu_Ip_GetDutyCycleValues	12	static
E:/Workspace/MATLAB_workspace/S32K344_LED/S32K344_LED_Config/RTD/src/Emios_Icu_Ip.c:1614:6:Emios_Icu_Ip_SetPWandPeriod	4	static
E:/Workspace/MATLAB_workspace/S32K344_LED/S32K344_LED_Config/RTD/src/Emios_Icu_Ip.c:1625:9:Emios_Icu_Ip_GetInputState	4	static
E:/Workspace/MATLAB_workspace/S32K344_LED/S32K344_LED_Config/RTD/src/Emios_Icu_Ip.c:1678:9:Emios_Icu_Ip_GetOverflow	0	static
E:/Workspace/MATLAB_workspace/S32K344_LED/S32K344_LED_Config/RTD/src/Emios_Icu_Ip.c:1791:6:Emios_Icu_Ip_GetPulseWidth	0	static
E:/Workspace/MATLAB_workspace/S32K344_LED/S32K344_LED_Config/RTD/src/Emios_Icu_Ip.c:1806:16:Emios_Icu_Ip_ValidateSignalMeasureWithoutInterrupt	0	static
