E:/Workspace/MATLAB_workspace/S32K344_LED/S32K344_LED_Config/RTD/src/Emios_Mcl_Ip_Irq.c:560:1:EMIOS0_5_IRQ	0	static
E:/Workspace/MATLAB_workspace/S32K344_LED/S32K344_LED_Config/RTD/src/Emios_Mcl_Ip_Irq.c:866:1:EMIOS0_3_IRQ	0	static
E:/Workspace/MATLAB_workspace/S32K344_LED/S32K344_LED_Config/RTD/src/Emios_Mcl_Ip_Irq.c:1172:1:EMIOS0_1_IRQ	0	static
E:/Workspace/MATLAB_workspace/S32K344_LED/S32K344_LED_Config/RTD/src/Emios_Mcl_Ip_Irq.c:1479:1:EMIOS1_5_IRQ	8	static
E:/Workspace/MATLAB_workspace/S32K344_LED/S32K344_LED_Config/RTD/src/Emios_Mcl_Ip_Irq.c:2091:1:EMIOS1_1_IRQ	0	static
E:/Workspace/MATLAB_workspace/S32K344_LED/S32K344_LED_Config/RTD/src/Emios_Mcl_Ip_Irq.c:2244:1:EMIOS1_0_IRQ	8	static
E:/Workspace/MATLAB_workspace/S32K344_LED/S32K344_LED_Config/RTD/src/Emios_Mcl_Ip_Irq.c:2398:1:EMIOS2_5_IRQ	8	static
E:/Workspace/MATLAB_workspace/S32K344_LED/S32K344_LED_Config/RTD/src/Emios_Mcl_Ip_Irq.c:2551:1:EMIOS2_4_IRQ	0	static
