E:/Workspace/MATLAB_workspace/S32K344_LED/S32K344_LED_Config/RTD/src/Emios_Mcl_Ip.c:179:27:Emios_Mcl_Ip_Init	48	static
E:/Workspace/MATLAB_workspace/S32K344_LED/S32K344_LED_Config/RTD/src/Emios_Mcl_Ip.c:281:6:Emios_Mcl_Ip_EnableChannel	0	static
E:/Workspace/MATLAB_workspace/S32K344_LED/S32K344_LED_Config/RTD/src/Emios_Mcl_Ip.c:293:6:Emios_Mcl_Ip_DisableChannel	0	static
E:/Workspace/MATLAB_workspace/S32K344_LED/S32K344_LED_Config/RTD/src/Emios_Mcl_Ip.c:305:6:Emios_Mcl_Ip_ComparatorTransferEnable	0	static
E:/Workspace/MATLAB_workspace/S32K344_LED/S32K344_LED_Config/RTD/src/Emios_Mcl_Ip.c:318:6:Emios_Mcl_Ip_ComparatorTransferDisable	0	static
E:/Workspace/MATLAB_workspace/S32K344_LED/S32K344_LED_Config/RTD/src/Emios_Mcl_Ip.c:331:27:Emios_Mcl_Ip_Deinit	20	static
E:/Workspace/MATLAB_workspace/S32K344_LED/S32K344_LED_Config/RTD/src/Emios_Mcl_Ip.c:388:6:Emios_Mcl_Ip_SetReloadInterval	0	static
E:/Workspace/MATLAB_workspace/S32K344_LED/S32K344_LED_Config/RTD/src/Emios_Mcl_Ip.c:401:9:Emios_Mcl_Ip_ValidateChannel	0	static
E:/Workspace/MATLAB_workspace/S32K344_LED/S32K344_LED_Config/RTD/src/Emios_Mcl_Ip.c:418:27:Emios_Mcl_Ip_SetCounterBusPeriod	4	static
E:/Workspace/MATLAB_workspace/S32K344_LED/S32K344_LED_Config/RTD/src/Emios_Mcl_Ip.c:456:8:Emios_Mcl_Ip_GetCounterBusPeriod	0	static
E:/Workspace/MATLAB_workspace/S32K344_LED/S32K344_LED_Config/RTD/src/Emios_Mcl_Ip.c:489:6:Emios_Mcl_Ip_ConfigureGlobalTimebase	0	static
E:/Workspace/MATLAB_workspace/S32K344_LED/S32K344_LED_Config/RTD/src/Emios_Mcl_Ip.c:509:6:Emios_Mcl_Ip_SetClockMode	12	static
