E:/Workspace/MATLAB_workspace/S32K344_LED/S32K344_LED_Config/RTD/src/FlexCAN_Ip_Irq.c:207:1:CAN0_ORED_IRQHandler	0	static
E:/Workspace/MATLAB_workspace/S32K344_LED/S32K344_LED_Config/RTD/src/FlexCAN_Ip_Irq.c:217:1:CAN0_ORED_0_31_MB_IRQHandler	0	static
E:/Workspace/MATLAB_workspace/S32K344_LED/S32K344_LED_Config/RTD/src/FlexCAN_Ip_Irq.c:224:1:CAN0_ORED_32_63_MB_IRQHandler	0	static
E:/Workspace/MATLAB_workspace/S32K344_LED/S32K344_LED_Config/RTD/src/FlexCAN_Ip_Irq.c:232:1:CAN0_ORED_64_95_MB_IRQHandler	0	static
E:/Workspace/MATLAB_workspace/S32K344_LED/S32K344_LED_Config/RTD/src/FlexCAN_Ip_Irq.c:240:1:CAN1_ORED_IRQHandler	0	static
E:/Workspace/MATLAB_workspace/S32K344_LED/S32K344_LED_Config/RTD/src/FlexCAN_Ip_Irq.c:250:1:CAN1_ORED_0_31_MB_IRQHandler	0	static
E:/Workspace/MATLAB_workspace/S32K344_LED/S32K344_LED_Config/RTD/src/FlexCAN_Ip_Irq.c:263:1:CAN1_ORED_32_63_MB_IRQHandler	0	static
E:/Workspace/MATLAB_workspace/S32K344_LED/S32K344_LED_Config/RTD/src/FlexCAN_Ip_Irq.c:282:1:CAN2_ORED_IRQHandler	0	static
E:/Workspace/MATLAB_workspace/S32K344_LED/S32K344_LED_Config/RTD/src/FlexCAN_Ip_Irq.c:292:1:CAN2_ORED_0_31_MB_IRQHandler	0	static
E:/Workspace/MATLAB_workspace/S32K344_LED/S32K344_LED_Config/RTD/src/FlexCAN_Ip_Irq.c:305:1:CAN2_ORED_32_63_MB_IRQHandler	0	static
E:/Workspace/MATLAB_workspace/S32K344_LED/S32K344_LED_Config/RTD/src/FlexCAN_Ip_Irq.c:324:1:CAN3_ORED_IRQHandler	0	static
E:/Workspace/MATLAB_workspace/S32K344_LED/S32K344_LED_Config/RTD/src/FlexCAN_Ip_Irq.c:334:1:CAN3_ORED_0_31_MB_IRQHandler	0	static
E:/Workspace/MATLAB_workspace/S32K344_LED/S32K344_LED_Config/RTD/src/FlexCAN_Ip_Irq.c:353:1:CAN4_ORED_IRQHandler	0	static
E:/Workspace/MATLAB_workspace/S32K344_LED/S32K344_LED_Config/RTD/src/FlexCAN_Ip_Irq.c:363:1:CAN4_ORED_0_31_MB_IRQHandler	0	static
E:/Workspace/MATLAB_workspace/S32K344_LED/S32K344_LED_Config/RTD/src/FlexCAN_Ip_Irq.c:382:1:CAN5_ORED_IRQHandler	0	static
E:/Workspace/MATLAB_workspace/S32K344_LED/S32K344_LED_Config/RTD/src/FlexCAN_Ip_Irq.c:392:1:CAN5_ORED_0_31_MB_IRQHandler	0	static
