E:/Workspace/MATLAB_workspace/S32K344_LED/S32K344_LED_Config/RTD/src/Flexio_I2c_Ip.c:1084:13:Flexio_I2c_Ip_ReadData	12	static
E:/Workspace/MATLAB_workspace/S32K344_LED/S32K344_LED_Config/RTD/src/Flexio_I2c_Ip.c:1131:13:Flexio_I2c_Ip_WriteData	0	static
E:/Workspace/MATLAB_workspace/S32K344_LED/S32K344_LED_Config/RTD/src/Flexio_I2c_Ip.c:1270:13:Flexio_I2c_Ip_MasterStopTransfer	32	static
E:/Workspace/MATLAB_workspace/S32K344_LED/S32K344_LED_Config/RTD/src/Flexio_I2c_Ip.c:1489:33:Flexio_I2c_Ip_MasterStartTransfer.part.0	32	static
E:/Workspace/MATLAB_workspace/S32K344_LED/S32K344_LED_Config/RTD/src/Flexio_I2c_Ip.c:1720:26:Flexio_I2c_Ip_MasterInit	48	static
E:/Workspace/MATLAB_workspace/S32K344_LED/S32K344_LED_Config/RTD/src/Flexio_I2c_Ip.c:1808:26:Flexio_I2c_Ip_MasterDeinit	16	static
E:/Workspace/MATLAB_workspace/S32K344_LED/S32K344_LED_Config/RTD/src/Flexio_I2c_Ip.c:1847:26:Flexio_I2c_Ip_MasterSetBaudRate	4	static
E:/Workspace/MATLAB_workspace/S32K344_LED/S32K344_LED_Config/RTD/src/Flexio_I2c_Ip.c:1888:26:Flexio_I2c_Ip_MasterGetBaudRate	4	static
E:/Workspace/MATLAB_workspace/S32K344_LED/S32K344_LED_Config/RTD/src/Flexio_I2c_Ip.c:1923:26:Flexio_I2c_Ip_MasterSetSlaveAddr	0	static
E:/Workspace/MATLAB_workspace/S32K344_LED/S32K344_LED_Config/RTD/src/Flexio_I2c_Ip.c:1950:26:Flexio_I2c_Ip_MasterSendData	4	static
E:/Workspace/MATLAB_workspace/S32K344_LED/S32K344_LED_Config/RTD/src/Flexio_I2c_Ip.c:2044:26:Flexio_I2c_Ip_MasterReceiveData	4	static
E:/Workspace/MATLAB_workspace/S32K344_LED/S32K344_LED_Config/RTD/src/Flexio_I2c_Ip.c:2137:26:Flexio_I2c_Ip_MasterTransferAbort	8	static
E:/Workspace/MATLAB_workspace/S32K344_LED/S32K344_LED_Config/RTD/src/Flexio_I2c_Ip.c:2170:26:Flexio_I2c_Ip_MasterGetStatus	24	static
E:/Workspace/MATLAB_workspace/S32K344_LED/S32K344_LED_Config/RTD/src/Flexio_I2c_Ip.c:1311:33:Flexio_I2c_Ip_MasterWaitTransferEnd	32	static
E:/Workspace/MATLAB_workspace/S32K344_LED/S32K344_LED_Config/RTD/src/Flexio_I2c_Ip.c:1997:26:Flexio_I2c_Ip_MasterSendDataBlocking	16	static
E:/Workspace/MATLAB_workspace/S32K344_LED/S32K344_LED_Config/RTD/src/Flexio_I2c_Ip.c:2091:26:Flexio_I2c_Ip_MasterReceiveDataBlocking	16	static
E:/Workspace/MATLAB_workspace/S32K344_LED/S32K344_LED_Config/RTD/src/Flexio_I2c_Ip.c:2225:6:Flexio_I2c_Ip_SetMasterCallback	0	static
E:/Workspace/MATLAB_workspace/S32K344_LED/S32K344_LED_Config/RTD/src/Flexio_I2c_Ip.c:2363:6:Flexio_I2c_Ip_IrqHandler	32	static
