E:/Workspace/MATLAB_workspace/S32K344_LED/S32K344_LED_Config/RTD/src/FlexCAN_Ip_HwAccess.c:413:7:FlexCAN_ComputePayloadSize	0	static
E:/Workspace/MATLAB_workspace/S32K344_LED/S32K344_LED_Config/RTD/src/FlexCAN_Ip_HwAccess.c:466:19:FlexCAN_GetMsgBuffRegion	24	static
E:/Workspace/MATLAB_workspace/S32K344_LED/S32K344_LED_Config/RTD/src/FlexCAN_Ip_HwAccess.c:524:8:FlexCAN_GetMaxMbNum	0	static
E:/Workspace/MATLAB_workspace/S32K344_LED/S32K344_LED_Config/RTD/src/FlexCAN_Ip_HwAccess.c:548:23:FlexCAN_EnterFreezeMode	24	static
E:/Workspace/MATLAB_workspace/S32K344_LED/S32K344_LED_Config/RTD/src/FlexCAN_Ip_HwAccess.c:586:23:FlexCAN_Enable	24	static
E:/Workspace/MATLAB_workspace/S32K344_LED/S32K344_LED_Config/RTD/src/FlexCAN_Ip_HwAccess.c:620:23:FlexCAN_ExitFreezeMode	24	static
E:/Workspace/MATLAB_workspace/S32K344_LED/S32K344_LED_Config/RTD/src/FlexCAN_Ip_HwAccess.c:654:23:FlexCAN_Disable	32	static
E:/Workspace/MATLAB_workspace/S32K344_LED/S32K344_LED_Config/RTD/src/FlexCAN_Ip_HwAccess.c:693:6:FlexCAN_SetErrIntCmd	16	static
E:/Workspace/MATLAB_workspace/S32K344_LED/S32K344_LED_Config/RTD/src/FlexCAN_Ip_HwAccess.c:750:23:FlexCAN_Init	24	static
E:/Workspace/MATLAB_workspace/S32K344_LED/S32K344_LED_Config/RTD/src/FlexCAN_Ip_HwAccess.c:842:23:FlexCAN_EnableRxFifo	4	static
E:/Workspace/MATLAB_workspace/S32K344_LED/S32K344_LED_Config/RTD/src/FlexCAN_Ip_HwAccess.c:904:6:FlexCAN_SetPayloadSize	4	static
E:/Workspace/MATLAB_workspace/S32K344_LED/S32K344_LED_Config/RTD/src/FlexCAN_Ip_HwAccess.c:985:7:FlexCAN_GetMbPayloadSize	16	static
E:/Workspace/MATLAB_workspace/S32K344_LED/S32K344_LED_Config/RTD/src/FlexCAN_Ip_HwAccess.c:1025:6:FlexCAN_LockRxMsgBuff	8	static
E:/Workspace/MATLAB_workspace/S32K344_LED/S32K344_LED_Config/RTD/src/FlexCAN_Ip_HwAccess.c:1039:23:FlexCAN_SetMsgBuffIntCmd	24	static
E:/Workspace/MATLAB_workspace/S32K344_LED/S32K344_LED_Config/RTD/src/FlexCAN_Ip_HwAccess.c:1163:6:FLEXCAN_ClearMsgBuffIntCmd	24	static
E:/Workspace/MATLAB_workspace/S32K344_LED/S32K344_LED_Config/RTD/src/FlexCAN_Ip_HwAccess.c:1229:6:FlexCAN_DisableInterrupts	0	static
E:/Workspace/MATLAB_workspace/S32K344_LED/S32K344_LED_Config/RTD/src/FlexCAN_Ip_HwAccess.c:1256:6:FlexCAN_EnableInterrupts	0	static
E:/Workspace/MATLAB_workspace/S32K344_LED/S32K344_LED_Config/RTD/src/FlexCAN_Ip_HwAccess.c:1292:6:FlexCAN_SetRxMsgBuff	16	static
E:/Workspace/MATLAB_workspace/S32K344_LED/S32K344_LED_Config/RTD/src/FlexCAN_Ip_HwAccess.c:1348:8:FlexCAN_GetMsgBuffTimestamp	8	static
E:/Workspace/MATLAB_workspace/S32K344_LED/S32K344_LED_Config/RTD/src/FlexCAN_Ip_HwAccess.c:1377:6:FlexCAN_GetMsgBuff	24	static
E:/Workspace/MATLAB_workspace/S32K344_LED/S32K344_LED_Config/RTD/src/FlexCAN_Ip_HwAccess.c:1485:6:FlexCAN_SetTxMsgBuff	28	static
E:/Workspace/MATLAB_workspace/S32K344_LED/S32K344_LED_Config/RTD/src/FlexCAN_Ip_HwAccess.c:1602:23:FlexCAN_SetMaxMsgBuffNum	24	static
E:/Workspace/MATLAB_workspace/S32K344_LED/S32K344_LED_Config/RTD/src/FlexCAN_Ip_HwAccess.c:1678:6:FlexCAN_SetOperationMode	0	static
E:/Workspace/MATLAB_workspace/S32K344_LED/S32K344_LED_Config/RTD/src/FlexCAN_Ip_HwAccess.c:1707:6:FlexCAN_SetRxFifoFilter	24	static
E:/Workspace/MATLAB_workspace/S32K344_LED/S32K344_LED_Config/RTD/src/FlexCAN_Ip_HwAccess.c:1922:6:FlexCAN_ReadRxFifo	12	static
E:/Workspace/MATLAB_workspace/S32K344_LED/S32K344_LED_Config/RTD/src/FlexCAN_Ip_HwAccess.c:2013:6:FlexCAN_ReadEnhancedRxFifo	8	static
E:/Workspace/MATLAB_workspace/S32K344_LED/S32K344_LED_Config/RTD/src/FlexCAN_Ip_HwAccess.c:2102:9:FlexCAN_IsMbOutOfRange	0	static
E:/Workspace/MATLAB_workspace/S32K344_LED/S32K344_LED_Config/RTD/src/FlexCAN_Ip_HwAccess.c:2150:9:FlexCAN_IsEnhancedRxFifoAvailable	0	static
E:/Workspace/MATLAB_workspace/S32K344_LED/S32K344_LED_Config/RTD/src/FlexCAN_Ip_HwAccess.c:2176:23:FlexCAN_EnableEnhancedRxFifo	8	static
E:/Workspace/MATLAB_workspace/S32K344_LED/S32K344_LED_Config/RTD/src/FlexCAN_Ip_HwAccess.c:2236:6:FlexCAN_SetEnhancedRxFifoFilter	48	static
E:/Workspace/MATLAB_workspace/S32K344_LED/S32K344_LED_Config/RTD/src/FlexCAN_Ip_HwAccess.c:2535:6:FlexCAN_ConfigCtrlOptions	0	static
E:/Workspace/MATLAB_workspace/S32K344_LED/S32K344_LED_Config/RTD/src/FlexCAN_Ip_HwAccess.c:2664:6:FlexCAN_ResetImaskBuff	0	static
E:/Workspace/MATLAB_workspace/S32K344_LED/S32K344_LED_Config/RTD/src/FlexCAN_Ip_HwAccess.c:2782:6:FlexCAN_DisableMemErrorDetection	0	static
