E:/Workspace/MATLAB_workspace/S32K344_LED/S32K344_LED_Config/RTD/src/FlexCAN_Ip.c:683:30:FlexCAN_StartRxMessageEnhancedFifoData	0	static
E:/Workspace/MATLAB_workspace/S32K344_LED/S32K344_LED_Config/RTD/src/FlexCAN_Ip.c:2762:13:FlexCAN_CompleteRxMessageFifoData	32	static
E:/Workspace/MATLAB_workspace/S32K344_LED/S32K344_LED_Config/RTD/src/FlexCAN_Ip.c:960:30:FlexCAN_StartRxMessageBufferData	24	static
E:/Workspace/MATLAB_workspace/S32K344_LED/S32K344_LED_Config/RTD/src/FlexCAN_Ip.c:1534:13:FlexCAN_IRQHandlerEnhancedRxFIFO	112	static
E:/Workspace/MATLAB_workspace/S32K344_LED/S32K344_LED_Config/RTD/src/FlexCAN_Ip.c:1087:30:FlexCAN_StartRxMessageFifoData.part.0	32	static
E:/Workspace/MATLAB_workspace/S32K344_LED/S32K344_LED_Config/RTD/src/FlexCAN_Ip.c:1228:13:FlexCAN_IRQHandlerRxMB	120	static
E:/Workspace/MATLAB_workspace/S32K344_LED/S32K344_LED_Config/RTD/src/FlexCAN_Ip.c:1408:20:FlexCAN_IRQHandlerRxFIFO	104	static
E:/Workspace/MATLAB_workspace/S32K344_LED/S32K344_LED_Config/RTD/src/FlexCAN_Ip.c:880:30:FlexCAN_ProccessLegacyRxFIFO	48	static
E:/Workspace/MATLAB_workspace/S32K344_LED/S32K344_LED_Config/RTD/src/FlexCAN_Ip.c:1008:30:FlexCAN_StartSendData	56	static
E:/Workspace/MATLAB_workspace/S32K344_LED/S32K344_LED_Config/RTD/src/FlexCAN_Ip.c:1798:23:FlexCAN_Ip_Init_Privileged	24	static
E:/Workspace/MATLAB_workspace/S32K344_LED/S32K344_LED_Config/RTD/src/FlexCAN_Ip.c:1901:23:FlexCAN_Ip_Send	32	static
E:/Workspace/MATLAB_workspace/S32K344_LED/S32K344_LED_Config/RTD/src/FlexCAN_Ip.c:1948:23:FlexCAN_Ip_ConfigRxMb	40	static
E:/Workspace/MATLAB_workspace/S32K344_LED/S32K344_LED_Config/RTD/src/FlexCAN_Ip.c:2005:23:FlexCAN_Ip_Receive	32	static
E:/Workspace/MATLAB_workspace/S32K344_LED/S32K344_LED_Config/RTD/src/FlexCAN_Ip.c:2042:23:FlexCAN_Ip_ReceiveBlocking	80	static
E:/Workspace/MATLAB_workspace/S32K344_LED/S32K344_LED_Config/RTD/src/FlexCAN_Ip.c:2396:23:FlexCAN_Ip_RxFifo	16	static
E:/Workspace/MATLAB_workspace/S32K344_LED/S32K344_LED_Config/RTD/src/FlexCAN_Ip.c:2436:23:FlexCAN_Ip_RxFifoBlocking	48	static
E:/Workspace/MATLAB_workspace/S32K344_LED/S32K344_LED_Config/RTD/src/FlexCAN_Ip.c:2488:23:FlexCAN_Ip_ConfigRxFifo_Privileged	24	static
E:/Workspace/MATLAB_workspace/S32K344_LED/S32K344_LED_Config/RTD/src/FlexCAN_Ip.c:2544:23:FlexCAN_Ip_ConfigEnhancedRxFifo_Privileged	24	static
E:/Workspace/MATLAB_workspace/S32K344_LED/S32K344_LED_Config/RTD/src/FlexCAN_Ip.c:2603:23:FlexCAN_Ip_ConfigRemoteResponseMb	56	static
E:/Workspace/MATLAB_workspace/S32K344_LED/S32K344_LED_Config/RTD/src/FlexCAN_Ip.c:2666:23:FlexCAN_Ip_GetTransferStatus	0	static
E:/Workspace/MATLAB_workspace/S32K344_LED/S32K344_LED_Config/RTD/src/FlexCAN_Ip.c:2865:6:FlexCAN_IRQHandler	136	static
E:/Workspace/MATLAB_workspace/S32K344_LED/S32K344_LED_Config/RTD/src/FlexCAN_Ip.c:2976:6:FlexCAN_Ip_ClearErrorStatus	0	static
E:/Workspace/MATLAB_workspace/S32K344_LED/S32K344_LED_Config/RTD/src/FlexCAN_Ip.c:2995:8:FlexCAN_Ip_GetErrorStatus	0	static
E:/Workspace/MATLAB_workspace/S32K344_LED/S32K344_LED_Config/RTD/src/FlexCAN_Ip.c:3014:7:FlexCAN_Ip_GetControllerTxErrorCounter	0	static
E:/Workspace/MATLAB_workspace/S32K344_LED/S32K344_LED_Config/RTD/src/FlexCAN_Ip.c:3033:7:FlexCAN_Ip_GetControllerRxErrorCounter	0	static
E:/Workspace/MATLAB_workspace/S32K344_LED/S32K344_LED_Config/RTD/src/FlexCAN_Ip.c:3054:6:FlexCAN_Busoff_Error_IRQHandler	24	static
E:/Workspace/MATLAB_workspace/S32K344_LED/S32K344_LED_Config/RTD/src/FlexCAN_Ip.c:3309:23:FlexCAN_Ip_SendBlocking	72	static
E:/Workspace/MATLAB_workspace/S32K344_LED/S32K344_LED_Config/RTD/src/FlexCAN_Ip.c:3405:23:FlexCAN_Ip_SetRxMbGlobalMask_Privileged	16	static
E:/Workspace/MATLAB_workspace/S32K344_LED/S32K344_LED_Config/RTD/src/FlexCAN_Ip.c:3454:23:FlexCAN_Ip_EnterFreezeMode_Privileged	0	static
E:/Workspace/MATLAB_workspace/S32K344_LED/S32K344_LED_Config/RTD/src/FlexCAN_Ip.c:3468:23:FlexCAN_Ip_ExitFreezeMode_Privileged	0	static
E:/Workspace/MATLAB_workspace/S32K344_LED/S32K344_LED_Config/RTD/src/FlexCAN_Ip.c:3482:23:FlexCAN_Ip_SetRxIndividualMask_Privileged	24	static
E:/Workspace/MATLAB_workspace/S32K344_LED/S32K344_LED_Config/RTD/src/FlexCAN_Ip.c:3541:23:FlexCAN_Ip_SetRxFifoGlobalMask_Privileged	16	static
E:/Workspace/MATLAB_workspace/S32K344_LED/S32K344_LED_Config/RTD/src/FlexCAN_Ip.c:3592:23:FlexCAN_Ip_Deinit_Privileged	24	static
E:/Workspace/MATLAB_workspace/S32K344_LED/S32K344_LED_Config/RTD/src/FlexCAN_Ip.c:3633:6:FlexCAN_Ip_MainFunctionRead	104	static
E:/Workspace/MATLAB_workspace/S32K344_LED/S32K344_LED_Config/RTD/src/FlexCAN_Ip.c:3699:23:FlexCAN_Ip_MainFunctionBusOff_Privileged	16	static
E:/Workspace/MATLAB_workspace/S32K344_LED/S32K344_LED_Config/RTD/src/FlexCAN_Ip.c:3735:6:FlexCAN_Ip_MainFunctionWrite	104	static
E:/Workspace/MATLAB_workspace/S32K344_LED/S32K344_LED_Config/RTD/src/FlexCAN_Ip.c:3791:9:FlexCAN_Ip_GetStopMode_Privileged	0	static
E:/Workspace/MATLAB_workspace/S32K344_LED/S32K344_LED_Config/RTD/src/FlexCAN_Ip.c:3805:9:FlexCAN_Ip_GetStartMode_Privileged	0	static
E:/Workspace/MATLAB_workspace/S32K344_LED/S32K344_LED_Config/RTD/src/FlexCAN_Ip.c:3819:23:FlexCAN_Ip_SetStartMode_Privileged	8	static
E:/Workspace/MATLAB_workspace/S32K344_LED/S32K344_LED_Config/RTD/src/FlexCAN_Ip.c:3844:23:FlexCAN_Ip_SetStopMode_Privileged	8	static
E:/Workspace/MATLAB_workspace/S32K344_LED/S32K344_LED_Config/RTD/src/FlexCAN_Ip.c:3878:23:FlexCAN_Ip_SetRxMaskType_Privileged	24	static
E:/Workspace/MATLAB_workspace/S32K344_LED/S32K344_LED_Config/RTD/src/FlexCAN_Ip.c:3937:23:FlexCAN_Ip_SetBitrate_Privileged	32	static
E:/Workspace/MATLAB_workspace/S32K344_LED/S32K344_LED_Config/RTD/src/FlexCAN_Ip.c:4019:9:FlexCAN_Ip_GetBitrate	4	static
E:/Workspace/MATLAB_workspace/S32K344_LED/S32K344_LED_Config/RTD/src/FlexCAN_Ip.c:4059:6:FlexCAN_Ip_ClearTDCFail	8	static
E:/Workspace/MATLAB_workspace/S32K344_LED/S32K344_LED_Config/RTD/src/FlexCAN_Ip.c:4091:9:FlexCAN_Ip_GetTDCFail	0	static
E:/Workspace/MATLAB_workspace/S32K344_LED/S32K344_LED_Config/RTD/src/FlexCAN_Ip.c:4121:7:FlexCAN_Ip_GetTDCValue	0	static
E:/Workspace/MATLAB_workspace/S32K344_LED/S32K344_LED_Config/RTD/src/FlexCAN_Ip.c:4154:23:FlexCAN_Ip_SetBitrateCbt_Privileged	32	static
E:/Workspace/MATLAB_workspace/S32K344_LED/S32K344_LED_Config/RTD/src/FlexCAN_Ip.c:4230:9:FlexCAN_Ip_GetBitrateFD	8	static
E:/Workspace/MATLAB_workspace/S32K344_LED/S32K344_LED_Config/RTD/src/FlexCAN_Ip.c:4263:23:FlexCAN_Ip_SetTDCOffset_Privileged	24	static
E:/Workspace/MATLAB_workspace/S32K344_LED/S32K344_LED_Config/RTD/src/FlexCAN_Ip.c:4334:23:FlexCAN_Ip_SetTxArbitrationStartDelay_Privileged	16	static
E:/Workspace/MATLAB_workspace/S32K344_LED/S32K344_LED_Config/RTD/src/FlexCAN_Ip.c:4390:9:FlexCAN_Ip_GetBuffStatusFlag	0	static
E:/Workspace/MATLAB_workspace/S32K344_LED/S32K344_LED_Config/RTD/src/FlexCAN_Ip.c:4418:6:FlexCAN_Ip_ClearBuffStatusFlag	0	static
E:/Workspace/MATLAB_workspace/S32K344_LED/S32K344_LED_Config/RTD/src/FlexCAN_Ip.c:4446:23:FlexCAN_Ip_EnableInterrupts_Privileged	16	static
E:/Workspace/MATLAB_workspace/S32K344_LED/S32K344_LED_Config/RTD/src/FlexCAN_Ip.c:4482:23:FlexCAN_Ip_DisableInterrupts_Privileged	16	static
E:/Workspace/MATLAB_workspace/S32K344_LED/S32K344_LED_Config/RTD/src/FlexCAN_Ip.c:4518:23:FlexCAN_Ip_SetErrorInt_Privileged	32	static
E:/Workspace/MATLAB_workspace/S32K344_LED/S32K344_LED_Config/RTD/src/FlexCAN_Ip.c:4611:23:FlexCAN_Ip_AbortTransfer	64	static
E:/Workspace/MATLAB_workspace/S32K344_LED/S32K344_LED_Config/RTD/src/FlexCAN_Ip.c:4676:23:FlexCAN_Ip_SetRxMb14Mask_Privileged	16	static
E:/Workspace/MATLAB_workspace/S32K344_LED/S32K344_LED_Config/RTD/src/FlexCAN_Ip.c:4718:23:FlexCAN_Ip_SetRxMb15Mask_Privileged	16	static
E:/Workspace/MATLAB_workspace/S32K344_LED/S32K344_LED_Config/RTD/src/FlexCAN_Ip.c:4768:23:FlexCAN_Ip_SetListenOnlyMode_Privileged	16	static
E:/Workspace/MATLAB_workspace/S32K344_LED/S32K344_LED_Config/RTD/src/FlexCAN_Ip.c:4823:9:FlexCAN_Ip_GetListenOnlyMode	0	static
E:/Workspace/MATLAB_workspace/S32K344_LED/S32K344_LED_Config/RTD/src/FlexCAN_Ip.c:5049:23:FlexCAN_Ip_ManualBusOffRecovery	32	static
