E:/Workspace/MATLAB_workspace/S32K344_LED/S32K344_LED_Config/RTD/src/Flexio_Lin_Ip.c:1386:26:Flexio_Lin_Ip_Init	56	static
E:/Workspace/MATLAB_workspace/S32K344_LED/S32K344_LED_Config/RTD/src/Flexio_Lin_Ip.c:1583:6:Flexio_Lin_Ip_GoToIdleState	24	static
E:/Workspace/MATLAB_workspace/S32K344_LED/S32K344_LED_Config/RTD/src/Flexio_Lin_Ip.c:1765:26:Flexio_Lin_Ip_SendFrame	40	static
E:/Workspace/MATLAB_workspace/S32K344_LED/S32K344_LED_Config/RTD/src/Flexio_Lin_Ip.c:1878:26:Flexio_Lin_Ip_GoToSleepMode	24	static
E:/Workspace/MATLAB_workspace/S32K344_LED/S32K344_LED_Config/RTD/src/Flexio_Lin_Ip.c:1987:26:Flexio_Lin_Ip_SendWakeupSignal	16	static
E:/Workspace/MATLAB_workspace/S32K344_LED/S32K344_LED_Config/RTD/src/Flexio_Lin_Ip.c:2046:6:Flexio_Lin_Ip_IrqHandler	40	static
E:/Workspace/MATLAB_workspace/S32K344_LED/S32K344_LED_Config/RTD/src/Flexio_Lin_Ip.c:2104:26:Flexio_Lin_Ip_Deinit	32	static
E:/Workspace/MATLAB_workspace/S32K344_LED/S32K344_LED_Config/RTD/src/Flexio_Lin_Ip.c:2158:34:Flexio_Lin_Ip_GetStatus	4	static
E:/Workspace/MATLAB_workspace/S32K344_LED/S32K344_LED_Config/RTD/src/Flexio_Lin_Ip.c:1663:26:Flexio_Lin_Ip_AbortTransferData	40	static
