E:/Workspace/MATLAB_workspace/S32K344_LED/S32K344_LED_Config/RTD/src/Gpt.c:1252:6:Gpt_GetVersionInfo	0	static
E:/Workspace/MATLAB_workspace/S32K344_LED/S32K344_LED_Config/RTD/src/Gpt.c:1309:6:Gpt_Init	24	static
E:/Workspace/MATLAB_workspace/S32K344_LED/S32K344_LED_Config/RTD/src/Gpt.c:1403:6:Gpt_DeInit	24	static
E:/Workspace/MATLAB_workspace/S32K344_LED/S32K344_LED_Config/RTD/src/Gpt.c:1505:15:Gpt_GetTimeElapsed	32	static
E:/Workspace/MATLAB_workspace/S32K344_LED/S32K344_LED_Config/RTD/src/Gpt.c:1596:15:Gpt_GetTimeRemaining	32	static
E:/Workspace/MATLAB_workspace/S32K344_LED/S32K344_LED_Config/RTD/src/Gpt.c:1695:6:Gpt_StartTimer	32	static
E:/Workspace/MATLAB_workspace/S32K344_LED/S32K344_LED_Config/RTD/src/Gpt.c:1764:6:Gpt_StopTimer	32	static
E:/Workspace/MATLAB_workspace/S32K344_LED/S32K344_LED_Config/RTD/src/Gpt.c:1838:6:Gpt_EnableNotification	4	static
E:/Workspace/MATLAB_workspace/S32K344_LED/S32K344_LED_Config/RTD/src/Gpt.c:1893:6:Gpt_DisableNotification	16	static
E:/Workspace/MATLAB_workspace/S32K344_LED/S32K344_LED_Config/RTD/src/Gpt.c:1955:6:Gpt_SetMode	48	static
E:/Workspace/MATLAB_workspace/S32K344_LED/S32K344_LED_Config/RTD/src/Gpt.c:2046:6:Gpt_DisableWakeup	16	static
E:/Workspace/MATLAB_workspace/S32K344_LED/S32K344_LED_Config/RTD/src/Gpt.c:2114:6:Gpt_EnableWakeup	4	static
E:/Workspace/MATLAB_workspace/S32K344_LED/S32K344_LED_Config/RTD/src/Gpt.c:2176:6:Gpt_CheckWakeup	20	static
E:/Workspace/MATLAB_workspace/S32K344_LED/S32K344_LED_Config/RTD/src/Gpt.c:2234:6:Gpt_ProcessCommonInterrupt	24	static
