E:/Workspace/MATLAB_workspace/S32K344_LED/S32K344_LED_Config/RTD/src/I2c_Ipw.c:130:13:I2c_Ipw_SlaveCallback	0	static
E:/Workspace/MATLAB_workspace/S32K344_LED/S32K344_LED_Config/RTD/src/I2c_Ipw.c:187:13:I2c_Ipw_MasterCallback	0	static
E:/Workspace/MATLAB_workspace/S32K344_LED/S32K344_LED_Config/RTD/src/I2c_Ipw.c:224:13:I2c_Ipw_FlexioI2cMasterCallback	0	static
E:/Workspace/MATLAB_workspace/S32K344_LED/S32K344_LED_Config/RTD/src/I2c_Ipw.c:262:6:I2c_Ipw_InitChannel	24	static
E:/Workspace/MATLAB_workspace/S32K344_LED/S32K344_LED_Config/RTD/src/I2c_Ipw.c:294:6:I2c_Ipw_StartListening	0	static
E:/Workspace/MATLAB_workspace/S32K344_LED/S32K344_LED_Config/RTD/src/I2c_Ipw.c:331:6:I2c_Ipw_DeInitChannel	0	static
E:/Workspace/MATLAB_workspace/S32K344_LED/S32K344_LED_Config/RTD/src/I2c_Ipw.c:360:16:I2c_Ipw_SyncTransmit	32	static
E:/Workspace/MATLAB_workspace/S32K344_LED/S32K344_LED_Config/RTD/src/I2c_Ipw.c:427:16:I2c_Ipw_AsyncTransmit	32	static
E:/Workspace/MATLAB_workspace/S32K344_LED/S32K344_LED_Config/RTD/src/I2c_Ipw.c:481:6:I2c_Ipw_PrepareSlaveBuffer	0	static
E:/Workspace/MATLAB_workspace/S32K344_LED/S32K344_LED_Config/RTD/src/I2c_Ipw.c:540:16:I2c_Ipw_GetStatus	8	static
