E:/Workspace/MATLAB_workspace/S32K344_LED/S32K344_LED_Config/RTD/src/Icu.c:1297:6:Icu_Init	24	static
E:/Workspace/MATLAB_workspace/S32K344_LED/S32K344_LED_Config/RTD/src/Icu.c:1380:6:Icu_DeInit	32	static
E:/Workspace/MATLAB_workspace/S32K344_LED/S32K344_LED_Config/RTD/src/Icu.c:1429:6:Icu_SetMode	40	static
E:/Workspace/MATLAB_workspace/S32K344_LED/S32K344_LED_Config/RTD/src/Icu.c:1507:6:Icu_DisableWakeup	8	static
E:/Workspace/MATLAB_workspace/S32K344_LED/S32K344_LED_Config/RTD/src/Icu.c:1549:6:Icu_EnableWakeup	8	static
E:/Workspace/MATLAB_workspace/S32K344_LED/S32K344_LED_Config/RTD/src/Icu.c:1604:6:Icu_CheckWakeup	32	static
E:/Workspace/MATLAB_workspace/S32K344_LED/S32K344_LED_Config/RTD/src/Icu.c:1663:6:Icu_SetActivationCondition	16	static
E:/Workspace/MATLAB_workspace/S32K344_LED/S32K344_LED_Config/RTD/src/Icu.c:1708:6:Icu_DisableNotification	24	static
E:/Workspace/MATLAB_workspace/S32K344_LED/S32K344_LED_Config/RTD/src/Icu.c:1750:6:Icu_EnableNotification	24	static
E:/Workspace/MATLAB_workspace/S32K344_LED/S32K344_LED_Config/RTD/src/Icu.c:1798:20:Icu_GetInputState	24	static
E:/Workspace/MATLAB_workspace/S32K344_LED/S32K344_LED_Config/RTD/src/Icu.c:1852:6:Icu_StartTimestamp	40	static
E:/Workspace/MATLAB_workspace/S32K344_LED/S32K344_LED_Config/RTD/src/Icu.c:1923:6:Icu_StopTimestamp	16	static
E:/Workspace/MATLAB_workspace/S32K344_LED/S32K344_LED_Config/RTD/src/Icu.c:1957:15:Icu_GetTimestampIndex	8	static
E:/Workspace/MATLAB_workspace/S32K344_LED/S32K344_LED_Config/RTD/src/Icu.c:2037:6:Icu_ResetEdgeCount	16	static
E:/Workspace/MATLAB_workspace/S32K344_LED/S32K344_LED_Config/RTD/src/Icu.c:2087:6:Icu_EnableEdgeCount	16	static
E:/Workspace/MATLAB_workspace/S32K344_LED/S32K344_LED_Config/RTD/src/Icu.c:2137:6:Icu_DisableEdgeCount	8	static
E:/Workspace/MATLAB_workspace/S32K344_LED/S32K344_LED_Config/RTD/src/Icu.c:2179:20:Icu_GetEdgeNumbers	8	static
E:/Workspace/MATLAB_workspace/S32K344_LED/S32K344_LED_Config/RTD/src/Icu.c:2325:6:Icu_EnableEdgeDetection	16	static
E:/Workspace/MATLAB_workspace/S32K344_LED/S32K344_LED_Config/RTD/src/Icu.c:2374:6:Icu_DisableEdgeDetection	8	static
E:/Workspace/MATLAB_workspace/S32K344_LED/S32K344_LED_Config/RTD/src/Icu.c:2418:6:Icu_StartSignalMeasurement	24	static
E:/Workspace/MATLAB_workspace/S32K344_LED/S32K344_LED_Config/RTD/src/Icu.c:2502:6:Icu_StopSignalMeasurement	8	static
E:/Workspace/MATLAB_workspace/S32K344_LED/S32K344_LED_Config/RTD/src/Icu.c:2530:15:Icu_GetTimeElapsed	16	static
E:/Workspace/MATLAB_workspace/S32K344_LED/S32K344_LED_Config/RTD/src/Icu.c:2575:6:Icu_GetDutyCycleValues	12	static
E:/Workspace/MATLAB_workspace/S32K344_LED/S32K344_LED_Config/RTD/src/Icu.c:2634:6:Icu_GetVersionInfo	0	static
E:/Workspace/MATLAB_workspace/S32K344_LED/S32K344_LED_Config/RTD/src/Icu.c:2752:6:Icu_ReportWakeupAndOverflow	32	static
E:/Workspace/MATLAB_workspace/S32K344_LED/S32K344_LED_Config/RTD/src/Icu.c:2791:6:Icu_ReportEvents	24	static
E:/Workspace/MATLAB_workspace/S32K344_LED/S32K344_LED_Config/RTD/src/Icu.c:3022:6:Icu_GetPulseWidth	16	static
E:/Workspace/MATLAB_workspace/S32K344_LED/S32K344_LED_Config/RTD/src/Icu.c:3047:6:Icu_LogicChStateCallback	16	static
