E:/Workspace/MATLAB_workspace/S32K344_LED/S32K344_LED_Config/RTD/src/IntCtrl_Ip.c:173:6:IntCtrl_Ip_InstallHandlerPrivileged	4	static
E:/Workspace/MATLAB_workspace/S32K344_LED/S32K344_LED_Config/RTD/src/IntCtrl_Ip.c:232:6:IntCtrl_Ip_EnableIrqPrivileged	0	static
E:/Workspace/MATLAB_workspace/S32K344_LED/S32K344_LED_Config/RTD/src/IntCtrl_Ip.c:264:6:IntCtrl_Ip_DisableIrqPrivileged	0	static
E:/Workspace/MATLAB_workspace/S32K344_LED/S32K344_LED_Config/RTD/src/IntCtrl_Ip.c:297:6:IntCtrl_Ip_SetPriorityPrivileged	0	static
E:/Workspace/MATLAB_workspace/S32K344_LED/S32K344_LED_Config/RTD/src/IntCtrl_Ip.c:360:7:IntCtrl_Ip_GetPriorityPrivileged	0	static
E:/Workspace/MATLAB_workspace/S32K344_LED/S32K344_LED_Config/RTD/src/IntCtrl_Ip.c:412:6:IntCtrl_Ip_ClearPendingPrivileged	0	static
E:/Workspace/MATLAB_workspace/S32K344_LED/S32K344_LED_Config/RTD/src/IntCtrl_Ip.c:542:6:IntCtrl_Ip_ClearDirectedCpuInterruptPrivileged	0	static
E:/Workspace/MATLAB_workspace/S32K344_LED/S32K344_LED_Config/RTD/src/IntCtrl_Ip.c:560:8:IntCtrl_Ip_GetDirectedCpuInterruptPrivileged	0	static
E:/Workspace/MATLAB_workspace/S32K344_LED/S32K344_LED_Config/RTD/src/IntCtrl_Ip.c:579:6:IntCtrl_Ip_GenerateDirectedCpuInterruptPrivileged	0	static
E:/Workspace/MATLAB_workspace/S32K344_LED/S32K344_LED_Config/RTD/src/IntCtrl_Ip.c:633:23:IntCtrl_Ip_Init	20	static
E:/Workspace/MATLAB_workspace/S32K344_LED/S32K344_LED_Config/RTD/src/IntCtrl_Ip.c:674:6:IntCtrl_Ip_InstallHandler	0	static
E:/Workspace/MATLAB_workspace/S32K344_LED/S32K344_LED_Config/RTD/src/IntCtrl_Ip.c:686:6:IntCtrl_Ip_EnableIrq	0	static
E:/Workspace/MATLAB_workspace/S32K344_LED/S32K344_LED_Config/RTD/src/IntCtrl_Ip.c:696:6:IntCtrl_Ip_DisableIrq	0	static
E:/Workspace/MATLAB_workspace/S32K344_LED/S32K344_LED_Config/RTD/src/IntCtrl_Ip.c:706:6:IntCtrl_Ip_SetPriority	0	static
E:/Workspace/MATLAB_workspace/S32K344_LED/S32K344_LED_Config/RTD/src/IntCtrl_Ip.c:716:7:IntCtrl_Ip_GetPriority	0	static
E:/Workspace/MATLAB_workspace/S32K344_LED/S32K344_LED_Config/RTD/src/IntCtrl_Ip.c:726:6:IntCtrl_Ip_ClearPending	0	static
E:/Workspace/MATLAB_workspace/S32K344_LED/S32K344_LED_Config/RTD/src/IntCtrl_Ip.c:777:6:IntCtrl_Ip_ClearDirectedCpuInterrupt	0	static
E:/Workspace/MATLAB_workspace/S32K344_LED/S32K344_LED_Config/RTD/src/IntCtrl_Ip.c:786:9:IntCtrl_Ip_GetDirectedCpuInterrupt	0	static
E:/Workspace/MATLAB_workspace/S32K344_LED/S32K344_LED_Config/RTD/src/IntCtrl_Ip.c:795:6:IntCtrl_Ip_GenerateDirectedCpuInterrupt	0	static
