E:/Workspace/MATLAB_workspace/S32K344_LED/S32K344_LED_Config/RTD/src/Lcu_Ip_Hw_Access.c:580:13:HwAcc_Lcu_AsyncGetLogicInput	0	static
E:/Workspace/MATLAB_workspace/S32K344_LED/S32K344_LED_Config/RTD/src/Lcu_Ip_Hw_Access.c:586:13:HwAcc_Lcu_AsyncGetSwOverrideInput	0	static
E:/Workspace/MATLAB_workspace/S32K344_LED/S32K344_LED_Config/RTD/src/Lcu_Ip_Hw_Access.c:592:13:HwAcc_Lcu_AsyncGetLogicOutput	0	static
E:/Workspace/MATLAB_workspace/S32K344_LED/S32K344_LED_Config/RTD/src/Lcu_Ip_Hw_Access.c:598:13:HwAcc_Lcu_AsyncGetForceOutput	0	static
E:/Workspace/MATLAB_workspace/S32K344_LED/S32K344_LED_Config/RTD/src/Lcu_Ip_Hw_Access.c:603:13:HwAcc_Lcu_AsyncGetForceStatus	0	static
E:/Workspace/MATLAB_workspace/S32K344_LED/S32K344_LED_Config/RTD/src/Lcu_Ip_Hw_Access.c:609:13:HwAcc_Lcu_AsyncGetCombineForce	4	static
E:/Workspace/MATLAB_workspace/S32K344_LED/S32K344_LED_Config/RTD/src/Lcu_Ip_Hw_Access.c:623:13:HwAcc_Lcu_AsyncGetLutStatus	0	static
E:/Workspace/MATLAB_workspace/S32K344_LED/S32K344_LED_Config/RTD/src/Lcu_Ip_Hw_Access.c:158:6:HwAcc_Lcu_AsyncSetInputMuxSelect	0	static
E:/Workspace/MATLAB_workspace/S32K344_LED/S32K344_LED_Config/RTD/src/Lcu_Ip_Hw_Access.c:164:6:HwAcc_Lcu_AsyncSetInputSwOverrideValue	4	static
E:/Workspace/MATLAB_workspace/S32K344_LED/S32K344_LED_Config/RTD/src/Lcu_Ip_Hw_Access.c:175:6:HwAcc_Lcu_AsyncSetInputSwSyncMode	0	static
E:/Workspace/MATLAB_workspace/S32K344_LED/S32K344_LED_Config/RTD/src/Lcu_Ip_Hw_Access.c:189:6:HwAcc_Lcu_AsyncSetInputSwOverrideEnable	4	static
E:/Workspace/MATLAB_workspace/S32K344_LED/S32K344_LED_Config/RTD/src/Lcu_Ip_Hw_Access.c:202:9:HwAcc_Lcu_AsyncSetOutputEnable	8	static
E:/Workspace/MATLAB_workspace/S32K344_LED/S32K344_LED_Config/RTD/src/Lcu_Ip_Hw_Access.c:216:9:HwAcc_Lcu_AsyncSetOutputDebugMode	4	static
E:/Workspace/MATLAB_workspace/S32K344_LED/S32K344_LED_Config/RTD/src/Lcu_Ip_Hw_Access.c:229:9:HwAcc_Lcu_AsyncSetOutputForceInputSensitivity	4	static
E:/Workspace/MATLAB_workspace/S32K344_LED/S32K344_LED_Config/RTD/src/Lcu_Ip_Hw_Access.c:244:9:HwAcc_Lcu_AsyncSetOutputForceClearingMode	4	static
E:/Workspace/MATLAB_workspace/S32K344_LED/S32K344_LED_Config/RTD/src/Lcu_Ip_Hw_Access.c:259:9:HwAcc_Lcu_AsyncSetOutputForceSyncSelect	4	static
E:/Workspace/MATLAB_workspace/S32K344_LED/S32K344_LED_Config/RTD/src/Lcu_Ip_Hw_Access.c:274:9:HwAcc_Lcu_AsyncSetOutputPolarity	4	static
E:/Workspace/MATLAB_workspace/S32K344_LED/S32K344_LED_Config/RTD/src/Lcu_Ip_Hw_Access.c:289:9:HwAcc_Lcu_AsyncClearOutputForceEvent	0	static
E:/Workspace/MATLAB_workspace/S32K344_LED/S32K344_LED_Config/RTD/src/Lcu_Ip_Hw_Access.c:301:9:HwAcc_Lcu_AsyncSetOutputForceDma	0	static
E:/Workspace/MATLAB_workspace/S32K344_LED/S32K344_LED_Config/RTD/src/Lcu_Ip_Hw_Access.c:316:9:HwAcc_Lcu_AsyncSetOutputForceInt	8	static
E:/Workspace/MATLAB_workspace/S32K344_LED/S32K344_LED_Config/RTD/src/Lcu_Ip_Hw_Access.c:338:9:HwAcc_Lcu_AsyncSetOutputLutDma	0	static
E:/Workspace/MATLAB_workspace/S32K344_LED/S32K344_LED_Config/RTD/src/Lcu_Ip_Hw_Access.c:353:9:HwAcc_Lcu_AsyncSetOutputLutInt	8	static
E:/Workspace/MATLAB_workspace/S32K344_LED/S32K344_LED_Config/RTD/src/Lcu_Ip_Hw_Access.c:375:9:HwAcc_Lcu_AsyncSetOutputFallFilter	4	static
E:/Workspace/MATLAB_workspace/S32K344_LED/S32K344_LED_Config/RTD/src/Lcu_Ip_Hw_Access.c:390:9:HwAcc_Lcu_AsyncSetOutputRiseFilter	4	static
E:/Workspace/MATLAB_workspace/S32K344_LED/S32K344_LED_Config/RTD/src/Lcu_Ip_Hw_Access.c:405:9:HwAcc_Lcu_AsyncSetOutputLutControl	0	static
E:/Workspace/MATLAB_workspace/S32K344_LED/S32K344_LED_Config/RTD/src/Lcu_Ip_Hw_Access.c:417:7:HwAcc_Lcu_AsyncGetCombineForceInput	0	static
E:/Workspace/MATLAB_workspace/S32K344_LED/S32K344_LED_Config/RTD/src/Lcu_Ip_Hw_Access.c:431:6:HwAcc_Lcu_SetForceFilter	0	static
E:/Workspace/MATLAB_workspace/S32K344_LED/S32K344_LED_Config/RTD/src/Lcu_Ip_Hw_Access.c:442:6:HwAcc_Lcu_SetForcePolarity	0	static
E:/Workspace/MATLAB_workspace/S32K344_LED/S32K344_LED_Config/RTD/src/Lcu_Ip_Hw_Access.c:453:6:HwAcc_Lcu_SetCombineEnable	0	static
E:/Workspace/MATLAB_workspace/S32K344_LED/S32K344_LED_Config/RTD/src/Lcu_Ip_Hw_Access.c:464:6:HwAcc_Lcu_SetSwSyncSelect	0	static
E:/Workspace/MATLAB_workspace/S32K344_LED/S32K344_LED_Config/RTD/src/Lcu_Ip_Hw_Access.c:475:6:HwAcc_Lcu_SetWriteProtect	0	static
E:/Workspace/MATLAB_workspace/S32K344_LED/S32K344_LED_Config/RTD/src/Lcu_Ip_Hw_Access.c:483:19:HwAcc_Lcu_GetWriteProtect	0	static
E:/Workspace/MATLAB_workspace/S32K344_LED/S32K344_LED_Config/RTD/src/Lcu_Ip_Hw_Access.c:536:6:HwAcc_Lcu_SetHwOutputSetState	4	static
E:/Workspace/MATLAB_workspace/S32K344_LED/S32K344_LED_Config/RTD/src/Lcu_Ip_Hw_Access.c:544:6:HwAcc_Lcu_SetHwOutputCallbackState	4	static
E:/Workspace/MATLAB_workspace/S32K344_LED/S32K344_LED_Config/RTD/src/Lcu_Ip_Hw_Access.c:553:28:HwAcc_Lcu_GetHwOutputStatePointer	0	static
E:/Workspace/MATLAB_workspace/S32K344_LED/S32K344_LED_Config/RTD/src/Lcu_Ip_Hw_Access.c:560:6:HwAcc_Lcu_AsyncClearAllForceEvent	0	static
E:/Workspace/MATLAB_workspace/S32K344_LED/S32K344_LED_Config/RTD/src/Lcu_Ip_Hw_Access.c:570:6:HwAcc_Lcu_AsyncClearAllLutEvent	0	static
E:/Workspace/MATLAB_workspace/S32K344_LED/S32K344_LED_Config/RTD/src/Lcu_Ip_Hw_Access.c:632:6:HwAcc_Lcu_AsynGetInputInfo	4	static
E:/Workspace/MATLAB_workspace/S32K344_LED/S32K344_LED_Config/RTD/src/Lcu_Ip_Hw_Access.c:643:6:HwAcc_Lcu_AsynGetOutputInfo	4	static
E:/Workspace/MATLAB_workspace/S32K344_LED/S32K344_LED_Config/RTD/src/Lcu_Ip_Hw_Access.c:657:6:HwAcc_Lcu_SetInstanceOperationMode	0	static
E:/Workspace/MATLAB_workspace/S32K344_LED/S32K344_LED_Config/RTD/src/Lcu_Ip_Hw_Access.c:666:6:HwAcc_Lcu_SetLcForceControl	8	static
