E:/Workspace/MATLAB_workspace/S32K344_LED/S32K344_LED_Config/RTD/src/Lin_43_LPUART_FLEXIO_Ipw.c:643:16:Lin_43_LPUART_FLEXIO_Ipw_CheckWakeup	0	static
E:/Workspace/MATLAB_workspace/S32K344_LED/S32K344_LED_Config/RTD/src/Lin_43_LPUART_FLEXIO_Ipw.c:668:6:Lin_43_LPUART_FLEXIO_Ipw_InitChannel	16	static
E:/Workspace/MATLAB_workspace/S32K344_LED/S32K344_LED_Config/RTD/src/Lin_43_LPUART_FLEXIO_Ipw.c:730:16:Lin_43_LPUART_FLEXIO_Ipw_SendFrame	24	static
E:/Workspace/MATLAB_workspace/S32K344_LED/S32K344_LED_Config/RTD/src/Lin_43_LPUART_FLEXIO_Ipw.c:836:16:Lin_43_LPUART_FLEXIO_Ipw_GoToSleep	32	static
E:/Workspace/MATLAB_workspace/S32K344_LED/S32K344_LED_Config/RTD/src/Lin_43_LPUART_FLEXIO_Ipw.c:911:16:Lin_43_LPUART_FLEXIO_Ipw_GoToSleepInternal	16	static
E:/Workspace/MATLAB_workspace/S32K344_LED/S32K344_LED_Config/RTD/src/Lin_43_LPUART_FLEXIO_Ipw.c:985:16:Lin_43_LPUART_FLEXIO_Ipw_HardwareGetStatus	8	static
E:/Workspace/MATLAB_workspace/S32K344_LED/S32K344_LED_Config/RTD/src/Lin_43_LPUART_FLEXIO_Ipw.c:1023:6:Lin_43_LPUART_FLEXIO_Ipw_WakeUp	0	static
E:/Workspace/MATLAB_workspace/S32K344_LED/S32K344_LED_Config/RTD/src/Lin_43_LPUART_FLEXIO_Ipw.c:1057:6:Lin_43_LPUART_FLEXIO_Ipw_WakeUpInternal	0	static
E:/Workspace/MATLAB_workspace/S32K344_LED/S32K344_LED_Config/RTD/src/Lin_43_LPUART_FLEXIO_Ipw.c:1089:6:Lin_43_LPUART_FLEXIO_Ipw_Callback	32	static
E:/Workspace/MATLAB_workspace/S32K344_LED/S32K344_LED_Config/RTD/src/Lin_43_LPUART_FLEXIO_Ipw.c:1215:6:Flexio_Lin_Ipw_Callback	32	static
