E:/Workspace/MATLAB_workspace/S32K344_LED/S32K344_LED_Config/RTD/src/Lpi2c_Ip.c:1645:13:Lpi2c_Ip_BaudRateConfig	4	static
E:/Workspace/MATLAB_workspace/S32K344_LED/S32K344_LED_Config/RTD/src/Lpi2c_Ip.c:2530:13:Lpi2c_Ip_SlaveActivateEvents	0	static
E:/Workspace/MATLAB_workspace/S32K344_LED/S32K344_LED_Config/RTD/src/Lpi2c_Ip.c:787:13:Lpi2c_Ip_MasterEndTransfer	8	static
E:/Workspace/MATLAB_workspace/S32K344_LED/S32K344_LED_Config/RTD/src/Lpi2c_Ip.c:1462:13:Lpi2c_Ip_MasterCheckErrorEvents	16	static
E:/Workspace/MATLAB_workspace/S32K344_LED/S32K344_LED_Config/RTD/src/Lpi2c_Ip.c:3058:13:Lpi2c_Ip_SlaveIRQHandlerInternal	24	static
E:/Workspace/MATLAB_workspace/S32K344_LED/S32K344_LED_Config/RTD/src/Lpi2c_Ip.c:754:13:Lpi2c_Ip_MasterQueueData	8	static
E:/Workspace/MATLAB_workspace/S32K344_LED/S32K344_LED_Config/RTD/src/Lpi2c_Ip.c:350:13:Lpi2c_Ip_MasterSendAddress	24	static
E:/Workspace/MATLAB_workspace/S32K344_LED/S32K344_LED_Config/RTD/src/Lpi2c_Ip.c:2245:13:Lpi2c_Ip_MasterInterruptReceiveInit	16	static
E:/Workspace/MATLAB_workspace/S32K344_LED/S32K344_LED_Config/RTD/src/Lpi2c_Ip.c:1687:22:Lpi2c_Ip_MasterSetBaudRate	72	static
E:/Workspace/MATLAB_workspace/S32K344_LED/S32K344_LED_Config/RTD/src/Lpi2c_Ip.c:1908:21:Lpi2c_Ip_MasterInit	32	static
E:/Workspace/MATLAB_workspace/S32K344_LED/S32K344_LED_Config/RTD/src/Lpi2c_Ip.c:1972:21:Lpi2c_Ip_MasterDeinit	4	static
E:/Workspace/MATLAB_workspace/S32K344_LED/S32K344_LED_Config/RTD/src/Lpi2c_Ip.c:2006:6:Lpi2c_Ip_MasterGetBaudRate	12	static
E:/Workspace/MATLAB_workspace/S32K344_LED/S32K344_LED_Config/RTD/src/Lpi2c_Ip.c:2048:6:Lpi2c_Ip_MasterSetSlaveAddr	0	static
E:/Workspace/MATLAB_workspace/S32K344_LED/S32K344_LED_Config/RTD/src/Lpi2c_Ip.c:2074:21:Lpi2c_Ip_MasterSendData	16	static
E:/Workspace/MATLAB_workspace/S32K344_LED/S32K344_LED_Config/RTD/src/Lpi2c_Ip.c:2182:21:Lpi2c_Ip_MasterSendDataBlocking	56	static
E:/Workspace/MATLAB_workspace/S32K344_LED/S32K344_LED_Config/RTD/src/Lpi2c_Ip.c:2287:21:Lpi2c_Ip_MasterReceiveData	16	static
E:/Workspace/MATLAB_workspace/S32K344_LED/S32K344_LED_Config/RTD/src/Lpi2c_Ip.c:2387:21:Lpi2c_Ip_MasterReceiveDataBlocking	56	static
E:/Workspace/MATLAB_workspace/S32K344_LED/S32K344_LED_Config/RTD/src/Lpi2c_Ip.c:2455:21:Lpi2c_Ip_MasterGetTransferStatus	0	static
E:/Workspace/MATLAB_workspace/S32K344_LED/S32K344_LED_Config/RTD/src/Lpi2c_Ip.c:2622:21:Lpi2c_Ip_SlaveInit	32	static
E:/Workspace/MATLAB_workspace/S32K344_LED/S32K344_LED_Config/RTD/src/Lpi2c_Ip.c:2683:6:Lpi2c_Ip_StartListening	0	static
E:/Workspace/MATLAB_workspace/S32K344_LED/S32K344_LED_Config/RTD/src/Lpi2c_Ip.c:2706:21:Lpi2c_Ip_SlaveDeinit	4	static
E:/Workspace/MATLAB_workspace/S32K344_LED/S32K344_LED_Config/RTD/src/Lpi2c_Ip.c:2741:21:Lpi2c_Ip_SlaveSetBuffer	0	static
E:/Workspace/MATLAB_workspace/S32K344_LED/S32K344_LED_Config/RTD/src/Lpi2c_Ip.c:2773:21:Lpi2c_Ip_SlaveGetTransferStatus	0	static
E:/Workspace/MATLAB_workspace/S32K344_LED/S32K344_LED_Config/RTD/src/Lpi2c_Ip.c:3108:6:Lpi2c_Ip_MasterIRQHandler	16	static
E:/Workspace/MATLAB_workspace/S32K344_LED/S32K344_LED_Config/RTD/src/Lpi2c_Ip.c:3159:6:Lpi2c_Ip_SlaveIRQHandler	0	static
E:/Workspace/MATLAB_workspace/S32K344_LED/S32K344_LED_Config/RTD/src/Lpi2c_Ip.c:3211:6:Lpi2c_Ip_ModuleIRQHandler	0	static
E:/Workspace/MATLAB_workspace/S32K344_LED/S32K344_LED_Config/RTD/src/Lpi2c_Ip.c:3337:6:Lpi2c_Ip_SetMasterCallback	0	static
E:/Workspace/MATLAB_workspace/S32K344_LED/S32K344_LED_Config/RTD/src/Lpi2c_Ip.c:3359:6:Lpi2c_Ip_SetSlaveCallback	0	static
E:/Workspace/MATLAB_workspace/S32K344_LED/S32K344_LED_Config/RTD/src/Lpi2c_Ip.c:3381:6:Lpi2c_Ip_SetMasterHighSpeedMode	0	static
