E:/Workspace/MATLAB_workspace/S32K344_LED/S32K344_LED_Config/RTD/src/Lpspi_Ip.c:2706:13:Lpspi_TransmitRxInit	0	static
E:/Workspace/MATLAB_workspace/S32K344_LED/S32K344_LED_Config/RTD/src/Lpspi_Ip.c:2434:13:Lpspi_TransmitTxInit	24	static
E:/Workspace/MATLAB_workspace/S32K344_LED/S32K344_LED_Config/RTD/src/Lpspi_Ip.c:693:13:Lpspi_Ip_TransferProcess	56	static
E:/Workspace/MATLAB_workspace/S32K344_LED/S32K344_LED_Config/RTD/src/Lpspi_Ip.c:1993:21:Lpspi_Ip_Init	12	static
E:/Workspace/MATLAB_workspace/S32K344_LED/S32K344_LED_Config/RTD/src/Lpspi_Ip.c:2045:21:Lpspi_Ip_DeInit	8	static
E:/Workspace/MATLAB_workspace/S32K344_LED/S32K344_LED_Config/RTD/src/Lpspi_Ip.c:2075:21:Lpspi_Ip_SyncTransmit	56	static
E:/Workspace/MATLAB_workspace/S32K344_LED/S32K344_LED_Config/RTD/src/Lpspi_Ip.c:2753:21:Lpspi_Ip_AsyncTransmit	32	static
E:/Workspace/MATLAB_workspace/S32K344_LED/S32K344_LED_Config/RTD/src/Lpspi_Ip.c:3376:6:Lpspi_Ip_ManageBuffers	0	static
E:/Workspace/MATLAB_workspace/S32K344_LED/S32K344_LED_Config/RTD/src/Lpspi_Ip.c:3446:21:Lpspi_Ip_UpdateFrameSize	0	static
E:/Workspace/MATLAB_workspace/S32K344_LED/S32K344_LED_Config/RTD/src/Lpspi_Ip.c:3472:21:Lpspi_Ip_UpdateLsb	0	static
E:/Workspace/MATLAB_workspace/S32K344_LED/S32K344_LED_Config/RTD/src/Lpspi_Ip.c:3496:21:Lpspi_Ip_UpdateByteSwap	0	static
E:/Workspace/MATLAB_workspace/S32K344_LED/S32K344_LED_Config/RTD/src/Lpspi_Ip.c:3520:21:Lpspi_Ip_UpdateDefaultTransmitData	0	static
E:/Workspace/MATLAB_workspace/S32K344_LED/S32K344_LED_Config/RTD/src/Lpspi_Ip.c:3544:21:Lpspi_Ip_UpdateTransferMode	0	static
E:/Workspace/MATLAB_workspace/S32K344_LED/S32K344_LED_Config/RTD/src/Lpspi_Ip.c:3594:6:Lpspi_Ip_Cancel	16	static
E:/Workspace/MATLAB_workspace/S32K344_LED/S32K344_LED_Config/RTD/src/Lpspi_Ip.c:3657:6:Lpspi_Ip_IrqHandler	0	static
E:/Workspace/MATLAB_workspace/S32K344_LED/S32K344_LED_Config/RTD/src/Lpspi_Ip.c:3705:23:Lpspi_Ip_GetStatus	0	static
