E:/Workspace/MATLAB_workspace/S32K344_LED/S32K344_LED_Config/RTD/src/Lpuart_Uart_Ip.c:2172:13:Lpuart_Uart_Ip_PutData	12	static
E:/Workspace/MATLAB_workspace/S32K344_LED/S32K344_LED_Config/RTD/src/Lpuart_Uart_Ip.c:2231:13:Lpuart_Uart_Ip_GetData	4	static
E:/Workspace/MATLAB_workspace/S32K344_LED/S32K344_LED_Config/RTD/src/Lpuart_Uart_Ip.c:1655:13:Lpuart_Uart_Ip_CompleteSendDataUsingInt	32	static
E:/Workspace/MATLAB_workspace/S32K344_LED/S32K344_LED_Config/RTD/src/Lpuart_Uart_Ip.c:1949:13:Lpuart_Uart_Ip_CompleteReceiveDataUsingInt	32	static
E:/Workspace/MATLAB_workspace/S32K344_LED/S32K344_LED_Config/RTD/src/Lpuart_Uart_Ip.c:255:6:Lpuart_Uart_Ip_Init	16	static
E:/Workspace/MATLAB_workspace/S32K344_LED/S32K344_LED_Config/RTD/src/Lpuart_Uart_Ip.c:354:27:Lpuart_Uart_Ip_Deinit	40	static
E:/Workspace/MATLAB_workspace/S32K344_LED/S32K344_LED_Config/RTD/src/Lpuart_Uart_Ip.c:413:27:Lpuart_Uart_Ip_SyncSend	48	static
E:/Workspace/MATLAB_workspace/S32K344_LED/S32K344_LED_Config/RTD/src/Lpuart_Uart_Ip.c:495:27:Lpuart_Uart_Ip_AsyncSend	32	static
E:/Workspace/MATLAB_workspace/S32K344_LED/S32K344_LED_Config/RTD/src/Lpuart_Uart_Ip.c:558:27:Lpuart_Uart_Ip_GetTransmitStatus	24	static
E:/Workspace/MATLAB_workspace/S32K344_LED/S32K344_LED_Config/RTD/src/Lpuart_Uart_Ip.c:632:27:Lpuart_Uart_Ip_AbortSendingData	16	static
E:/Workspace/MATLAB_workspace/S32K344_LED/S32K344_LED_Config/RTD/src/Lpuart_Uart_Ip.c:692:27:Lpuart_Uart_Ip_SyncReceive	80	static
E:/Workspace/MATLAB_workspace/S32K344_LED/S32K344_LED_Config/RTD/src/Lpuart_Uart_Ip.c:841:27:Lpuart_Uart_Ip_AsyncReceive	32	static
E:/Workspace/MATLAB_workspace/S32K344_LED/S32K344_LED_Config/RTD/src/Lpuart_Uart_Ip.c:901:27:Lpuart_Uart_Ip_GetReceiveStatus	24	static
E:/Workspace/MATLAB_workspace/S32K344_LED/S32K344_LED_Config/RTD/src/Lpuart_Uart_Ip.c:992:27:Lpuart_Uart_Ip_AbortReceivingData	16	static
E:/Workspace/MATLAB_workspace/S32K344_LED/S32K344_LED_Config/RTD/src/Lpuart_Uart_Ip.c:1056:27:Lpuart_Uart_Ip_SetBaudRate	32	static
E:/Workspace/MATLAB_workspace/S32K344_LED/S32K344_LED_Config/RTD/src/Lpuart_Uart_Ip.c:1166:6:Lpuart_Uart_Ip_GetBaudRate	0	static
E:/Workspace/MATLAB_workspace/S32K344_LED/S32K344_LED_Config/RTD/src/Lpuart_Uart_Ip.c:1186:6:Lpuart_Uart_Ip_SetTxBuffer	0	static
E:/Workspace/MATLAB_workspace/S32K344_LED/S32K344_LED_Config/RTD/src/Lpuart_Uart_Ip.c:1209:6:Lpuart_Uart_Ip_SetRxBuffer	0	static
E:/Workspace/MATLAB_workspace/S32K344_LED/S32K344_LED_Config/RTD/src/Lpuart_Uart_Ip.c:1232:6:Lpuart_Uart_Ip_IrqHandler	24	static
