E:/Workspace/MATLAB_workspace/S32K344_LED/S32K344_LED_Config/RTD/src/Lpuart_Lin_Ip_Hw_Access.c:121:6:Lpuart_Lin_Ip_HwInit	0	static
E:/Workspace/MATLAB_workspace/S32K344_LED/S32K344_LED_Config/RTD/src/Lpuart_Lin_Ip_Hw_Access.c:148:6:Lpuart_Lin_Ip_HwSetBreakCharDetectLength	16	static
E:/Workspace/MATLAB_workspace/S32K344_LED/S32K344_LED_Config/RTD/src/Lpuart_Lin_Ip_Hw_Access.c:171:6:Lpuart_Lin_Ip_HwSetRxDataPolarity	16	static
E:/Workspace/MATLAB_workspace/S32K344_LED/S32K344_LED_Config/RTD/src/Lpuart_Lin_Ip_Hw_Access.c:194:6:Lpuart_Lin_Ip_HwSetBaudRateDivisor	16	static
E:/Workspace/MATLAB_workspace/S32K344_LED/S32K344_LED_Config/RTD/src/Lpuart_Lin_Ip_Hw_Access.c:225:6:Lpuart_Lin_Ip_HwSetStopBitCount	16	static
E:/Workspace/MATLAB_workspace/S32K344_LED/S32K344_LED_Config/RTD/src/Lpuart_Lin_Ip_Hw_Access.c:248:9:Lpuart_Lin_Ip_HwSetTransmitterCmd	40	static
E:/Workspace/MATLAB_workspace/S32K344_LED/S32K344_LED_Config/RTD/src/Lpuart_Lin_Ip_Hw_Access.c:293:9:Lpuart_Lin_Ip_HwSetReceiverCmd	40	static
E:/Workspace/MATLAB_workspace/S32K344_LED/S32K344_LED_Config/RTD/src/Lpuart_Lin_Ip_Hw_Access.c:327:6:Lpuart_Lin_Ip_HwSetBitCountPerChar	16	static
E:/Workspace/MATLAB_workspace/S32K344_LED/S32K344_LED_Config/RTD/src/Lpuart_Lin_Ip_Hw_Access.c:358:6:Lpuart_Lin_Ip_HwSetParityMode	16	static
E:/Workspace/MATLAB_workspace/S32K344_LED/S32K344_LED_Config/RTD/src/Lpuart_Lin_Ip_Hw_Access.c:372:6:Lpuart_Lin_Ip_HwSetIntMode	24	static
E:/Workspace/MATLAB_workspace/S32K344_LED/S32K344_LED_Config/RTD/src/Lpuart_Lin_Ip_Hw_Access.c:400:9:Lpuart_Lin_Ip_HwGetIntMode	0	static
E:/Workspace/MATLAB_workspace/S32K344_LED/S32K344_LED_Config/RTD/src/Lpuart_Lin_Ip_Hw_Access.c:426:9:Lpuart_Lin_Ip_HwGetStatusFlag	0	static
E:/Workspace/MATLAB_workspace/S32K344_LED/S32K344_LED_Config/RTD/src/Lpuart_Lin_Ip_Hw_Access.c:453:26:Lpuart_Lin_Ip_HwClearStatusFlag	16	static
E:/Workspace/MATLAB_workspace/S32K344_LED/S32K344_LED_Config/RTD/src/Lpuart_Lin_Ip_Hw_Access.c:520:6:Lpuart_Lin_Ip_StartTimeout	24	static
E:/Workspace/MATLAB_workspace/S32K344_LED/S32K344_LED_Config/RTD/src/Lpuart_Lin_Ip_Hw_Access.c:532:9:Lpuart_Lin_Ip_TimeoutExpired	16	static
