E:/Workspace/MATLAB_workspace/S32K344_LED/S32K344_LED_Config/RTD/src/Lpuart_Lin_Ip.c:1100:26:Lpuart_Lin_Ip_Init	32	static
E:/Workspace/MATLAB_workspace/S32K344_LED/S32K344_LED_Config/RTD/src/Lpuart_Lin_Ip.c:1233:26:Lpuart_Lin_Ip_Deinit	32	static
E:/Workspace/MATLAB_workspace/S32K344_LED/S32K344_LED_Config/RTD/src/Lpuart_Lin_Ip.c:1422:26:Lpuart_Lin_Ip_GoToSleepMode	16	static
E:/Workspace/MATLAB_workspace/S32K344_LED/S32K344_LED_Config/RTD/src/Lpuart_Lin_Ip.c:1503:26:Lpuart_Lin_Ip_SendWakeupSignal	0	static
E:/Workspace/MATLAB_workspace/S32K344_LED/S32K344_LED_Config/RTD/src/Lpuart_Lin_Ip.c:1689:6:Lpuart_Lin_Ip_GoToIdleState	16	static
E:/Workspace/MATLAB_workspace/S32K344_LED/S32K344_LED_Config/RTD/src/Lpuart_Lin_Ip.c:1630:26:Lpuart_Lin_Ip_SendFrame	32	static
E:/Workspace/MATLAB_workspace/S32K344_LED/S32K344_LED_Config/RTD/src/Lpuart_Lin_Ip.c:1759:34:Lpuart_Lin_Ip_GetStatus	4	static
E:/Workspace/MATLAB_workspace/S32K344_LED/S32K344_LED_Config/RTD/src/Lpuart_Lin_Ip.c:1303:26:Lpuart_Lin_Ip_AbortTransferData	48	static
E:/Workspace/MATLAB_workspace/S32K344_LED/S32K344_LED_Config/RTD/src/Lpuart_Lin_Ip.c:1873:6:Lpuart_Lin_Ip_IRQHandler	32	static
