E:/Workspace/MATLAB_workspace/S32K344_LED/S32K344_LED_Config/src/mbdt_board_init.c:20:0:Gpt_PitNotification	0	static
E:/Workspace/MATLAB_workspace/S32K344_LED/S32K344_LED_Config/src/mbdt_board_init.c:22:0:MBDT_Step_Handler	0	static
E:/Workspace/MATLAB_workspace/S32K344_LED/S32K344_LED_Config/src/mbdt_board_init.c:24:0:Adc_Adc0Group0Notification	0	static
E:/Workspace/MATLAB_workspace/S32K344_LED/S32K344_LED_Config/src/mbdt_board_init.c:26:0:Adc_Adc0Group1Notification	0	static
E:/Workspace/MATLAB_workspace/S32K344_LED/S32K344_LED_Config/src/mbdt_board_init.c:28:0:Adc_Adc1Group0Notification	0	static
E:/Workspace/MATLAB_workspace/S32K344_LED/S32K344_LED_Config/src/mbdt_board_init.c:30:0:Adc_Adc1Group1Notification	0	static
E:/Workspace/MATLAB_workspace/S32K344_LED/S32K344_LED_Config/src/mbdt_board_init.c:32:0:Adc_Adc2Group0Notification	0	static
E:/Workspace/MATLAB_workspace/S32K344_LED/S32K344_LED_Config/src/mbdt_board_init.c:34:0:Adc_Adc2Group1Notification	0	static
E:/Workspace/MATLAB_workspace/S32K344_LED/S32K344_LED_Config/src/mbdt_board_init.c:36:0:Adc_Adc1WdogNotification	0	static
E:/Workspace/MATLAB_workspace/S32K344_LED/S32K344_LED_Config/src/mbdt_board_init.c:38:0:Adc1_CtuNewDataNotification	0	static
E:/Workspace/MATLAB_workspace/S32K344_LED/S32K344_LED_Config/src/mbdt_board_init.c:40:0:Adc2_CtuNewDataNotification	0	static
E:/Workspace/MATLAB_workspace/S32K344_LED/S32K344_LED_Config/src/mbdt_board_init.c:42:0:Adc1_CtuDataOverrunNotification	0	static
E:/Workspace/MATLAB_workspace/S32K344_LED/S32K344_LED_Config/src/mbdt_board_init.c:44:0:Adc2_CtuDataOverrunNotification	0	static
E:/Workspace/MATLAB_workspace/S32K344_LED/S32K344_LED_Config/src/mbdt_board_init.c:46:0:Adc1_CtuListLastNotification	0	static
E:/Workspace/MATLAB_workspace/S32K344_LED/S32K344_LED_Config/src/mbdt_board_init.c:48:0:Adc2_ListLastNotification	0	static
E:/Workspace/MATLAB_workspace/S32K344_LED/S32K344_LED_Config/src/mbdt_board_init.c:50:0:Adc_Fifo1_UnderrunNotification	0	static
E:/Workspace/MATLAB_workspace/S32K344_LED/S32K344_LED_Config/src/mbdt_board_init.c:52:0:Adc_Fifo1_WaterMarkNotification	0	static
E:/Workspace/MATLAB_workspace/S32K344_LED/S32K344_LED_Config/src/mbdt_board_init.c:54:0:Adc_Fifo1_OverrunNotification	0	static
E:/Workspace/MATLAB_workspace/S32K344_LED/S32K344_LED_Config/src/mbdt_board_init.c:56:0:CanIf_ControllerBusOff	0	static
E:/Workspace/MATLAB_workspace/S32K344_LED/S32K344_LED_Config/src/mbdt_board_init.c:58:0:CanIf_ControllerModeIndication	0	static
E:/Workspace/MATLAB_workspace/S32K344_LED/S32K344_LED_Config/src/mbdt_board_init.c:60:0:CanIf_TxConfirmation	0	static
E:/Workspace/MATLAB_workspace/S32K344_LED/S32K344_LED_Config/src/mbdt_board_init.c:62:0:CanIf_RxIndication	0	static
E:/Workspace/MATLAB_workspace/S32K344_LED/S32K344_LED_Config/src/mbdt_board_init.c:64:0:MBDT_FlexCAN0_FifoOverflowNotif	0	static
E:/Workspace/MATLAB_workspace/S32K344_LED/S32K344_LED_Config/src/mbdt_board_init.c:66:0:MBDT_SPI_end_sequence1_callback	0	static
E:/Workspace/MATLAB_workspace/S32K344_LED/S32K344_LED_Config/src/mbdt_board_init.c:68:0:MBDT_SPI_end_job0_callback	0	static
E:/Workspace/MATLAB_workspace/S32K344_LED/S32K344_LED_Config/src/mbdt_board_init.c:70:0:PwmChannel_0_Callback	0	static
E:/Workspace/MATLAB_workspace/S32K344_LED/S32K344_LED_Config/src/mbdt_board_init.c:72:0:PwmChannel_1_Callback	0	static
E:/Workspace/MATLAB_workspace/S32K344_LED/S32K344_LED_Config/src/mbdt_board_init.c:74:0:PwmChannel_2_Callback	0	static
E:/Workspace/MATLAB_workspace/S32K344_LED/S32K344_LED_Config/src/mbdt_board_init.c:76:0:PwmChannel_3_Callback	0	static
E:/Workspace/MATLAB_workspace/S32K344_LED/S32K344_LED_Config/src/mbdt_board_init.c:78:0:PwmChannel_4_Callback	0	static
E:/Workspace/MATLAB_workspace/S32K344_LED/S32K344_LED_Config/src/mbdt_board_init.c:80:0:PwmChannel_5_Callback	0	static
E:/Workspace/MATLAB_workspace/S32K344_LED/S32K344_LED_Config/src/mbdt_board_init.c:82:0:PwmChannel_6_Callback	0	static
E:/Workspace/MATLAB_workspace/S32K344_LED/S32K344_LED_Config/src/mbdt_board_init.c:84:0:PwmChannel_7_Callback	0	static
E:/Workspace/MATLAB_workspace/S32K344_LED/S32K344_LED_Config/src/mbdt_board_init.c:86:0:PwmChannel_8_Callback	0	static
E:/Workspace/MATLAB_workspace/S32K344_LED/S32K344_LED_Config/src/mbdt_board_init.c:88:0:MBDT_ICU_OverflowNotif	0	static
E:/Workspace/MATLAB_workspace/S32K344_LED/S32K344_LED_Config/src/mbdt_board_init.c:90:0:MBDT_USER_SW0_callback	0	static
E:/Workspace/MATLAB_workspace/S32K344_LED/S32K344_LED_Config/src/mbdt_board_init.c:92:0:MBDT_ICU_Timestamp_Callback	0	static
E:/Workspace/MATLAB_workspace/S32K344_LED/S32K344_LED_Config/src/mbdt_board_init.c:94:0:MBDT_Uart_Callback	0	static
E:/Workspace/MATLAB_workspace/S32K344_LED/S32K344_LED_Config/src/mbdt_board_init.c:96:0:LinIf_TxConfirmation	0	static
E:/Workspace/MATLAB_workspace/S32K344_LED/S32K344_LED_Config/src/mbdt_board_init.c:98:0:LinIf_RxIndication	0	static
E:/Workspace/MATLAB_workspace/S32K344_LED/S32K344_LED_Config/src/mbdt_board_init.c:100:0:LinIf_LinErrorIndication	0	static
E:/Workspace/MATLAB_workspace/S32K344_LED/S32K344_LED_Config/src/mbdt_board_init.c:102:0:LinIf_HeaderIndication	0	static
E:/Workspace/MATLAB_workspace/S32K344_LED/S32K344_LED_Config/src/mbdt_board_init.c:104:0:MBDT_I2c_Callback	0	static
E:/Workspace/MATLAB_workspace/S32K344_LED/S32K344_LED_Config/src/mbdt_board_init.c:106:0:MBDT_Mem_AccessCode_Callback	0	static
E:/Workspace/MATLAB_workspace/S32K344_LED/S32K344_LED_Config/src/mbdt_board_init.c:108:0:MBDT_Mem_StartFlashAccess_Notification	0	static
E:/Workspace/MATLAB_workspace/S32K344_LED/S32K344_LED_Config/src/mbdt_board_init.c:110:0:MBDT_Mem_FinishedFlashAccess_Notification	0	static
E:/Workspace/MATLAB_workspace/S32K344_LED/S32K344_LED_Config/src/mbdt_board_init.c:113:0:board_init	8	static
