E:/Workspace/MATLAB_workspace/S32K344_LED/S32K344_LED_Config/RTD/src/Mcu.c:685:6:Mcu_Init	12	static
E:/Workspace/MATLAB_workspace/S32K344_LED/S32K344_LED_Config/RTD/src/Mcu.c:789:16:Mcu_InitRamSection	0	static
E:/Workspace/MATLAB_workspace/S32K344_LED/S32K344_LED_Config/RTD/src/Mcu.c:847:16:Mcu_InitClock	8	static
E:/Workspace/MATLAB_workspace/S32K344_LED/S32K344_LED_Config/RTD/src/Mcu.c:900:6:Mcu_SetMode	0	static
E:/Workspace/MATLAB_workspace/S32K344_LED/S32K344_LED_Config/RTD/src/Mcu.c:947:16:Mcu_DistributePllClock	8	static
E:/Workspace/MATLAB_workspace/S32K344_LED/S32K344_LED_Config/RTD/src/Mcu.c:1007:19:Mcu_GetPllStatus	0	static
E:/Workspace/MATLAB_workspace/S32K344_LED/S32K344_LED_Config/RTD/src/Mcu.c:1047:15:Mcu_GetResetReason	0	static
E:/Workspace/MATLAB_workspace/S32K344_LED/S32K344_LED_Config/RTD/src/Mcu.c:1084:18:Mcu_GetResetRawValue	0	static
E:/Workspace/MATLAB_workspace/S32K344_LED/S32K344_LED_Config/RTD/src/Mcu.c:1324:6:Mcu_DisableCmu	0	static
E:/Workspace/MATLAB_workspace/S32K344_LED/S32K344_LED_Config/RTD/src/Mcu.c:1362:8:Mcu_GetClockFrequency	0	static
E:/Workspace/MATLAB_workspace/S32K344_LED/S32K344_LED_Config/RTD/src/Mcu.c:1400:6:Mcu_SleepOnExit	0	static
E:/Workspace/MATLAB_workspace/S32K344_LED/S32K344_LED_Config/RTD/src/Mcu.c:1431:6:Mcu_ClkSrcFailureNotification	0	static
E:/Workspace/MATLAB_workspace/S32K344_LED/S32K344_LED_Config/RTD/src/Mcu.c:1525:6:Mcu_LastMileEnable	0	static
E:/Workspace/MATLAB_workspace/S32K344_LED/S32K344_LED_Config/RTD/src/Mcu.c:1547:6:Mcu_LastMileDisable	0	static
