E:/Workspace/MATLAB_workspace/S32K344_LED/S32K344_LED_Config/RTD/src/Mem_43_INFLS_Ipw.c:580:16:Mem_43_INFLS_IPW_Init	8	static
E:/Workspace/MATLAB_workspace/S32K344_LED/S32K344_LED_Config/RTD/src/Mem_43_INFLS_Ipw.c:616:28:Mem_43_INFLS_IPW_Erase	40	static
E:/Workspace/MATLAB_workspace/S32K344_LED/S32K344_LED_Config/RTD/src/Mem_43_INFLS_Ipw.c:698:28:Mem_43_INFLS_IPW_Write	40	static
E:/Workspace/MATLAB_workspace/S32K344_LED/S32K344_LED_Config/RTD/src/Mem_43_INFLS_Ipw.c:781:28:Mem_43_INFLS_IPW_Read	16	static
E:/Workspace/MATLAB_workspace/S32K344_LED/S32K344_LED_Config/RTD/src/Mem_43_INFLS_Ipw.c:842:28:Mem_43_INFLS_IPW_Compare	16	static
E:/Workspace/MATLAB_workspace/S32K344_LED/S32K344_LED_Config/RTD/src/Mem_43_INFLS_Ipw.c:905:28:Mem_43_INFLS_IPW_BlankCheck	16	static
E:/Workspace/MATLAB_workspace/S32K344_LED/S32K344_LED_Config/RTD/src/Mem_43_INFLS_Ipw.c:966:28:Mem_43_INFLS_IPW_GetJobResult	8	static
E:/Workspace/MATLAB_workspace/S32K344_LED/S32K344_LED_Config/RTD/src/Mem_43_INFLS_Ipw.c:1071:28:Mem_43_INFLS_IPW_Cancel	8	static
E:/Workspace/MATLAB_workspace/S32K344_LED/S32K344_LED_Config/RTD/src/Mem_43_INFLS_Ipw.c:1088:6:Mem_43_INFLS_IPW_ReportEccValueToLayerUnder	0	static
