E:/Workspace/MATLAB_workspace/S32K344_LED/S32K344_LED_Config/RTD/src/Mem_43_INFLS.c:615:15:Mem_43_INFLS_ValidateAddressAndLength	12	static
E:/Workspace/MATLAB_workspace/S32K344_LED/S32K344_LED_Config/RTD/src/Mem_43_INFLS.c:1362:6:Mem_43_INFLS_Init	16	static
E:/Workspace/MATLAB_workspace/S32K344_LED/S32K344_LED_Config/RTD/src/Mem_43_INFLS.c:1423:6:Mem_43_INFLS_DeInit	16	static
E:/Workspace/MATLAB_workspace/S32K344_LED/S32K344_LED_Config/RTD/src/Mem_43_INFLS.c:1473:6:Mem_43_INFLS_GetVersionInfo	0	static
E:/Workspace/MATLAB_workspace/S32K344_LED/S32K344_LED_Config/RTD/src/Mem_43_INFLS.c:1509:28:Mem_43_INFLS_GetJobResult	0	static
E:/Workspace/MATLAB_workspace/S32K344_LED/S32K344_LED_Config/RTD/src/Mem_43_INFLS.c:1541:16:Mem_43_INFLS_Suspend	0	static
E:/Workspace/MATLAB_workspace/S32K344_LED/S32K344_LED_Config/RTD/src/Mem_43_INFLS.c:1625:16:Mem_43_INFLS_Resume	0	static
E:/Workspace/MATLAB_workspace/S32K344_LED/S32K344_LED_Config/RTD/src/Mem_43_INFLS.c:1720:16:Mem_43_INFLS_Read	56	static
E:/Workspace/MATLAB_workspace/S32K344_LED/S32K344_LED_Config/RTD/src/Mem_43_INFLS.c:1785:16:Mem_43_INFLS_Write	56	static
E:/Workspace/MATLAB_workspace/S32K344_LED/S32K344_LED_Config/RTD/src/Mem_43_INFLS.c:1855:16:Mem_43_INFLS_Erase	56	static
E:/Workspace/MATLAB_workspace/S32K344_LED/S32K344_LED_Config/RTD/src/Mem_43_INFLS.c:1920:16:Mem_43_INFLS_BlankCheck	56	static
E:/Workspace/MATLAB_workspace/S32K344_LED/S32K344_LED_Config/RTD/src/Mem_43_INFLS.c:1987:16:Mem_43_INFLS_HwSpecificService	56	static
E:/Workspace/MATLAB_workspace/S32K344_LED/S32K344_LED_Config/RTD/src/Mem_43_INFLS.c:2076:6:Mem_43_INFLS_PropagateError	8	static
E:/Workspace/MATLAB_workspace/S32K344_LED/S32K344_LED_Config/RTD/src/Mem_43_INFLS.c:2148:6:Mem_43_INFLS_MainFunction	8	static
