E:/Workspace/MATLAB_workspace/S32K344_LED/S32K344_LED_Config/RTD/src/OsIf_Timer_System.c:310:6:OsIf_Timer_System_Init	0	static
E:/Workspace/MATLAB_workspace/S32K344_LED/S32K344_LED_Config/RTD/src/OsIf_Timer_System.c:360:8:OsIf_Timer_System_GetCounter	0	static
E:/Workspace/MATLAB_workspace/S32K344_LED/S32K344_LED_Config/RTD/src/OsIf_Timer_System.c:415:8:OsIf_Timer_System_GetElapsed	0	static
E:/Workspace/MATLAB_workspace/S32K344_LED/S32K344_LED_Config/RTD/src/OsIf_Timer_System.c:476:6:OsIf_Timer_System_SetTimerFrequency	0	static
E:/Workspace/MATLAB_workspace/S32K344_LED/S32K344_LED_Config/RTD/src/OsIf_Timer_System.c:524:8:OsIf_Timer_System_MicrosToTicks	8	static
