E:/Workspace/MATLAB_workspace/S32K344_LED/S32K344_LED_Config/RTD/src/Power_Ip_MC_RGM.c:242:13:Power_Ip_MC_RGM_ClearFesResetFlags.part.0	32	static
E:/Workspace/MATLAB_workspace/S32K344_LED/S32K344_LED_Config/RTD/src/Power_Ip_MC_RGM.c:283:13:Power_Ip_MC_RGM_ClearDesResetFlags.part.0	32	static
E:/Workspace/MATLAB_workspace/S32K344_LED/S32K344_LED_Config/RTD/src/Power_Ip_MC_RGM.c:362:6:Power_Ip_MC_RGM_ResetInit	8	static
E:/Workspace/MATLAB_workspace/S32K344_LED/S32K344_LED_Config/RTD/src/Power_Ip_MC_RGM.c:540:20:Power_Ip_MC_RGM_GetResetReason	24	static
E:/Workspace/MATLAB_workspace/S32K344_LED/S32K344_LED_Config/RTD/src/Power_Ip_MC_RGM.c:611:23:Power_Ip_MC_RGM_GetResetRawValue	16	static
E:/Workspace/MATLAB_workspace/S32K344_LED/S32K344_LED_Config/RTD/src/Power_Ip_MC_RGM.c:741:7:Power_Ip_MC_RGM_ResetDuringStandby	0	static
