E:/Workspace/MATLAB_workspace/S32K344_LED/S32K344_LED_Config/RTD/src/Pwm.c:1613:6:Pwm_Init	16	static
E:/Workspace/MATLAB_workspace/S32K344_LED/S32K344_LED_Config/RTD/src/Pwm.c:1713:6:Pwm_DeInit	16	static
E:/Workspace/MATLAB_workspace/S32K344_LED/S32K344_LED_Config/RTD/src/Pwm.c:1817:6:Pwm_SetDutyCycle	8	static
E:/Workspace/MATLAB_workspace/S32K344_LED/S32K344_LED_Config/RTD/src/Pwm.c:1914:6:Pwm_SetPeriodAndDuty	24	static
E:/Workspace/MATLAB_workspace/S32K344_LED/S32K344_LED_Config/RTD/src/Pwm.c:1997:6:Pwm_SetOutputToIdle	16	static
E:/Workspace/MATLAB_workspace/S32K344_LED/S32K344_LED_Config/RTD/src/Pwm.c:2076:21:Pwm_GetOutputState	16	static
E:/Workspace/MATLAB_workspace/S32K344_LED/S32K344_LED_Config/RTD/src/Pwm.c:2154:6:Pwm_DisableNotification	0	static
E:/Workspace/MATLAB_workspace/S32K344_LED/S32K344_LED_Config/RTD/src/Pwm.c:2216:6:Pwm_EnableNotification	16	static
E:/Workspace/MATLAB_workspace/S32K344_LED/S32K344_LED_Config/RTD/src/Pwm.c:2268:6:Pwm_GetVersionInfo	0	static
E:/Workspace/MATLAB_workspace/S32K344_LED/S32K344_LED_Config/RTD/src/Pwm.c:2317:8:Pwm_GetChannelState	8	static
E:/Workspace/MATLAB_workspace/S32K344_LED/S32K344_LED_Config/RTD/src/Pwm.c:2363:6:Pwm_Notification	0	static
E:/Workspace/MATLAB_workspace/S32K344_LED/S32K344_LED_Config/RTD/src/Pwm.c:2411:6:Pwm_SetCounterBus	16	static
E:/Workspace/MATLAB_workspace/S32K344_LED/S32K344_LED_Config/RTD/src/Pwm.c:2462:6:Pwm_SetChannelOutput	16	static
E:/Workspace/MATLAB_workspace/S32K344_LED/S32K344_LED_Config/RTD/src/Pwm.c:2517:6:Pwm_SetTriggerDelay	24	static
E:/Workspace/MATLAB_workspace/S32K344_LED/S32K344_LED_Config/RTD/src/Pwm.c:2674:6:Pwm_SetChannelDeadTime	24	static
E:/Workspace/MATLAB_workspace/S32K344_LED/S32K344_LED_Config/RTD/src/Pwm.c:3046:6:Pwm_FastUpdateSetUCRegA	4	static
E:/Workspace/MATLAB_workspace/S32K344_LED/S32K344_LED_Config/RTD/src/Pwm.c:3089:6:Pwm_FastUpdateSetUCRegB	4	static
E:/Workspace/MATLAB_workspace/S32K344_LED/S32K344_LED_Config/RTD/src/Pwm.c:3132:7:Pwm_FastUpdateDisableOU	16	static
E:/Workspace/MATLAB_workspace/S32K344_LED/S32K344_LED_Config/RTD/src/Pwm.c:3164:7:Pwm_FastUpdateEnableOU	16	static
