E:/Workspace/MATLAB_workspace/S32K344_LED/S32K344_LED_Config/RTD/src/Pwm_Ipw.c:394:6:Pwm_Ipw_Init	8	static
E:/Workspace/MATLAB_workspace/S32K344_LED/S32K344_LED_Config/RTD/src/Pwm_Ipw.c:492:6:Pwm_Ipw_DeInit	16	static
E:/Workspace/MATLAB_workspace/S32K344_LED/S32K344_LED_Config/RTD/src/Pwm_Ipw.c:610:16:Pwm_Ipw_SetDutyCycle	24	static
E:/Workspace/MATLAB_workspace/S32K344_LED/S32K344_LED_Config/RTD/src/Pwm_Ipw.c:719:16:Pwm_Ipw_SetPeriodAndDuty	24	static
E:/Workspace/MATLAB_workspace/S32K344_LED/S32K344_LED_Config/RTD/src/Pwm_Ipw.c:838:6:Pwm_Ipw_SetOutputToIdle	0	static
E:/Workspace/MATLAB_workspace/S32K344_LED/S32K344_LED_Config/RTD/src/Pwm_Ipw.c:896:21:Pwm_Ipw_GetOutputState	8	static
E:/Workspace/MATLAB_workspace/S32K344_LED/S32K344_LED_Config/RTD/src/Pwm_Ipw.c:966:6:Pwm_Ipw_DisableNotification	0	static
E:/Workspace/MATLAB_workspace/S32K344_LED/S32K344_LED_Config/RTD/src/Pwm_Ipw.c:1029:6:Pwm_Ipw_EnableNotification	0	static
E:/Workspace/MATLAB_workspace/S32K344_LED/S32K344_LED_Config/RTD/src/Pwm_Ipw.c:1108:8:Pwm_Ipw_GetChannelState	0	static
E:/Workspace/MATLAB_workspace/S32K344_LED/S32K344_LED_Config/RTD/src/Pwm_Ipw.c:1280:6:Pwm_Ipw_SetCounterBus	0	static
E:/Workspace/MATLAB_workspace/S32K344_LED/S32K344_LED_Config/RTD/src/Pwm_Ipw.c:1326:6:Pwm_Ipw_SetChannelOutput	4	static
E:/Workspace/MATLAB_workspace/S32K344_LED/S32K344_LED_Config/RTD/src/Pwm_Ipw.c:1401:6:Pwm_Ipw_SetTriggerDelay	0	static
E:/Workspace/MATLAB_workspace/S32K344_LED/S32K344_LED_Config/RTD/src/Pwm_Ipw.c:1434:6:Pwm_Ipw_FastUpdateSetUCRegA	0	static
E:/Workspace/MATLAB_workspace/S32K344_LED/S32K344_LED_Config/RTD/src/Pwm_Ipw.c:1466:6:Pwm_Ipw_FastUpdateSetUCRegB	0	static
E:/Workspace/MATLAB_workspace/S32K344_LED/S32K344_LED_Config/RTD/src/Pwm_Ipw.c:1497:6:Pwm_Ipw_FastUpdateDisableOU	0	static
E:/Workspace/MATLAB_workspace/S32K344_LED/S32K344_LED_Config/RTD/src/Pwm_Ipw.c:1523:6:Pwm_Ipw_FastUpdateEnableOU	0	static
E:/Workspace/MATLAB_workspace/S32K344_LED/S32K344_LED_Config/RTD/src/Pwm_Ipw.c:1549:6:Pwm_Ipw_SetChannelDeadTime	0	static
E:/Workspace/MATLAB_workspace/S32K344_LED/S32K344_LED_Config/RTD/src/Pwm_Ipw.c:1950:17:Pwm_Ipw_ValidateModuleId	0	static
E:/Workspace/MATLAB_workspace/S32K344_LED/S32K344_LED_Config/RTD/src/Pwm_Ipw.c:2017:16:Pwm_Ipw_ValidateNotification	0	static
E:/Workspace/MATLAB_workspace/S32K344_LED/S32K344_LED_Config/RTD/src/Pwm_Ipw.c:2146:16:Pwm_Ipw_ValidateTriggerMode	8	static
E:/Workspace/MATLAB_workspace/S32K344_LED/S32K344_LED_Config/RTD/src/Pwm_Ipw.c:2210:16:Pwm_Ipw_ValidateCounterBus	0	static
E:/Workspace/MATLAB_workspace/S32K344_LED/S32K344_LED_Config/RTD/src/Pwm_Ipw.c:2259:16:Pwm_Ipw_ValidateDeadTime	8	static
E:/Workspace/MATLAB_workspace/S32K344_LED/S32K344_LED_Config/RTD/src/Pwm_Ipw.c:2316:16:Pwm_Ipw_ValidateParamDeadTime	16	static
E:/Workspace/MATLAB_workspace/S32K344_LED/S32K344_LED_Config/RTD/src/Pwm_Ipw.c:2409:16:Pwm_Ipw_ValidateSetChannelOutput	0	static
E:/Workspace/MATLAB_workspace/S32K344_LED/S32K344_LED_Config/RTD/src/Pwm_Ipw.c:2515:8:Pwm_Ipw_GetMaxPeriodValue	0	static
E:/Workspace/MATLAB_workspace/S32K344_LED/S32K344_LED_Config/RTD/src/Pwm_Ipw.c:2561:20:Pwm_Ipw_GetCurrentPeriodValue	0	static
E:/Workspace/MATLAB_workspace/S32K344_LED/S32K344_LED_Config/RTD/src/Pwm_Ipw.c:2629:16:Pwm_Ipw_ValidateGetOutputState	0	static
