Archive member included to satisfy reference by file (symbol)

e:/matlabaddons/toolboxes/nxp_mbdtoolbox_s32k3xx/tools/build_tools/gcc_v10.2/gcc-10.2-arm32-eabi/bin/../lib/gcc/arm-none-eabi/10.2.0/thumb/v7e-m+fp/hard\libgcc.a(_arm_addsubdf3.o)
                              S32K344_LED.o (__aeabi_ui2d)
e:/matlabaddons/toolboxes/nxp_mbdtoolbox_s32k3xx/tools/build_tools/gcc_v10.2/gcc-10.2-arm32-eabi/bin/../lib/gcc/arm-none-eabi/10.2.0/thumb/v7e-m+fp/hard\libgcc.a(_arm_cmpdf2.o)
                              S32K344_LED.o (__aeabi_dcmplt)
e:/matlabaddons/toolboxes/nxp_mbdtoolbox_s32k3xx/tools/build_tools/gcc_v10.2/gcc-10.2-arm32-eabi/bin/../lib/gcc/arm-none-eabi/10.2.0/thumb/v7e-m+fp/hard\libgcc.a(_aeabi_uldivmod.o)
                              OsIf_Timer_System.o (__aeabi_uldivmod)
e:/matlabaddons/toolboxes/nxp_mbdtoolbox_s32k3xx/tools/build_tools/gcc_v10.2/gcc-10.2-arm32-eabi/bin/../lib/gcc/arm-none-eabi/10.2.0/thumb/v7e-m+fp/hard\libgcc.a(_udivmoddi4.o)
                              e:/matlabaddons/toolboxes/nxp_mbdtoolbox_s32k3xx/tools/build_tools/gcc_v10.2/gcc-10.2-arm32-eabi/bin/../lib/gcc/arm-none-eabi/10.2.0/thumb/v7e-m+fp/hard\libgcc.a(_aeabi_uldivmod.o) (__udivmoddi4)
e:/matlabaddons/toolboxes/nxp_mbdtoolbox_s32k3xx/tools/build_tools/gcc_v10.2/gcc-10.2-arm32-eabi/bin/../lib/gcc/arm-none-eabi/10.2.0/thumb/v7e-m+fp/hard\libgcc.a(_dvmd_tls.o)
                              e:/matlabaddons/toolboxes/nxp_mbdtoolbox_s32k3xx/tools/build_tools/gcc_v10.2/gcc-10.2-arm32-eabi/bin/../lib/gcc/arm-none-eabi/10.2.0/thumb/v7e-m+fp/hard\libgcc.a(_aeabi_uldivmod.o) (__aeabi_ldiv0)
e:/matlabaddons/toolboxes/nxp_mbdtoolbox_s32k3xx/tools/build_tools/gcc_v10.2/gcc-10.2-arm32-eabi/bin/../lib/gcc/arm-none-eabi/10.2.0/../../../../arm-none-eabi/lib/thumb/v7e-m+fp/hard\libc_nano.a(lib_a-memmove.o)
                              Siul2_Port_Ip.o (memmove)
e:/matlabaddons/toolboxes/nxp_mbdtoolbox_s32k3xx/tools/build_tools/gcc_v10.2/gcc-10.2-arm32-eabi/bin/../lib/gcc/arm-none-eabi/10.2.0/../../../../arm-none-eabi/lib/thumb/v7e-m+fp/hard\libc_nano.a(lib_a-memset.o)
                              freemaster_pipes.o (memset)

Discarded input sections

 .text          0x00000000        0x0 S32K344_LED.o
 .data          0x00000000        0x0 S32K344_LED.o
 .bss           0x00000000        0x0 S32K344_LED.o
 .text          0x00000000        0x0 S32K344_LED_data.o
 .data          0x00000000        0x0 S32K344_LED_data.o
 .bss           0x00000000        0x0 S32K344_LED_data.o
 .text          0x00000000        0x0 rt_zcfcn.o
 .data          0x00000000        0x0 rt_zcfcn.o
 .bss           0x00000000        0x0 rt_zcfcn.o
 .text          0x00000000        0x0 freemaster_appcmd.o
 .data          0x00000000        0x0 freemaster_appcmd.o
 .bss           0x00000000        0x0 freemaster_appcmd.o
 .text.FMSTR_AppCmdAck
                0x00000000        0x4 freemaster_appcmd.o
 .text.FMSTR_AppCmdSetResponseData
                0x00000000        0x4 freemaster_appcmd.o
 .text.FMSTR_GetAppCmd
                0x00000000        0x4 freemaster_appcmd.o
 .text.FMSTR_GetAppCmdData
                0x00000000        0x4 freemaster_appcmd.o
 .text.FMSTR_RegisterAppCmdCall
                0x00000000        0x4 freemaster_appcmd.o
 .debug_info    0x00000000      0x1e8 freemaster_appcmd.o
 .debug_abbrev  0x00000000       0xe9 freemaster_appcmd.o
 .debug_loc     0x00000000       0x4a freemaster_appcmd.o
 .debug_aranges
                0x00000000       0x40 freemaster_appcmd.o
 .debug_ranges  0x00000000       0x30 freemaster_appcmd.o
 .debug_line    0x00000000      0x120 freemaster_appcmd.o
 .debug_str     0x00000000      0x3be freemaster_appcmd.o
 .comment       0x00000000       0x89 freemaster_appcmd.o
 .debug_frame   0x00000000       0x60 freemaster_appcmd.o
 .ARM.attributes
                0x00000000       0x34 freemaster_appcmd.o
 .text          0x00000000        0x0 freemaster_pipes.o
 .data          0x00000000        0x0 freemaster_pipes.o
 .bss           0x00000000        0x0 freemaster_pipes.o
 .text._FMSTR_PipeIToAFinalize
                0x00000000      0x180 freemaster_pipes.o
 .text.FMSTR_PipeU8ToA
                0x00000000      0x114 freemaster_pipes.o
 .text.FMSTR_PipeS8ToA
                0x00000000       0x40 freemaster_pipes.o
 .text.FMSTR_PipeU16ToA
                0x00000000      0x108 freemaster_pipes.o
 .text.FMSTR_PipeS16ToA
                0x00000000       0x40 freemaster_pipes.o
 .text.FMSTR_PipeU32ToA
                0x00000000      0x114 freemaster_pipes.o
 .text.FMSTR_PipeS32ToA
                0x00000000       0x34 freemaster_pipes.o
 .text.FMSTR_PipeParseFormat
                0x00000000      0x128 freemaster_pipes.o
 .text.FMSTR_PipeOpen
                0x00000000       0x58 freemaster_pipes.o
 .text.FMSTR_PipeClose
                0x00000000        0x8 freemaster_pipes.o
 .text.FMSTR_PipeWrite
                0x00000000       0xa0 freemaster_pipes.o
 .text.FMSTR_PipePuts
                0x00000000       0x54 freemaster_pipes.o
[...]
Memory Configuration

Name             Origin             Length             Attributes
int_pflash       0x00400000         0x003d4000
int_dflash       0x10000000         0x00020000
int_itcm         0x00000000         0x00010000
int_dtcm         0x20000000         0x0001f000
int_stack_dtcm   0x2001f000         0x00001000
int_sram         0x20400000         0x0002ff00
int_sram_fls_rsv 0x2042ff00         0x00000100
int_sram_no_cacheable 0x20430000         0x0000ff00
int_sram_results 0x2043ff00         0x00000100
int_sram_shareable 0x20440000         0x00004000
ram_rsvd2        0x20444000         0x00000000
*default*        0x00000000         0xffffffff

Linker script and memory map

LOAD S32K344_LED.o
LOAD S32K344_LED_data.o
LOAD rt_zcfcn.o
LOAD freemaster_appcmd.o
LOAD freemaster_pipes.o
LOAD freemaster_protocol.o
LOAD freemaster_rec.o
LOAD freemaster_s32k3xx_lpuart.o
LOAD freemaster_scope.o
LOAD freemaster_serial.o
LOAD freemaster_tsa.o
LOAD freemaster_ures.o
LOAD freemaster_utils.o
LOAD mbdt_board_init.o
LOAD mbdt_lpuart.o
LOAD s32k3_trigger_config.o
LOAD exceptions.o
LOAD nvic.o
LOAD startup.o
LOAD sys_init.o
LOAD system.o
LOAD Vector_Table.o
LOAD startup_cm7.o
LOAD Adc.o
LOAD Adc_Ipw.o
LOAD Adc_Ipw_Irq.o
LOAD Adc_Sar_Ip.o
LOAD Adc_Sar_Ip_Irq.o
LOAD Bctu_Ip.o
LOAD Bctu_Ip_Irq.o
LOAD C40_Ip.o
LOAD C40_Ip_Ac.o
LOAD CDD_I2c.o
LOAD CDD_Mcl.o
LOAD CDD_Mcl_Ipw.o
LOAD CDD_Uart.o
LOAD Cache_Ip.o
LOAD Cache_Ip_HwAcc_ArmCoreMx.o
LOAD Can_43_FLEXCAN.o
LOAD Can_43_FLEXCAN_Ipw.o
LOAD Can_43_FLEXCAN_Irq.o
LOAD Clock_Ip.o
LOAD Clock_Ip_Data.o
LOAD Clock_Ip_Divider.o
LOAD Clock_Ip_DividerTrigger.o
LOAD Clock_Ip_ExtOsc.o
LOAD Clock_Ip_FracDiv.o
LOAD Clock_Ip_Frequency.o
LOAD Clock_Ip_Gate.o
LOAD Clock_Ip_IntOsc.o
LOAD Clock_Ip_Irq.o
LOAD Clock_Ip_Monitor.o
LOAD Clock_Ip_Pll.o
LOAD Clock_Ip_ProgFreqSwitch.o
LOAD Clock_Ip_Selector.o
LOAD Clock_Ip_Specific.o
LOAD Cmp_Ip.o
LOAD DSPSS_Api.o
LOAD Det.o
LOAD Det_stub.o
LOAD Dio.o
LOAD Dio_Ipw.o
LOAD Dma_Ip.o
LOAD Dma_Ip_Driver_State.o
LOAD Dma_Ip_Hw_Access.o
LOAD Dma_Ip_Irq.o
LOAD Dma_Ip_Multicore.o
LOAD Dspi_Ip.o
LOAD Dspi_Ip_Irq.o
LOAD EcuM.o
LOAD Emios_Gpt_Ip.o
LOAD Emios_Icu_Ip.o
LOAD Emios_Icu_Ip_Irq.o
LOAD Emios_Mcl_Ip.o
LOAD Emios_Mcl_Ip_Irq.o
LOAD Emios_Pwm_Ip.o
LOAD Emios_Pwm_Ip_Irq.o
LOAD FlexCAN_Ip.o
LOAD FlexCAN_Ip_HwAccess.o
LOAD FlexCAN_Ip_Irq.o
LOAD FlexPwm_Ip.o
LOAD FlexPwm_Ip_Irq.o
LOAD Flexio_I2c_Ip.o
LOAD Flexio_Lin_Ip.o
LOAD Flexio_Mcl_Ip.o
LOAD Flexio_Mcl_Ip_HwAccess.o
LOAD Flexio_Mcl_Ip_Irq.o
LOAD Flexio_Pwm_Ip.o
LOAD Flexio_Pwm_Ip_Irq.o
LOAD Flexio_Spi_Ip.o
LOAD Flexio_Spi_Ip_Irq.o
LOAD Flexio_Uart_Ip.o
LOAD Flexio_Uart_Ip_Irq.o
LOAD Gpt.o
LOAD Gpt_Ipw.o
LOAD I2c_Ipw.o
LOAD Icu.o
LOAD Icu_Ipw.o
LOAD Igf_Port_Ip.o
LOAD IntCtrl_Ip.o
LOAD Lcu_Ip.o
LOAD Lcu_Ip_Hw_Access.o
LOAD Lcu_Ip_Irq.o
LOAD Lcu_Ip_Multicore.o
LOAD Lin_43_LPUART_FLEXIO.o
LOAD Lin_43_LPUART_FLEXIO_ASRExt.o
LOAD Lin_43_LPUART_FLEXIO_Ipw.o
LOAD Lin_Ip_Common.o
LOAD Lpi2c_Ip.o
LOAD Lpi2c_Ip_HwAccess.o
LOAD Lpi2c_Ip_Irq.o
LOAD Lpspi_Ip.o
LOAD Lpspi_Ip_Irq.o
LOAD Lpuart_Lin_Ip.o
LOAD Lpuart_Lin_Ip_Hw_Access.o
LOAD Lpuart_Lin_Ip_Irq.o
LOAD Lpuart_Uart_Ip.o
LOAD Lpuart_Uart_Ip_Irq.o
LOAD Mcu.o
LOAD Mcu_Dem_Wrapper.o
LOAD Mcu_Ipw.o
LOAD Mem_43_INFLS.o
LOAD Mem_43_INFLS_Ipw.o
LOAD Mpu_M7_Ip.o
LOAD OsIf_Interrupts.o
LOAD OsIf_Timer.o
LOAD OsIf_Timer_System.o
LOAD OsIf_Timer_System_Internal_Systick.o
LOAD Os_counter_api.o
LOAD Os_multicore.o
LOAD Pit_Ip.o
LOAD Platform.o
LOAD Platform_Ipw.o
LOAD Port.o
LOAD Port_Ipw.o
LOAD Power_Ip.o
LOAD Power_Ip_AEC.o
LOAD Power_Ip_CortexM7.o
LOAD Power_Ip_DCM_GPR.o
LOAD Power_Ip_FLASH.o
LOAD Power_Ip_MC_ME.o
LOAD Power_Ip_MC_RGM.o
LOAD Power_Ip_MC_RGM_Irq.o
LOAD Power_Ip_PMC.o
LOAD Power_Ip_PMC_Irq.o
LOAD Power_Ip_Private.o
LOAD Pwm.o
LOAD Pwm_Ipw.o
LOAD Pwm_Ipw_Irq.o
LOAD Ram_Ip.o
LOAD Rtc_Ip.o
LOAD SchM_Adc.o
LOAD SchM_Ae.o
LOAD SchM_Can.o
LOAD SchM_CanTrcv_43_AE.o
LOAD SchM_CanTrcv_43_fs23.o
LOAD SchM_CanTrcv_43_fs65.o
LOAD SchM_CanTrcv_nxp_genIO.o
LOAD SchM_CanTrcv_nxp_genIO_secure.o
LOAD SchM_Can_43_FLEXCAN.o
LOAD SchM_Crc.o
LOAD SchM_Crypto.o
LOAD SchM_Crypto_43_ACE.o
LOAD SchM_Crypto_43_HSE.o
LOAD SchM_Dio.o
LOAD SchM_Dpga.o
LOAD SchM_Eep.o
LOAD SchM_Eth.o
LOAD SchM_EthSwt_43_SJA11XX.o
LOAD SchM_EthTrcv_43_PHY.o
LOAD SchM_Eth_43_GMAC.o
LOAD SchM_Etpu.o
LOAD SchM_Fee.o
LOAD SchM_Fls.o
LOAD SchM_Gd3162.o
LOAD SchM_Gdu.o
LOAD SchM_Gpt.o
LOAD SchM_I2c.o
LOAD SchM_I2s.o
LOAD SchM_Icu.o
LOAD SchM_Ipcf.o
LOAD SchM_Iseled.o
LOAD SchM_LinTrcv_43_fs23.o
LOAD SchM_LinTrcv_43_fs65.o
LOAD SchM_Lin_43_LPUART_FLEXIO.o
LOAD SchM_Mc12xs6.o
LOAD SchM_Mcl.o
LOAD SchM_Mcu.o
LOAD SchM_MemAcc.o
LOAD SchM_Mem_43_EEP.o
LOAD SchM_Mem_43_EXFLS.o
LOAD SchM_Mem_43_INFLS.o
LOAD SchM_Motor_control.o
LOAD SchM_NvM.o
LOAD SchM_Ocotp.o
LOAD SchM_Ocu.o
LOAD SchM_Platform.o
LOAD SchM_Port.o
LOAD SchM_Pwm.o
LOAD SchM_Pwm_Etpu.o
LOAD SchM_Rdc_checker.o
LOAD SchM_Rm.o
LOAD SchM_Sbc_fs23.o
LOAD SchM_Sbc_fs26.o
LOAD SchM_Sbc_fs65.o
LOAD SchM_Sent.o
LOAD SchM_Spi.o
LOAD SchM_Uart.o
LOAD SchM_Wdg.o
LOAD SchM_Wdg_43_fs23.o
LOAD SchM_Wdg_43_fs26.o
LOAD SchM_Wdg_43_fs65.o
LOAD SchM_Zipwire.o
LOAD Sdadc_Ip.o
LOAD Sdadc_Ip_Irq.o
LOAD Siul2_Dio_Ip.o
LOAD Siul2_Icu_Ip.o
LOAD Siul2_Icu_Ip_Irq.o
LOAD Siul2_Port_Ip.o
LOAD Spi.o
LOAD Spi_Ipw.o
LOAD Stm_Ip.o
LOAD System_Ip.o
LOAD Trgmux_Ip.o
LOAD Trgmux_Ip_HwAcc.o
LOAD Tspc_Port_Ip.o
LOAD Uart_Ipw.o
LOAD Wkpu_Ip.o
LOAD Wkpu_Ip_Irq.o
LOAD Adc_Cfg.o
LOAD Adc_Ipw_MBDT_PBcfg.o
LOAD Adc_MBDT_PBcfg.o
LOAD Adc_Sar_Ip_MBDT_PBcfg.o
LOAD Bctu_Ip_MBDT_PBcfg.o
LOAD C40_Ip_Cfg.o
LOAD CDD_I2c_Cfg.o
LOAD CDD_I2c_MBDT_PBcfg.o
LOAD CDD_Mcl_Cfg.o
LOAD CDD_Mcl_MBDT_PBcfg.o
LOAD CDD_Uart_MBDT_PBcfg.o
LOAD CanIf_Cfg.o
LOAD CanIf_MBDT_PBcfg.o
LOAD Can_43_FLEXCAN_Ipw_MBDT_PBcfg.o
LOAD Can_43_FLEXCAN_MBDT_PBcfg.o
LOAD Clock_Ip_Cfg.o
LOAD Clock_Ip_MBDT_PBcfg.o
LOAD Cmp_Ip_MBDT_PBcfg.o
LOAD Dio_Cfg.o
LOAD Dma_Ip_Cfg.o
LOAD Dma_Ip_MBDT_PBcfg.o
LOAD Dspi_Ip_MBDT_PBcfg.o
LOAD Emios_Gpt_Ip_MBDT_PBcfg.o
LOAD Emios_Icu_Ip_MBDT_PBcfg.o
LOAD Emios_Mcl_Ip_MBDT_PBcfg.o
LOAD Emios_Pwm_Ip_MBDT_PBcfg.o
LOAD FlexCAN_Ip_MBDT_PBcfg.o
LOAD FlexPwm_Ip_MBDT_PBcfg.o
LOAD Flexio_I2c_Ip_MBDT_PBcfg.o
LOAD Flexio_Lin_Ip_MBDT_PBcfg.o
LOAD Flexio_Mcl_Ip_MBDT_PBcfg.o
LOAD Flexio_Pwm_Ip_MBDT_PBcfg.o
LOAD Flexio_Spi_Ip_MBDT_PBcfg.o
LOAD Flexio_Uart_Ip_MBDT_PBcfg.o
LOAD Gpt_Cfg.o
LOAD Gpt_Ipw_MBDT_PBcfg.o
LOAD Gpt_MBDT_PBcfg.o
LOAD I2c_Ipw_MBDT_PBcfg.o
LOAD Icu_Cfg.o
LOAD Icu_DmaNotification.o
LOAD Icu_Ipw_MBDT_PBcfg.o
LOAD Icu_MBDT_PBcfg.o
LOAD Igf_Port_Ip_MBDT_PBcfg.o
LOAD IntCtrl_Ip_Cfg.o
LOAD Lcu_Ip_Cfg.o
LOAD Lcu_Ip_MBDT_PBcfg.o
LOAD Lin_43_LPUART_FLEXIO_Cfg.o
LOAD Lin_43_LPUART_FLEXIO_Ipw_MBDT_PBcfg.o
LOAD Lin_43_LPUART_FLEXIO_MBDT_PBcfg.o
LOAD Lpi2c_Ip_MBDT_PBcfg.o
LOAD Lpspi_Ip_MBDT_PBcfg.o
LOAD Lpuart_Lin_Ip_MBDT_PBcfg.o
LOAD Lpuart_Uart_Ip_MBDT_PBcfg.o
LOAD Mcu_Cfg.o
LOAD Mcu_MBDT_PBcfg.o
LOAD Mem_43_INFLS_Cfg.o
LOAD Mpu_M7_Ip_Cfg.o
LOAD OsIf_Cfg.o
LOAD Pit_Ip_MBDT_PBcfg.o
LOAD Platform_Cfg.o
LOAD Platform_Ipw_Cfg.o
LOAD Port_Cfg.o
LOAD Port_MBDT_PBcfg.o
LOAD Power_Ip_Cfg.o
LOAD Power_Ip_MBDT_PBcfg.o
LOAD Pwm_MBDT_PBcfg.o
LOAD Ram_Ip_Cfg.o
LOAD Ram_Ip_MBDT_PBcfg.o
LOAD Rtc_Ip_MBDT_PBcfg.o
LOAD Sdadc_Ip_MBDT_PBcfg.o
LOAD Siul2_Icu_Ip_MBDT_PBcfg.o
LOAD Siul2_Port_Ip_Cfg.o
LOAD Siul2_Port_Ip_MBDT_PBcfg.o
LOAD Spi_Ipw_MBDT_PBcfg.o
LOAD Spi_MBDT_PBcfg.o
LOAD Stm_Ip_MBDT_PBcfg.o
LOAD Trgmux_Ip_Cfg.o
LOAD Trgmux_Ip_MBDT_PBcfg.o
LOAD Tspc_Port_Ip_Cfg.o
LOAD Tspc_Port_Ip_MBDT_PBcfg.o
LOAD Uart_Ipw_MBDT_PBcfg.o
LOAD Wkpu_Ip_MBDT_PBcfg.o
LOAD ert_main.o
LOAD e:/matlabaddons/toolboxes/nxp_mbdtoolbox_s32k3xx/tools/build_tools/gcc_v10.2/gcc-10.2-arm32-eabi/bin/../lib/gcc/arm-none-eabi/10.2.0/../../../../arm-none-eabi/lib/thumb/v7e-m+fp/hard\libm.a
START GROUP
LOAD e:/matlabaddons/toolboxes/nxp_mbdtoolbox_s32k3xx/tools/build_tools/gcc_v10.2/gcc-10.2-arm32-eabi/bin/../lib/gcc/arm-none-eabi/10.2.0/thumb/v7e-m+fp/hard\libgcc.a
LOAD e:/matlabaddons/toolboxes/nxp_mbdtoolbox_s32k3xx/tools/build_tools/gcc_v10.2/gcc-10.2-arm32-eabi/bin/../lib/gcc/arm-none-eabi/10.2.0/../../../../arm-none-eabi/lib/thumb/v7e-m+fp/hard\libc_nano.a
END GROUP
START GROUP
LOAD e:/matlabaddons/toolboxes/nxp_mbdtoolbox_s32k3xx/tools/build_tools/gcc_v10.2/gcc-10.2-arm32-eabi/bin/../lib/gcc/arm-none-eabi/10.2.0/thumb/v7e-m+fp/hard\libgcc.a
LOAD e:/matlabaddons/toolboxes/nxp_mbdtoolbox_s32k3xx/tools/build_tools/gcc_v10.2/gcc-10.2-arm32-eabi/bin/../lib/gcc/arm-none-eabi/10.2.0/../../../../arm-none-eabi/lib/thumb/v7e-m+fp/hard\libc_nano.a
LOAD e:/matlabaddons/toolboxes/nxp_mbdtoolbox_s32k3xx/tools/build_tools/gcc_v10.2/gcc-10.2-arm32-eabi/bin/../lib/gcc/arm-none-eabi/10.2.0/../../../../arm-none-eabi/lib/thumb/v7e-m+fp/hard\libnosys.a
END GROUP
START GROUP
LOAD e:/matlabaddons/toolboxes/nxp_mbdtoolbox_s32k3xx/tools/build_tools/gcc_v10.2/gcc-10.2-arm32-eabi/bin/../lib/gcc/arm-none-eabi/10.2.0/thumb/v7e-m+fp/hard\libgcc.a
LOAD e:/matlabaddons/toolboxes/nxp_mbdtoolbox_s32k3xx/tools/build_tools/gcc_v10.2/gcc-10.2-arm32-eabi/bin/../lib/gcc/arm-none-eabi/10.2.0/../../../../arm-none-eabi/lib/thumb/v7e-m+fp/hard\libc_nano.a
LOAD e:/matlabaddons/toolboxes/nxp_mbdtoolbox_s32k3xx/tools/build_tools/gcc_v10.2/gcc-10.2-arm32-eabi/bin/../lib/gcc/arm-none-eabi/10.2.0/../../../../arm-none-eabi/lib/thumb/v7e-m+fp/hard\libnosys.a
END GROUP
                0x00002000                HEAP_SIZE = DEFINED (__heap_size__)?__heap_size__:0x2000
                0x20407fff                __STANDBY_RAM_LIMIT_END = 0x20407fff

.pflash         0x00400000    0x18ce8
 *(.boot_header)
 .boot_header   0x00400000       0x30 startup_cm7.o
                0x00402000                . = ALIGN (0x2000)
 *fill*         0x00400030     0x1fd0 
                0x00402000                __text_start = .
                0x00402000                __interrupts_init_start = .
 *(.intc_vector)
 .intc_vector   0x00402000      0x408 Vector_Table.o
                0x00402000                VTABLE
                0x00402408                . = ALIGN (0x4)
                0x00402408                __interrupts_init_end = .
 *(.core_loop)
 .core_loop     0x00402408        0xc startup_cm7.o
                0x00402408                _core_loop
                0x00402414                . = ALIGN (0x4)
 *(.startup)
 *fill*         0x00402414        0xc 
 .startup       0x00402420      0x1d8 startup_cm7.o
                0x00402420                _start
                0x00402420                Reset_Handler
                0x00402580                MCAL_LTB_TRACE_OFF
                0x00402582                _end_of_eunit_test
                0x004025f8                . = ALIGN (0x4)
 *(.systeminit)
                0x004025f8                . = ALIGN (0x4)
 *(.text.startup)
                0x004025f8                . = ALIGN (0x4)
 *(.text)
 .text          0x004025f8      0x378 e:/matlabaddons/toolboxes/nxp_mbdtoolbox_s32k3xx/tools/build_tools/gcc_v10.2/gcc-10.2-arm32-eabi/bin/../lib/gcc/arm-none-eabi/10.2.0/thumb/v7e-m+fp/hard\libgcc.a(_arm_addsubdf3.o)
                0x004025f8                __aeabi_drsub
                0x00402600                __subdf3
                0x00402600                __aeabi_dsub
                0x00402604                __aeabi_dadd
                0x00402604                __adddf3
                0x0040287c                __floatunsidf
                0x0040287c                __aeabi_ui2d
                0x0040289c                __aeabi_i2d
                0x0040289c                __floatsidf
                0x004028c0                __extendsfdf2
                0x004028c0                __aeabi_f2d
                0x00402904                __floatundidf
                0x00402904                __aeabi_ul2d
                0x00402914                __aeabi_l2d
                0x00402914                __floatdidf
 .text          0x00402970      0x110 e:/matlabaddons/toolboxes/nxp_mbdtoolbox_s32k3xx/tools/build_tools/gcc_v10.2/gcc-10.2-arm32-eabi/bin/../lib/gcc/arm-none-eabi/10.2.0/thumb/v7e-m+fp/hard\libgcc.a(_arm_cmpdf2.o)
                0x00402970                __gtdf2
                0x00402970                __gedf2
                0x00402978                __ltdf2
                0x00402978                __ledf2
                0x00402980                __nedf2
                0x00402980                __cmpdf2
                0x00402980                __eqdf2
                0x004029fc                __aeabi_cdrcmple
                0x00402a0c                __aeabi_cdcmple
                0x00402a0c                __aeabi_cdcmpeq
                0x00402a1c                __aeabi_dcmpeq
                0x00402a30                __aeabi_dcmplt
                0x00402a44                __aeabi_dcmple
                0x00402a58                __aeabi_dcmpge
                0x00402a6c                __aeabi_dcmpgt
 .text          0x00402a80       0x30 e:/matlabaddons/toolboxes/nxp_mbdtoolbox_s32k3xx/tools/build_tools/gcc_v10.2/gcc-10.2-arm32-eabi/bin/../lib/gcc/arm-none-eabi/10.2.0/thumb/v7e-m+fp/hard\libgcc.a(_aeabi_uldivmod.o)
                0x00402a80                __aeabi_uldivmod
 .text          0x00402ab0      0x2d8 e:/matlabaddons/toolboxes/nxp_mbdtoolbox_s32k3xx/tools/build_tools/gcc_v10.2/gcc-10.2-arm32-eabi/bin/../lib/gcc/arm-none-eabi/10.2.0/thumb/v7e-m+fp/hard\libgcc.a(_udivmoddi4.o)
                0x00402ab0                __udivmoddi4
 .text          0x00402d88        0x4 e:/matlabaddons/toolboxes/nxp_mbdtoolbox_s32k3xx/tools/build_tools/gcc_v10.2/gcc-10.2-arm32-eabi/bin/../lib/gcc/arm-none-eabi/10.2.0/thumb/v7e-m+fp/hard\libgcc.a(_dvmd_tls.o)
                0x00402d88                __aeabi_idiv0
                0x00402d88                __aeabi_ldiv0
 *(.text*)
 .text.S32K344_LED_step
                0x00402d8c       0x78 S32K344_LED.o
                0x00402d8c                S32K344_LED_step
 .text.S32K344_LED_initialize
                0x00402e04       0x78 S32K344_LED.o
                0x00402e04                S32K344_LED_initialize
 .text.S32K344_LED_terminate
                0x00402e7c        0x4 S32K344_LED.o
                0x00402e7c                S32K344_LED_terminate
 .text.rt_ZCFcn
                0x00402e80       0x98 rt_zcfcn.o
                0x00402e80                rt_ZCFcn
 .text.FMSTR_InitPipes
                0x00402f18       0x10 freemaster_pipes.o
                0x00402f18                FMSTR_InitPipes
 .text.FMSTR_GetPipe
                0x00402f28       0x74 freemaster_pipes.o
                0x00402f28                FMSTR_GetPipe
 .text.FMSTR_PipeFrame
                0x00402f9c      0x1f4 freemaster_pipes.o
                0x00402f9c                FMSTR_PipeFrame
 .text.FMSTR_Init
                0x00403190       0x40 freemaster_protocol.o
                0x00403190                FMSTR_Init
 .text.FMSTR_Poll
                0x004031d0        0xc freemaster_protocol.o
                0x004031d0                FMSTR_Poll
 .text._FMSTR_GetBoardConfig
                0x004031dc      0x108 freemaster_protocol.o
                0x004031dc                _FMSTR_GetBoardConfig
 .text._FMSTR_WriteMem
                0x004032e4       0x40 freemaster_protocol.o
                0x004032e4                _FMSTR_WriteMem
 .text.FMSTR_ProtocolDecoder
                0x00403324      0x144 freemaster_protocol.o
                0x00403324                FMSTR_ProtocolDecoder
 .text._FMSTR_S32K3XX_Init
                0x00403468       0x10 freemaster_s32k3xx_lpuart.o
 .text._FMSTR_S32K3XX_IsTransmitRegEmpty
                0x00403478       0x10 freemaster_s32k3xx_lpuart.o
 .text._FMSTR_S32K3XX_IsReceiveRegFull
                0x00403488       0x20 freemaster_s32k3xx_lpuart.o
 .text._FMSTR_S32K3XX_IsTransmitterActive
                0x004034a8       0x14 freemaster_s32k3xx_lpuart.o
 .text._FMSTR_S32K3XX_PutChar
                0x004034bc        0xc freemaster_s32k3xx_lpuart.o
 .text._FMSTR_S32K3XX_GetChar
                0x004034c8       0x10 freemaster_s32k3xx_lpuart.o
 .text._FMSTR_S32K3XX_Flush
                0x004034d8        0x4 freemaster_s32k3xx_lpuart.o
 .text._FMSTR_S32K3XX_EnableTransmit
                0x004034dc       0x1c freemaster_s32k3xx_lpuart.o
 .text._FMSTR_S32K3XX_EnableReceive
                0x004034f8       0x1c freemaster_s32k3xx_lpuart.o
 .text._FMSTR_S32K3XX_EnableTransmitInterrupt
                0x00403514       0x1c freemaster_s32k3xx_lpuart.o
 .text._FMSTR_S32K3XX_EnableTransmitCompleteInterrupt
                0x00403530       0x1c freemaster_s32k3xx_lpuart.o
 .text._FMSTR_S32K3XX_EnableReceiveInterrupt
                0x0040354c       0x1c freemaster_s32k3xx_lpuart.o
 .text.FMSTR_SerialIsr
                0x00403568        0x4 freemaster_s32k3xx_lpuart.o
                0x00403568                FMSTR_SerialIsr
 .text.FMSTR_InitScope
                0x0040356c       0x14 freemaster_scope.o
                0x0040356c                FMSTR_InitScope
 .text.FMSTR_SetScope
                0x00403580       0xe4 freemaster_scope.o
                0x00403580                FMSTR_SetScope
 .text.FMSTR_ReadScope
                0x00403664       0x70 freemaster_scope.o
                0x00403664                FMSTR_ReadScope
 .text._FMSTR_Listen
                0x004036d4       0x4c freemaster_serial.o
 .text._FMSTR_SerialSendResponse
                0x00403720       0xcc freemaster_serial.o
 .text._FMSTR_SerialInit
                0x004037ec       0x74 freemaster_serial.o
 .text._FMSTR_SerialPoll
                0x00403860      0x168 freemaster_serial.o
 .text.FMSTR_ProcessSerial
                0x004039c8       0xb8 freemaster_serial.o
                0x004039c8                FMSTR_ProcessSerial
 .text.FMSTR_LebDecode
                0x00403a80       0x90 freemaster_utils.o
 .text.FMSTR_MemCpyFrom
                0x00403b10       0xb0 freemaster_utils.o
                0x00403b10                FMSTR_MemCpyFrom
 .text.FMSTR_MemCpyTo
                0x00403bc0       0xc0 freemaster_utils.o
                0x00403bc0                FMSTR_MemCpyTo
 .text.FMSTR_MemCpyToMasked
                0x00403c80      0x158 freemaster_utils.o
                0x00403c80                FMSTR_MemCpyToMasked
 .text.FMSTR_CopyToBuffer
                0x00403dd8       0x10 freemaster_utils.o
                0x00403dd8                FMSTR_CopyToBuffer
 .text.FMSTR_CopyFromBuffer
                0x00403de8       0x10 freemaster_utils.o
                0x00403de8                FMSTR_CopyFromBuffer
 .text.FMSTR_CopyFromBufferWithMask
                0x00403df8        0xc freemaster_utils.o
                0x00403df8                FMSTR_CopyFromBufferWithMask
 .text.FMSTR_AddressFromBuffer
                0x00403e04       0x64 freemaster_utils.o
                0x00403e04                FMSTR_AddressFromBuffer
 .text.FMSTR_SizeFromBuffer
                0x00403e68       0x64 freemaster_utils.o
                0x00403e68                FMSTR_SizeFromBuffer
 .text.FMSTR_IndexFromBuffer
                0x00403ecc       0x10 freemaster_utils.o
                0x00403ecc                FMSTR_IndexFromBuffer
 .text.FMSTR_UlebEncode
                0x00403edc       0xb0 freemaster_utils.o
                0x00403edc                FMSTR_UlebEncode
 .text.FMSTR_SizeToBuffer
                0x00403f8c       0x18 freemaster_utils.o
                0x00403f8c                FMSTR_SizeToBuffer
 .text.FMSTR_StringFromBuffer
                0x00403fa4       0x4c freemaster_utils.o
                0x00403fa4                FMSTR_StringFromBuffer
 .text.FMSTR_StringCopyToBuffer
                0x00403ff0       0x18 freemaster_utils.o
                0x00403ff0                FMSTR_StringCopyToBuffer
 .text.FMSTR_Crc8Init
                0x00404008        0x8 freemaster_utils.o
                0x00404008                FMSTR_Crc8Init
 .text.FMSTR_Crc8AddByte
                0x00404010       0x1c freemaster_utils.o
                0x00404010                FMSTR_Crc8AddByte
 .text._FMSTR_RingBuffCreate
                0x0040402c        0xc freemaster_utils.o
                0x0040402c                _FMSTR_RingBuffCreate
 .text._FMSTR_RingBuffPut
                0x00404038       0x20 freemaster_utils.o
                0x00404038                _FMSTR_RingBuffPut
 .text._FMSTR_RingBuffGet
                0x00404058       0x28 freemaster_utils.o
                0x00404058                _FMSTR_RingBuffGet
 .text._FMSTR_RingBuffHasData
                0x00404080        0xc freemaster_utils.o
                0x00404080                _FMSTR_RingBuffHasData
 .text._FMSTR_StrCmp
                0x0040408c       0x2c freemaster_utils.o
                0x0040408c                _FMSTR_StrCmp
 .text._FMSTR_StrLen
                0x004040b8       0x18 freemaster_utils.o
                0x004040b8                _FMSTR_StrLen
 .text._FMSTR_MemSet
                0x004040d0        0x8 freemaster_utils.o
                0x004040d0                _FMSTR_MemSet
 .text.Gpt_PitNotification
                0x004040d8        0x4 mbdt_board_init.o
                0x004040d8                Gpt_PitNotification
 .text.Adc_Adc0Group0Notification
                0x004040dc        0x4 mbdt_board_init.o
                0x004040dc                Adc_Adc0Group0Notification
 .text.Adc_Adc0Group1Notification
                0x004040e0        0x4 mbdt_board_init.o
                0x004040e0                Adc_Adc0Group1Notification
 .text.Adc_Adc1Group0Notification
                0x004040e4        0x4 mbdt_board_init.o
                0x004040e4                Adc_Adc1Group0Notification
 .text.Adc_Adc1Group1Notification
                0x004040e8        0x4 mbdt_board_init.o
                0x004040e8                Adc_Adc1Group1Notification
 .text.Adc_Adc2Group0Notification
                0x004040ec        0x4 mbdt_board_init.o
                0x004040ec                Adc_Adc2Group0Notification
 .text.Adc_Adc2Group1Notification
                0x004040f0        0x4 mbdt_board_init.o
                0x004040f0                Adc_Adc2Group1Notification
 .text.Adc1_CtuNewDataNotification
                0x004040f4        0x4 mbdt_board_init.o
                0x004040f4                Adc1_CtuNewDataNotification
 .text.Adc2_CtuNewDataNotification
                0x004040f8        0x4 mbdt_board_init.o
                0x004040f8                Adc2_CtuNewDataNotification
 .text.Adc1_CtuDataOverrunNotification
                0x004040fc        0x4 mbdt_board_init.o
                0x004040fc                Adc1_CtuDataOverrunNotification
 .text.Adc2_CtuDataOverrunNotification
                0x00404100        0x4 mbdt_board_init.o
                0x00404100                Adc2_CtuDataOverrunNotification
 .text.Adc1_CtuListLastNotification
                0x00404104        0x4 mbdt_board_init.o
                0x00404104                Adc1_CtuListLastNotification
 .text.Adc2_ListLastNotification
                0x00404108        0x4 mbdt_board_init.o
                0x00404108                Adc2_ListLastNotification
 .text.CanIf_ControllerBusOff
                0x0040410c        0x4 mbdt_board_init.o
                0x0040410c                CanIf_ControllerBusOff
 .text.CanIf_TxConfirmation
                0x00404110        0x4 mbdt_board_init.o
                0x00404110                CanIf_TxConfirmation
 .text.CanIf_RxIndication
                0x00404114        0x4 mbdt_board_init.o
                0x00404114                CanIf_RxIndication
 .text.MBDT_FlexCAN0_FifoOverflowNotif
                0x00404118        0x4 mbdt_board_init.o
                0x00404118                MBDT_FlexCAN0_FifoOverflowNotif
 .text.MBDT_SPI_end_sequence1_callback
                0x0040411c        0x4 mbdt_board_init.o
                0x0040411c                MBDT_SPI_end_sequence1_callback
 .text.MBDT_SPI_end_job0_callback
                0x00404120        0x4 mbdt_board_init.o
                0x00404120                MBDT_SPI_end_job0_callback
 .text.PwmChannel_0_Callback
                0x00404124        0x4 mbdt_board_init.o
                0x00404124                PwmChannel_0_Callback
 .text.PwmChannel_1_Callback
                0x00404128        0x4 mbdt_board_init.o
                0x00404128                PwmChannel_1_Callback
 .text.PwmChannel_2_Callback
                0x0040412c        0x4 mbdt_board_init.o
                0x0040412c                PwmChannel_2_Callback
 .text.PwmChannel_3_Callback
                0x00404130        0x4 mbdt_board_init.o
                0x00404130                PwmChannel_3_Callback
 .text.PwmChannel_4_Callback
                0x00404134        0x4 mbdt_board_init.o
                0x00404134                PwmChannel_4_Callback
 .text.PwmChannel_5_Callback
                0x00404138        0x4 mbdt_board_init.o
                0x00404138                PwmChannel_5_Callback
 .text.PwmChannel_6_Callback
                0x0040413c        0x4 mbdt_board_init.o
                0x0040413c                PwmChannel_6_Callback
 .text.PwmChannel_7_Callback
                0x00404140        0x4 mbdt_board_init.o
                0x00404140                PwmChannel_7_Callback
 .text.PwmChannel_8_Callback
                0x00404144        0x4 mbdt_board_init.o
                0x00404144                PwmChannel_8_Callback
 .text.MBDT_ICU_OverflowNotif
                0x00404148        0x4 mbdt_board_init.o
                0x00404148                MBDT_ICU_OverflowNotif
 .text.MBDT_USER_SW0_callback
                0x0040414c        0x4 mbdt_board_init.o
                0x0040414c                MBDT_USER_SW0_callback
 .text.MBDT_ICU_Timestamp_Callback
                0x00404150        0x4 mbdt_board_init.o
                0x00404150                MBDT_ICU_Timestamp_Callback
 .text.MBDT_Uart_Callback
                0x00404154        0x4 mbdt_board_init.o
                0x00404154                MBDT_Uart_Callback
 .text.LinIf_TxConfirmation
                0x00404158        0x4 mbdt_board_init.o
                0x00404158                LinIf_TxConfirmation
 .text.LinIf_RxIndication
                0x0040415c        0x4 mbdt_board_init.o
                0x0040415c                LinIf_RxIndication
 .text.LinIf_LinErrorIndication
                0x00404160        0x4 mbdt_board_init.o
                0x00404160                LinIf_LinErrorIndication
 .text.LinIf_HeaderIndication
                0x00404164        0x4 mbdt_board_init.o
                0x00404164                LinIf_HeaderIndication
 .text.MBDT_I2c_Callback
                0x00404168        0x4 mbdt_board_init.o
                0x00404168                MBDT_I2c_Callback
 .text.MBDT_Mem_AccessCode_Callback
                0x0040416c        0x4 mbdt_board_init.o
                0x0040416c                MBDT_Mem_AccessCode_Callback
 .text.MBDT_Mem_StartFlashAccess_Notification
                0x00404170        0x4 mbdt_board_init.o
                0x00404170                MBDT_Mem_StartFlashAccess_Notification
 .text.MBDT_Mem_FinishedFlashAccess_Notification
                0x00404174        0x4 mbdt_board_init.o
                0x00404174                MBDT_Mem_FinishedFlashAccess_Notification
 .text.board_init
                0x00404178       0xa8 mbdt_board_init.o
                0x00404178                board_init
 .text.LPUART_Uart_SetBaudRate
                0x00404220       0xe0 mbdt_lpuart.o
                0x00404220                LPUART_Uart_SetBaudRate
 .text.MBDT_Step_Handler
                0x00404300       0x28 s32k3_trigger_config.o
                0x00404300                MBDT_Step_Handler
 .text.s32k3_trigger_config
                0x00404328       0x4c s32k3_trigger_config.o
                0x00404328                s32k3_trigger_config
 .text.NMI_Handler
                0x00404374        0x4 exceptions.o
                0x00404374                NMI_Handler
 .text.HardFault_Handler
                0x00404378        0x4 exceptions.o
                0x00404378                HardFault_Handler
 .text.MemManage_Handler
                0x0040437c        0x4 exceptions.o
                0x0040437c                MemManage_Handler
 .text.BusFault_Handler
                0x00404380        0x4 exceptions.o
                0x00404380                BusFault_Handler
 .text.UsageFault_Handler
                0x00404384        0x4 exceptions.o
                0x00404384                UsageFault_Handler
 .text.SVC_Handler
                0x00404388        0x4 exceptions.o
                0x00404388                SVC_Handler
 .text.DebugMon_Handler
                0x0040438c        0x4 exceptions.o
                0x0040438c                DebugMon_Handler
 .text.PendSV_Handler
                0x00404390        0x4 exceptions.o
                0x00404390                PendSV_Handler
 .text.SysTick_Handler
                0x00404394        0x4 exceptions.o
                0x00404394                SysTick_Handler
 .text.undefined_handler
                0x00404398        0x4 exceptions.o
                0x00404398                undefined_handler
 .text.NVIC_EnableIRQ
                0x0040439c       0x18 nvic.o
                0x0040439c                NVIC_EnableIRQ
 .text.NVIC_DisableIRQ
                0x004043b4       0x18 nvic.o
                0x004043b4                NVIC_DisableIRQ
 .text.NVIC_SetPriority
                0x004043cc       0x10 nvic.o
                0x004043cc                NVIC_SetPriority
 .text.init_data_bss
                0x004043dc       0x9c startup.o
                0x004043dc                init_data_bss
 .text.init_data_bss_core2
                0x00404478       0x74 startup.o
                0x00404478                init_data_bss_core2
 .text.sys_disableIsrSource
                0x004044ec        0x4 sys_init.o
                0x004044ec                sys_disableIsrSource
 .text.sys_enableIsrSource
                0x004044f0       0x14 sys_init.o
                0x004044f0                sys_enableIsrSource
 .text.sys_registerIsrHandler
                0x00404504       0x14 sys_init.o
                0x00404504                sys_registerIsrHandler
 .text.startup_go_to_user_mode
                0x00404518        0x4 system.o
                0x00404518                startup_go_to_user_mode
 .text.Sys_GetCoreID
                0x0040451c       0x10 system.o
                0x0040451c                Sys_GetCoreID
 .text.SystemInit
                0x0040452c      0x2f4 system.o
                0x0040452c                SystemInit
 .text.Enable_FPU
                0x00404820       0x1c system.o
                0x00404820                Enable_FPU
 .text.Adc_Init
                0x0040483c      0x12c Adc.o
                0x0040483c                Adc_Init
 .text.Adc_Ipw_RemoveFromQueue
                0x00404968       0x60 Adc_Ipw.o
                0x00404968                Adc_Ipw_RemoveFromQueue
 .text.Adc_Ipw_GetCmrRegister
                0x004049c8       0x64 Adc_Ipw.o
                0x004049c8                Adc_Ipw_GetCmrRegister
 .text.Adc_Ipw_ClearValidBit
                0x00404a2c       0x60 Adc_Ipw.o
                0x00404a2c                Adc_Ipw_ClearValidBit
 .text.Adc_Ipw_Init
                0x00404a8c       0x80 Adc_Ipw.o
                0x00404a8c                Adc_Ipw_Init
 .text.Adc_Ipw_StartNormalConversion
                0x00404b0c       0xb8 Adc_Ipw.o
                0x00404b0c                Adc_Ipw_StartNormalConversion
 .text.Adc_Ipw_CheckConversionValuesInRange
                0x00404bc4       0xa4 Adc_Ipw.o
                0x00404bc4                Adc_Ipw_CheckConversionValuesInRange
 .text.Adc_GetCoreID
                0x00404c68        0x4 Adc_Ipw.o
                0x00404c68                Adc_GetCoreID
 .text.Adc_Ipw_RecordResult
                0x00404c6c      0x168 Adc_Ipw_Irq.o
 .text.Adc_Ipw_UpdateGroupState.constprop.0
                0x00404dd4      0x1c8 Adc_Ipw_Irq.o
 .text.Adc_Ipw_Adc0EndNormalChainNotification
                0x00404f9c       0xc8 Adc_Ipw_Irq.o
                0x00404f9c                Adc_Ipw_Adc0EndNormalChainNotification
 .text.Adc_Ipw_Adc1EndNormalChainNotification
                0x00405064       0xc8 Adc_Ipw_Irq.o
                0x00405064                Adc_Ipw_Adc1EndNormalChainNotification
 .text.Adc_Ipw_Adc2EndNormalChainNotification
                0x0040512c       0xc8 Adc_Ipw_Irq.o
                0x0040512c                Adc_Ipw_Adc2EndNormalChainNotification
 .text.Adc_Sar_Ip_IRQHandler
                0x004051f4      0x16c Adc_Sar_Ip.o
                0x004051f4                Adc_Sar_Ip_IRQHandler
 .text.Adc_Sar_Ip_ChainConfig
                0x00405360       0x60 Adc_Sar_Ip.o
                0x00405360                Adc_Sar_Ip_ChainConfig
 .text.Adc_Sar_Ip_StartConversion
                0x004053c0       0x38 Adc_Sar_Ip.o
                0x004053c0                Adc_Sar_Ip_StartConversion
 .text.Adc_Sar_Ip_ClearStatusFlags
                0x004053f8       0x24 Adc_Sar_Ip.o
                0x004053f8                Adc_Sar_Ip_ClearStatusFlags
 .text.Adc_Sar_Ip_GetConvData
                0x0040541c       0xa4 Adc_Sar_Ip.o
                0x0040541c                Adc_Sar_Ip_GetConvData
 .text.Adc_Sar_Ip_GetConvResult
                0x004054c0       0xc0 Adc_Sar_Ip.o
                0x004054c0                Adc_Sar_Ip_GetConvResult
 .text.Adc_Sar_Ip_Powerup
                0x00405580       0x64 Adc_Sar_Ip.o
                0x00405580                Adc_Sar_Ip_Powerup
 .text.Adc_Sar_Ip_Powerdown
                0x004055e4       0x68 Adc_Sar_Ip.o
                0x004055e4                Adc_Sar_Ip_Powerdown
 .text.Adc_Sar_Ip_EnableNotifications
                0x0040564c       0x24 Adc_Sar_Ip.o
                0x0040564c                Adc_Sar_Ip_EnableNotifications
 .text.Adc_Sar_Ip_DisableNotifications
                0x00405670       0x28 Adc_Sar_Ip.o
                0x00405670                Adc_Sar_Ip_DisableNotifications
 .text.Adc_Sar_Ip_SetSampleTimes
                0x00405698       0x34 Adc_Sar_Ip.o
                0x00405698                Adc_Sar_Ip_SetSampleTimes
 .text.Adc_Sar_Ip_SetAveraging
                0x004056cc       0x3c Adc_Sar_Ip.o
                0x004056cc                Adc_Sar_Ip_SetAveraging
 .text.Adc_Sar_Ip_AbortChain
                0x00405708       0x74 Adc_Sar_Ip.o
                0x00405708                Adc_Sar_Ip_AbortChain
 .text.Adc_Sar_Ip_SetWdgThreshold
                0x0040577c       0xb8 Adc_Sar_Ip.o
                0x0040577c                Adc_Sar_Ip_SetWdgThreshold
 .text.Adc_Sar_Ip_Init
                0x00405834      0x448 Adc_Sar_Ip.o
                0x00405834                Adc_Sar_Ip_Init
 .text.Adc_Sar_Ip_SetConversionMode
                0x00405c7c       0x38 Adc_Sar_Ip.o
                0x00405c7c                Adc_Sar_Ip_SetConversionMode
 .text.Adc_Sar_0_Isr
                0x00405cb4        0x8 Adc_Sar_Ip_Irq.o
                0x00405cb4                Adc_Sar_0_Isr
 .text.Adc_Sar_1_Isr
                0x00405cbc        0x8 Adc_Sar_Ip_Irq.o
                0x00405cbc                Adc_Sar_1_Isr
 .text.Adc_Sar_2_Isr
                0x00405cc4        0x8 Adc_Sar_Ip_Irq.o
                0x00405cc4                Adc_Sar_2_Isr
 .text.Bctu_Ip_IRQHandler
                0x00405ccc      0x184 Bctu_Ip.o
                0x00405ccc                Bctu_Ip_IRQHandler
 .text.Bctu_0_Isr
                0x00405e50        0x8 Bctu_Ip_Irq.o
                0x00405e50                Bctu_0_Isr
 .text.C40_Ip_GetBlockNumberFromAddress
                0x00405e58       0x4c C40_Ip.o
                0x00405e58                C40_Ip_GetBlockNumberFromAddress
 .text.C40_Ip_Init
                0x00405ea4       0x70 C40_Ip.o
                0x00405ea4                C40_Ip_Init
 .text.I2c_Init
                0x00405f14       0xa4 CDD_I2c.o
                0x00405f14                I2c_Init
 .text.Mcl_Init
                0x00405fb8       0x9c CDD_Mcl.o
                0x00405fb8                Mcl_Init
 .text.Uart_Init
                0x00406054       0x5c CDD_Uart.o
                0x00406054                Uart_Init
 .text.Can_43_FLEXCAN_Init
                0x004060b0       0x90 Can_43_FLEXCAN.o
                0x004060b0                Can_43_FLEXCAN_Init
 .text.Can_43_FLEXCAN_ProcessMesgBufferCommonInterrupt
                0x00406140       0x2c Can_43_FLEXCAN.o
                0x00406140                Can_43_FLEXCAN_ProcessMesgBufferCommonInterrupt
 .text.Can_43_FLEXCAN_ProcessBusOffInterrupt
                0x0040616c       0x38 Can_43_FLEXCAN.o
                0x0040616c                Can_43_FLEXCAN_ProcessBusOffInterrupt
 .text.Can_Ipw_InitRx
                0x004061a4      0x238 Can_43_FLEXCAN_Ipw.o
 .text.Can_Ipw_ParseData
                0x004063dc       0x78 Can_43_FLEXCAN_Ipw.o
 .text.Can_43_FLEXCAN_Ipw_ProcessRxMesgBuffer
                0x00406454       0xb8 Can_43_FLEXCAN_Ipw.o
 .text.Can_43_FLEXCAN_Ipw_Init
                0x0040650c      0x10c Can_43_FLEXCAN_Ipw.o
                0x0040650c                Can_43_FLEXCAN_Ipw_Init
 .text.Can_43_FLEXCAN_Ipw_SetControllerToStopMode
                0x00406618       0x80 Can_43_FLEXCAN_Ipw.o
                0x00406618                Can_43_FLEXCAN_Ipw_SetControllerToStopMode
 .text.Can_43_FLEXCAN_Ipw_ProcessHwObject
                0x00406698       0xac Can_43_FLEXCAN_Ipw.o
                0x00406698                Can_43_FLEXCAN_Ipw_ProcessHwObject
 .text.Can_43_FLEXCAN_CommonIrqCallback
                0x00406744       0x84 Can_43_FLEXCAN_Irq.o
                0x00406744                Can_43_FLEXCAN_CommonIrqCallback
 .text.Can_43_FLEXCAN_ErrorIrqCallback
                0x004067c8        0xc Can_43_FLEXCAN_Irq.o
                0x004067c8                Can_43_FLEXCAN_ErrorIrqCallback
 .text.Clock_Ip_NotificatonsEmptyCallback
                0x004067d4        0x4 Clock_Ip.o
 .text.Clock_Ip_DistributePll.part.0
                0x004067d8       0xf8 Clock_Ip.o
 .text.Clock_Ip_InitClock
                0x004068d0      0x5f8 Clock_Ip.o
                0x004068d0                Clock_Ip_InitClock
 .text.Clock_Ip_GetPllStatus
                0x00406ec8       0x84 Clock_Ip.o
                0x00406ec8                Clock_Ip_GetPllStatus
 .text.Clock_Ip_DistributePll
                0x00406f4c       0x10 Clock_Ip.o
                0x00406f4c                Clock_Ip_DistributePll
 .text.Clock_Ip_GetClockFrequency
                0x00406f5c        0x4 Clock_Ip.o
                0x00406f5c                Clock_Ip_GetClockFrequency
 .text.Clock_Ip_ReportClockErrors
                0x00406f60        0xc Clock_Ip.o
                0x00406f60                Clock_Ip_ReportClockErrors
 .text.Clock_Ip_StartTimeout
                0x00406f6c       0x24 Clock_Ip.o
                0x00406f6c                Clock_Ip_StartTimeout
 .text.Clock_Ip_TimeoutExpired
                0x00406f90       0x1c Clock_Ip.o
                0x00406f90                Clock_Ip_TimeoutExpired
 .text.Clock_Ip_Callback_DividerEmpty
                0x00406fac        0x4 Clock_Ip_Divider.o
 .text.Clock_Ip_SetPllPll0divDeDivOutput
                0x00406fb0       0x48 Clock_Ip_Divider.o
 .text.Clock_Ip_SetPllPlldvOdiv2Output
                0x00406ff8       0x3c Clock_Ip_Divider.o
 .text.Clock_Ip_SetCgmXDeDivStatWithoutPhase
                0x00407034       0x9c Clock_Ip_Divider.o
 .text.Clock_Ip_Callback_DividerTriggerEmpty
                0x004070d0        0x4 Clock_Ip_DividerTrigger.o
 .text.Clock_Ip_ConfigureCgmXDivTrigCtrlTctlHhenUpdStat
                0x004070d4       0x48 Clock_Ip_DividerTrigger.o
 .text.Clock_Ip_TriggerUpdateCgmXDivTrigCtrlTctlHhenUpdStat
                0x0040711c       0x70 Clock_Ip_DividerTrigger.o
 .text.Clock_Ip_ExternalOscillatorEmpty
                0x0040718c        0x4 Clock_Ip_ExtOsc.o
 .text.Clock_Ip_DisableClockIpExternalOscillatorEmpty
                0x00407190        0x4 Clock_Ip_ExtOsc.o
 .text.Clock_Ip_ResetFxoscOsconBypEocvGmSel
                0x00407194       0x24 Clock_Ip_ExtOsc.o
 .text.Clock_Ip_DisableFxoscOsconBypEocvGmSel
                0x004071b8       0x20 Clock_Ip_ExtOsc.o
 .text.Clock_Ip_EnableFxoscOsconBypEocvGmSel
                0x004071d8       0x2c Clock_Ip_ExtOsc.o
 .text.Clock_Ip_CompleteSxoscOsconEocv
                0x00407204       0x6c Clock_Ip_ExtOsc.o
 .text.Clock_Ip_CompleteFxoscOsconBypEocvGmSel
                0x00407270       0x74 Clock_Ip_ExtOsc.o
 .text.Clock_Ip_SetSxoscOsconEocv
                0x004072e4       0x50 Clock_Ip_ExtOsc.o
 .text.Clock_Ip_SetFxoscOsconBypEocvGmSel
                0x00407334       0x5c Clock_Ip_ExtOsc.o
 .text.Clock_Ip_EnableSxoscOsconEocv
                0x00407390        0x4 Clock_Ip_ExtOsc.o
 .text.Clock_Ip_DisableSxoscOsconEocv
                0x00407394        0x4 Clock_Ip_ExtOsc.o
 .text.Clock_Ip_ResetSxoscOsconEocv
                0x00407398       0x24 Clock_Ip_ExtOsc.o
 .text.Clock_Ip_CallbackFracDivEmpty
                0x004073bc        0x4 Clock_Ip_FracDiv.o
 .text.Clock_Ip_CallbackFracDivEmptyComplete
                0x004073c0        0x4 Clock_Ip_FracDiv.o
 .text.Clock_Ip_Get_Zero_Frequency
                0x004073c4        0x4 Clock_Ip_Frequency.o
 .text.Clock_Ip_Get_FIRC_CLK_Frequency
                0x004073c8       0x24 Clock_Ip_Frequency.o
 .text.Clock_Ip_Get_FIRC_STANDBY_CLK_Frequency
                0x004073ec       0x40 Clock_Ip_Frequency.o
 .text.Clock_Ip_Get_SIRC_CLK_Frequency
                0x0040742c        0x8 Clock_Ip_Frequency.o
 .text.Clock_Ip_Get_SIRC_STANDBY_CLK_Frequency
                0x00407434       0x1c Clock_Ip_Frequency.o
 .text.Clock_Ip_Get_FXOSC_CLK_Frequency
                0x00407450       0x34 Clock_Ip_Frequency.o
 .text.Clock_Ip_Get_SXOSC_CLK_Frequency
                0x00407484       0x34 Clock_Ip_Frequency.o
 .text.Clock_Ip_Get_emac_mii_rx_Frequency
                0x004074b8        0xc Clock_Ip_Frequency.o
 .text.Clock_Ip_Get_emac_mii_rmii_tx_Frequency
                0x004074c4        0xc Clock_Ip_Frequency.o
 .text.Clock_Ip_Get_CLKOUT_RUN_CLK_Frequency
                0x004074d0       0x40 Clock_Ip_Frequency.o
 .text.Clock_Ip_Get_CLKOUT_STANDBY_CLK_Frequency
                0x00407510       0x40 Clock_Ip_Frequency.o
 .text.Clock_Ip_Get_EMAC_RX_CLK_Frequency
                0x00407550       0x40 Clock_Ip_Frequency.o
 .text.Clock_Ip_Get_EMAC0_RX_CLK_Frequency
                0x00407590       0x24 Clock_Ip_Frequency.o
 .text.Clock_Ip_Get_EMAC_TS_CLK_Frequency
                0x004075b4       0x40 Clock_Ip_Frequency.o
 .text.Clock_Ip_Get_EMAC0_TS_CLK_Frequency
                0x004075f4       0x24 Clock_Ip_Frequency.o
 .text.Clock_Ip_Get_EMAC_TX_CLK_Frequency
                0x00407618       0x40 Clock_Ip_Frequency.o
 .text.Clock_Ip_Get_EMAC0_TX_CLK_Frequency
                0x00407658       0x24 Clock_Ip_Frequency.o
 .text.Clock_Ip_Get_FLEXCANA_CLK_Frequency
                0x0040767c       0x40 Clock_Ip_Frequency.o
 .text.Clock_Ip_Get_FLEXCAN0_CLK_Frequency
                0x004076bc       0x24 Clock_Ip_Frequency.o
 .text.Clock_Ip_Get_FLEXCAN1_CLK_Frequency
                0x004076e0       0x24 Clock_Ip_Frequency.o
 .text.Clock_Ip_Get_FLEXCAN2_CLK_Frequency
                0x00407704       0x24 Clock_Ip_Frequency.o
 .text.Clock_Ip_Get_FLEXCANB_CLK_Frequency
                0x00407728       0x40 Clock_Ip_Frequency.o
 .text.Clock_Ip_Get_FLEXCAN3_CLK_Frequency
                0x00407768       0x24 Clock_Ip_Frequency.o
 .text.Clock_Ip_Get_FLEXCAN4_CLK_Frequency
                0x0040778c       0x24 Clock_Ip_Frequency.o
 .text.Clock_Ip_Get_FLEXCAN5_CLK_Frequency
                0x004077b0       0x24 Clock_Ip_Frequency.o
 .text.Clock_Ip_Get_QSPI_SFCK_CLK_Frequency
                0x004077d4       0x40 Clock_Ip_Frequency.o
 .text.Clock_Ip_Get_QSPI0_CLK_Frequency
                0x00407814       0x24 Clock_Ip_Frequency.o
 .text.Clock_Ip_Get_STMA_CLK_Frequency
                0x00407838       0x40 Clock_Ip_Frequency.o
 .text.Clock_Ip_Get_STM0_CLK_Frequency
                0x00407878       0x24 Clock_Ip_Frequency.o
 .text.Clock_Ip_Get_STMB_CLK_Frequency
                0x0040789c       0x40 Clock_Ip_Frequency.o
 .text.Clock_Ip_Get_STM1_CLK_Frequency
                0x004078dc       0x24 Clock_Ip_Frequency.o
 .text.Clock_Ip_Get_SWT0_CLK_Frequency
                0x00407900       0x20 Clock_Ip_Frequency.o
 .text.Clock_Ip_Get_TRACE_CLK_Frequency
                0x00407920       0x40 Clock_Ip_Frequency.o
 .text.Clock_Ip_Get_RTC_CLK_Frequency
                0x00407960       0x18 Clock_Ip_Frequency.o
 .text.Clock_Ip_Get_RTC0_CLK_Frequency
                0x00407978       0x38 Clock_Ip_Frequency.o
 .text.Clock_Ip_Get_PLL_CLK_Frequency
                0x004079b0      0x138 Clock_Ip_Frequency.o
 .text.Clock_Ip_Get_PLL_POSTDIV_CLK_Frequency
                0x00407ae8       0x20 Clock_Ip_Frequency.o
 .text.Clock_Ip_Get_PLL_PHI0_Frequency
                0x00407b08       0x44 Clock_Ip_Frequency.o
 .text.Clock_Ip_Get_SCS_CLK_Frequency
                0x00407b4c       0x38 Clock_Ip_Frequency.o
 .text.Clock_Ip_Get_PLL_PHI1_Frequency
                0x00407b84       0x44 Clock_Ip_Frequency.o
 .text.Clock_Ip_Get_CORE_CLK_Frequency
                0x00407bc8       0x60 Clock_Ip_Frequency.o
 .text.Clock_Ip_Get_TEMPSENSE_CLK_Frequency
                0x00407c28       0x20 Clock_Ip_Frequency.o
 .text.Clock_Ip_Get_LCU1_CLK_Frequency
                0x00407c48       0x24 Clock_Ip_Frequency.o
 .text.Clock_Ip_Get_LCU0_CLK_Frequency
                0x00407c6c       0x24 Clock_Ip_Frequency.o
 .text.Clock_Ip_Get_EMIOS2_CLK_Frequency
                0x00407c90       0x24 Clock_Ip_Frequency.o
 .text.Clock_Ip_Get_EMIOS1_CLK_Frequency
                0x00407cb4       0x24 Clock_Ip_Frequency.o
 .text.Clock_Ip_Get_EMIOS0_CLK_Frequency
                0x00407cd8       0x24 Clock_Ip_Frequency.o
 .text.Clock_Ip_Get_EDMA0_TCD31_CLK_Frequency
                0x00407cfc       0x24 Clock_Ip_Frequency.o
 .text.Clock_Ip_Get_EDMA0_TCD30_CLK_Frequency
                0x00407d20       0x24 Clock_Ip_Frequency.o
 .text.Clock_Ip_Get_EDMA0_TCD29_CLK_Frequency
                0x00407d44       0x24 Clock_Ip_Frequency.o
 .text.Clock_Ip_Get_EDMA0_TCD28_CLK_Frequency
                0x00407d68       0x24 Clock_Ip_Frequency.o
 .text.Clock_Ip_Get_EDMA0_TCD27_CLK_Frequency
                0x00407d8c       0x24 Clock_Ip_Frequency.o
 .text.Clock_Ip_Get_EDMA0_TCD26_CLK_Frequency
                0x00407db0       0x24 Clock_Ip_Frequency.o
 .text.Clock_Ip_Get_EDMA0_TCD25_CLK_Frequency
                0x00407dd4       0x24 Clock_Ip_Frequency.o
 .text.Clock_Ip_Get_EDMA0_TCD24_CLK_Frequency
                0x00407df8       0x24 Clock_Ip_Frequency.o
 .text.Clock_Ip_Get_EDMA0_TCD23_CLK_Frequency
                0x00407e1c       0x24 Clock_Ip_Frequency.o
 .text.Clock_Ip_Get_EDMA0_TCD22_CLK_Frequency
                0x00407e40       0x24 Clock_Ip_Frequency.o
 .text.Clock_Ip_Get_EDMA0_TCD21_CLK_Frequency
                0x00407e64       0x24 Clock_Ip_Frequency.o
 .text.Clock_Ip_Get_EDMA0_TCD20_CLK_Frequency
                0x00407e88       0x24 Clock_Ip_Frequency.o
 .text.Clock_Ip_Get_EDMA0_TCD19_CLK_Frequency
                0x00407eac       0x24 Clock_Ip_Frequency.o
 .text.Clock_Ip_Get_EDMA0_TCD18_CLK_Frequency
                0x00407ed0       0x24 Clock_Ip_Frequency.o
 .text.Clock_Ip_Get_EDMA0_TCD17_CLK_Frequency
                0x00407ef4       0x24 Clock_Ip_Frequency.o
 .text.Clock_Ip_Get_EDMA0_TCD16_CLK_Frequency
                0x00407f18       0x24 Clock_Ip_Frequency.o
 .text.Clock_Ip_Get_EDMA0_TCD15_CLK_Frequency
                0x00407f3c       0x24 Clock_Ip_Frequency.o
 .text.Clock_Ip_Get_EDMA0_TCD14_CLK_Frequency
                0x00407f60       0x24 Clock_Ip_Frequency.o
 .text.Clock_Ip_Get_EDMA0_TCD13_CLK_Frequency
                0x00407f84       0x24 Clock_Ip_Frequency.o
 .text.Clock_Ip_Get_EDMA0_TCD12_CLK_Frequency
                0x00407fa8       0x24 Clock_Ip_Frequency.o
 .text.Clock_Ip_Get_EDMA0_TCD11_CLK_Frequency
                0x00407fcc       0x24 Clock_Ip_Frequency.o
 .text.Clock_Ip_Get_EDMA0_TCD10_CLK_Frequency
                0x00407ff0       0x24 Clock_Ip_Frequency.o
 .text.Clock_Ip_Get_EDMA0_TCD9_CLK_Frequency
                0x00408014       0x24 Clock_Ip_Frequency.o
 .text.Clock_Ip_Get_EDMA0_TCD8_CLK_Frequency
                0x00408038       0x24 Clock_Ip_Frequency.o
 .text.Clock_Ip_Get_EDMA0_TCD7_CLK_Frequency
                0x0040805c       0x24 Clock_Ip_Frequency.o
 .text.Clock_Ip_Get_EDMA0_TCD6_CLK_Frequency
                0x00408080       0x24 Clock_Ip_Frequency.o
 .text.Clock_Ip_Get_EDMA0_TCD5_CLK_Frequency
                0x004080a4       0x24 Clock_Ip_Frequency.o
 .text.Clock_Ip_Get_EDMA0_TCD4_CLK_Frequency
                0x004080c8       0x24 Clock_Ip_Frequency.o
 .text.Clock_Ip_Get_EDMA0_TCD3_CLK_Frequency
                0x004080ec       0x24 Clock_Ip_Frequency.o
 .text.Clock_Ip_Get_EDMA0_TCD2_CLK_Frequency
                0x00408110       0x24 Clock_Ip_Frequency.o
 .text.Clock_Ip_Get_EDMA0_TCD1_CLK_Frequency
                0x00408134       0x24 Clock_Ip_Frequency.o
 .text.Clock_Ip_Get_EDMA0_TCD0_CLK_Frequency
                0x00408158       0x24 Clock_Ip_Frequency.o
 .text.Clock_Ip_Get_EDMA0_CLK_Frequency
                0x0040817c       0x24 Clock_Ip_Frequency.o
 .text.Clock_Ip_Get_DMAMUX1_CLK_Frequency
                0x004081a0       0x24 Clock_Ip_Frequency.o
 .text.Clock_Ip_Get_DMAMUX0_CLK_Frequency
                0x004081c4       0x24 Clock_Ip_Frequency.o
 .text.Clock_Ip_Get_BCTU0_CLK_Frequency
                0x004081e8       0x24 Clock_Ip_Frequency.o
 .text.Clock_Ip_Get_ADC2_CLK_Frequency
                0x0040820c       0x24 Clock_Ip_Frequency.o
 .text.Clock_Ip_Get_ADC1_CLK_Frequency
                0x00408230       0x24 Clock_Ip_Frequency.o
 .text.Clock_Ip_Get_ADC0_CLK_Frequency
                0x00408254       0x24 Clock_Ip_Frequency.o
 .text.Clock_Ip_Get_AIPS_PLAT_CLK_Frequency
                0x00408278       0x60 Clock_Ip_Frequency.o
 .text.Clock_Ip_Get_SEMA42_CLK_Frequency
                0x004082d8       0x24 Clock_Ip_Frequency.o
 .text.Clock_Ip_Get_MSCM_CLK_Frequency
                0x004082fc       0x24 Clock_Ip_Frequency.o
 .text.Clock_Ip_Get_LPUART8_CLK_Frequency
                0x00408320       0x24 Clock_Ip_Frequency.o
 .text.Clock_Ip_Get_LPUART0_CLK_Frequency
                0x00408344       0x24 Clock_Ip_Frequency.o
 .text.Clock_Ip_Get_LPSPI0_CLK_Frequency
                0x00408368       0x24 Clock_Ip_Frequency.o
 .text.Clock_Ip_Get_INTM_CLK_Frequency
                0x0040838c       0x20 Clock_Ip_Frequency.o
 .text.Clock_Ip_Get_FLEXIO0_CLK_Frequency
                0x004083ac       0x24 Clock_Ip_Frequency.o
 .text.Clock_Ip_Get_EIM_CLK_Frequency
                0x004083d0       0x24 Clock_Ip_Frequency.o
 .text.Clock_Ip_Get_CRC0_CLK_Frequency
                0x004083f4       0x24 Clock_Ip_Frequency.o
 .text.Clock_Ip_Get_AIPS_SLOW_CLK_Frequency
                0x00408418       0x60 Clock_Ip_Frequency.o
 .text.Clock_Ip_Get_WKPU0_CLK_Frequency
                0x00408478       0x24 Clock_Ip_Frequency.o
 .text.Clock_Ip_Get_TSENSE0_CLK_Frequency
                0x0040849c       0x24 Clock_Ip_Frequency.o
 .text.Clock_Ip_Get_TRGMUX0_CLK_Frequency
                0x004084c0       0x24 Clock_Ip_Frequency.o
 .text.Clock_Ip_Get_STCU0_CLK_Frequency
                0x004084e4       0x24 Clock_Ip_Frequency.o
 .text.Clock_Ip_Get_SIUL2_CLK_Frequency
                0x00408508       0x24 Clock_Ip_Frequency.o
 .text.Clock_Ip_Get_SAI1_CLK_Frequency
                0x0040852c       0x24 Clock_Ip_Frequency.o
 .text.Clock_Ip_Get_SAI0_CLK_Frequency
                0x00408550       0x24 Clock_Ip_Frequency.o
 .text.Clock_Ip_Get_PIT2_CLK_Frequency
                0x00408574       0x20 Clock_Ip_Frequency.o
 .text.Clock_Ip_Get_PIT1_CLK_Frequency
                0x00408594       0x24 Clock_Ip_Frequency.o
 .text.Clock_Ip_Get_PIT0_CLK_Frequency
                0x004085b8       0x24 Clock_Ip_Frequency.o
 .text.Clock_Ip_Get_LPUART15_CLK_Frequency
                0x004085dc       0x24 Clock_Ip_Frequency.o
 .text.Clock_Ip_Get_LPUART14_CLK_Frequency
                0x00408600       0x24 Clock_Ip_Frequency.o
 .text.Clock_Ip_Get_LPUART13_CLK_Frequency
                0x00408624       0x24 Clock_Ip_Frequency.o
 .text.Clock_Ip_Get_LPUART12_CLK_Frequency
                0x00408648       0x24 Clock_Ip_Frequency.o
 .text.Clock_Ip_Get_LPUART11_CLK_Frequency
                0x0040866c       0x24 Clock_Ip_Frequency.o
 .text.Clock_Ip_Get_LPUART10_CLK_Frequency
                0x00408690       0x24 Clock_Ip_Frequency.o
 .text.Clock_Ip_Get_LPUART9_CLK_Frequency
                0x004086b4       0x24 Clock_Ip_Frequency.o
 .text.Clock_Ip_Get_LPUART7_CLK_Frequency
                0x004086d8       0x24 Clock_Ip_Frequency.o
 .text.Clock_Ip_Get_LPUART6_CLK_Frequency
                0x004086fc       0x24 Clock_Ip_Frequency.o
 .text.Clock_Ip_Get_LPUART5_CLK_Frequency
                0x00408720       0x24 Clock_Ip_Frequency.o
 .text.Clock_Ip_Get_LPUART4_CLK_Frequency
                0x00408744       0x24 Clock_Ip_Frequency.o
 .text.Clock_Ip_Get_LPUART3_CLK_Frequency
                0x00408768       0x24 Clock_Ip_Frequency.o
 .text.Clock_Ip_Get_LPUART2_CLK_Frequency
                0x0040878c       0x24 Clock_Ip_Frequency.o
 .text.Clock_Ip_Get_LPUART1_CLK_Frequency
                0x004087b0       0x24 Clock_Ip_Frequency.o
 .text.Clock_Ip_Get_LPSPI5_CLK_Frequency
                0x004087d4       0x24 Clock_Ip_Frequency.o
 .text.Clock_Ip_Get_LPSPI4_CLK_Frequency
                0x004087f8       0x24 Clock_Ip_Frequency.o
 .text.Clock_Ip_Get_LPSPI3_CLK_Frequency
                0x0040881c       0x24 Clock_Ip_Frequency.o
 .text.Clock_Ip_Get_LPSPI2_CLK_Frequency
                0x00408840       0x24 Clock_Ip_Frequency.o
 .text.Clock_Ip_Get_LPSPI1_CLK_Frequency
                0x00408864       0x24 Clock_Ip_Frequency.o
 .text.Clock_Ip_Get_LPI2C1_CLK_Frequency
                0x00408888       0x24 Clock_Ip_Frequency.o
 .text.Clock_Ip_Get_LPI2C0_CLK_Frequency
                0x004088ac       0x24 Clock_Ip_Frequency.o
 .text.Clock_Ip_Get_ERM0_CLK_Frequency
                0x004088d0       0x24 Clock_Ip_Frequency.o
 .text.Clock_Ip_Get_CMP2_CLK_Frequency
                0x004088f4       0x24 Clock_Ip_Frequency.o
 .text.Clock_Ip_Get_CMP1_CLK_Frequency
                0x00408918       0x24 Clock_Ip_Frequency.o
 .text.Clock_Ip_Get_CMP0_CLK_Frequency
                0x0040893c       0x24 Clock_Ip_Frequency.o
 .text.Clock_Ip_Get_DCM_CLK_Frequency
                0x00408960       0x60 Clock_Ip_Frequency.o
 .text.Clock_Ip_Get_HSE_CLK_Frequency
                0x004089c0       0x60 Clock_Ip_Frequency.o
 .text.Clock_Ip_Get_QSPI_MEM_CLK_Frequency
                0x00408a20       0x60 Clock_Ip_Frequency.o
 .text.Clock_Ip_Get_LBIST_CLK_Frequency
                0x00408a80       0x60 Clock_Ip_Frequency.o
 .text.Clock_Ip_Get_QSPI0_RAM_CLK_Frequency
                0x00408ae0       0x78 Clock_Ip_Frequency.o
 .text.Clock_Ip_Get_QSPI0_TX_MEM_CLK_Frequency
                0x00408b58       0x78 Clock_Ip_Frequency.o
 .text.Clock_Ip_SetExternalOscillatorFrequency
                0x00408bd0       0x20 Clock_Ip_Frequency.o
                0x00408bd0                Clock_Ip_SetExternalOscillatorFrequency
 .text.Clock_Ip_GetFreq
                0x00408bf0        0xc Clock_Ip_Frequency.o
                0x00408bf0                Clock_Ip_GetFreq
 .text.Clock_Ip_SetExternalSignalFrequency
                0x00408bfc       0x2c Clock_Ip_Frequency.o
                0x00408bfc                Clock_Ip_SetExternalSignalFrequency
 .text.Clock_Ip_ClockSetGateEmpty
                0x00408c28        0x4 Clock_Ip_Gate.o
 .text.Clock_Ip_ClockUpdateGateEmpty
                0x00408c2c        0x4 Clock_Ip_Gate.o
 .text.Clock_Ip_ClockSetGateMcMePartitionCollectionClockRequest
                0x00408c30      0x128 Clock_Ip_Gate.o
 .text.Clock_Ip_ClockUpdateGateMcMePartitionCollectionClockRequest
                0x00408d58       0x20 Clock_Ip_Gate.o
 .text.Clock_Ip_InternalOscillatorEmpty
                0x00408d78        0x4 Clock_Ip_IntOsc.o
 .text.Clock_Ip_InternalOscillatorEmpty_Disable
                0x00408d7c        0x4 Clock_Ip_IntOsc.o
 .text.Clock_Ip_EnableFircStdby
                0x00408d80       0x10 Clock_Ip_IntOsc.o
 .text.Clock_Ip_DisableFircStdby
                0x00408d90       0x10 Clock_Ip_IntOsc.o
 .text.Clock_Ip_EnableSircStdby
                0x00408da0       0x10 Clock_Ip_IntOsc.o
 .text.Clock_Ip_DisableSircStdby
                0x00408db0       0x10 Clock_Ip_IntOsc.o
 .text.Clock_Ip_SetFircDivSelHSEb
                0x00408dc0       0x88 Clock_Ip_IntOsc.o
 .text.Clock_Ip_SetFircStdby
                0x00408e48       0x20 Clock_Ip_IntOsc.o
 .text.Clock_Ip_SetSircStdby
                0x00408e68       0x20 Clock_Ip_IntOsc.o
 .text.Clock_Ip_ClockMonitorEmpty
                0x00408e88        0x4 Clock_Ip_Monitor.o
 .text.Clock_Ip_ClockMonitorEmpty_Set
                0x00408e8c        0x4 Clock_Ip_Monitor.o
 .text.Clock_Ip_ClockMonitorEmpty_Disable
                0x00408e90        0x4 Clock_Ip_Monitor.o
 .text.Clock_Ip_SetCmuFcFceRefCntLfrefHfref
                0x00408e94      0x12c Clock_Ip_Monitor.o
 .text.Clock_Ip_EnableCmuFcFceRefCntLfrefHfref
                0x00408fc0       0x34 Clock_Ip_Monitor.o
 .text.Clock_Ip_DisableCmuFcFceRefCntLfrefHfref
                0x00408ff4       0x84 Clock_Ip_Monitor.o
 .text.Clock_Ip_ResetCmuFcFceRefCntLfrefHfref
                0x00409078        0xc Clock_Ip_Monitor.o
 .text.Clock_Ip_CallbackPllEmpty
                0x00409084        0x4 Clock_Ip_Pll.o
 .text.Clock_Ip_CallbackPllEmptyComplete
                0x00409088        0x4 Clock_Ip_Pll.o
 .text.Clock_Ip_CallbackPllEmptyDisable
                0x0040908c        0x4 Clock_Ip_Pll.o
 .text.Clock_Ip_ResetPllRdivMfiMfnOdiv2SdmenSsscgbypSpreadctlStepnoStepsize
                0x00409090       0x4c Clock_Ip_Pll.o
 .text.Clock_Ip_SetPllRdivMfiMfnOdiv2SdmenSsscgbypSpreadctlStepnoStepsize
                0x004090dc       0xa8 Clock_Ip_Pll.o
 .text.Clock_Ip_EnablePllRdivMfiMfnOdiv2SdmenSsscgbypSpreadctlStepnoStepsize
                0x00409184       0x2c Clock_Ip_Pll.o
 .text.Clock_Ip_CompletePllRdivMfiMfnOdiv2SdmenSsscgbypSpreadctlStepnoStepsize
                0x004091b0       0x64 Clock_Ip_Pll.o
 .text.Clock_Ip_ProgressiveFrequencyClockSwitchEmpty
                0x00409214        0x4 Clock_Ip_ProgFreqSwitch.o
 .text.Clock_Ip_CgmXPcfsSdurDivcDiveDivs
                0x00409218      0x154 Clock_Ip_ProgFreqSwitch.o
 .text.Clock_Ip_CallbackSelectorEmpty
                0x0040936c        0x4 Clock_Ip_Selector.o
 .text.Clock_Ip_ResetCgmXCscCssClkswSwip
                0x00409370       0x4c Clock_Ip_Selector.o
 .text.Clock_Ip_SetCgmXCscCssClkswRampupRampdownSwip
                0x004093bc      0x108 Clock_Ip_Selector.o
 .text.Clock_Ip_SetCgmXCscCssClkswSwip
                0x004094c4      0x108 Clock_Ip_Selector.o
 .text.Clock_Ip_SetCgmXCscCssCsGrip
                0x004095cc       0xd0 Clock_Ip_Selector.o
 .text.Clock_Ip_ResetCgmXCscCssCsGrip
                0x0040969c       0xa4 Clock_Ip_Selector.o
 .text.Clock_Ip_SetRtcRtccClksel
                0x00409740       0x28 Clock_Ip_Selector.o
 .text.Clock_Ip_ResetCgmXCscCssClkswRampupRampdownSwip
                0x00409768       0x4c Clock_Ip_Selector.o
 .text.Clock_Ip_PowerClockIpModules
                0x004097b4      0x26c Clock_Ip_Specific.o
                0x004097b4                Clock_Ip_PowerClockIpModules
 .text.Clock_Ip_McMeEnterKey
                0x00409a20       0x14 Clock_Ip_Specific.o
                0x00409a20                Clock_Ip_McMeEnterKey
 .text.Clock_Ip_Command
                0x00409a34       0x54 Clock_Ip_Specific.o
                0x00409a34                Clock_Ip_Command
 .text.Det_ReportError
                0x00409a88       0x38 Det.o
                0x00409a88                Det_ReportError
 .text.Det_ReportRuntimeError
                0x00409ac0       0x38 Det.o
                0x00409ac0                Det_ReportRuntimeError
 .text.Dio_WriteChannel
                0x00409af8       0x60 Dio.o
                0x00409af8                Dio_WriteChannel
 .text.Dio_Ipw_WriteChannel
                0x00409b58       0x38 Dio_Ipw.o
                0x00409b58                Dio_Ipw_WriteChannel
 .text.EcuM_CheckWakeup
                0x00409b90        0x4 EcuM.o
                0x00409b90                EcuM_CheckWakeup
 .text.Emios_Icu_Ip_SetActivation
                0x00409b94       0x60 Emios_Icu_Ip.o
                0x00409b94                Emios_Icu_Ip_SetActivation
 .text.Emios_Icu_Ip_Init
                0x00409bf4      0x264 Emios_Icu_Ip.o
                0x00409bf4                Emios_Icu_Ip_Init
 .text.Emios_Icu_Ip_StopTimestamp
                0x00409e58      0x108 Emios_Icu_Ip.o
                0x00409e58                Emios_Icu_Ip_StopTimestamp
 .text.Emios_Icu_Ip_ReadCounterBus
                0x00409f60      0x108 Emios_Icu_Ip_Irq.o
 .text.Emios_Icu_Ip_SignalMeasurementHandler.part.0
                0x0040a068      0x318 Emios_Icu_Ip_Irq.o
 .text.Emios_Icu_Ip_IrqHandler
                0x0040a380      0x324 Emios_Icu_Ip_Irq.o
                0x0040a380                Emios_Icu_Ip_IrqHandler
 .text.Emios_Mcl_Ip_Init
                0x0040a6a4      0x130 Emios_Mcl_Ip.o
                0x0040a6a4                Emios_Mcl_Ip_Init
 .text.Emios_Mcl_Ip_EnableChannel
                0x0040a7d4       0x1c Emios_Mcl_Ip.o
                0x0040a7d4                Emios_Mcl_Ip_EnableChannel
 .text.Emios_Mcl_Ip_GetCounterBusPeriod
                0x0040a7f0       0x14 Emios_Mcl_Ip.o
                0x0040a7f0                Emios_Mcl_Ip_GetCounterBusPeriod
 .text.EMIOS0_5_IRQ
                0x0040a804       0x24 Emios_Mcl_Ip_Irq.o
                0x0040a804                EMIOS0_5_IRQ
 .text.EMIOS0_3_IRQ
                0x0040a828       0x24 Emios_Mcl_Ip_Irq.o
                0x0040a828                EMIOS0_3_IRQ
 .text.EMIOS0_1_IRQ
                0x0040a84c       0x24 Emios_Mcl_Ip_Irq.o
                0x0040a84c                EMIOS0_1_IRQ
 .text.EMIOS1_5_IRQ
                0x0040a870       0x40 Emios_Mcl_Ip_Irq.o
                0x0040a870                EMIOS1_5_IRQ
 .text.EMIOS1_1_IRQ
                0x0040a8b0       0x24 Emios_Mcl_Ip_Irq.o
                0x0040a8b0                EMIOS1_1_IRQ
 .text.EMIOS1_0_IRQ
                0x0040a8d4       0x68 Emios_Mcl_Ip_Irq.o
                0x0040a8d4                EMIOS1_0_IRQ
 .text.EMIOS2_5_IRQ
                0x0040a93c       0x5c Emios_Mcl_Ip_Irq.o
                0x0040a93c                EMIOS2_5_IRQ
 .text.Emios_Pwm_Ip_InitChannel
                0x0040a998      0x39c Emios_Pwm_Ip.o
                0x0040a998                Emios_Pwm_Ip_InitChannel
 .text.Emios_Pwm_Ip_IrqHandler
                0x0040ad34       0xac Emios_Pwm_Ip_Irq.o
                0x0040ad34                Emios_Pwm_Ip_IrqHandler
 .text.FlexCAN_StartRxMessageEnhancedFifoData
                0x0040ade0       0x5c FlexCAN_Ip.o
 .text.FlexCAN_CompleteRxMessageFifoData
                0x0040ae3c       0x74 FlexCAN_Ip.o
 .text.FlexCAN_StartRxMessageBufferData
                0x0040aeb0       0x5c FlexCAN_Ip.o
 .text.FlexCAN_IRQHandlerEnhancedRxFIFO
                0x0040af0c      0x11c FlexCAN_Ip.o
 .text.FlexCAN_StartRxMessageFifoData.part.0
                0x0040b028       0xa4 FlexCAN_Ip.o
 .text.FlexCAN_IRQHandlerRxMB
                0x0040b0cc      0x118 FlexCAN_Ip.o
 .text.FlexCAN_IRQHandlerRxFIFO
                0x0040b1e4       0xa4 FlexCAN_Ip.o
 .text.FlexCAN_Ip_Init_Privileged
                0x0040b288      0x350 FlexCAN_Ip.o
                0x0040b288                FlexCAN_Ip_Init_Privileged
 .text.FlexCAN_Ip_ConfigRxMb
                0x0040b5d8       0xb8 FlexCAN_Ip.o
                0x0040b5d8                FlexCAN_Ip_ConfigRxMb
 .text.FlexCAN_Ip_Receive
                0x0040b690       0x54 FlexCAN_Ip.o
                0x0040b690                FlexCAN_Ip_Receive
 .text.FlexCAN_Ip_RxFifo
                0x0040b6e4       0x4c FlexCAN_Ip.o
                0x0040b6e4                FlexCAN_Ip_RxFifo
 .text.FlexCAN_Ip_ConfigRxFifo_Privileged
                0x0040b730       0x6c FlexCAN_Ip.o
                0x0040b730                FlexCAN_Ip_ConfigRxFifo_Privileged
 .text.FlexCAN_Ip_ConfigEnhancedRxFifo_Privileged
                0x0040b79c       0x74 FlexCAN_Ip.o
                0x0040b79c                FlexCAN_Ip_ConfigEnhancedRxFifo_Privileged
 .text.FlexCAN_IRQHandler
                0x0040b810      0x318 FlexCAN_Ip.o
                0x0040b810                FlexCAN_IRQHandler
 .text.FlexCAN_Busoff_Error_IRQHandler
                0x0040bb28       0xd4 FlexCAN_Ip.o
                0x0040bb28                FlexCAN_Busoff_Error_IRQHandler
 .text.FlexCAN_Ip_EnterFreezeMode_Privileged
                0x0040bbfc       0x10 FlexCAN_Ip.o
                0x0040bbfc                FlexCAN_Ip_EnterFreezeMode_Privileged
 .text.FlexCAN_Ip_SetRxIndividualMask_Privileged
                0x0040bc0c       0x88 FlexCAN_Ip.o
                0x0040bc0c                FlexCAN_Ip_SetRxIndividualMask_Privileged
 .text.FlexCAN_Ip_SetRxFifoGlobalMask_Privileged
                0x0040bc94       0x5c FlexCAN_Ip.o
                0x0040bc94                FlexCAN_Ip_SetRxFifoGlobalMask_Privileged
 .text.FlexCAN_Ip_SetStopMode_Privileged
                0x0040bcf0       0x2c FlexCAN_Ip.o
                0x0040bcf0                FlexCAN_Ip_SetStopMode_Privileged
 .text.FlexCAN_Ip_SetRxMaskType_Privileged
                0x0040bd1c       0x78 FlexCAN_Ip.o
                0x0040bd1c                FlexCAN_Ip_SetRxMaskType_Privileged
 .text.FlexCAN_Ip_SetTDCOffset_Privileged
                0x0040bd94       0xb4 FlexCAN_Ip.o
                0x0040bd94                FlexCAN_Ip_SetTDCOffset_Privileged
 .text.FlexCAN_Ip_SetTxArbitrationStartDelay_Privileged
                0x0040be48       0x88 FlexCAN_Ip.o
                0x0040be48                FlexCAN_Ip_SetTxArbitrationStartDelay_Privileged
 .text.FlexCAN_Ip_DisableInterrupts_Privileged
                0x0040bed0       0x54 FlexCAN_Ip.o
                0x0040bed0                FlexCAN_Ip_DisableInterrupts_Privileged
 .text.FlexCAN_Ip_AbortTransfer
                0x0040bf24      0x1f4 FlexCAN_Ip.o
                0x0040bf24                FlexCAN_Ip_AbortTransfer
 .text.FlexCAN_GetMsgBuffRegion
                0x0040c118       0x7c FlexCAN_Ip_HwAccess.o
                0x0040c118                FlexCAN_GetMsgBuffRegion
 .text.FlexCAN_EnterFreezeMode
                0x0040c194       0x68 FlexCAN_Ip_HwAccess.o
                0x0040c194                FlexCAN_EnterFreezeMode
 .text.FlexCAN_Enable
                0x0040c1fc       0x54 FlexCAN_Ip_HwAccess.o
                0x0040c1fc                FlexCAN_Enable
 .text.FlexCAN_Disable
                0x0040c250       0x58 FlexCAN_Ip_HwAccess.o
                0x0040c250                FlexCAN_Disable
 .text.FlexCAN_Init
                0x0040c2a8      0x164 FlexCAN_Ip_HwAccess.o
                0x0040c2a8                FlexCAN_Init
 .text.FlexCAN_EnableRxFifo
                0x0040c40c       0x9c FlexCAN_Ip_HwAccess.o
                0x0040c40c                FlexCAN_EnableRxFifo
 .text.FlexCAN_SetPayloadSize
                0x0040c4a8       0x8c FlexCAN_Ip_HwAccess.o
                0x0040c4a8                FlexCAN_SetPayloadSize
 .text.FlexCAN_GetMbPayloadSize
                0x0040c534       0x68 FlexCAN_Ip_HwAccess.o
                0x0040c534                FlexCAN_GetMbPayloadSize
 .text.FlexCAN_LockRxMsgBuff
                0x0040c59c        0xc FlexCAN_Ip_HwAccess.o
                0x0040c59c                FlexCAN_LockRxMsgBuff
 .text.FlexCAN_SetMsgBuffIntCmd
                0x0040c5a8       0xfc FlexCAN_Ip_HwAccess.o
                0x0040c5a8                FlexCAN_SetMsgBuffIntCmd
 .text.FLEXCAN_ClearMsgBuffIntCmd
                0x0040c6a4       0x9c FlexCAN_Ip_HwAccess.o
                0x0040c6a4                FLEXCAN_ClearMsgBuffIntCmd
 .text.FlexCAN_DisableInterrupts
                0x0040c740       0x58 FlexCAN_Ip_HwAccess.o
                0x0040c740                FlexCAN_DisableInterrupts
 .text.FlexCAN_SetRxMsgBuff
                0x0040c798       0x88 FlexCAN_Ip_HwAccess.o
                0x0040c798                FlexCAN_SetRxMsgBuff
 .text.FlexCAN_GetMsgBuffTimestamp
                0x0040c820        0xc FlexCAN_Ip_HwAccess.o
                0x0040c820                FlexCAN_GetMsgBuffTimestamp
 .text.FlexCAN_GetMsgBuff
                0x0040c82c       0xa4 FlexCAN_Ip_HwAccess.o
                0x0040c82c                FlexCAN_GetMsgBuff
 .text.FlexCAN_SetMaxMsgBuffNum
                0x0040c8d0       0xdc FlexCAN_Ip_HwAccess.o
                0x0040c8d0                FlexCAN_SetMaxMsgBuffNum
 .text.FlexCAN_SetOperationMode
                0x0040c9ac       0x44 FlexCAN_Ip_HwAccess.o
                0x0040c9ac                FlexCAN_SetOperationMode
 .text.FlexCAN_SetRxFifoFilter
                0x0040c9f0      0x1ec FlexCAN_Ip_HwAccess.o
                0x0040c9f0                FlexCAN_SetRxFifoFilter
 .text.FlexCAN_ReadRxFifo
                0x0040cbdc       0x74 FlexCAN_Ip_HwAccess.o
                0x0040cbdc                FlexCAN_ReadRxFifo
 .text.FlexCAN_ReadEnhancedRxFifo
                0x0040cc50       0xb8 FlexCAN_Ip_HwAccess.o
                0x0040cc50                FlexCAN_ReadEnhancedRxFifo
 .text.FlexCAN_IsMbOutOfRange
                0x0040cd08       0x24 FlexCAN_Ip_HwAccess.o
                0x0040cd08                FlexCAN_IsMbOutOfRange
 .text.FlexCAN_IsEnhancedRxFifoAvailable
                0x0040cd2c       0x10 FlexCAN_Ip_HwAccess.o
                0x0040cd2c                FlexCAN_IsEnhancedRxFifoAvailable
 .text.FlexCAN_EnableEnhancedRxFifo
                0x0040cd3c       0xa0 FlexCAN_Ip_HwAccess.o
                0x0040cd3c                FlexCAN_EnableEnhancedRxFifo
 .text.FlexCAN_SetEnhancedRxFifoFilter
                0x0040cddc      0x178 FlexCAN_Ip_HwAccess.o
                0x0040cddc                FlexCAN_SetEnhancedRxFifoFilter
 .text.FlexCAN_ConfigCtrlOptions
                0x0040cf54       0x80 FlexCAN_Ip_HwAccess.o
                0x0040cf54                FlexCAN_ConfigCtrlOptions
 .text.FlexCAN_ResetImaskBuff
                0x0040cfd4       0x1c FlexCAN_Ip_HwAccess.o
                0x0040cfd4                FlexCAN_ResetImaskBuff
 .text.FlexCAN_DisableMemErrorDetection
                0x0040cff0       0x44 FlexCAN_Ip_HwAccess.o
                0x0040cff0                FlexCAN_DisableMemErrorDetection
 .text.CAN0_ORED_IRQHandler
                0x0040d034        0x8 FlexCAN_Ip_Irq.o
                0x0040d034                CAN0_ORED_IRQHandler
 .text.CAN0_ORED_0_31_MB_IRQHandler
                0x0040d03c        0xc FlexCAN_Ip_Irq.o
                0x0040d03c                CAN0_ORED_0_31_MB_IRQHandler
 .text.CAN0_ORED_32_63_MB_IRQHandler
                0x0040d048        0xc FlexCAN_Ip_Irq.o
                0x0040d048                CAN0_ORED_32_63_MB_IRQHandler
 .text.CAN0_ORED_64_95_MB_IRQHandler
                0x0040d054        0xc FlexCAN_Ip_Irq.o
                0x0040d054                CAN0_ORED_64_95_MB_IRQHandler
 .text.CAN4_ORED_IRQHandler
                0x0040d060        0x8 FlexCAN_Ip_Irq.o
                0x0040d060                CAN4_ORED_IRQHandler
 .text.CAN4_ORED_0_31_MB_IRQHandler
                0x0040d068        0xc FlexCAN_Ip_Irq.o
                0x0040d068                CAN4_ORED_0_31_MB_IRQHandler
 .text.Flexio_I2c_Ip_ReadData
                0x0040d074       0x8c Flexio_I2c_Ip.o
 .text.Flexio_I2c_Ip_WriteData
                0x0040d100       0x40 Flexio_I2c_Ip.o
 .text.Flexio_I2c_Ip_MasterStopTransfer
                0x0040d140       0xf0 Flexio_I2c_Ip.o
 .text.Flexio_I2c_Ip_MasterInit
                0x0040d230      0x1d4 Flexio_I2c_Ip.o
                0x0040d230                Flexio_I2c_Ip_MasterInit
 .text.Flexio_I2c_Ip_SetMasterCallback
                0x0040d404       0x1c Flexio_I2c_Ip.o
                0x0040d404                Flexio_I2c_Ip_SetMasterCallback
 .text.Flexio_I2c_Ip_IrqHandler
                0x0040d420      0x154 Flexio_I2c_Ip.o
                0x0040d420                Flexio_I2c_Ip_IrqHandler
 .text.Flexio_Lin_Ip_Init
                0x0040d574      0x22c Flexio_Lin_Ip.o
                0x0040d574                Flexio_Lin_Ip_Init
 .text.Flexio_Lin_Ip_GoToIdleState
                0x0040d7a0       0xac Flexio_Lin_Ip.o
                0x0040d7a0                Flexio_Lin_Ip_GoToIdleState
 .text.Flexio_Lin_Ip_SendFrame
                0x0040d84c      0x1b4 Flexio_Lin_Ip.o
                0x0040d84c                Flexio_Lin_Ip_SendFrame
 .text.Flexio_Lin_Ip_GoToSleepMode
                0x0040da00      0x124 Flexio_Lin_Ip.o
                0x0040da00                Flexio_Lin_Ip_GoToSleepMode
 .text.Flexio_Lin_Ip_IrqHandler
                0x0040db24      0x360 Flexio_Lin_Ip.o
                0x0040db24                Flexio_Lin_Ip_IrqHandler
 .text.Flexio_Lin_Ip_GetStatus
                0x0040de84       0xf8 Flexio_Lin_Ip.o
                0x0040de84                Flexio_Lin_Ip_GetStatus
 .text.Flexio_Lin_Ip_AbortTransferData
                0x0040df7c       0xc4 Flexio_Lin_Ip.o
                0x0040df7c                Flexio_Lin_Ip_AbortTransferData
 .text.Flexio_Mcl_Ip_InitDevice
                0x0040e040       0x34 Flexio_Mcl_Ip.o
                0x0040e040                Flexio_Mcl_Ip_InitDevice
 .text.Flexio_Mcl_Ip_SetDebugEnable
                0x0040e074       0x20 Flexio_Mcl_Ip_HwAccess.o
                0x0040e074                Flexio_Mcl_Ip_SetDebugEnable
 .text.Flexio_Mcl_Ip_SetEnable
                0x0040e094       0x1c Flexio_Mcl_Ip_HwAccess.o
                0x0040e094                Flexio_Mcl_Ip_SetEnable
 .text.Flexio_Mcl_Ip_GetShifterStatus
                0x0040e0b0        0xc Flexio_Mcl_Ip_HwAccess.o
                0x0040e0b0                Flexio_Mcl_Ip_GetShifterStatus
 .text.Flexio_Mcl_Ip_GetAllShifterStatus
                0x0040e0bc        0x4 Flexio_Mcl_Ip_HwAccess.o
                0x0040e0bc                Flexio_Mcl_Ip_GetAllShifterStatus
 .text.Flexio_Mcl_Ip_ClearShifterStatus
                0x0040e0c0        0xc Flexio_Mcl_Ip_HwAccess.o
                0x0040e0c0                Flexio_Mcl_Ip_ClearShifterStatus
 .text.Flexio_Mcl_Ip_GetAllShifterErrorStatus
                0x0040e0cc        0x4 Flexio_Mcl_Ip_HwAccess.o
                0x0040e0cc                Flexio_Mcl_Ip_GetAllShifterErrorStatus
 .text.Flexio_Mcl_Ip_ClearShifterErrorStatus
                0x0040e0d0        0xc Flexio_Mcl_Ip_HwAccess.o
                0x0040e0d0                Flexio_Mcl_Ip_ClearShifterErrorStatus
 .text.Flexio_Mcl_Ip_GetAllTimerStatus
                0x0040e0dc        0x4 Flexio_Mcl_Ip_HwAccess.o
                0x0040e0dc                Flexio_Mcl_Ip_GetAllTimerStatus
 .text.Flexio_Mcl_Ip_ClearTimerStatus
                0x0040e0e0        0xc Flexio_Mcl_Ip_HwAccess.o
                0x0040e0e0                Flexio_Mcl_Ip_ClearTimerStatus
 .text.Flexio_Mcl_Ip_GetAllShifterInterrupt
                0x0040e0ec        0x4 Flexio_Mcl_Ip_HwAccess.o
                0x0040e0ec                Flexio_Mcl_Ip_GetAllShifterInterrupt
 .text.Flexio_Mcl_Ip_GetAllShifterErrorInterrupt
                0x0040e0f0        0x4 Flexio_Mcl_Ip_HwAccess.o
                0x0040e0f0                Flexio_Mcl_Ip_GetAllShifterErrorInterrupt
 .text.Flexio_Mcl_Ip_SetShifterErrorInterrupt
                0x0040e0f4       0x2c Flexio_Mcl_Ip_HwAccess.o
                0x0040e0f4                Flexio_Mcl_Ip_SetShifterErrorInterrupt
 .text.Flexio_Mcl_Ip_SetShifterInterrupt
                0x0040e120       0x2c Flexio_Mcl_Ip_HwAccess.o
                0x0040e120                Flexio_Mcl_Ip_SetShifterInterrupt
 .text.Flexio_Mcl_Ip_SetShifterDMARequest
                0x0040e14c       0x2c Flexio_Mcl_Ip_HwAccess.o
                0x0040e14c                Flexio_Mcl_Ip_SetShifterDMARequest
 .text.Flexio_Mcl_Ip_GetAllTimerInterrupt
                0x0040e178        0x4 Flexio_Mcl_Ip_HwAccess.o
                0x0040e178                Flexio_Mcl_Ip_GetAllTimerInterrupt
 .text.Flexio_Mcl_Ip_SetTimerInterrupt
                0x0040e17c       0x2c Flexio_Mcl_Ip_HwAccess.o
                0x0040e17c                Flexio_Mcl_Ip_SetTimerInterrupt
 .text.Flexio_Mcl_Ip_Init
                0x0040e1a8       0x1c Flexio_Mcl_Ip_HwAccess.o
                0x0040e1a8                Flexio_Mcl_Ip_Init
 .text.MCL_FLEXIO_ISR
                0x0040e1c4       0xc4 Flexio_Mcl_Ip_Irq.o
                0x0040e1c4                MCL_FLEXIO_ISR
 .text.Gpt_Init
                0x0040e288       0xa8 Gpt.o
                0x0040e288                Gpt_Init
 .text.Gpt_StartTimer
                0x0040e330       0xb8 Gpt.o
                0x0040e330                Gpt_StartTimer
 .text.Gpt_EnableNotification
                0x0040e3e8       0x70 Gpt.o
                0x0040e3e8                Gpt_EnableNotification
 .text.Gpt_ProcessCommonInterrupt
                0x0040e458       0x88 Gpt.o
                0x0040e458                Gpt_ProcessCommonInterrupt
 .text.Gpt_Ipw_InitInstances
                0x0040e4e0       0x3c Gpt_Ipw.o
                0x0040e4e0                Gpt_Ipw_InitInstances
 .text.Gpt_Ipw_Init
                0x0040e51c       0x10 Gpt_Ipw.o
                0x0040e51c                Gpt_Ipw_Init
 .text.Gpt_Ipw_StartTimer
                0x0040e52c       0x14 Gpt_Ipw.o
                0x0040e52c                Gpt_Ipw_StartTimer
 .text.Gpt_Ipw_EnableInterrupt
                0x0040e540       0x10 Gpt_Ipw.o
                0x0040e540                Gpt_Ipw_EnableInterrupt
 .text.I2c_Ipw_SlaveCallback
                0x0040e550       0x20 I2c_Ipw.o
 .text.I2c_Ipw_MasterCallback
                0x0040e570        0x4 I2c_Ipw.o
 .text.I2c_Ipw_FlexioI2cMasterCallback
                0x0040e574        0x4 I2c_Ipw.o
 .text.I2c_Ipw_InitChannel
                0x0040e578       0x6c I2c_Ipw.o
                0x0040e578                I2c_Ipw_InitChannel
 .text.Icu_Init
                0x0040e5e4       0x90 Icu.o
                0x0040e5e4                Icu_Init
 .text.Icu_ReportWakeupAndOverflow
                0x0040e674       0x84 Icu.o
                0x0040e674                Icu_ReportWakeupAndOverflow
 .text.Icu_ReportEvents
                0x0040e6f8       0x54 Icu.o
                0x0040e6f8                Icu_ReportEvents
 .text.Icu_LogicChStateCallback
                0x0040e74c       0x38 Icu.o
                0x0040e74c                Icu_LogicChStateCallback
 .text.Icu_Ipw_Init
                0x0040e784       0x40 Icu_Ipw.o
                0x0040e784                Icu_Ipw_Init
 .text.IntCtrl_Ip_Init
                0x0040e7c4       0xa8 IntCtrl_Ip.o
                0x0040e7c4                IntCtrl_Ip_Init
 .text.Lcu_Ip_LogicInputInit.constprop.0
                0x0040e86c       0x40 Lcu_Ip.o
 .text.Lcu_Ip_LogicOutputInit.constprop.0
                0x0040e8ac       0x7c Lcu_Ip.o
 .text.Lcu_Ip_Deinit
                0x0040e928       0x9c Lcu_Ip.o
                0x0040e928                Lcu_Ip_Deinit
 .text.Lcu_Ip_Init
                0x0040e9c4       0xa4 Lcu_Ip.o
                0x0040e9c4                Lcu_Ip_Init
 .text.HwAcc_Lcu_AsyncSetInputMuxSelect
                0x0040ea68       0x14 Lcu_Ip_Hw_Access.o
                0x0040ea68                HwAcc_Lcu_AsyncSetInputMuxSelect
 .text.HwAcc_Lcu_AsyncSetInputSwOverrideValue
                0x0040ea7c       0x2c Lcu_Ip_Hw_Access.o
                0x0040ea7c                HwAcc_Lcu_AsyncSetInputSwOverrideValue
 .text.HwAcc_Lcu_AsyncSetInputSwSyncMode
                0x0040eaa8       0x30 Lcu_Ip_Hw_Access.o
                0x0040eaa8                HwAcc_Lcu_AsyncSetInputSwSyncMode
 .text.HwAcc_Lcu_AsyncSetInputSwOverrideEnable
                0x0040ead8       0x2c Lcu_Ip_Hw_Access.o
                0x0040ead8                HwAcc_Lcu_AsyncSetInputSwOverrideEnable
 .text.HwAcc_Lcu_AsyncSetOutputEnable
                0x0040eb04       0x34 Lcu_Ip_Hw_Access.o
                0x0040eb04                HwAcc_Lcu_AsyncSetOutputEnable
 .text.HwAcc_Lcu_AsyncSetOutputDebugMode
                0x0040eb38       0x30 Lcu_Ip_Hw_Access.o
                0x0040eb38                HwAcc_Lcu_AsyncSetOutputDebugMode
 .text.HwAcc_Lcu_AsyncSetOutputPolarity
                0x0040eb68       0x34 Lcu_Ip_Hw_Access.o
                0x0040eb68                HwAcc_Lcu_AsyncSetOutputPolarity
 .text.HwAcc_Lcu_AsyncSetOutputForceDma
                0x0040eb9c       0x34 Lcu_Ip_Hw_Access.o
                0x0040eb9c                HwAcc_Lcu_AsyncSetOutputForceDma
 .text.HwAcc_Lcu_AsyncSetOutputForceInt
                0x0040ebd0       0x44 Lcu_Ip_Hw_Access.o
                0x0040ebd0                HwAcc_Lcu_AsyncSetOutputForceInt
 .text.HwAcc_Lcu_AsyncSetOutputLutDma
                0x0040ec14       0x34 Lcu_Ip_Hw_Access.o
                0x0040ec14                HwAcc_Lcu_AsyncSetOutputLutDma
 .text.HwAcc_Lcu_AsyncSetOutputLutInt
                0x0040ec48       0x44 Lcu_Ip_Hw_Access.o
                0x0040ec48                HwAcc_Lcu_AsyncSetOutputLutInt
 .text.HwAcc_Lcu_AsyncSetOutputFallFilter
                0x0040ec8c       0x30 Lcu_Ip_Hw_Access.o
                0x0040ec8c                HwAcc_Lcu_AsyncSetOutputFallFilter
 .text.HwAcc_Lcu_AsyncSetOutputRiseFilter
                0x0040ecbc       0x2c Lcu_Ip_Hw_Access.o
                0x0040ecbc                HwAcc_Lcu_AsyncSetOutputRiseFilter
 .text.HwAcc_Lcu_AsyncSetOutputLutControl
                0x0040ece8       0x1c Lcu_Ip_Hw_Access.o
                0x0040ece8                HwAcc_Lcu_AsyncSetOutputLutControl
 .text.HwAcc_Lcu_SetForceFilter
                0x0040ed04       0x1c Lcu_Ip_Hw_Access.o
                0x0040ed04                HwAcc_Lcu_SetForceFilter
 .text.HwAcc_Lcu_SetForcePolarity
                0x0040ed20       0x20 Lcu_Ip_Hw_Access.o
                0x0040ed20                HwAcc_Lcu_SetForcePolarity
 .text.HwAcc_Lcu_SetCombineEnable
                0x0040ed40       0x20 Lcu_Ip_Hw_Access.o
                0x0040ed40                HwAcc_Lcu_SetCombineEnable
 .text.HwAcc_Lcu_SetSwSyncSelect
                0x0040ed60       0x20 Lcu_Ip_Hw_Access.o
                0x0040ed60                HwAcc_Lcu_SetSwSyncSelect
 .text.HwAcc_Lcu_SetHwOutputSetState
                0x0040ed80       0x24 Lcu_Ip_Hw_Access.o
                0x0040ed80                HwAcc_Lcu_SetHwOutputSetState
 .text.HwAcc_Lcu_SetHwOutputCallbackState
                0x0040eda4       0x24 Lcu_Ip_Hw_Access.o
                0x0040eda4                HwAcc_Lcu_SetHwOutputCallbackState
 .text.HwAcc_Lcu_AsyncClearAllForceEvent
                0x0040edc8       0x18 Lcu_Ip_Hw_Access.o
                0x0040edc8                HwAcc_Lcu_AsyncClearAllForceEvent
 .text.HwAcc_Lcu_AsyncClearAllLutEvent
                0x0040ede0       0x18 Lcu_Ip_Hw_Access.o
                0x0040ede0                HwAcc_Lcu_AsyncClearAllLutEvent
 .text.HwAcc_Lcu_SetInstanceOperationMode
                0x0040edf8        0xc Lcu_Ip_Hw_Access.o
                0x0040edf8                HwAcc_Lcu_SetInstanceOperationMode
 .text.HwAcc_Lcu_SetLcForceControl
                0x0040ee04       0x5c Lcu_Ip_Hw_Access.o
                0x0040ee04                HwAcc_Lcu_SetLcForceControl
 .text.Lin_43_LPUART_FLEXIO_Init
                0x0040ee60       0x64 Lin_43_LPUART_FLEXIO.o
                0x0040ee60                Lin_43_LPUART_FLEXIO_Init
 .text.Lin_43_LPUART_FLEXIO_Ipw_InitChannel
                0x0040eec4       0x60 Lin_43_LPUART_FLEXIO_Ipw.o
                0x0040eec4                Lin_43_LPUART_FLEXIO_Ipw_InitChannel
 .text.Lin_43_LPUART_FLEXIO_Ipw_Callback
                0x0040ef24      0x158 Lin_43_LPUART_FLEXIO_Ipw.o
                0x0040ef24                Lin_43_LPUART_FLEXIO_Ipw_Callback
 .text.Flexio_Lin_Ipw_Callback
                0x0040f07c      0x144 Lin_43_LPUART_FLEXIO_Ipw.o
                0x0040f07c                Flexio_Lin_Ipw_Callback
 .text.Lin_Ip_ProcessParity
                0x0040f1c0       0x50 Lin_Ip_Common.o
                0x0040f1c0                Lin_Ip_ProcessParity
 .text.Lin_Ip_MakeChecksumByte
                0x0040f210       0x3c Lin_Ip_Common.o
                0x0040f210                Lin_Ip_MakeChecksumByte
 .text.Lpi2c_Ip_BaudRateConfig
                0x0040f24c       0x60 Lpi2c_Ip.o
 .text.Lpi2c_Ip_SlaveActivateEvents
                0x0040f2ac       0x54 Lpi2c_Ip.o
 .text.Lpi2c_Ip_MasterEndTransfer
                0x0040f300       0x4c Lpi2c_Ip.o
 .text.Lpi2c_Ip_MasterCheckErrorEvents
                0x0040f34c       0x98 Lpi2c_Ip.o
 .text.Lpi2c_Ip_SlaveIRQHandlerInternal
                0x0040f3e4      0x1e8 Lpi2c_Ip.o
 .text.Lpi2c_Ip_MasterQueueData
                0x0040f5cc       0x64 Lpi2c_Ip.o
 .text.Lpi2c_Ip_MasterInit
                0x0040f630      0x19c Lpi2c_Ip.o
                0x0040f630                Lpi2c_Ip_MasterInit
 .text.Lpi2c_Ip_SlaveInit
                0x0040f7cc      0x188 Lpi2c_Ip.o
                0x0040f7cc                Lpi2c_Ip_SlaveInit
 .text.Lpi2c_Ip_MasterIRQHandler
                0x0040f954      0x240 Lpi2c_Ip.o
                0x0040f954                Lpi2c_Ip_MasterIRQHandler
 .text.Lpi2c_Ip_ModuleIRQHandler
                0x0040fb94       0x5c Lpi2c_Ip.o
                0x0040fb94                Lpi2c_Ip_ModuleIRQHandler
 .text.Lpi2c_Ip_SetMasterCallback
                0x0040fbf0       0x20 Lpi2c_Ip.o
                0x0040fbf0                Lpi2c_Ip_SetMasterCallback
 .text.Lpi2c_Ip_SetSlaveCallback
                0x0040fc10       0x20 Lpi2c_Ip.o
                0x0040fc10                Lpi2c_Ip_SetSlaveCallback
 .text.Lpi2c_Ip_Init
                0x0040fc30       0x20 Lpi2c_Ip_HwAccess.o
                0x0040fc30                Lpi2c_Ip_Init
 .text.LPI2C0_Master_Slave_IRQHandler
                0x0040fc50        0x8 Lpi2c_Ip_Irq.o
                0x0040fc50                LPI2C0_Master_Slave_IRQHandler
 .text.LPI2C1_Master_Slave_IRQHandler
                0x0040fc58        0x8 Lpi2c_Ip_Irq.o
                0x0040fc58                LPI2C1_Master_Slave_IRQHandler
 .text.Lpspi_Ip_TransferProcess
                0x0040fc60      0x390 Lpspi_Ip.o
 .text.Lpspi_Ip_Init
                0x0040fff0       0x50 Lpspi_Ip.o
                0x0040fff0                Lpspi_Ip_Init
 .text.Lpspi_Ip_UpdateTransferMode
                0x00410040       0x1c Lpspi_Ip.o
                0x00410040                Lpspi_Ip_UpdateTransferMode
 .text.Lpspi_Ip_IrqHandler
                0x0041005c       0x34 Lpspi_Ip.o
                0x0041005c                Lpspi_Ip_IrqHandler
 .text.Lpspi_Ip_LPSPI_1_IRQHandler
                0x00410090        0x8 Lpspi_Ip_Irq.o
                0x00410090                Lpspi_Ip_LPSPI_1_IRQHandler
 .text.Lpspi_Ip_LPSPI_2_IRQHandler
                0x00410098        0x8 Lpspi_Ip_Irq.o
                0x00410098                Lpspi_Ip_LPSPI_2_IRQHandler
 .text.Lpuart_Lin_Ip_Init
                0x004100a0      0x120 Lpuart_Lin_Ip.o
                0x004100a0                Lpuart_Lin_Ip_Init
 .text.Lpuart_Lin_Ip_GoToSleepMode
                0x004101c0       0x60 Lpuart_Lin_Ip.o
                0x004101c0                Lpuart_Lin_Ip_GoToSleepMode
 .text.Lpuart_Lin_Ip_GoToIdleState
                0x00410220       0x68 Lpuart_Lin_Ip.o
                0x00410220                Lpuart_Lin_Ip_GoToIdleState
 .text.Lpuart_Lin_Ip_SendFrame
                0x00410288      0x154 Lpuart_Lin_Ip.o
                0x00410288                Lpuart_Lin_Ip_SendFrame
 .text.Lpuart_Lin_Ip_GetStatus
                0x004103dc       0xe0 Lpuart_Lin_Ip.o
                0x004103dc                Lpuart_Lin_Ip_GetStatus
 .text.Lpuart_Lin_Ip_AbortTransferData
                0x004104bc      0x11c Lpuart_Lin_Ip.o
                0x004104bc                Lpuart_Lin_Ip_AbortTransferData
 .text.Lpuart_Lin_Ip_IRQHandler
                0x004105d8      0x35c Lpuart_Lin_Ip.o
                0x004105d8                Lpuart_Lin_Ip_IRQHandler
 .text.Lpuart_Lin_Ip_HwInit
                0x00410934       0x18 Lpuart_Lin_Ip_Hw_Access.o
                0x00410934                Lpuart_Lin_Ip_HwInit
 .text.Lpuart_Lin_Ip_HwSetBreakCharDetectLength
                0x0041094c       0x24 Lpuart_Lin_Ip_Hw_Access.o
                0x0041094c                Lpuart_Lin_Ip_HwSetBreakCharDetectLength
 .text.Lpuart_Lin_Ip_HwSetBaudRateDivisor
                0x00410970       0x24 Lpuart_Lin_Ip_Hw_Access.o
                0x00410970                Lpuart_Lin_Ip_HwSetBaudRateDivisor
 .text.Lpuart_Lin_Ip_HwSetStopBitCount
                0x00410994       0x20 Lpuart_Lin_Ip_Hw_Access.o
                0x00410994                Lpuart_Lin_Ip_HwSetStopBitCount
 .text.Lpuart_Lin_Ip_HwSetTransmitterCmd
                0x004109b4       0x5c Lpuart_Lin_Ip_Hw_Access.o
                0x004109b4                Lpuart_Lin_Ip_HwSetTransmitterCmd
 .text.Lpuart_Lin_Ip_HwSetReceiverCmd
                0x00410a10       0x5c Lpuart_Lin_Ip_Hw_Access.o
                0x00410a10                Lpuart_Lin_Ip_HwSetReceiverCmd
 .text.Lpuart_Lin_Ip_HwSetBitCountPerChar
                0x00410a6c       0x40 Lpuart_Lin_Ip_Hw_Access.o
                0x00410a6c                Lpuart_Lin_Ip_HwSetBitCountPerChar
 .text.Lpuart_Lin_Ip_HwSetParityMode
                0x00410aac       0x30 Lpuart_Lin_Ip_Hw_Access.o
                0x00410aac                Lpuart_Lin_Ip_HwSetParityMode
 .text.Lpuart_Lin_Ip_HwSetIntMode
                0x00410adc       0x4c Lpuart_Lin_Ip_Hw_Access.o
                0x00410adc                Lpuart_Lin_Ip_HwSetIntMode
 .text.Lpuart_Lin_Ip_HwGetIntMode
                0x00410b28       0x2c Lpuart_Lin_Ip_Hw_Access.o
                0x00410b28                Lpuart_Lin_Ip_HwGetIntMode
 .text.Lpuart_Lin_Ip_HwGetStatusFlag
                0x00410b54       0x2c Lpuart_Lin_Ip_Hw_Access.o
                0x00410b54                Lpuart_Lin_Ip_HwGetStatusFlag
 .text.Lpuart_Lin_Ip_HwClearStatusFlag
                0x00410b80       0xf4 Lpuart_Lin_Ip_Hw_Access.o
                0x00410b80                Lpuart_Lin_Ip_HwClearStatusFlag
 .text.Lpuart_Lin_Ip_StartTimeout
                0x00410c74       0x20 Lpuart_Lin_Ip_Hw_Access.o
                0x00410c74                Lpuart_Lin_Ip_StartTimeout
 .text.Lpuart_Lin_Ip_TimeoutExpired
                0x00410c94       0x1c Lpuart_Lin_Ip_Hw_Access.o
                0x00410c94                Lpuart_Lin_Ip_TimeoutExpired
 .text.LPUART5_LIN_IP_RxTx_IRQHandler
                0x00410cb0        0x8 Lpuart_Lin_Ip_Irq.o
                0x00410cb0                LPUART5_LIN_IP_RxTx_IRQHandler
 .text.Lpuart_Uart_Ip_PutData
                0x00410cb8       0x9c Lpuart_Uart_Ip.o
 .text.Lpuart_Uart_Ip_GetData
                0x00410d54       0x9c Lpuart_Uart_Ip.o
 .text.Lpuart_Uart_Ip_CompleteSendDataUsingInt
                0x00410df0       0x88 Lpuart_Uart_Ip.o
 .text.Lpuart_Uart_Ip_CompleteReceiveDataUsingInt
                0x00410e78       0xa0 Lpuart_Uart_Ip.o
 .text.Lpuart_Uart_Ip_Init
                0x00410f18      0x15c Lpuart_Uart_Ip.o
                0x00410f18                Lpuart_Uart_Ip_Init
 .text.Lpuart_Uart_Ip_IrqHandler
                0x00411074      0x1ec Lpuart_Uart_Ip.o
                0x00411074                Lpuart_Uart_Ip_IrqHandler
 .text.LPUART_UART_IP_6_IRQHandler
                0x00411260        0x8 Lpuart_Uart_Ip_Irq.o
                0x00411260                LPUART_UART_IP_6_IRQHandler
 .text.Mcu_Init
                0x00411268       0x70 Mcu.o
                0x00411268                Mcu_Init
 .text.Mcu_InitClock
                0x004112d8       0x24 Mcu.o
                0x004112d8                Mcu_InitClock
 .text.Mcu_SetMode
                0x004112fc       0x1c Mcu.o
                0x004112fc                Mcu_SetMode
 .text.Mcu_DistributePllClock
                0x00411318        0xc Mcu.o
                0x00411318                Mcu_DistributePllClock
 .text.Mcu_GetPllStatus
                0x00411324        0x4 Mcu.o
                0x00411324                Mcu_GetPllStatus
 .text.Mcu_Ipw_Init
                0x00411328        0x4 Mcu_Ipw.o
                0x00411328                Mcu_Ipw_Init
 .text.Mcu_Ipw_InitClock
                0x0041132c        0x4 Mcu_Ipw.o
                0x0041132c                Mcu_Ipw_InitClock
 .text.Mcu_Ipw_DistributePllClock
                0x00411330        0x4 Mcu_Ipw.o
                0x00411330                Mcu_Ipw_DistributePllClock
 .text.Mcu_Ipw_GetPllStatus
                0x00411334       0x10 Mcu_Ipw.o
                0x00411334                Mcu_Ipw_GetPllStatus
 .text.Mcu_Ipw_SetMode
                0x00411344       0x1c Mcu_Ipw.o
                0x00411344                Mcu_Ipw_SetMode
 .text.Mem_43_INFLS_Init
                0x00411360       0x38 Mem_43_INFLS.o
                0x00411360                Mem_43_INFLS_Init
 .text.Mem_43_INFLS_IPW_Init
                0x00411398       0x4c Mem_43_INFLS_Ipw.o
                0x00411398                Mem_43_INFLS_IPW_Init
 .text.OsIf_Init
                0x004113e4        0xc OsIf_Timer.o
                0x004113e4                OsIf_Init
 .text.OsIf_GetCounter
                0x004113f0        0xc OsIf_Timer.o
                0x004113f0                OsIf_GetCounter
 .text.OsIf_GetElapsed
                0x004113fc       0x14 OsIf_Timer.o
                0x004113fc                OsIf_GetElapsed
 .text.OsIf_MicrosToTicks
                0x00411410       0x10 OsIf_Timer.o
                0x00411410                OsIf_MicrosToTicks
 .text.OsIf_Timer_System_Init
                0x00411420       0x34 OsIf_Timer_System.o
                0x00411420                OsIf_Timer_System_Init
 .text.OsIf_Timer_System_GetCounter
                0x00411454       0x24 OsIf_Timer_System.o
                0x00411454                OsIf_Timer_System_GetCounter
 .text.OsIf_Timer_System_GetElapsed
                0x00411478       0x24 OsIf_Timer_System.o
                0x00411478                OsIf_Timer_System_GetElapsed
 .text.OsIf_Timer_System_MicrosToTicks
                0x0041149c       0x48 OsIf_Timer_System.o
                0x0041149c                OsIf_Timer_System_MicrosToTicks
 .text.OsIf_Timer_System_Internal_Init
                0x004114e4       0x18 OsIf_Timer_System_Internal_Systick.o
                0x004114e4                OsIf_Timer_System_Internal_Init
 .text.OsIf_Timer_System_Internal_GetCounter
                0x004114fc        0xc OsIf_Timer_System_Internal_Systick.o
                0x004114fc                OsIf_Timer_System_Internal_GetCounter
 .text.OsIf_Timer_System_Internal_GetElapsed
                0x00411508       0x24 OsIf_Timer_System_Internal_Systick.o
                0x00411508                OsIf_Timer_System_Internal_GetElapsed
 .text.Pit_Ip_Init