E:/Workspace/MATLAB_workspace/S32K344_LED/S32K344_LED_Config/RTD/src/SchM_CanTrcv_nxp_genIO_secure.c:311:8:CanTrcv_nxp_genIO_secure_schm_read_msr	0	static
E:/Workspace/MATLAB_workspace/S32K344_LED/S32K344_LED_Config/RTD/src/SchM_CanTrcv_nxp_genIO_secure.c:395:6:SchM_Enter_CanTrcv_nxp_genIO_secure_EXCLUSIVE_AREA_00	8	static
E:/Workspace/MATLAB_workspace/S32K344_LED/S32K344_LED_Config/RTD/src/SchM_CanTrcv_nxp_genIO_secure.c:417:6:SchM_Exit_CanTrcv_nxp_genIO_secure_EXCLUSIVE_AREA_00	8	static
E:/Workspace/MATLAB_workspace/S32K344_LED/S32K344_LED_Config/RTD/src/SchM_CanTrcv_nxp_genIO_secure.c:431:6:SchM_Enter_CanTrcv_nxp_genIO_secure_EXCLUSIVE_AREA_01	8	static
E:/Workspace/MATLAB_workspace/S32K344_LED/S32K344_LED_Config/RTD/src/SchM_CanTrcv_nxp_genIO_secure.c:453:6:SchM_Exit_CanTrcv_nxp_genIO_secure_EXCLUSIVE_AREA_01	8	static
E:/Workspace/MATLAB_workspace/S32K344_LED/S32K344_LED_Config/RTD/src/SchM_CanTrcv_nxp_genIO_secure.c:467:6:SchM_Enter_CanTrcv_nxp_genIO_secure_EXCLUSIVE_AREA_02	8	static
E:/Workspace/MATLAB_workspace/S32K344_LED/S32K344_LED_Config/RTD/src/SchM_CanTrcv_nxp_genIO_secure.c:489:6:SchM_Exit_CanTrcv_nxp_genIO_secure_EXCLUSIVE_AREA_02	8	static
E:/Workspace/MATLAB_workspace/S32K344_LED/S32K344_LED_Config/RTD/src/SchM_CanTrcv_nxp_genIO_secure.c:503:6:SchM_Enter_CanTrcv_nxp_genIO_secure_EXCLUSIVE_AREA_03	8	static
E:/Workspace/MATLAB_workspace/S32K344_LED/S32K344_LED_Config/RTD/src/SchM_CanTrcv_nxp_genIO_secure.c:525:6:SchM_Exit_CanTrcv_nxp_genIO_secure_EXCLUSIVE_AREA_03	8	static
E:/Workspace/MATLAB_workspace/S32K344_LED/S32K344_LED_Config/RTD/src/SchM_CanTrcv_nxp_genIO_secure.c:539:6:SchM_Enter_CanTrcv_nxp_genIO_secure_EXCLUSIVE_AREA_04	8	static
E:/Workspace/MATLAB_workspace/S32K344_LED/S32K344_LED_Config/RTD/src/SchM_CanTrcv_nxp_genIO_secure.c:561:6:SchM_Exit_CanTrcv_nxp_genIO_secure_EXCLUSIVE_AREA_04	8	static
E:/Workspace/MATLAB_workspace/S32K344_LED/S32K344_LED_Config/RTD/src/SchM_CanTrcv_nxp_genIO_secure.c:575:6:SchM_Enter_CanTrcv_nxp_genIO_secure_EXCLUSIVE_AREA_05	8	static
E:/Workspace/MATLAB_workspace/S32K344_LED/S32K344_LED_Config/RTD/src/SchM_CanTrcv_nxp_genIO_secure.c:597:6:SchM_Exit_CanTrcv_nxp_genIO_secure_EXCLUSIVE_AREA_05	8	static
E:/Workspace/MATLAB_workspace/S32K344_LED/S32K344_LED_Config/RTD/src/SchM_CanTrcv_nxp_genIO_secure.c:611:6:SchM_Enter_CanTrcv_nxp_genIO_secure_EXCLUSIVE_AREA_06	8	static
E:/Workspace/MATLAB_workspace/S32K344_LED/S32K344_LED_Config/RTD/src/SchM_CanTrcv_nxp_genIO_secure.c:633:6:SchM_Exit_CanTrcv_nxp_genIO_secure_EXCLUSIVE_AREA_06	8	static
E:/Workspace/MATLAB_workspace/S32K344_LED/S32K344_LED_Config/RTD/src/SchM_CanTrcv_nxp_genIO_secure.c:647:6:SchM_Enter_CanTrcv_nxp_genIO_secure_EXCLUSIVE_AREA_07	8	static
E:/Workspace/MATLAB_workspace/S32K344_LED/S32K344_LED_Config/RTD/src/SchM_CanTrcv_nxp_genIO_secure.c:669:6:SchM_Exit_CanTrcv_nxp_genIO_secure_EXCLUSIVE_AREA_07	8	static
E:/Workspace/MATLAB_workspace/S32K344_LED/S32K344_LED_Config/RTD/src/SchM_CanTrcv_nxp_genIO_secure.c:683:6:SchM_Enter_CanTrcv_nxp_genIO_secure_EXCLUSIVE_AREA_08	8	static
E:/Workspace/MATLAB_workspace/S32K344_LED/S32K344_LED_Config/RTD/src/SchM_CanTrcv_nxp_genIO_secure.c:705:6:SchM_Exit_CanTrcv_nxp_genIO_secure_EXCLUSIVE_AREA_08	8	static
