E:/Workspace/MATLAB_workspace/S32K344_LED/S32K344_LED_Config/RTD/src/SchM_Mem_43_INFLS.c:317:8:Mem_43_INFLS_schm_read_msr	0	static
E:/Workspace/MATLAB_workspace/S32K344_LED/S32K344_LED_Config/RTD/src/SchM_Mem_43_INFLS.c:401:6:SchM_Enter_Mem_43_INFLS_MEM_EXCLUSIVE_AREA_01	8	static
E:/Workspace/MATLAB_workspace/S32K344_LED/S32K344_LED_Config/RTD/src/SchM_Mem_43_INFLS.c:425:6:SchM_Exit_Mem_43_INFLS_MEM_EXCLUSIVE_AREA_01	8	static
E:/Workspace/MATLAB_workspace/S32K344_LED/S32K344_LED_Config/RTD/src/SchM_Mem_43_INFLS.c:439:6:SchM_Enter_Mem_43_INFLS_MEM_EXCLUSIVE_AREA_02	8	static
E:/Workspace/MATLAB_workspace/S32K344_LED/S32K344_LED_Config/RTD/src/SchM_Mem_43_INFLS.c:463:6:SchM_Exit_Mem_43_INFLS_MEM_EXCLUSIVE_AREA_02	8	static
E:/Workspace/MATLAB_workspace/S32K344_LED/S32K344_LED_Config/RTD/src/SchM_Mem_43_INFLS.c:477:6:SchM_Enter_Mem_43_INFLS_MEM_EXCLUSIVE_AREA_03	8	static
E:/Workspace/MATLAB_workspace/S32K344_LED/S32K344_LED_Config/RTD/src/SchM_Mem_43_INFLS.c:501:6:SchM_Exit_Mem_43_INFLS_MEM_EXCLUSIVE_AREA_03	8	static
E:/Workspace/MATLAB_workspace/S32K344_LED/S32K344_LED_Config/RTD/src/SchM_Mem_43_INFLS.c:515:6:SchM_Enter_Mem_43_INFLS_MEM_EXCLUSIVE_AREA_04	8	static
E:/Workspace/MATLAB_workspace/S32K344_LED/S32K344_LED_Config/RTD/src/SchM_Mem_43_INFLS.c:539:6:SchM_Exit_Mem_43_INFLS_MEM_EXCLUSIVE_AREA_04	8	static
E:/Workspace/MATLAB_workspace/S32K344_LED/S32K344_LED_Config/RTD/src/SchM_Mem_43_INFLS.c:553:6:SchM_Enter_Mem_43_INFLS_MEM_EXCLUSIVE_AREA_05	8	static
E:/Workspace/MATLAB_workspace/S32K344_LED/S32K344_LED_Config/RTD/src/SchM_Mem_43_INFLS.c:577:6:SchM_Exit_Mem_43_INFLS_MEM_EXCLUSIVE_AREA_05	8	static
E:/Workspace/MATLAB_workspace/S32K344_LED/S32K344_LED_Config/RTD/src/SchM_Mem_43_INFLS.c:591:6:SchM_Enter_Mem_43_INFLS_MEM_EXCLUSIVE_AREA_06	8	static
E:/Workspace/MATLAB_workspace/S32K344_LED/S32K344_LED_Config/RTD/src/SchM_Mem_43_INFLS.c:615:6:SchM_Exit_Mem_43_INFLS_MEM_EXCLUSIVE_AREA_06	8	static
E:/Workspace/MATLAB_workspace/S32K344_LED/S32K344_LED_Config/RTD/src/SchM_Mem_43_INFLS.c:629:6:SchM_Enter_Mem_43_INFLS_MEM_EXCLUSIVE_AREA_07	8	static
E:/Workspace/MATLAB_workspace/S32K344_LED/S32K344_LED_Config/RTD/src/SchM_Mem_43_INFLS.c:653:6:SchM_Exit_Mem_43_INFLS_MEM_EXCLUSIVE_AREA_07	8	static
E:/Workspace/MATLAB_workspace/S32K344_LED/S32K344_LED_Config/RTD/src/SchM_Mem_43_INFLS.c:667:6:SchM_Enter_Mem_43_INFLS_MEM_EXCLUSIVE_AREA_08	8	static
E:/Workspace/MATLAB_workspace/S32K344_LED/S32K344_LED_Config/RTD/src/SchM_Mem_43_INFLS.c:691:6:SchM_Exit_Mem_43_INFLS_MEM_EXCLUSIVE_AREA_08	8	static
E:/Workspace/MATLAB_workspace/S32K344_LED/S32K344_LED_Config/RTD/src/SchM_Mem_43_INFLS.c:705:6:SchM_Enter_Mem_43_INFLS_MEM_EXCLUSIVE_AREA_09	8	static
E:/Workspace/MATLAB_workspace/S32K344_LED/S32K344_LED_Config/RTD/src/SchM_Mem_43_INFLS.c:729:6:SchM_Exit_Mem_43_INFLS_MEM_EXCLUSIVE_AREA_09	8	static
E:/Workspace/MATLAB_workspace/S32K344_LED/S32K344_LED_Config/RTD/src/SchM_Mem_43_INFLS.c:743:6:SchM_Enter_Mem_43_INFLS_MEM_EXCLUSIVE_AREA_10	8	static
E:/Workspace/MATLAB_workspace/S32K344_LED/S32K344_LED_Config/RTD/src/SchM_Mem_43_INFLS.c:767:6:SchM_Exit_Mem_43_INFLS_MEM_EXCLUSIVE_AREA_10	8	static
