E:/Workspace/MATLAB_workspace/S32K344_LED/S32K344_LED_Config/RTD/src/SchM_Pwm.c:373:8:Pwm_schm_read_msr	0	static
E:/Workspace/MATLAB_workspace/S32K344_LED/S32K344_LED_Config/RTD/src/SchM_Pwm.c:457:6:SchM_Enter_Pwm_PWM_EXCLUSIVE_AREA_00	8	static
E:/Workspace/MATLAB_workspace/S32K344_LED/S32K344_LED_Config/RTD/src/SchM_Pwm.c:481:6:SchM_Exit_Pwm_PWM_EXCLUSIVE_AREA_00	8	static
E:/Workspace/MATLAB_workspace/S32K344_LED/S32K344_LED_Config/RTD/src/SchM_Pwm.c:495:6:SchM_Enter_Pwm_PWM_EXCLUSIVE_AREA_01	8	static
E:/Workspace/MATLAB_workspace/S32K344_LED/S32K344_LED_Config/RTD/src/SchM_Pwm.c:519:6:SchM_Exit_Pwm_PWM_EXCLUSIVE_AREA_01	8	static
E:/Workspace/MATLAB_workspace/S32K344_LED/S32K344_LED_Config/RTD/src/SchM_Pwm.c:533:6:SchM_Enter_Pwm_PWM_EXCLUSIVE_AREA_03	8	static
E:/Workspace/MATLAB_workspace/S32K344_LED/S32K344_LED_Config/RTD/src/SchM_Pwm.c:557:6:SchM_Exit_Pwm_PWM_EXCLUSIVE_AREA_03	8	static
E:/Workspace/MATLAB_workspace/S32K344_LED/S32K344_LED_Config/RTD/src/SchM_Pwm.c:571:6:SchM_Enter_Pwm_PWM_EXCLUSIVE_AREA_04	8	static
E:/Workspace/MATLAB_workspace/S32K344_LED/S32K344_LED_Config/RTD/src/SchM_Pwm.c:595:6:SchM_Exit_Pwm_PWM_EXCLUSIVE_AREA_04	8	static
E:/Workspace/MATLAB_workspace/S32K344_LED/S32K344_LED_Config/RTD/src/SchM_Pwm.c:609:6:SchM_Enter_Pwm_PWM_EXCLUSIVE_AREA_05	8	static
E:/Workspace/MATLAB_workspace/S32K344_LED/S32K344_LED_Config/RTD/src/SchM_Pwm.c:633:6:SchM_Exit_Pwm_PWM_EXCLUSIVE_AREA_05	8	static
E:/Workspace/MATLAB_workspace/S32K344_LED/S32K344_LED_Config/RTD/src/SchM_Pwm.c:647:6:SchM_Enter_Pwm_PWM_EXCLUSIVE_AREA_07	8	static
E:/Workspace/MATLAB_workspace/S32K344_LED/S32K344_LED_Config/RTD/src/SchM_Pwm.c:671:6:SchM_Exit_Pwm_PWM_EXCLUSIVE_AREA_07	8	static
E:/Workspace/MATLAB_workspace/S32K344_LED/S32K344_LED_Config/RTD/src/SchM_Pwm.c:685:6:SchM_Enter_Pwm_PWM_EXCLUSIVE_AREA_08	8	static
E:/Workspace/MATLAB_workspace/S32K344_LED/S32K344_LED_Config/RTD/src/SchM_Pwm.c:709:6:SchM_Exit_Pwm_PWM_EXCLUSIVE_AREA_08	8	static
E:/Workspace/MATLAB_workspace/S32K344_LED/S32K344_LED_Config/RTD/src/SchM_Pwm.c:723:6:SchM_Enter_Pwm_PWM_EXCLUSIVE_AREA_09	8	static
E:/Workspace/MATLAB_workspace/S32K344_LED/S32K344_LED_Config/RTD/src/SchM_Pwm.c:747:6:SchM_Exit_Pwm_PWM_EXCLUSIVE_AREA_09	8	static
E:/Workspace/MATLAB_workspace/S32K344_LED/S32K344_LED_Config/RTD/src/SchM_Pwm.c:761:6:SchM_Enter_Pwm_PWM_EXCLUSIVE_AREA_10	8	static
E:/Workspace/MATLAB_workspace/S32K344_LED/S32K344_LED_Config/RTD/src/SchM_Pwm.c:785:6:SchM_Exit_Pwm_PWM_EXCLUSIVE_AREA_10	8	static
E:/Workspace/MATLAB_workspace/S32K344_LED/S32K344_LED_Config/RTD/src/SchM_Pwm.c:799:6:SchM_Enter_Pwm_PWM_EXCLUSIVE_AREA_11	8	static
E:/Workspace/MATLAB_workspace/S32K344_LED/S32K344_LED_Config/RTD/src/SchM_Pwm.c:823:6:SchM_Exit_Pwm_PWM_EXCLUSIVE_AREA_11	8	static
E:/Workspace/MATLAB_workspace/S32K344_LED/S32K344_LED_Config/RTD/src/SchM_Pwm.c:837:6:SchM_Enter_Pwm_PWM_EXCLUSIVE_AREA_12	8	static
E:/Workspace/MATLAB_workspace/S32K344_LED/S32K344_LED_Config/RTD/src/SchM_Pwm.c:861:6:SchM_Exit_Pwm_PWM_EXCLUSIVE_AREA_12	8	static
E:/Workspace/MATLAB_workspace/S32K344_LED/S32K344_LED_Config/RTD/src/SchM_Pwm.c:875:6:SchM_Enter_Pwm_PWM_EXCLUSIVE_AREA_13	8	static
E:/Workspace/MATLAB_workspace/S32K344_LED/S32K344_LED_Config/RTD/src/SchM_Pwm.c:899:6:SchM_Exit_Pwm_PWM_EXCLUSIVE_AREA_13	8	static
E:/Workspace/MATLAB_workspace/S32K344_LED/S32K344_LED_Config/RTD/src/SchM_Pwm.c:913:6:SchM_Enter_Pwm_PWM_EXCLUSIVE_AREA_14	8	static
E:/Workspace/MATLAB_workspace/S32K344_LED/S32K344_LED_Config/RTD/src/SchM_Pwm.c:937:6:SchM_Exit_Pwm_PWM_EXCLUSIVE_AREA_14	8	static
E:/Workspace/MATLAB_workspace/S32K344_LED/S32K344_LED_Config/RTD/src/SchM_Pwm.c:951:6:SchM_Enter_Pwm_PWM_EXCLUSIVE_AREA_15	8	static
E:/Workspace/MATLAB_workspace/S32K344_LED/S32K344_LED_Config/RTD/src/SchM_Pwm.c:975:6:SchM_Exit_Pwm_PWM_EXCLUSIVE_AREA_15	8	static
E:/Workspace/MATLAB_workspace/S32K344_LED/S32K344_LED_Config/RTD/src/SchM_Pwm.c:989:6:SchM_Enter_Pwm_PWM_EXCLUSIVE_AREA_16	8	static
E:/Workspace/MATLAB_workspace/S32K344_LED/S32K344_LED_Config/RTD/src/SchM_Pwm.c:1013:6:SchM_Exit_Pwm_PWM_EXCLUSIVE_AREA_16	8	static
E:/Workspace/MATLAB_workspace/S32K344_LED/S32K344_LED_Config/RTD/src/SchM_Pwm.c:1027:6:SchM_Enter_Pwm_PWM_EXCLUSIVE_AREA_17	8	static
E:/Workspace/MATLAB_workspace/S32K344_LED/S32K344_LED_Config/RTD/src/SchM_Pwm.c:1051:6:SchM_Exit_Pwm_PWM_EXCLUSIVE_AREA_17	8	static
E:/Workspace/MATLAB_workspace/S32K344_LED/S32K344_LED_Config/RTD/src/SchM_Pwm.c:1065:6:SchM_Enter_Pwm_PWM_EXCLUSIVE_AREA_18	8	static
E:/Workspace/MATLAB_workspace/S32K344_LED/S32K344_LED_Config/RTD/src/SchM_Pwm.c:1089:6:SchM_Exit_Pwm_PWM_EXCLUSIVE_AREA_18	8	static
E:/Workspace/MATLAB_workspace/S32K344_LED/S32K344_LED_Config/RTD/src/SchM_Pwm.c:1103:6:SchM_Enter_Pwm_PWM_EXCLUSIVE_AREA_19	8	static
E:/Workspace/MATLAB_workspace/S32K344_LED/S32K344_LED_Config/RTD/src/SchM_Pwm.c:1127:6:SchM_Exit_Pwm_PWM_EXCLUSIVE_AREA_19	8	static
E:/Workspace/MATLAB_workspace/S32K344_LED/S32K344_LED_Config/RTD/src/SchM_Pwm.c:1141:6:SchM_Enter_Pwm_PWM_EXCLUSIVE_AREA_20	8	static
E:/Workspace/MATLAB_workspace/S32K344_LED/S32K344_LED_Config/RTD/src/SchM_Pwm.c:1165:6:SchM_Exit_Pwm_PWM_EXCLUSIVE_AREA_20	8	static
E:/Workspace/MATLAB_workspace/S32K344_LED/S32K344_LED_Config/RTD/src/SchM_Pwm.c:1179:6:SchM_Enter_Pwm_PWM_EXCLUSIVE_AREA_21	8	static
E:/Workspace/MATLAB_workspace/S32K344_LED/S32K344_LED_Config/RTD/src/SchM_Pwm.c:1203:6:SchM_Exit_Pwm_PWM_EXCLUSIVE_AREA_21	8	static
E:/Workspace/MATLAB_workspace/S32K344_LED/S32K344_LED_Config/RTD/src/SchM_Pwm.c:1217:6:SchM_Enter_Pwm_PWM_EXCLUSIVE_AREA_22	8	static
E:/Workspace/MATLAB_workspace/S32K344_LED/S32K344_LED_Config/RTD/src/SchM_Pwm.c:1241:6:SchM_Exit_Pwm_PWM_EXCLUSIVE_AREA_22	8	static
E:/Workspace/MATLAB_workspace/S32K344_LED/S32K344_LED_Config/RTD/src/SchM_Pwm.c:1255:6:SchM_Enter_Pwm_PWM_EXCLUSIVE_AREA_23	8	static
E:/Workspace/MATLAB_workspace/S32K344_LED/S32K344_LED_Config/RTD/src/SchM_Pwm.c:1279:6:SchM_Exit_Pwm_PWM_EXCLUSIVE_AREA_23	8	static
E:/Workspace/MATLAB_workspace/S32K344_LED/S32K344_LED_Config/RTD/src/SchM_Pwm.c:1293:6:SchM_Enter_Pwm_PWM_EXCLUSIVE_AREA_24	8	static
E:/Workspace/MATLAB_workspace/S32K344_LED/S32K344_LED_Config/RTD/src/SchM_Pwm.c:1317:6:SchM_Exit_Pwm_PWM_EXCLUSIVE_AREA_24	8	static
E:/Workspace/MATLAB_workspace/S32K344_LED/S32K344_LED_Config/RTD/src/SchM_Pwm.c:1331:6:SchM_Enter_Pwm_PWM_EXCLUSIVE_AREA_25	8	static
E:/Workspace/MATLAB_workspace/S32K344_LED/S32K344_LED_Config/RTD/src/SchM_Pwm.c:1355:6:SchM_Exit_Pwm_PWM_EXCLUSIVE_AREA_25	8	static
E:/Workspace/MATLAB_workspace/S32K344_LED/S32K344_LED_Config/RTD/src/SchM_Pwm.c:1369:6:SchM_Enter_Pwm_PWM_EXCLUSIVE_AREA_26	8	static
E:/Workspace/MATLAB_workspace/S32K344_LED/S32K344_LED_Config/RTD/src/SchM_Pwm.c:1393:6:SchM_Exit_Pwm_PWM_EXCLUSIVE_AREA_26	8	static
E:/Workspace/MATLAB_workspace/S32K344_LED/S32K344_LED_Config/RTD/src/SchM_Pwm.c:1407:6:SchM_Enter_Pwm_PWM_EXCLUSIVE_AREA_27	8	static
E:/Workspace/MATLAB_workspace/S32K344_LED/S32K344_LED_Config/RTD/src/SchM_Pwm.c:1431:6:SchM_Exit_Pwm_PWM_EXCLUSIVE_AREA_27	8	static
E:/Workspace/MATLAB_workspace/S32K344_LED/S32K344_LED_Config/RTD/src/SchM_Pwm.c:1445:6:SchM_Enter_Pwm_PWM_EXCLUSIVE_AREA_28	8	static
E:/Workspace/MATLAB_workspace/S32K344_LED/S32K344_LED_Config/RTD/src/SchM_Pwm.c:1469:6:SchM_Exit_Pwm_PWM_EXCLUSIVE_AREA_28	8	static
E:/Workspace/MATLAB_workspace/S32K344_LED/S32K344_LED_Config/RTD/src/SchM_Pwm.c:1483:6:SchM_Enter_Pwm_PWM_EXCLUSIVE_AREA_29	8	static
E:/Workspace/MATLAB_workspace/S32K344_LED/S32K344_LED_Config/RTD/src/SchM_Pwm.c:1507:6:SchM_Exit_Pwm_PWM_EXCLUSIVE_AREA_29	8	static
E:/Workspace/MATLAB_workspace/S32K344_LED/S32K344_LED_Config/RTD/src/SchM_Pwm.c:1521:6:SchM_Enter_Pwm_PWM_EXCLUSIVE_AREA_30	8	static
E:/Workspace/MATLAB_workspace/S32K344_LED/S32K344_LED_Config/RTD/src/SchM_Pwm.c:1545:6:SchM_Exit_Pwm_PWM_EXCLUSIVE_AREA_30	8	static
E:/Workspace/MATLAB_workspace/S32K344_LED/S32K344_LED_Config/RTD/src/SchM_Pwm.c:1559:6:SchM_Enter_Pwm_PWM_EXCLUSIVE_AREA_31	8	static
E:/Workspace/MATLAB_workspace/S32K344_LED/S32K344_LED_Config/RTD/src/SchM_Pwm.c:1583:6:SchM_Exit_Pwm_PWM_EXCLUSIVE_AREA_31	8	static
E:/Workspace/MATLAB_workspace/S32K344_LED/S32K344_LED_Config/RTD/src/SchM_Pwm.c:1597:6:SchM_Enter_Pwm_PWM_EXCLUSIVE_AREA_32	8	static
E:/Workspace/MATLAB_workspace/S32K344_LED/S32K344_LED_Config/RTD/src/SchM_Pwm.c:1621:6:SchM_Exit_Pwm_PWM_EXCLUSIVE_AREA_32	8	static
E:/Workspace/MATLAB_workspace/S32K344_LED/S32K344_LED_Config/RTD/src/SchM_Pwm.c:1635:6:SchM_Enter_Pwm_PWM_EXCLUSIVE_AREA_33	8	static
E:/Workspace/MATLAB_workspace/S32K344_LED/S32K344_LED_Config/RTD/src/SchM_Pwm.c:1659:6:SchM_Exit_Pwm_PWM_EXCLUSIVE_AREA_33	8	static
E:/Workspace/MATLAB_workspace/S32K344_LED/S32K344_LED_Config/RTD/src/SchM_Pwm.c:1673:6:SchM_Enter_Pwm_PWM_EXCLUSIVE_AREA_34	8	static
E:/Workspace/MATLAB_workspace/S32K344_LED/S32K344_LED_Config/RTD/src/SchM_Pwm.c:1697:6:SchM_Exit_Pwm_PWM_EXCLUSIVE_AREA_34	8	static
E:/Workspace/MATLAB_workspace/S32K344_LED/S32K344_LED_Config/RTD/src/SchM_Pwm.c:1711:6:SchM_Enter_Pwm_PWM_EXCLUSIVE_AREA_35	8	static
E:/Workspace/MATLAB_workspace/S32K344_LED/S32K344_LED_Config/RTD/src/SchM_Pwm.c:1735:6:SchM_Exit_Pwm_PWM_EXCLUSIVE_AREA_35	8	static
E:/Workspace/MATLAB_workspace/S32K344_LED/S32K344_LED_Config/RTD/src/SchM_Pwm.c:1749:6:SchM_Enter_Pwm_PWM_EXCLUSIVE_AREA_36	8	static
E:/Workspace/MATLAB_workspace/S32K344_LED/S32K344_LED_Config/RTD/src/SchM_Pwm.c:1773:6:SchM_Exit_Pwm_PWM_EXCLUSIVE_AREA_36	8	static
E:/Workspace/MATLAB_workspace/S32K344_LED/S32K344_LED_Config/RTD/src/SchM_Pwm.c:1787:6:SchM_Enter_Pwm_PWM_EXCLUSIVE_AREA_37	8	static
E:/Workspace/MATLAB_workspace/S32K344_LED/S32K344_LED_Config/RTD/src/SchM_Pwm.c:1811:6:SchM_Exit_Pwm_PWM_EXCLUSIVE_AREA_37	8	static
E:/Workspace/MATLAB_workspace/S32K344_LED/S32K344_LED_Config/RTD/src/SchM_Pwm.c:1825:6:SchM_Enter_Pwm_PWM_EXCLUSIVE_AREA_38	8	static
E:/Workspace/MATLAB_workspace/S32K344_LED/S32K344_LED_Config/RTD/src/SchM_Pwm.c:1849:6:SchM_Exit_Pwm_PWM_EXCLUSIVE_AREA_38	8	static
E:/Workspace/MATLAB_workspace/S32K344_LED/S32K344_LED_Config/RTD/src/SchM_Pwm.c:1863:6:SchM_Enter_Pwm_PWM_EXCLUSIVE_AREA_39	8	static
E:/Workspace/MATLAB_workspace/S32K344_LED/S32K344_LED_Config/RTD/src/SchM_Pwm.c:1887:6:SchM_Exit_Pwm_PWM_EXCLUSIVE_AREA_39	8	static
