E:/Workspace/MATLAB_workspace/S32K344_LED/S32K344_LED_Config/RTD/src/SchM_LinTrcv_43_fs65.c:302:8:LinTrcv_43_fs65_schm_read_msr	0	static
E:/Workspace/MATLAB_workspace/S32K344_LED/S32K344_LED_Config/RTD/src/SchM_LinTrcv_43_fs65.c:386:6:SchM_Enter_LinTrcv_43_fs65_LINTRCV_EXCLUSIVE_AREA_00	8	static
E:/Workspace/MATLAB_workspace/S32K344_LED/S32K344_LED_Config/RTD/src/SchM_LinTrcv_43_fs65.c:410:6:SchM_Exit_LinTrcv_43_fs65_LINTRCV_EXCLUSIVE_AREA_00	8	static
E:/Workspace/MATLAB_workspace/S32K344_LED/S32K344_LED_Config/RTD/src/SchM_LinTrcv_43_fs65.c:424:6:SchM_Enter_LinTrcv_43_fs65_LINTRCV_EXCLUSIVE_AREA_01	8	static
E:/Workspace/MATLAB_workspace/S32K344_LED/S32K344_LED_Config/RTD/src/SchM_LinTrcv_43_fs65.c:448:6:SchM_Exit_LinTrcv_43_fs65_LINTRCV_EXCLUSIVE_AREA_01	8	static
