E:/Workspace/MATLAB_workspace/S32K344_LED/S32K344_LED_Config/RTD/src/SchM_CanTrcv_nxp_genIO.c:307:8:CanTrcv_nxp_genIO_schm_read_msr	0	static
E:/Workspace/MATLAB_workspace/S32K344_LED/S32K344_LED_Config/RTD/src/SchM_CanTrcv_nxp_genIO.c:391:6:SchM_Enter_CanTrcv_nxp_genIO_CANTRCV_EXCLUSIVE_AREA_00	8	static
E:/Workspace/MATLAB_workspace/S32K344_LED/S32K344_LED_Config/RTD/src/SchM_CanTrcv_nxp_genIO.c:415:6:SchM_Exit_CanTrcv_nxp_genIO_CANTRCV_EXCLUSIVE_AREA_00	8	static
E:/Workspace/MATLAB_workspace/S32K344_LED/S32K344_LED_Config/RTD/src/SchM_CanTrcv_nxp_genIO.c:429:6:SchM_Enter_CanTrcv_nxp_genIO_CANTRCV_EXCLUSIVE_AREA_01	8	static
E:/Workspace/MATLAB_workspace/S32K344_LED/S32K344_LED_Config/RTD/src/SchM_CanTrcv_nxp_genIO.c:453:6:SchM_Exit_CanTrcv_nxp_genIO_CANTRCV_EXCLUSIVE_AREA_01	8	static
E:/Workspace/MATLAB_workspace/S32K344_LED/S32K344_LED_Config/RTD/src/SchM_CanTrcv_nxp_genIO.c:467:6:SchM_Enter_CanTrcv_nxp_genIO_CANTRCV_EXCLUSIVE_AREA_03	8	static
E:/Workspace/MATLAB_workspace/S32K344_LED/S32K344_LED_Config/RTD/src/SchM_CanTrcv_nxp_genIO.c:491:6:SchM_Exit_CanTrcv_nxp_genIO_CANTRCV_EXCLUSIVE_AREA_03	8	static
E:/Workspace/MATLAB_workspace/S32K344_LED/S32K344_LED_Config/RTD/src/SchM_CanTrcv_nxp_genIO.c:505:6:SchM_Enter_CanTrcv_nxp_genIO_CANTRCV_EXCLUSIVE_AREA_04	8	static
E:/Workspace/MATLAB_workspace/S32K344_LED/S32K344_LED_Config/RTD/src/SchM_CanTrcv_nxp_genIO.c:529:6:SchM_Exit_CanTrcv_nxp_genIO_CANTRCV_EXCLUSIVE_AREA_04	8	static
E:/Workspace/MATLAB_workspace/S32K344_LED/S32K344_LED_Config/RTD/src/SchM_CanTrcv_nxp_genIO.c:543:6:SchM_Enter_CanTrcv_nxp_genIO_CANTRCV_EXCLUSIVE_AREA_05	8	static
E:/Workspace/MATLAB_workspace/S32K344_LED/S32K344_LED_Config/RTD/src/SchM_CanTrcv_nxp_genIO.c:567:6:SchM_Exit_CanTrcv_nxp_genIO_CANTRCV_EXCLUSIVE_AREA_05	8	static
