E:/Workspace/MATLAB_workspace/S32K344_LED/S32K344_LED_Config/RTD/src/SchM_I2c.c:347:8:I2c_schm_read_msr	0	static
E:/Workspace/MATLAB_workspace/S32K344_LED/S32K344_LED_Config/RTD/src/SchM_I2c.c:431:6:SchM_Enter_I2c_I2C_EXCLUSIVE_AREA_00	8	static
E:/Workspace/MATLAB_workspace/S32K344_LED/S32K344_LED_Config/RTD/src/SchM_I2c.c:455:6:SchM_Exit_I2c_I2C_EXCLUSIVE_AREA_00	8	static
E:/Workspace/MATLAB_workspace/S32K344_LED/S32K344_LED_Config/RTD/src/SchM_I2c.c:469:6:SchM_Enter_I2c_I2C_EXCLUSIVE_AREA_01	8	static
E:/Workspace/MATLAB_workspace/S32K344_LED/S32K344_LED_Config/RTD/src/SchM_I2c.c:493:6:SchM_Exit_I2c_I2C_EXCLUSIVE_AREA_01	8	static
E:/Workspace/MATLAB_workspace/S32K344_LED/S32K344_LED_Config/RTD/src/SchM_I2c.c:507:6:SchM_Enter_I2c_I2C_EXCLUSIVE_AREA_02	8	static
E:/Workspace/MATLAB_workspace/S32K344_LED/S32K344_LED_Config/RTD/src/SchM_I2c.c:531:6:SchM_Exit_I2c_I2C_EXCLUSIVE_AREA_02	8	static
E:/Workspace/MATLAB_workspace/S32K344_LED/S32K344_LED_Config/RTD/src/SchM_I2c.c:545:6:SchM_Enter_I2c_I2C_EXCLUSIVE_AREA_03	8	static
E:/Workspace/MATLAB_workspace/S32K344_LED/S32K344_LED_Config/RTD/src/SchM_I2c.c:569:6:SchM_Exit_I2c_I2C_EXCLUSIVE_AREA_03	8	static
E:/Workspace/MATLAB_workspace/S32K344_LED/S32K344_LED_Config/RTD/src/SchM_I2c.c:583:6:SchM_Enter_I2c_I2C_EXCLUSIVE_AREA_04	8	static
E:/Workspace/MATLAB_workspace/S32K344_LED/S32K344_LED_Config/RTD/src/SchM_I2c.c:607:6:SchM_Exit_I2c_I2C_EXCLUSIVE_AREA_04	8	static
E:/Workspace/MATLAB_workspace/S32K344_LED/S32K344_LED_Config/RTD/src/SchM_I2c.c:621:6:SchM_Enter_I2c_I2C_EXCLUSIVE_AREA_05	8	static
E:/Workspace/MATLAB_workspace/S32K344_LED/S32K344_LED_Config/RTD/src/SchM_I2c.c:645:6:SchM_Exit_I2c_I2C_EXCLUSIVE_AREA_05	8	static
E:/Workspace/MATLAB_workspace/S32K344_LED/S32K344_LED_Config/RTD/src/SchM_I2c.c:659:6:SchM_Enter_I2c_I2C_EXCLUSIVE_AREA_06	8	static
E:/Workspace/MATLAB_workspace/S32K344_LED/S32K344_LED_Config/RTD/src/SchM_I2c.c:683:6:SchM_Exit_I2c_I2C_EXCLUSIVE_AREA_06	8	static
E:/Workspace/MATLAB_workspace/S32K344_LED/S32K344_LED_Config/RTD/src/SchM_I2c.c:697:6:SchM_Enter_I2c_I2C_EXCLUSIVE_AREA_07	8	static
E:/Workspace/MATLAB_workspace/S32K344_LED/S32K344_LED_Config/RTD/src/SchM_I2c.c:721:6:SchM_Exit_I2c_I2C_EXCLUSIVE_AREA_07	8	static
E:/Workspace/MATLAB_workspace/S32K344_LED/S32K344_LED_Config/RTD/src/SchM_I2c.c:735:6:SchM_Enter_I2c_I2C_EXCLUSIVE_AREA_08	8	static
E:/Workspace/MATLAB_workspace/S32K344_LED/S32K344_LED_Config/RTD/src/SchM_I2c.c:759:6:SchM_Exit_I2c_I2C_EXCLUSIVE_AREA_08	8	static
E:/Workspace/MATLAB_workspace/S32K344_LED/S32K344_LED_Config/RTD/src/SchM_I2c.c:773:6:SchM_Enter_I2c_I2C_EXCLUSIVE_AREA_09	8	static
E:/Workspace/MATLAB_workspace/S32K344_LED/S32K344_LED_Config/RTD/src/SchM_I2c.c:797:6:SchM_Exit_I2c_I2C_EXCLUSIVE_AREA_09	8	static
E:/Workspace/MATLAB_workspace/S32K344_LED/S32K344_LED_Config/RTD/src/SchM_I2c.c:811:6:SchM_Enter_I2c_I2C_EXCLUSIVE_AREA_10	8	static
E:/Workspace/MATLAB_workspace/S32K344_LED/S32K344_LED_Config/RTD/src/SchM_I2c.c:835:6:SchM_Exit_I2c_I2C_EXCLUSIVE_AREA_10	8	static
E:/Workspace/MATLAB_workspace/S32K344_LED/S32K344_LED_Config/RTD/src/SchM_I2c.c:849:6:SchM_Enter_I2c_I2C_EXCLUSIVE_AREA_11	8	static
E:/Workspace/MATLAB_workspace/S32K344_LED/S32K344_LED_Config/RTD/src/SchM_I2c.c:873:6:SchM_Exit_I2c_I2C_EXCLUSIVE_AREA_11	8	static
E:/Workspace/MATLAB_workspace/S32K344_LED/S32K344_LED_Config/RTD/src/SchM_I2c.c:887:6:SchM_Enter_I2c_I2C_EXCLUSIVE_AREA_12	8	static
E:/Workspace/MATLAB_workspace/S32K344_LED/S32K344_LED_Config/RTD/src/SchM_I2c.c:911:6:SchM_Exit_I2c_I2C_EXCLUSIVE_AREA_12	8	static
E:/Workspace/MATLAB_workspace/S32K344_LED/S32K344_LED_Config/RTD/src/SchM_I2c.c:925:6:SchM_Enter_I2c_I2C_EXCLUSIVE_AREA_13	8	static
E:/Workspace/MATLAB_workspace/S32K344_LED/S32K344_LED_Config/RTD/src/SchM_I2c.c:949:6:SchM_Exit_I2c_I2C_EXCLUSIVE_AREA_13	8	static
E:/Workspace/MATLAB_workspace/S32K344_LED/S32K344_LED_Config/RTD/src/SchM_I2c.c:963:6:SchM_Enter_I2c_I2C_EXCLUSIVE_AREA_14	8	static
E:/Workspace/MATLAB_workspace/S32K344_LED/S32K344_LED_Config/RTD/src/SchM_I2c.c:987:6:SchM_Exit_I2c_I2C_EXCLUSIVE_AREA_14	8	static
E:/Workspace/MATLAB_workspace/S32K344_LED/S32K344_LED_Config/RTD/src/SchM_I2c.c:1001:6:SchM_Enter_I2c_I2C_EXCLUSIVE_AREA_15	8	static
E:/Workspace/MATLAB_workspace/S32K344_LED/S32K344_LED_Config/RTD/src/SchM_I2c.c:1025:6:SchM_Exit_I2c_I2C_EXCLUSIVE_AREA_15	8	static
E:/Workspace/MATLAB_workspace/S32K344_LED/S32K344_LED_Config/RTD/src/SchM_I2c.c:1039:6:SchM_Enter_I2c_I2C_EXCLUSIVE_AREA_16	8	static
E:/Workspace/MATLAB_workspace/S32K344_LED/S32K344_LED_Config/RTD/src/SchM_I2c.c:1063:6:SchM_Exit_I2c_I2C_EXCLUSIVE_AREA_16	8	static
E:/Workspace/MATLAB_workspace/S32K344_LED/S32K344_LED_Config/RTD/src/SchM_I2c.c:1077:6:SchM_Enter_I2c_I2C_EXCLUSIVE_AREA_17	8	static
E:/Workspace/MATLAB_workspace/S32K344_LED/S32K344_LED_Config/RTD/src/SchM_I2c.c:1101:6:SchM_Exit_I2c_I2C_EXCLUSIVE_AREA_17	8	static
E:/Workspace/MATLAB_workspace/S32K344_LED/S32K344_LED_Config/RTD/src/SchM_I2c.c:1115:6:SchM_Enter_I2c_I2C_EXCLUSIVE_AREA_18	8	static
E:/Workspace/MATLAB_workspace/S32K344_LED/S32K344_LED_Config/RTD/src/SchM_I2c.c:1139:6:SchM_Exit_I2c_I2C_EXCLUSIVE_AREA_18	8	static
E:/Workspace/MATLAB_workspace/S32K344_LED/S32K344_LED_Config/RTD/src/SchM_I2c.c:1153:6:SchM_Enter_I2c_I2C_EXCLUSIVE_AREA_19	8	static
E:/Workspace/MATLAB_workspace/S32K344_LED/S32K344_LED_Config/RTD/src/SchM_I2c.c:1177:6:SchM_Exit_I2c_I2C_EXCLUSIVE_AREA_19	8	static
E:/Workspace/MATLAB_workspace/S32K344_LED/S32K344_LED_Config/RTD/src/SchM_I2c.c:1191:6:SchM_Enter_I2c_I2C_EXCLUSIVE_AREA_20	8	static
E:/Workspace/MATLAB_workspace/S32K344_LED/S32K344_LED_Config/RTD/src/SchM_I2c.c:1215:6:SchM_Exit_I2c_I2C_EXCLUSIVE_AREA_20	8	static
E:/Workspace/MATLAB_workspace/S32K344_LED/S32K344_LED_Config/RTD/src/SchM_I2c.c:1229:6:SchM_Enter_I2c_I2C_EXCLUSIVE_AREA_21	8	static
E:/Workspace/MATLAB_workspace/S32K344_LED/S32K344_LED_Config/RTD/src/SchM_I2c.c:1253:6:SchM_Exit_I2c_I2C_EXCLUSIVE_AREA_21	8	static
E:/Workspace/MATLAB_workspace/S32K344_LED/S32K344_LED_Config/RTD/src/SchM_I2c.c:1267:6:SchM_Enter_I2c_I2C_EXCLUSIVE_AREA_22	8	static
E:/Workspace/MATLAB_workspace/S32K344_LED/S32K344_LED_Config/RTD/src/SchM_I2c.c:1291:6:SchM_Exit_I2c_I2C_EXCLUSIVE_AREA_22	8	static
E:/Workspace/MATLAB_workspace/S32K344_LED/S32K344_LED_Config/RTD/src/SchM_I2c.c:1305:6:SchM_Enter_I2c_I2C_EXCLUSIVE_AREA_23	8	static
E:/Workspace/MATLAB_workspace/S32K344_LED/S32K344_LED_Config/RTD/src/SchM_I2c.c:1329:6:SchM_Exit_I2c_I2C_EXCLUSIVE_AREA_23	8	static
E:/Workspace/MATLAB_workspace/S32K344_LED/S32K344_LED_Config/RTD/src/SchM_I2c.c:1343:6:SchM_Enter_I2c_I2C_EXCLUSIVE_AREA_24	8	static
E:/Workspace/MATLAB_workspace/S32K344_LED/S32K344_LED_Config/RTD/src/SchM_I2c.c:1367:6:SchM_Exit_I2c_I2C_EXCLUSIVE_AREA_24	8	static
