E:/Workspace/MATLAB_workspace/S32K344_LED/S32K344_LED_Config/RTD/src/Siul2_Port_Ip.c:273:13:Siul2_Port_Ip_PinInit	8	static
E:/Workspace/MATLAB_workspace/S32K344_LED/S32K344_LED_Config/RTD/src/Siul2_Port_Ip.c:627:30:Siul2_Port_Ip_Init	16	static
E:/Workspace/MATLAB_workspace/S32K344_LED/S32K344_LED_Config/RTD/src/Siul2_Port_Ip.c:661:6:Siul2_Port_Ip_SetPullSel	16	static
E:/Workspace/MATLAB_workspace/S32K344_LED/S32K344_LED_Config/RTD/src/Siul2_Port_Ip.c:735:6:Siul2_Port_Ip_SetOutputBuffer	24	static
E:/Workspace/MATLAB_workspace/S32K344_LED/S32K344_LED_Config/RTD/src/Siul2_Port_Ip.c:767:6:Siul2_Port_Ip_SetInputBuffer	32	static
E:/Workspace/MATLAB_workspace/S32K344_LED/S32K344_LED_Config/RTD/src/Siul2_Port_Ip.c:828:6:Siul2_Port_Ip_SetPinDirection	16	static
E:/Workspace/MATLAB_workspace/S32K344_LED/S32K344_LED_Config/RTD/src/Siul2_Port_Ip.c:874:8:Siul2_Port_Ip_RevertPinConfiguration	16	static
E:/Workspace/MATLAB_workspace/S32K344_LED/S32K344_LED_Config/RTD/src/Siul2_Port_Ip.c:928:6:Siul2_Port_Ip_GetPinConfiguration	24	static
