E:/Workspace/MATLAB_workspace/S32K344_LED/S32K344_LED_Config/RTD/src/Siul2_Dio_Ip.c:261:6:Siul2_Dio_Ip_WritePin	16	static
E:/Workspace/MATLAB_workspace/S32K344_LED/S32K344_LED_Config/RTD/src/Siul2_Dio_Ip.c:278:6:Siul2_Dio_Ip_SetGPDO	0	static
E:/Workspace/MATLAB_workspace/S32K344_LED/S32K344_LED_Config/RTD/src/Siul2_Dio_Ip.c:290:6:Siul2_Dio_Ip_ClearGPDO	0	static
E:/Workspace/MATLAB_workspace/S32K344_LED/S32K344_LED_Config/RTD/src/Siul2_Dio_Ip.c:317:6:Siul2_Dio_Ip_WritePins	8	static
E:/Workspace/MATLAB_workspace/S32K344_LED/S32K344_LED_Config/RTD/src/Siul2_Dio_Ip.c:345:30:Siul2_Dio_Ip_GetPinsOutput	4	static
E:/Workspace/MATLAB_workspace/S32K344_LED/S32K344_LED_Config/RTD/src/Siul2_Dio_Ip.c:375:6:Siul2_Dio_Ip_SetPins	8	static
E:/Workspace/MATLAB_workspace/S32K344_LED/S32K344_LED_Config/RTD/src/Siul2_Dio_Ip.c:405:6:Siul2_Dio_Ip_ClearPins	8	static
E:/Workspace/MATLAB_workspace/S32K344_LED/S32K344_LED_Config/RTD/src/Siul2_Dio_Ip.c:433:6:Siul2_Dio_Ip_TogglePins	8	static
E:/Workspace/MATLAB_workspace/S32K344_LED/S32K344_LED_Config/RTD/src/Siul2_Dio_Ip.c:461:30:Siul2_Dio_Ip_ReadPins	4	static
E:/Workspace/MATLAB_workspace/S32K344_LED/S32K344_LED_Config/RTD/src/Siul2_Dio_Ip.c:491:28:Siul2_Dio_Ip_ReadPin	8	static
E:/Workspace/MATLAB_workspace/S32K344_LED/S32K344_LED_Config/RTD/src/Siul2_Dio_Ip.c:532:6:Siul2_Dio_Ip_MaskedWritePins	16	static
