E:/Workspace/MATLAB_workspace/S32K344_LED/S32K344_LED_Config/RTD/src/Siul2_Icu_Ip.c:379:25:Siul2_Icu_Ip_Init	36	static
E:/Workspace/MATLAB_workspace/S32K344_LED/S32K344_LED_Config/RTD/src/Siul2_Icu_Ip.c:560:6:Siul2_Icu_Ip_SetActivationCondition	0	static
E:/Workspace/MATLAB_workspace/S32K344_LED/S32K344_LED_Config/RTD/src/Siul2_Icu_Ip.c:644:9:Siul2_Icu_Ip_GetInputState	4	static
E:/Workspace/MATLAB_workspace/S32K344_LED/S32K344_LED_Config/RTD/src/Siul2_Icu_Ip.c:716:6:Siul2_Icu_Ip_EnableInterrupt	0	static
E:/Workspace/MATLAB_workspace/S32K344_LED/S32K344_LED_Config/RTD/src/Siul2_Icu_Ip.c:752:6:Siul2_Icu_Ip_DisableInterrupt	0	static
E:/Workspace/MATLAB_workspace/S32K344_LED/S32K344_LED_Config/RTD/src/Siul2_Icu_Ip.c:286:25:Siul2_Icu_Ip_DeInit	32	static
E:/Workspace/MATLAB_workspace/S32K344_LED/S32K344_LED_Config/RTD/src/Siul2_Icu_Ip.c:788:6:Siul2_Icu_Ip_SetSleepMode	0	static
E:/Workspace/MATLAB_workspace/S32K344_LED/S32K344_LED_Config/RTD/src/Siul2_Icu_Ip.c:794:6:Siul2_Icu_Ip_SetNormalMode	0	static
E:/Workspace/MATLAB_workspace/S32K344_LED/S32K344_LED_Config/RTD/src/Siul2_Icu_Ip.c:802:6:Siul2_Icu_Ip_EnableNotification	0	static
E:/Workspace/MATLAB_workspace/S32K344_LED/S32K344_LED_Config/RTD/src/Siul2_Icu_Ip.c:808:6:Siul2_Icu_Ip_DisableNotification	0	static
