E:/Workspace/MATLAB_workspace/S32K344_LED/S32K344_LED_Config/RTD/src/Spi.c:1009:23:Spi_ChannelCheckValidity	8	static
E:/Workspace/MATLAB_workspace/S32K344_LED/S32K344_LED_Config/RTD/src/Spi.c:2988:13:Spi_ScheduleNextJob	24	static
E:/Workspace/MATLAB_workspace/S32K344_LED/S32K344_LED_Config/RTD/src/Spi.c:1600:6:Spi_GetVersionInfo	0	static
E:/Workspace/MATLAB_workspace/S32K344_LED/S32K344_LED_Config/RTD/src/Spi.c:1636:6:Spi_Init	32	static
E:/Workspace/MATLAB_workspace/S32K344_LED/S32K344_LED_Config/RTD/src/Spi.c:1799:16:Spi_WriteIB	24	static
E:/Workspace/MATLAB_workspace/S32K344_LED/S32K344_LED_Config/RTD/src/Spi.c:1896:16:Spi_AsyncTransmit	64	static
E:/Workspace/MATLAB_workspace/S32K344_LED/S32K344_LED_Config/RTD/src/Spi.c:2083:16:Spi_ReadIB	16	static
E:/Workspace/MATLAB_workspace/S32K344_LED/S32K344_LED_Config/RTD/src/Spi.c:2177:16:Spi_SetupEB	32	static
E:/Workspace/MATLAB_workspace/S32K344_LED/S32K344_LED_Config/RTD/src/Spi.c:2284:16:Spi_GetStatus	8	static
E:/Workspace/MATLAB_workspace/S32K344_LED/S32K344_LED_Config/RTD/src/Spi.c:1722:16:Spi_DeInit	16	static
E:/Workspace/MATLAB_workspace/S32K344_LED/S32K344_LED_Config/RTD/src/Spi.c:2364:19:Spi_GetJobResult	8	static
E:/Workspace/MATLAB_workspace/S32K344_LED/S32K344_LED_Config/RTD/src/Spi.c:2433:19:Spi_GetSequenceResult	8	static
E:/Workspace/MATLAB_workspace/S32K344_LED/S32K344_LED_Config/RTD/src/Spi.c:2514:16:Spi_SyncTransmit	64	static
E:/Workspace/MATLAB_workspace/S32K344_LED/S32K344_LED_Config/RTD/src/Spi.c:2670:16:Spi_GetHWUnitStatus	8	static
E:/Workspace/MATLAB_workspace/S32K344_LED/S32K344_LED_Config/RTD/src/Spi.c:2714:6:Spi_Cancel	0	static
E:/Workspace/MATLAB_workspace/S32K344_LED/S32K344_LED_Config/RTD/src/Spi.c:2804:16:Spi_SetAsyncMode	16	static
E:/Workspace/MATLAB_workspace/S32K344_LED/S32K344_LED_Config/RTD/src/Spi.c:2941:6:Spi_MainFunction_Handling	8	static
E:/Workspace/MATLAB_workspace/S32K344_LED/S32K344_LED_Config/RTD/src/Spi.c:3068:6:Spi_JobTransferFinished	40	static
