E:/Workspace/Myworkspace/RBCM_S32K344_AUTOSAR_MBD/Firmware/AUTOSAR_MBD/RBCM_MBD/RBCM_Model_Config/RTD/src/Dma_Ip_Driver_State.c:138:13:Dma_Ip_SetHwChannel_ResetEvent	0	static
E:/Workspace/Myworkspace/RBCM_S32K344_AUTOSAR_MBD/Firmware/AUTOSAR_MBD/RBCM_MBD/RBCM_Model_Config/RTD/src/Dma_Ip_Driver_State.c:149:13:Dma_Ip_SetHwChannel_ReadyEvent	0	static
E:/Workspace/Myworkspace/RBCM_S32K344_AUTOSAR_MBD/Firmware/AUTOSAR_MBD/RBCM_MBD/RBCM_Model_Config/RTD/src/Dma_Ip_Driver_State.c:160:13:Dma_Ip_SetHwChannel_TransferEvent	0	static
E:/Workspace/Myworkspace/RBCM_S32K344_AUTOSAR_MBD/Firmware/AUTOSAR_MBD/RBCM_MBD/RBCM_Model_Config/RTD/src/Dma_Ip_Driver_State.c:171:13:Dma_Ip_SetHwChannel_ScatterGatherEvent	0	static
E:/Workspace/Myworkspace/RBCM_S32K344_AUTOSAR_MBD/Firmware/AUTOSAR_MBD/RBCM_MBD/RBCM_Model_Config/RTD/src/Dma_Ip_Driver_State.c:182:13:Dma_Ip_SetHwChannel_ErrorEvent	0	static
E:/Workspace/Myworkspace/RBCM_S32K344_AUTOSAR_MBD/Firmware/AUTOSAR_MBD/RBCM_MBD/RBCM_Model_Config/RTD/src/Dma_Ip_Driver_State.c:193:6:Dma_Ip_SetHwChannelState	8	static
E:/Workspace/Myworkspace/RBCM_S32K344_AUTOSAR_MBD/Firmware/AUTOSAR_MBD/RBCM_MBD/RBCM_Model_Config/RTD/src/Dma_Ip_Driver_State.c:219:32:Dma_Ip_GetHwChannelState	0	static
E:/Workspace/Myworkspace/RBCM_S32K344_AUTOSAR_MBD/Firmware/AUTOSAR_MBD/RBCM_MBD/RBCM_Model_Config/RTD/src/Dma_Ip_Driver_State.c:234:29:Dma_Ip_GetHwChannelStatePointer	0	static
E:/Workspace/Myworkspace/RBCM_S32K344_AUTOSAR_MBD/Firmware/AUTOSAR_MBD/RBCM_MBD/RBCM_Model_Config/RTD/src/Dma_Ip_Driver_State.c:249:6:Dma_Ip_SetHwChannelStatePointer	0	static
