E:/Workspace/Myworkspace/RBCM_S32K344_AUTOSAR_MBD/Firmware/AUTOSAR_MBD/RBCM_MBD/RBCM_Model_ert_rtw/RBCM_Model.c:90:6:Adc_Adc0Group1Notification	24	static
E:/Workspace/Myworkspace/RBCM_S32K344_AUTOSAR_MBD/Firmware/AUTOSAR_MBD/RBCM_MBD/RBCM_Model_ert_rtw/RBCM_Model.c:124:6:Adc_Adc1Group1Notification	24	static
E:/Workspace/Myworkspace/RBCM_S32K344_AUTOSAR_MBD/Firmware/AUTOSAR_MBD/RBCM_MBD/RBCM_Model_ert_rtw/RBCM_Model.c:157:6:Adc_Adc2Group1Notification	24	static
E:/Workspace/Myworkspace/RBCM_S32K344_AUTOSAR_MBD/Firmware/AUTOSAR_MBD/RBCM_MBD/RBCM_Model_ert_rtw/RBCM_Model.c:219:6:RBCM_Model_Chart2_Init	0	static
E:/Workspace/Myworkspace/RBCM_S32K344_AUTOSAR_MBD/Firmware/AUTOSAR_MBD/RBCM_MBD/RBCM_Model_ert_rtw/RBCM_Model.c:230:6:RBCM_Model_Chart2_Reset	0	static
E:/Workspace/Myworkspace/RBCM_S32K344_AUTOSAR_MBD/Firmware/AUTOSAR_MBD/RBCM_MBD/RBCM_Model_ert_rtw/RBCM_Model.c:243:6:RBCM_Model_Chart2	0	static
E:/Workspace/Myworkspace/RBCM_S32K344_AUTOSAR_MBD/Firmware/AUTOSAR_MBD/RBCM_MBD/RBCM_Model_ert_rtw/RBCM_Model.c:271:6:RBCM_Model_u	4	static
E:/Workspace/Myworkspace/RBCM_S32K344_AUTOSAR_MBD/Firmware/AUTOSAR_MBD/RBCM_MBD/RBCM_Model_ert_rtw/RBCM_Model.c:297:6:RBCM_Model_u1	4	static
E:/Workspace/Myworkspace/RBCM_S32K344_AUTOSAR_MBD/Firmware/AUTOSAR_MBD/RBCM_MBD/RBCM_Model_ert_rtw/RBCM_Model.c:314:8:rt_roundd_snf	16	static
E:/Workspace/Myworkspace/RBCM_S32K344_AUTOSAR_MBD/Firmware/AUTOSAR_MBD/RBCM_MBD/RBCM_Model_ert_rtw/RBCM_Model.c:340:6:RBCM_Model_u_a_Init	0	static
E:/Workspace/Myworkspace/RBCM_S32K344_AUTOSAR_MBD/Firmware/AUTOSAR_MBD/RBCM_MBD/RBCM_Model_ert_rtw/RBCM_Model.c:357:6:RBCM_Model_u_o	56	static
E:/Workspace/Myworkspace/RBCM_S32K344_AUTOSAR_MBD/Firmware/AUTOSAR_MBD/RBCM_MBD/RBCM_Model_ert_rtw/RBCM_Model.c:432:6:RBCM_Model_u0_Init	0	static
E:/Workspace/Myworkspace/RBCM_S32K344_AUTOSAR_MBD/Firmware/AUTOSAR_MBD/RBCM_MBD/RBCM_Model_ert_rtw/RBCM_Model.c:450:6:RBCM_Model_u0	56	static
E:/Workspace/Myworkspace/RBCM_S32K344_AUTOSAR_MBD/Firmware/AUTOSAR_MBD/RBCM_MBD/RBCM_Model_ert_rtw/RBCM_Model.c:523:6:RBCM_Model_u_k	4	static
E:/Workspace/Myworkspace/RBCM_S32K344_AUTOSAR_MBD/Firmware/AUTOSAR_MBD/RBCM_MBD/RBCM_Model_ert_rtw/RBCM_Model.c:559:6:RBCM_Model_u_g	4	static
E:/Workspace/Myworkspace/RBCM_S32K344_AUTOSAR_MBD/Firmware/AUTOSAR_MBD/RBCM_MBD/RBCM_Model_ert_rtw/RBCM_Model.c:588:6:RBCM_Model_Subsystem6_Init	0	static
E:/Workspace/Myworkspace/RBCM_S32K344_AUTOSAR_MBD/Firmware/AUTOSAR_MBD/RBCM_MBD/RBCM_Model_ert_rtw/RBCM_Model.c:597:6:RBCM_Model_Subsystem6	24	static
E:/Workspace/Myworkspace/RBCM_S32K344_AUTOSAR_MBD/Firmware/AUTOSAR_MBD/RBCM_MBD/RBCM_Model_ert_rtw/RBCM_Model.c:653:6:RBCM_Model_u_p_Init	4	static
E:/Workspace/Myworkspace/RBCM_S32K344_AUTOSAR_MBD/Firmware/AUTOSAR_MBD/RBCM_MBD/RBCM_Model_ert_rtw/RBCM_Model.c:676:6:RBCM_Model_u_o_Reset	0	static
E:/Workspace/Myworkspace/RBCM_S32K344_AUTOSAR_MBD/Firmware/AUTOSAR_MBD/RBCM_MBD/RBCM_Model_ert_rtw/RBCM_Model.c:685:6:RBCM_Model_u_k4	36	static
E:/Workspace/Myworkspace/RBCM_S32K344_AUTOSAR_MBD/Firmware/AUTOSAR_MBD/RBCM_MBD/RBCM_Model_ert_rtw/RBCM_Model.c:58:6:CanIf_RxIndication	8	static
E:/Workspace/Myworkspace/RBCM_S32K344_AUTOSAR_MBD/Firmware/AUTOSAR_MBD/RBCM_MBD/RBCM_Model_ert_rtw/RBCM_Model.c:965:6:RBCM_Model_step	72	static
E:/Workspace/Myworkspace/RBCM_S32K344_AUTOSAR_MBD/Firmware/AUTOSAR_MBD/RBCM_MBD/RBCM_Model_ert_rtw/RBCM_Model.c:2435:6:RBCM_Model_initialize	80	static
E:/Workspace/Myworkspace/RBCM_S32K344_AUTOSAR_MBD/Firmware/AUTOSAR_MBD/RBCM_MBD/RBCM_Model_ert_rtw/RBCM_Model.c:2720:6:RBCM_Model_terminate	0	static
