E:/Workspace/Myworkspace/RBCM_S32K344_AUTOSAR_MBD/Firmware/AUTOSAR_MBD/RBCM_MBD/RBCM_Model_ert_rtw/rt_nonfinite.c:29:11:rtIsInf	24	static
E:/Workspace/Myworkspace/RBCM_S32K344_AUTOSAR_MBD/Firmware/AUTOSAR_MBD/RBCM_MBD/RBCM_Model_ert_rtw/rt_nonfinite.c:35:11:rtIsInfF	0	static
E:/Workspace/Myworkspace/RBCM_S32K344_AUTOSAR_MBD/Firmware/AUTOSAR_MBD/RBCM_MBD/RBCM_Model_ert_rtw/rt_nonfinite.c:41:11:rtIsNaN	8	static
E:/Workspace/Myworkspace/RBCM_S32K344_AUTOSAR_MBD/Firmware/AUTOSAR_MBD/RBCM_MBD/RBCM_Model_ert_rtw/rt_nonfinite.c:47:11:rtIsNaNF	0	static
