E:/Workspace/Myworkspace/RBCM_S32K344_AUTOSAR_MBD/Firmware/AUTOSAR_MBD/RBCM_MBD/RBCM_Model_Config/RTD/src/Siul2_Port_Ip.c:273:13:Siul2_Port_Ip_PinInit	16	static
E:/Workspace/Myworkspace/RBCM_S32K344_AUTOSAR_MBD/Firmware/AUTOSAR_MBD/RBCM_MBD/RBCM_Model_Config/RTD/src/Siul2_Port_Ip.c:634:30:Siul2_Port_Ip_Init	16	static
E:/Workspace/Myworkspace/RBCM_S32K344_AUTOSAR_MBD/Firmware/AUTOSAR_MBD/RBCM_MBD/RBCM_Model_Config/RTD/src/Siul2_Port_Ip.c:669:6:Siul2_Port_Ip_SetPullSel	16	static
E:/Workspace/Myworkspace/RBCM_S32K344_AUTOSAR_MBD/Firmware/AUTOSAR_MBD/RBCM_MBD/RBCM_Model_Config/RTD/src/Siul2_Port_Ip.c:744:6:Siul2_Port_Ip_SetOutputBuffer	24	static
E:/Workspace/Myworkspace/RBCM_S32K344_AUTOSAR_MBD/Firmware/AUTOSAR_MBD/RBCM_MBD/RBCM_Model_Config/RTD/src/Siul2_Port_Ip.c:777:6:Siul2_Port_Ip_SetInputBuffer	32	static
E:/Workspace/Myworkspace/RBCM_S32K344_AUTOSAR_MBD/Firmware/AUTOSAR_MBD/RBCM_MBD/RBCM_Model_Config/RTD/src/Siul2_Port_Ip.c:839:6:Siul2_Port_Ip_SetPinDirection	16	static
E:/Workspace/Myworkspace/RBCM_S32K344_AUTOSAR_MBD/Firmware/AUTOSAR_MBD/RBCM_MBD/RBCM_Model_Config/RTD/src/Siul2_Port_Ip.c:886:8:Siul2_Port_Ip_RevertPinConfiguration	16	static
E:/Workspace/Myworkspace/RBCM_S32K344_AUTOSAR_MBD/Firmware/AUTOSAR_MBD/RBCM_MBD/RBCM_Model_Config/RTD/src/Siul2_Port_Ip.c:939:6:Siul2_Port_Ip_GetPinConfiguration	24	static
